02-12 00:19:16.829 21109 21227 W mobile-ffmpeg: [mov,mp4,m4a,3gp,3g2,mj2 @ 0x783dbf6800]
02-12 00:19:16.829 21109 21227 W mobile-ffmpeg:
02-12 00:19:16.829 21109 21227 W mobile-ffmpeg: Found duplicated MOOV Atom. Skipped it
02-12 00:19:19.504 21109 21109 W example.edgesu: Accessing hidden method Landroid/view/View;->getTransitionAlpha()F (light greylist, reflection)
02-12 00:19:19.786 21109 21109 W example.edgesu: Accessing hidden field Landroid/view/View;->mViewFlags:I (light greylist, reflection)
02-12 00:19:19.788 21109 21109 W example.edgesu: Accessing hidden method Landroid/view/View;->setTransitionAlpha(F)V (light greylist, reflection)
02-12 00:19:19.790 21109 21109 W example.edgesu: Accessing hidden method Landroid/view/ViewGroup;->suppressLayout(Z)V (light greylist, reflection)
02-12 00:19:19.792 21109 21109 W example.edgesu: Accessing hidden method Landroid/view/View;->setLeftTopRightBottom(IIII)V (light greylist, reflection)
02-12 00:19:37.566 21109 21225 W Summariser: Whole video is active
02-12 00:19:40.125 21109 21225 W Summariser: Summarisation completed
02-12 00:19:40.125 21109 21225 W Summariser:   filename: /storage/emulated/0/Movies/rawFootage/20191028_171616_NF.mp4
02-12 00:19:40.125 21109 21225 W Summariser:   time: 23.348s
02-12 00:19:40.125 21109 21225 W Summariser:   noise tolerance: 60.00
02-12 00:19:40.125 21109 21225 W Summariser:   quality: 23
02-12 00:19:40.125 21109 21225 W Summariser:   speed: medium
02-12 00:19:40.293 21109 21225 W example.edgesu: JNI critical lock held for 16.800ms on Thread[17,tid=21225,Runnable,Thread*=0x78534e5800,peer=0x13298630,"IntentService[SummariserIntentService]"]
02-12 00:19:40.332 21109 21227 W mobile-ffmpeg:
02-12 00:19:40.332 21109 21227 W mobile-ffmpeg: [mov,mp4,m4a,3gp,3g2,mj2 @ 0x783dbf7a00]
02-12 00:19:40.332 21109 21227 W mobile-ffmpeg:
02-12 00:19:40.333 21109 21227 W mobile-ffmpeg: Found duplicated MOOV Atom. Skipped it
02-12 00:19:53.073 21109 21225 W Summariser: Whole video is active
02-12 00:19:54.473 21109 21225 W Summariser: Summarisation completed
02-12 00:19:54.473 21109 21225 W Summariser:   filename: /storage/emulated/0/Movies/rawFootage/20191028_171716_NF.mp4
02-12 00:19:54.473 21109 21225 W Summariser:   time: 14.154s
02-12 00:19:54.473 21109 21225 W Summariser:   noise tolerance: 60.00
02-12 00:19:54.473 21109 21225 W Summariser:   quality: 23
02-12 00:19:54.473 21109 21225 W Summariser:   speed: medium
02-12 00:19:54.652 21109 21227 W mobile-ffmpeg:
02-12 00:19:54.652 21109 21227 W mobile-ffmpeg: [mov,mp4,m4a,3gp,3g2,mj2 @ 0x783dbf7a00]
02-12 00:19:54.652 21109 21227 W mobile-ffmpeg:
02-12 00:19:54.653 21109 21227 W mobile-ffmpeg: Found duplicated MOOV Atom. Skipped it
02-12 00:20:19.070 21109 21225 W Summariser: Whole video is active
02-12 00:20:21.492 21109 21225 W Summariser: Summarisation completed
02-12 00:20:21.492 21109 21225 W Summariser:   filename: /storage/emulated/0/Movies/rawFootage/20191028_171746_EF.mp4
02-12 00:20:21.492 21109 21225 W Summariser:   time: 26.884s
02-12 00:20:21.492 21109 21225 W Summariser:   noise tolerance: 60.00
02-12 00:20:21.492 21109 21225 W Summariser:   quality: 23
02-12 00:20:21.492 21109 21225 W Summariser:   speed: medium
02-12 00:20:21.665 21109 21227 W mobile-ffmpeg:
02-12 00:20:21.665 21109 21227 W mobile-ffmpeg: [mov,mp4,m4a,3gp,3g2,mj2 @ 0x783dbf7a00]
02-12 00:20:21.665 21109 21227 W mobile-ffmpeg:
02-12 00:20:21.669 21109 21227 W mobile-ffmpeg: Found duplicated MOOV Atom. Skipped it
02-12 00:20:46.650 21109 21225 W Summariser: Whole video is active
02-12 00:20:49.191 21109 21225 W Summariser: Summarisation completed
02-12 00:20:49.191 21109 21225 W Summariser:   filename: /storage/emulated/0/Movies/rawFootage/20191028_171846_NF.mp4
02-12 00:20:49.191 21109 21225 W Summariser:   time: 27.574s
02-12 00:20:49.191 21109 21225 W Summariser:   noise tolerance: 60.00
02-12 00:20:49.191 21109 21225 W Summariser:   quality: 23
02-12 00:20:49.191 21109 21225 W Summariser:   speed: medium
02-12 00:20:49.348 21109 21227 W mobile-ffmpeg:
02-12 00:20:49.348 21109 21227 W mobile-ffmpeg: [mov,mp4,m4a,3gp,3g2,mj2 @ 0x783dbf7a00]
02-12 00:20:49.348 21109 21227 W mobile-ffmpeg:
02-12 00:20:49.348 21109 21227 W mobile-ffmpeg: Found duplicated MOOV Atom. Skipped it
02-12 00:20:55.641 21109 21225 W Summariser: Whole video is active
02-12 00:20:56.270 21109 21225 W Summariser: Summarisation completed
02-12 00:20:56.270 21109 21225 W Summariser:   filename: /storage/emulated/0/Movies/rawFootage/20191028_180605_NF.mp4
02-12 00:20:56.270 21109 21225 W Summariser:   time: 06.935s
02-12 00:20:56.270 21109 21225 W Summariser:   noise tolerance: 60.00
02-12 00:20:56.270 21109 21225 W Summariser:   quality: 23
02-12 00:20:56.270 21109 21225 W Summariser:   speed: medium
02-12 00:20:56.408 21109 21227 W mobile-ffmpeg:
02-12 00:20:56.408 21109 21227 W mobile-ffmpeg: [mov,mp4,m4a,3gp,3g2,mj2 @ 0x783dbf7a00]
02-12 00:20:56.408 21109 21227 W mobile-ffmpeg:
02-12 00:20:56.408 21109 21227 W mobile-ffmpeg: Found duplicated MOOV Atom. Skipped it
02-12 00:21:20.943 21109 21225 W Summariser: Whole video is active
02-12 00:21:23.389 21109 21225 W Summariser: Summarisation completed
02-12 00:21:23.389 21109 21225 W Summariser:   filename: /storage/emulated/0/Movies/rawFootage/20191028_180615_EF.mp4
02-12 00:21:23.389 21109 21225 W Summariser:   time: 26.997s
02-12 00:21:23.389 21109 21225 W Summariser:   noise tolerance: 60.00
02-12 00:21:23.389 21109 21225 W Summariser:   quality: 23
02-12 00:21:23.389 21109 21225 W Summariser:   speed: medium
02-12 00:21:23.539 21109 21227 W mobile-ffmpeg:
02-12 00:21:23.539 21109 21227 W mobile-ffmpeg: [mov,mp4,m4a,3gp,3g2,mj2 @ 0x783dbf7a00]
02-12 00:21:23.539 21109 21227 W mobile-ffmpeg:
02-12 00:21:23.539 21109 21227 W mobile-ffmpeg: Found duplicated MOOV Atom. Skipped it
02-12 00:21:47.579 21109 21225 W Summariser: Whole video is active
02-12 00:21:50.508 21109 21225 W Summariser: Summarisation completed
02-12 00:21:50.508 21109 21225 W Summariser:   filename: /storage/emulated/0/Movies/rawFootage/20191028_180715_NF.mp4
02-12 00:21:50.508 21109 21225 W Summariser:   time: 26.995s
02-12 00:21:50.508 21109 21225 W Summariser:   noise tolerance: 60.00
02-12 00:21:50.508 21109 21225 W Summariser:   quality: 23
02-12 00:21:50.508 21109 21225 W Summariser:   speed: medium
02-12 00:21:50.690 21109 21227 W mobile-ffmpeg:
02-12 00:21:50.690 21109 21227 W mobile-ffmpeg: [mov,mp4,m4a,3gp,3g2,mj2 @ 0x783dbf7a00]
02-12 00:21:50.690 21109 21227 W mobile-ffmpeg:
02-12 00:21:50.690 21109 21227 W mobile-ffmpeg: Found duplicated MOOV Atom. Skipped it
02-12 00:22:22.831 21109 21225 W Summariser: Whole video is active
02-12 00:22:26.624 21109 21225 W Summariser: Summarisation completed
02-12 00:22:26.624 21109 21225 W Summariser:   filename: /storage/emulated/0/Movies/rawFootage/20191028_180815_NF.mp4
02-12 00:22:26.624 21109 21225 W Summariser:   time: 35.964s
02-12 00:22:26.624 21109 21225 W Summariser:   noise tolerance: 60.00
02-12 00:22:26.624 21109 21225 W Summariser:   quality: 23
02-12 00:22:26.624 21109 21225 W Summariser:   speed: medium
02-12 00:22:26.803 21109 21227 W mobile-ffmpeg:
02-12 00:22:26.803 21109 21227 W mobile-ffmpeg: [mov,mp4,m4a,3gp,3g2,mj2 @ 0x783dbf7a00]
02-12 00:22:26.804 21109 21227 W mobile-ffmpeg:
02-12 00:22:26.804 21109 21227 W mobile-ffmpeg: Found duplicated MOOV Atom. Skipped it
02-12 00:22:58.865 21109 21225 W Summariser: Whole video is active
02-12 00:23:02.502 21109 21225 W Summariser: Summarisation completed
02-12 00:23:02.502 21109 21225 W Summariser:   filename: /storage/emulated/0/Movies/rawFootage/20191028_180915_NF.mp4
02-12 00:23:02.502 21109 21225 W Summariser:   time: 35.721s
02-12 00:23:02.502 21109 21225 W Summariser:   noise tolerance: 60.00
02-12 00:23:02.502 21109 21225 W Summariser:   quality: 23
02-12 00:23:02.502 21109 21225 W Summariser:   speed: medium
02-12 00:23:02.662 21109 21227 W mobile-ffmpeg:
02-12 00:23:02.662 21109 21227 W mobile-ffmpeg: [mov,mp4,m4a,3gp,3g2,mj2 @ 0x783dbf7a00]
02-12 00:23:02.662 21109 21227 W mobile-ffmpeg:
02-12 00:23:02.662 21109 21227 W mobile-ffmpeg: Found duplicated MOOV Atom. Skipped it
02-12 00:23:33.920 21109 21225 W Summariser: Whole video is active
02-12 00:23:37.723 21109 21225 W Summariser: Summarisation completed
02-12 00:23:37.723 21109 21225 W Summariser:   filename: /storage/emulated/0/Movies/rawFootage/20191028_181015_NF.mp4
02-12 00:23:37.723 21109 21225 W Summariser:   time: 35.081s
02-12 00:23:37.723 21109 21225 W Summariser:   noise tolerance: 60.00
02-12 00:23:37.723 21109 21225 W Summariser:   quality: 23
02-12 00:23:37.723 21109 21225 W Summariser:   speed: medium
02-12 00:23:37.973 21109 21227 W mobile-ffmpeg:
02-12 00:23:37.974 21109 21227 W mobile-ffmpeg: [mov,mp4,m4a,3gp,3g2,mj2 @ 0x783dbf7a00]
02-12 00:23:37.974 21109 21227 W mobile-ffmpeg:
02-12 00:23:37.974 21109 21227 W mobile-ffmpeg: Found duplicated MOOV Atom. Skipped it
02-12 00:24:00.839 21109 21225 W Summariser: Whole video is active
02-12 00:24:03.845 21109 21225 W Summariser: Summarisation completed
02-12 00:24:03.845 21109 21225 W Summariser:   filename: /storage/emulated/0/Movies/rawFootage/20191028_181115_NF.mp4
02-12 00:24:03.845 21109 21225 W Summariser:   time: 25.888s
02-12 00:24:03.845 21109 21225 W Summariser:   noise tolerance: 60.00
02-12 00:24:03.845 21109 21225 W Summariser:   quality: 23
02-12 00:24:03.845 21109 21225 W Summariser:   speed: medium
02-12 00:24:04.017 21109 21227 W mobile-ffmpeg:
02-12 00:24:04.017 21109 21227 W mobile-ffmpeg: [mov,mp4,m4a,3gp,3g2,mj2 @ 0x783dbf7a00]
02-12 00:24:04.017 21109 21227 W mobile-ffmpeg:
02-12 00:24:04.017 21109 21227 W mobile-ffmpeg: Found duplicated MOOV Atom. Skipped it
02-12 00:24:35.728 21109 21225 W Summariser: Whole video is active
02-12 00:24:39.540 21109 21225 W Summariser: Summarisation completed
02-12 00:24:39.540 21109 21225 W Summariser:   filename: /storage/emulated/0/Movies/rawFootage/20191028_181159_PF.mp4
02-12 00:24:39.540 21109 21225 W Summariser:   time: 35.532s
02-12 00:24:39.540 21109 21225 W Summariser:   noise tolerance: 60.00
02-12 00:24:39.540 21109 21225 W Summariser:   quality: 23
02-12 00:24:39.540 21109 21225 W Summariser:   speed: medium
02-12 00:24:39.701 21109 21227 W mobile-ffmpeg:
02-12 00:24:39.701 21109 21227 W mobile-ffmpeg: [mov,mp4,m4a,3gp,3g2,mj2 @ 0x783dbf7a00]
02-12 00:24:39.701 21109 21227 W mobile-ffmpeg:
02-12 00:24:39.701 21109 21227 W mobile-ffmpeg: Found duplicated MOOV Atom. Skipped it
02-12 00:25:11.407 21109 21225 W Summariser: Whole video is active
02-12 00:25:15.251 21109 21225 W Summariser: Summarisation completed
02-12 00:25:15.251 21109 21225 W Summariser:   filename: /storage/emulated/0/Movies/rawFootage/20191028_181359_PF.mp4
02-12 00:25:15.251 21109 21225 W Summariser:   time: 35.573s
02-12 00:25:15.251 21109 21225 W Summariser:   noise tolerance: 60.00
02-12 00:25:15.251 21109 21225 W Summariser:   quality: 23
02-12 00:25:15.251 21109 21225 W Summariser:   speed: medium
02-12 00:25:15.480 21109 21227 W mobile-ffmpeg:
02-12 00:25:15.481 21109 21227 W mobile-ffmpeg: [mov,mp4,m4a,3gp,3g2,mj2 @ 0x783dbf7a00]
02-12 00:25:15.481 21109 21227 W mobile-ffmpeg:
02-12 00:25:15.481 21109 21227 W mobile-ffmpeg: Found duplicated MOOV Atom. Skipped it
02-12 00:25:46.178 21109 21225 W Summariser: Whole video is active
02-12 00:25:49.968 21109 21225 W Summariser: Summarisation completed
02-12 00:25:49.968 21109 21225 W Summariser:   filename: /storage/emulated/0/Movies/rawFootage/20191030_161051_NF.mp4
02-12 00:25:49.968 21109 21225 W Summariser:   time: 34.510s
02-12 00:25:49.968 21109 21225 W Summariser:   noise tolerance: 60.00
02-12 00:25:49.968 21109 21225 W Summariser:   quality: 23
02-12 00:25:49.968 21109 21225 W Summariser:   speed: medium
02-12 00:25:50.177 21109 21227 W mobile-ffmpeg:
02-12 00:25:50.177 21109 21227 W mobile-ffmpeg: [mov,mp4,m4a,3gp,3g2,mj2 @ 0x783dbf7a00]
02-12 00:25:50.177 21109 21227 W mobile-ffmpeg:
02-12 00:25:50.177 21109 21227 W mobile-ffmpeg: Found duplicated MOOV Atom. Skipped it
02-12 00:26:22.425 21109 21225 W Summariser: Whole video is active
02-12 00:26:26.477 21109 21225 W Summariser: Summarisation completed
02-12 00:26:26.477 21109 21225 W Summariser:   filename: /storage/emulated/0/Movies/rawFootage/20191030_165129_NF.mp4
02-12 00:26:26.477 21109 21225 W Summariser:   time: 36.316s
02-12 00:26:26.477 21109 21225 W Summariser:   noise tolerance: 60.00
02-12 00:26:26.477 21109 21225 W Summariser:   quality: 23
02-12 00:26:26.477 21109 21225 W Summariser:   speed: medium
02-12 00:26:26.731 21109 21227 W mobile-ffmpeg:
02-12 00:26:26.731 21109 21227 W mobile-ffmpeg: [mov,mp4,m4a,3gp,3g2,mj2 @ 0x783dbf7a00]
02-12 00:26:26.731 21109 21227 W mobile-ffmpeg:
02-12 00:26:26.731 21109 21227 W mobile-ffmpeg: Found duplicated MOOV Atom. Skipped it
02-12 00:26:59.754 21109 21225 W Summariser: Whole video is active
02-12 00:27:03.631 21109 21225 W Summariser: Summarisation completed
02-12 00:27:03.631 21109 21225 W Summariser:   filename: /storage/emulated/0/Movies/rawFootage/20191030_165229_NF.mp4
02-12 00:27:03.631 21109 21225 W Summariser:   time: 36.944s
02-12 00:27:03.631 21109 21225 W Summariser:   noise tolerance: 60.00
02-12 00:27:03.631 21109 21225 W Summariser:   quality: 23
02-12 00:27:03.631 21109 21225 W Summariser:   speed: medium
02-12 00:27:03.794 21109 21227 W mobile-ffmpeg:
02-12 00:27:03.794 21109 21227 W mobile-ffmpeg: [mov,mp4,m4a,3gp,3g2,mj2 @ 0x783dbf7a00]
02-12 00:27:03.794 21109 21227 W mobile-ffmpeg:
02-12 00:27:03.794 21109 21227 W mobile-ffmpeg: Found duplicated MOOV Atom. Skipped it
02-12 00:27:36.032 21109 21225 W Summariser: Whole video is active
02-12 00:27:39.935 21109 21225 W Summariser: Summarisation completed
02-12 00:27:39.935 21109 21225 W Summariser:   filename: /storage/emulated/0/Movies/rawFootage/20191030_165329_NF.mp4
02-12 00:27:39.935 21109 21225 W Summariser:   time: 36.160s
02-12 00:27:39.935 21109 21225 W Summariser:   noise tolerance: 60.00
02-12 00:27:39.935 21109 21225 W Summariser:   quality: 23
02-12 00:27:39.935 21109 21225 W Summariser:   speed: medium
02-12 00:27:40.095 21109 21227 W mobile-ffmpeg:
02-12 00:27:40.096 21109 21227 W mobile-ffmpeg: [mov,mp4,m4a,3gp,3g2,mj2 @ 0x783dbf7a00]
02-12 00:27:40.096 21109 21227 W mobile-ffmpeg:
02-12 00:27:40.096 21109 21227 W mobile-ffmpeg: Found duplicated MOOV Atom. Skipped it
02-12 00:28:09.852 21109 21225 W Summariser: Whole video is active
02-12 00:28:13.725 21109 21225 W Summariser: Summarisation completed
02-12 00:28:13.725 21109 21225 W Summariser:   filename: /storage/emulated/0/Movies/rawFootage/20191030_165429_NF.mp4
02-12 00:28:13.725 21109 21225 W Summariser:   time: 33.644s
02-12 00:28:13.725 21109 21225 W Summariser:   noise tolerance: 60.00
02-12 00:28:13.725 21109 21225 W Summariser:   quality: 23
02-12 00:28:13.725 21109 21225 W Summariser:   speed: medium
02-12 00:28:13.875 21109 21227 W mobile-ffmpeg:
02-12 00:28:13.875 21109 21227 W mobile-ffmpeg: [mov,mp4,m4a,3gp,3g2,mj2 @ 0x783dbf7a00]
02-12 00:28:13.875 21109 21227 W mobile-ffmpeg:
02-12 00:28:13.875 21109 21227 W mobile-ffmpeg: Found duplicated MOOV Atom. Skipped it
02-12 00:28:23.973 21109 21225 W Summariser: Whole video is active
02-12 00:28:25.171 21109 21225 W Summariser: Summarisation completed
02-12 00:28:25.171 21109 21225 W Summariser:   filename: /storage/emulated/0/Movies/rawFootage/20191030_165530_NF.mp4
02-12 00:28:25.171 21109 21225 W Summariser:   time: 11.314s
02-12 00:28:25.171 21109 21225 W Summariser:   noise tolerance: 60.00
02-12 00:28:25.171 21109 21225 W Summariser:   quality: 23
02-12 00:28:25.171 21109 21225 W Summariser:   speed: medium
02-12 00:28:25.340 21109 21227 W mobile-ffmpeg:
02-12 00:28:25.340 21109 21227 W mobile-ffmpeg: [mov,mp4,m4a,3gp,3g2,mj2 @ 0x783dbf7a00]
02-12 00:28:25.340 21109 21227 W mobile-ffmpeg:
02-12 00:28:25.340 21109 21227 W mobile-ffmpeg: Found duplicated MOOV Atom. Skipped it
02-12 00:28:27.132 21109 21225 W Summariser: Whole video is active
02-12 00:28:27.319 21109 21225 W Summariser: Summarisation completed
02-12 00:28:27.319 21109 21225 W Summariser:   filename: /storage/emulated/0/Movies/rawFootage/20191030_165544_PF.mp4
02-12 00:28:27.319 21109 21225 W Summariser:   time: 01.991s
02-12 00:28:27.319 21109 21225 W Summariser:   noise tolerance: 60.00
02-12 00:28:27.319 21109 21225 W Summariser:   quality: 23
02-12 00:28:27.319 21109 21225 W Summariser:   speed: medium
02-12 00:28:27.472 21109 21227 W mobile-ffmpeg:
02-12 00:28:27.472 21109 21227 W mobile-ffmpeg: [mov,mp4,m4a,3gp,3g2,mj2 @ 0x783dbf7a00]
02-12 00:28:27.472 21109 21227 W mobile-ffmpeg:
02-12 00:28:27.472 21109 21227 W mobile-ffmpeg: Found duplicated MOOV Atom. Skipped it
02-12 00:29:00.204 21109 21225 W Summariser: Whole video is active
02-12 00:29:04.011 21109 21225 W Summariser: Summarisation completed
02-12 00:29:04.011 21109 21225 W Summariser:   filename: /storage/emulated/0/Movies/rawFootage/20191030_212910_NF.mp4
02-12 00:29:04.011 21109 21225 W Summariser:   time: 36.555s
02-12 00:29:04.011 21109 21225 W Summariser:   noise tolerance: 60.00
02-12 00:29:04.011 21109 21225 W Summariser:   quality: 23
02-12 00:29:04.011 21109 21225 W Summariser:   speed: medium
02-12 00:29:04.167 21109 21227 W mobile-ffmpeg:
02-12 00:29:04.167 21109 21227 W mobile-ffmpeg: [mov,mp4,m4a,3gp,3g2,mj2 @ 0x783dbf7a00]
02-12 00:29:04.167 21109 21227 W mobile-ffmpeg:
02-12 00:29:04.167 21109 21227 W mobile-ffmpeg: Found duplicated MOOV Atom. Skipped it
02-12 00:29:37.026 21109 21225 W Summariser: Whole video is active
02-12 00:29:40.767 21109 21225 W Summariser: Summarisation completed
02-12 00:29:40.767 21109 21225 W Summariser:   filename: /storage/emulated/0/Movies/rawFootage/20191030_213010_NF.mp4
02-12 00:29:40.767 21109 21225 W Summariser:   time: 36.615s
02-12 00:29:40.767 21109 21225 W Summariser:   noise tolerance: 60.00
02-12 00:29:40.767 21109 21225 W Summariser:   quality: 23
02-12 00:29:40.767 21109 21225 W Summariser:   speed: medium
02-12 00:29:40.944 21109 21227 W mobile-ffmpeg:
02-12 00:29:40.944 21109 21227 W mobile-ffmpeg: [mov,mp4,m4a,3gp,3g2,mj2 @ 0x783dbf7a00]
02-12 00:29:40.944 21109 21227 W mobile-ffmpeg:
02-12 00:29:40.944 21109 21227 W mobile-ffmpeg: Found duplicated MOOV Atom. Skipped it
02-12 00:30:12.066 21109 21225 W Summariser: Whole video is active
02-12 00:30:15.847 21109 21225 W Summariser: Summarisation completed
02-12 00:30:15.847 21109 21225 W Summariser:   filename: /storage/emulated/0/Movies/rawFootage/20191030_220901_NF.mp4
02-12 00:30:15.847 21109 21225 W Summariser:   time: 34.913s
02-12 00:30:15.847 21109 21225 W Summariser:   noise tolerance: 60.00
02-12 00:30:15.847 21109 21225 W Summariser:   quality: 23
02-12 00:30:15.847 21109 21225 W Summariser:   speed: medium
02-12 00:30:16.017 21109 21227 W mobile-ffmpeg:
02-12 00:30:16.017 21109 21227 W mobile-ffmpeg: [mov,mp4,m4a,3gp,3g2,mj2 @ 0x783dbf7a00]
02-12 00:30:16.017 21109 21227 W mobile-ffmpeg:
02-12 00:30:16.017 21109 21227 W mobile-ffmpeg: Found duplicated MOOV Atom. Skipped it
02-12 00:30:47.623 21109 21225 W Summariser: Whole video is active
02-12 00:30:51.384 21109 21225 W Summariser: Summarisation completed
02-12 00:30:51.384 21109 21225 W Summariser:   filename: /storage/emulated/0/Movies/rawFootage/20191030_221001_NF.mp4
02-12 00:30:51.384 21109 21225 W Summariser:   time: 35.378s
02-12 00:30:51.384 21109 21225 W Summariser:   noise tolerance: 60.00
02-12 00:30:51.384 21109 21225 W Summariser:   quality: 23
02-12 00:30:51.384 21109 21225 W Summariser:   speed: medium
02-12 00:30:51.555 21109 21227 W mobile-ffmpeg:
02-12 00:30:51.555 21109 21227 W mobile-ffmpeg: [mov,mp4,m4a,3gp,3g2,mj2 @ 0x783dbf7a00]
02-12 00:30:51.555 21109 21227 W mobile-ffmpeg:
02-12 00:30:51.555 21109 21227 W mobile-ffmpeg: Found duplicated MOOV Atom. Skipped it
02-12 00:31:24.291 21109 21225 W Summariser: Whole video is active
02-12 00:31:28.054 21109 21225 W Summariser: Summarisation completed
02-12 00:31:28.054 21109 21225 W Summariser:   filename: /storage/emulated/0/Movies/rawFootage/20191030_221101_NF.mp4
02-12 00:31:28.054 21109 21225 W Summariser:   time: 36.515s
02-12 00:31:28.054 21109 21225 W Summariser:   noise tolerance: 60.00
02-12 00:31:28.054 21109 21225 W Summariser:   quality: 23
02-12 00:31:28.054 21109 21225 W Summariser:   speed: medium
02-12 00:31:28.227 21109 21227 W mobile-ffmpeg:
02-12 00:31:28.227 21109 21227 W mobile-ffmpeg: [mov,mp4,m4a,3gp,3g2,mj2 @ 0x783dbf7a00]
02-12 00:31:28.227 21109 21227 W mobile-ffmpeg:
02-12 00:31:28.227 21109 21227 W mobile-ffmpeg: Found duplicated MOOV Atom. Skipped it
02-12 00:32:04.208 21109 21225 W Summariser:   filename: /storage/emulated/0/Movies/rawFootage/20191030_221201_NF.mp4
02-12 00:32:04.208 21109 21225 W Summariser:   time: 35.995s
02-12 00:32:04.208 21109 21225 W Summariser:   noise tolerance: 60.00
02-12 00:32:04.208 21109 21225 W Summariser:   quality: 23
02-12 00:32:04.208 21109 21225 W Summariser:   speed: medium
02-12 00:32:04.360 21109 21227 W mobile-ffmpeg:
02-12 00:32:04.360 21109 21227 W mobile-ffmpeg: [mov,mp4,m4a,3gp,3g2,mj2 @ 0x783dbf7a00]
02-12 00:32:04.360 21109 21227 W mobile-ffmpeg:
02-12 00:32:04.360 21109 21227 W mobile-ffmpeg: Found duplicated MOOV Atom. Skipped it
02-12 00:32:36.924 21109 21225 W Summariser: Whole video is active
02-12 00:32:40.690 21109 21225 W Summariser: Summarisation completed
02-12 00:32:40.690 21109 21225 W Summariser:   filename: /storage/emulated/0/Movies/rawFootage/20191030_221302_NF.mp4
02-12 00:32:40.690 21109 21225 W Summariser:   time: 36.349s
02-12 00:32:40.690 21109 21225 W Summariser:   noise tolerance: 60.00
02-12 00:32:40.690 21109 21225 W Summariser:   quality: 23
02-12 00:32:40.690 21109 21225 W Summariser:   speed: medium
