07-02 21:49:04.043 26638 27663 I mobile-ffmpeg: 
07-02 21:49:04.043 26638 27663 I chatty  : uid=10568(com.example.edgesum) identical 1 line
07-02 21:49:04.043 26638 27663 I mobile-ffmpeg: 
07-02 21:49:04.043 26638 27663 I mobile-ffmpeg: 
07-02 21:49:04.043 26638 27663 I mobile-ffmpeg: 
07-02 21:49:04.043 26638 27663 I chatty  : uid=10568(com.example.edgesum) identical 1 line
07-02 21:49:04.043 26638 27663 I mobile-ffmpeg: 
07-02 21:49:04.043 26638 27663 I mobile-ffmpeg:     minor_version   : 
07-02 21:49:04.043 26638 27663 I mobile-ffmpeg: 
07-02 21:49:04.043 26638 27663 I chatty  : uid=10568(com.example.edgesum) identical 1 line
07-02 21:49:04.043 26638 27663 I mobile-ffmpeg: 
07-02 21:49:04.043 26638 27663 I mobile-ffmpeg: 512
07-02 21:49:04.043 26638 27663 I mobile-ffmpeg: 
07-02 21:49:04.043 26638 27663 I chatty  : uid=10568(com.example.edgesum) identical 1 line
07-02 21:49:04.043 26638 27663 I mobile-ffmpeg: 
07-02 21:49:04.043 26638 27663 I mobile-ffmpeg: 
07-02 21:49:04.043 26638 27663 I mobile-ffmpeg: 
07-02 21:49:04.043 26638 27663 I chatty  : uid=10568(com.example.edgesum) identical 1 line
07-02 21:49:04.043 26638 27663 I mobile-ffmpeg: 
07-02 21:49:04.043 26638 27663 I mobile-ffmpeg:     compatible_brands: 
07-02 21:49:04.043 26638 27663 I mobile-ffmpeg: 
07-02 21:49:04.043 26638 27663 I chatty  : uid=10568(com.example.edgesum) identical 1 line
07-02 21:49:04.043 26638 27663 I mobile-ffmpeg: 
07-02 21:49:04.043 26638 27663 I mobile-ffmpeg: isomiso2avc1mp41
07-02 21:49:04.043 26638 27663 I mobile-ffmpeg: 
07-02 21:49:04.043 26638 27663 I chatty  : uid=10568(com.example.edgesum) identical 1 line
07-02 21:49:04.043 26638 27663 I mobile-ffmpeg: 
07-02 21:49:04.043 26638 27663 I mobile-ffmpeg: 
07-02 21:49:04.043 26638 27663 I mobile-ffmpeg: 
07-02 21:49:04.043 26638 27663 I chatty  : uid=10568(com.example.edgesum) identical 1 line
07-02 21:49:04.043 26638 27663 I mobile-ffmpeg: 
07-02 21:49:04.043 26638 27663 I mobile-ffmpeg:     encoder         : 
07-02 21:49:04.043 26638 27663 I mobile-ffmpeg: 
07-02 21:49:04.043 26638 27663 I chatty  : uid=10568(com.example.edgesum) identical 1 line
07-02 21:49:04.043 26638 27663 I mobile-ffmpeg: 
07-02 21:49:04.043 26638 27663 I mobile-ffmpeg: Lavf58.28.101
07-02 21:49:04.043 26638 27663 I mobile-ffmpeg: 
07-02 21:49:04.043 26638 27663 I chatty  : uid=10568(com.example.edgesum) identical 1 line
07-02 21:49:04.043 26638 27663 I mobile-ffmpeg: 
07-02 21:49:04.043 26638 27663 I mobile-ffmpeg: 
07-02 21:49:04.043 26638 27663 I mobile-ffmpeg: 
07-02 21:49:04.043 26638 27663 I chatty  : uid=10568(com.example.edgesum) identical 1 line
07-02 21:49:04.043 26638 27663 I mobile-ffmpeg: 
07-02 21:49:04.044 26638 27663 I mobile-ffmpeg:     Stream #0:0
07-02 21:49:04.044 26638 27663 I mobile-ffmpeg: 
07-02 21:49:04.044 26638 27663 I chatty  : uid=10568(com.example.edgesum) identical 1 line
07-02 21:49:04.044 26638 27663 I mobile-ffmpeg: 
07-02 21:49:04.044 26638 27663 I mobile-ffmpeg: : Video: h264 (libx264) (avc1 / 0x31637661), yuvj420p(pc), 1280x720, q=-1--1
07-02 21:49:04.044 26638 27663 I mobile-ffmpeg: 
07-02 21:49:04.044 26638 27663 I chatty  : uid=10568(com.example.edgesum) identical 1 line
07-02 21:49:04.044 26638 27663 I mobile-ffmpeg: 
07-02 21:49:04.044 26638 27663 I mobile-ffmpeg: , 
07-02 21:49:04.044 26638 27663 I mobile-ffmpeg: 
07-02 21:49:04.044 26638 27663 I chatty  : uid=10568(com.example.edgesum) identical 1 line
07-02 21:49:04.044 26638 27663 I mobile-ffmpeg: 
07-02 21:49:04.044 26638 27663 I mobile-ffmpeg: 29.97 fps, 
07-02 21:49:04.044 26638 27663 I mobile-ffmpeg: 
07-02 21:49:04.044 26638 27663 I chatty  : uid=10568(com.example.edgesum) identical 1 line
07-02 21:49:04.044 26638 27663 I mobile-ffmpeg: 
07-02 21:49:04.044 26638 27663 I mobile-ffmpeg: 30k tbn, 
07-02 21:49:04.044 26638 27663 I mobile-ffmpeg: 
07-02 21:49:04.044 26638 27663 I chatty  : uid=10568(com.example.edgesum) identical 1 line
07-02 21:49:04.044 26638 27663 I mobile-ffmpeg: 
07-02 21:49:04.044 26638 27663 I mobile-ffmpeg: 29.97 tbc
07-02 21:49:04.044 26638 27663 I mobile-ffmpeg: 
07-02 21:49:04.044 26638 27663 I chatty  : uid=10568(com.example.edgesum) identical 1 line
07-02 21:49:04.044 26638 27663 I mobile-ffmpeg: 
07-02 21:49:04.044 26638 27663 I mobile-ffmpeg:  (default)
07-02 21:49:04.044 26638 27663 I mobile-ffmpeg: 
07-02 21:49:04.044 26638 27663 I chatty  : uid=10568(com.example.edgesum) identical 1 line
07-02 21:49:04.044 26638 27663 I mobile-ffmpeg: 
07-02 21:49:04.044 26638 27663 I mobile-ffmpeg: 
07-02 21:49:04.044 26638 27663 I mobile-ffmpeg: 
07-02 21:49:04.044 26638 27663 I chatty  : uid=10568(com.example.edgesum) identical 1 line
07-02 21:49:04.044 26638 27663 I mobile-ffmpeg: 
07-02 21:49:04.044 26638 27663 I mobile-ffmpeg:     Metadata:
07-02 21:49:04.044 26638 27663 I mobile-ffmpeg: 
07-02 21:49:04.044 26638 27663 I chatty  : uid=10568(com.example.edgesum) identical 1 line
07-02 21:49:04.044 26638 27663 I mobile-ffmpeg: 
07-02 21:49:04.044 26638 27663 I mobile-ffmpeg:       encoder         : 
07-02 21:49:04.044 26638 27663 I mobile-ffmpeg: 
07-02 21:49:04.044 26638 27663 I chatty  : uid=10568(com.example.edgesum) identical 1 line
07-02 21:49:04.044 26638 27663 I mobile-ffmpeg: 
07-02 21:49:04.044 26638 27663 I mobile-ffmpeg: Lavc58.53.101 libx264
07-02 21:49:04.044 26638 27663 I mobile-ffmpeg: 
07-02 21:49:04.044 26638 27663 I chatty  : uid=10568(com.example.edgesum) identical 1 line
07-02 21:49:04.044 26638 27663 I mobile-ffmpeg: 
07-02 21:49:04.044 26638 27663 I mobile-ffmpeg: 
07-02 21:49:04.044 26638 27663 I mobile-ffmpeg: 
07-02 21:49:04.044 26638 27663 I chatty  : uid=10568(com.example.edgesum) identical 1 line
07-02 21:49:04.044 26638 27663 I mobile-ffmpeg: 
07-02 21:49:04.044 26638 27663 I mobile-ffmpeg:     Side data:
07-02 21:49:04.044 26638 27663 I mobile-ffmpeg: 
07-02 21:49:04.044 26638 27663 I chatty  : uid=10568(com.example.edgesum) identical 1 line
07-02 21:49:04.044 26638 27663 I mobile-ffmpeg: 
07-02 21:49:04.044 26638 27663 I mobile-ffmpeg:       
07-02 21:49:04.044 26638 27663 I mobile-ffmpeg: 
07-02 21:49:04.044 26638 27663 I chatty  : uid=10568(com.example.edgesum) identical 1 line
07-02 21:49:04.044 26638 27663 I mobile-ffmpeg: 
07-02 21:49:04.044 26638 27663 I mobile-ffmpeg: cpb: 
07-02 21:49:04.044 26638 27663 I mobile-ffmpeg: 
07-02 21:49:04.044 26638 27663 I chatty  : uid=10568(com.example.edgesum) identical 1 line
07-02 21:49:04.044 26638 27663 I mobile-ffmpeg: 
07-02 21:49:04.044 26638 27663 I mobile-ffmpeg: bitrate max/min/avg: 0/0/0 buffer size: 0 vbv_delay: -1
07-02 21:49:04.045 26638 27663 I mobile-ffmpeg: 
07-02 21:49:04.045 26638 27663 I chatty  : uid=10568(com.example.edgesum) identical 1 line
07-02 21:49:04.045 26638 27663 I mobile-ffmpeg: 
07-02 21:49:04.045 26638 27663 I mobile-ffmpeg: 
07-02 21:49:04.045 26638 27663 I mobile-ffmpeg: 
07-02 21:49:04.045 26638 27663 I chatty  : uid=10568(com.example.edgesum) identical 1 line
07-02 21:49:04.045 26638 27663 I mobile-ffmpeg: 
07-02 21:49:04.045 26638 27663 I mobile-ffmpeg:     Stream #0:1
07-02 21:49:04.045 26638 27663 I mobile-ffmpeg: 
07-02 21:49:04.045 26638 27663 I chatty  : uid=10568(com.example.edgesum) identical 1 line
07-02 21:49:04.045 26638 27663 I mobile-ffmpeg: 
07-02 21:49:04.045 26638 27663 I mobile-ffmpeg: : Audio: aac (mp4a / 0x6134706D), 16000 Hz, stereo, fltp, 128 kb/s
07-02 21:49:04.045 26638 27663 I mobile-ffmpeg: 
07-02 21:49:04.045 26638 27663 I chatty  : uid=10568(com.example.edgesum) identical 1 line
07-02 21:49:04.045 26638 27663 I mobile-ffmpeg: 
07-02 21:49:04.045 26638 27663 I mobile-ffmpeg:  (default)
07-02 21:49:04.045 26638 27663 I mobile-ffmpeg: 
07-02 21:49:04.045 26638 27663 I chatty  : uid=10568(com.example.edgesum) identical 1 line
07-02 21:49:04.045 26638 27663 I mobile-ffmpeg: 
07-02 21:49:04.045 26638 27663 I mobile-ffmpeg: 
07-02 21:49:04.045 26638 27663 I mobile-ffmpeg: 
07-02 21:49:04.045 26638 27663 I chatty  : uid=10568(com.example.edgesum) identical 1 line
07-02 21:49:04.045 26638 27663 I mobile-ffmpeg: 
07-02 21:49:04.045 26638 27663 I mobile-ffmpeg:     Metadata:
07-02 21:49:04.045 26638 27663 I mobile-ffmpeg: 
07-02 21:49:04.045 26638 27663 I chatty  : uid=10568(com.example.edgesum) identical 1 line
07-02 21:49:04.045 26638 27663 I mobile-ffmpeg: 
07-02 21:49:04.045 26638 27663 I mobile-ffmpeg:       encoder         : 
07-02 21:49:04.045 26638 27663 I mobile-ffmpeg: 
07-02 21:49:04.045 26638 27663 I chatty  : uid=10568(com.example.edgesum) identical 1 line
07-02 21:49:04.045 26638 27663 I mobile-ffmpeg: 
07-02 21:49:04.045 26638 27663 I mobile-ffmpeg: Lavc58.53.101 aac
07-02 21:49:04.045 26638 27663 I mobile-ffmpeg: 
07-02 21:49:04.045 26638 27663 I chatty  : uid=10568(com.example.edgesum) identical 1 line
07-02 21:49:04.045 26638 27663 I mobile-ffmpeg: 
07-02 21:49:04.045 26638 27663 I mobile-ffmpeg: 
07-02 21:49:04.135 26638 27663 I mobile-ffmpeg: 
07-02 21:49:04.135 26638 27663 I chatty  : uid=10568(com.example.edgesum) identical 1 line
07-02 21:49:04.135 26638 27663 I mobile-ffmpeg: 
07-02 21:49:04.135 26638 27663 I mobile-ffmpeg: frame=    0 fps=0.0 q=0.0 size=       0kB time=00:00:00.00 bitrate=N/A speed=   0x    
07-02 21:49:04.577  9122  9187 D ScanRecord: Not a Multi Manu data
07-02 21:49:04.577  9122  9187 I chatty  : uid=1002(bluetooth) BT Service Call identical 10 lines
07-02 21:49:04.578  9122  9187 D ScanRecord: Not a Multi Manu data
07-02 21:49:04.578  9122  9187 D BtGatt.GattService: onScanResult to scannerId: 5- eventType=0x10, addressType=0, address=A6:5, primaryPhy=1, secondaryPhy=0, advertisingSid=0xff, txPower=127, rssi=-86, periodicAdvInt=0x0
07-02 21:49:04.579  8780  9113 D ScanRecord: Not a Multi Manu data
07-02 21:49:04.584  8780  9113 I [+10]oneconnect[1.7.50-21_01][CORE]: BleParserForVD.parseTvPacket - [Name][TV] Samsung 8 Series (55)[DeviceType]TV[Discover]_BLE[Services]None[Connected]false[TvStatus]-128[TvService]96[TvMirrorChannel]1[TvRegisteredDB][83, 91, 0, 0, 0, 0][TvYear]2016[TvOcfInfo]0[TvAcmStatus]0[ExTvStatus]0
07-02 21:49:04.637 26638 27663 I mobile-ffmpeg: 
07-02 21:49:04.637 26638 27663 I chatty  : uid=10568(com.example.edgesum) identical 1 line
07-02 21:49:04.637 26638 27663 I mobile-ffmpeg: 
07-02 21:49:04.637 26638 27663 I mobile-ffmpeg: frame=    0 fps=0.0 q=0.0 size=       0kB time=00:00:00.00 bitrate=N/A speed=   0x    
07-02 21:49:04.679  3825  4066 D WifiTrafficPoller: TrafficStats TxPkts=340910 RxPkts=761175 TxBytes=17841211 RxBytes=1141407636 , Foreground uid=10568 pkgName=com.example.edgesum TxPackets=338543 RxPackets=760816 TxBytes=17638541 RxBytes=1141043242
07-02 21:49:04.822  3300  3300 I SurfaceFlinger: SFWD update time=7413853313966
07-02 21:49:04.892  3574  4120 D bauth_FPBAuthService: pcf : 0x1012, 0 ,2 ,0 ,0 ,0 ,2, 
07-02 21:49:04.892  3574  4120 D bauth_FPBAuthService: thread id : 2, preenroll_flag : 0, nd cnt : 1, cso : 0, et : 0
07-02 21:49:04.892  3574  4120 D bauth_FPBAuthService: FPBAuthService, 9983
07-02 21:49:05.143 26638 27663 I mobile-ffmpeg: 
07-02 21:49:05.143 26638 27663 I chatty  : uid=10568(com.example.edgesum) identical 1 line
07-02 21:49:05.143 26638 27663 I mobile-ffmpeg: 
07-02 21:49:05.143 26638 27663 I mobile-ffmpeg: frame=   37 fps= 32 q=0.0 size=       0kB time=00:00:01.34 bitrate=   0.3kbits/s speed=1.15x    
07-02 21:49:05.334  9122  9187 D ScanRecord: Not a Multi Manu data
07-02 21:49:05.334  9122  9187 I chatty  : uid=1002(bluetooth) BT Service Call identical 10 lines
07-02 21:49:05.334  9122  9187 D ScanRecord: Not a Multi Manu data
07-02 21:49:05.335  9122  9187 D BtGatt.GattService: onScanResult to scannerId: 5- eventType=0x10, addressType=0, address=A6:5, primaryPhy=1, secondaryPhy=0, advertisingSid=0xff, txPower=127, rssi=-93, periodicAdvInt=0x0
07-02 21:49:05.335  8780  9113 D ScanRecord: Not a Multi Manu data
07-02 21:49:05.340  8780  9113 I [+10]oneconnect[1.7.50-21_01][CORE]: BleParserForVD.parseTvPacket - [Name][TV] Samsung 8 Series (55)[DeviceType]TV[Discover]_BLE[Services]None[Connected]false[TvStatus]-128[TvService]96[TvMirrorChannel]1[TvRegisteredDB][83, 91, 0, 0, 0, 0][TvYear]2016[TvOcfInfo]0[TvAcmStatus]0[ExTvStatus]0
07-02 21:49:05.660 26638 27663 I mobile-ffmpeg: 
07-02 21:49:05.660 26638 27663 I chatty  : uid=10568(com.example.edgesum) identical 1 line
07-02 21:49:05.660 26638 27663 I mobile-ffmpeg: 
07-02 21:49:05.660 26638 27663 I mobile-ffmpeg: frame=   57 fps= 34 q=29.0 size=       0kB time=00:00:02.04 bitrate=   0.2kbits/s speed=1.22x    
07-02 21:49:05.892  3574  4120 D bauth_FPBAuthService: pcf : 0x1012, 0 ,2 ,0 ,0 ,0 ,2, 
07-02 21:49:05.893  3574  4120 D bauth_FPBAuthService: thread id : 2, preenroll_flag : 0, nd cnt : 1, cso : 0, et : 0
07-02 21:49:05.893  3574  4120 D bauth_FPBAuthService: FPBAuthService, 9983
07-02 21:49:06.163 26638 27663 I mobile-ffmpeg: 
07-02 21:49:06.163 26638 27663 I chatty  : uid=10568(com.example.edgesum) identical 1 line
07-02 21:49:06.163 26638 27663 I mobile-ffmpeg: 
07-02 21:49:06.163 26638 27663 I mobile-ffmpeg: frame=   74 fps= 34 q=29.0 size=       0kB time=00:00:02.56 bitrate=   0.1kbits/s speed=1.17x    
07-02 21:49:06.368  5034 28368 I NearbyConnections: ClientProxy(90613522) reporting onPayloadReceived(HC0V, -8901625441270540666) [CONTEXT service_id=54 ]
07-02 21:49:06.369 26638 26638 D NearbyFragment: onPayloadReceived(endpointId=HC0V, payload=com.google.android.gms.nearby.connection.Payload@3de52dd)
07-02 21:49:06.369  5034 28368 I NearbyConnections: ClientProxy(90613522) reporting onPayloadTransferUpdate(HC0V, -8901625441270540666, IN_PROGRESS) [CONTEXT service_id=54 ]
07-02 21:49:06.369 26638 26638 D NearbyFragment: 20200312_193628!002.mp4 from Endpoint{id=HC0V, name=Nexus 5X [34d8]} contained no activity
07-02 21:49:06.369 26638 26638 V NearbyFragment: Received a segment of 20200312_193628
07-02 21:49:06.370 26638 26638 I NearbyFragment: Transfer queue is empty
07-02 21:49:06.370 26638 26638 V NearbyFragment: Transfer to HC0V: 100%
07-02 21:49:06.379  5034 28368 I NearbyConnections: ClientProxy(90613522) reporting onPayloadTransferUpdate(HC0V, -8901625441270540666, SUCCESS) [CONTEXT service_id=54 ]
07-02 21:49:06.379 26638 26638 V NearbyFragment: Transfer to HC0V: 100%
07-02 21:49:06.537  3825  4067 I WifiVendorHal: getWifiLinkLayerStats(l.2973) before calling iface.getLinkLayerStats
07-02 21:49:06.538  3287  3287 I android.hardware.wifi@1.0-service: enter getLinkLayerStats
07-02 21:49:06.538  3287  3287 I android.hardware.wifi@1.0-service: enter getLinkLayerStatsInternal
07-02 21:49:06.546  3287  3287 I android.hardware.wifi@1.0-service: Successfully getLinkLayerStats.
07-02 21:49:06.547  3825  4067 I WifiVendorHal: getWifiLinkLayerStats(l.2973) after calling iface.getLinkLayerStats
07-02 21:49:06.584  3825  6594 I ActivityManager: Killing 26356:com.samsung.android.smartmirroring/u0a164 (adj 906): empty #25
07-02 21:49:06.586  3825  3855 W libprocessgroup: kill(-26356, 9) failed: No such process
07-02 21:49:06.658  3825  3855 I chatty  : uid=1000(system) ActivityManager identical 9 lines
07-02 21:49:06.664  3825  3855 W libprocessgroup: kill(-26356, 9) failed: No such process
07-02 21:49:06.666  3530  3530 I Zygote  : Process 26356 exited due to signal (9)
07-02 21:49:06.666  4201  4534 D TileLifecycleManager: binderDeath
07-02 21:49:06.666  3825  4194 D WifiP2pService: binderDied: binder=android.os.BinderProxy@a0a58c5
07-02 21:49:06.670  3825  3855 W libprocessgroup: kill(-26356, 9) failed: No such process
07-02 21:49:06.670  3825  3855 I libprocessgroup: Successfully killed process cgroup uid 10164 pid 26356 in 84ms
07-02 21:49:06.674  4458  4476 D ForegroundUtils: could not check pending caller
07-02 21:49:06.687  9122  9122 D HidDeviceService: handleMessage(): msg.what=8
07-02 21:49:06.687  9122  9122 D HidDeviceService: unregisterAppUid(): uid=10164
07-02 21:49:06.687  9122  9122 D HidDeviceService: unregisterAppUid(): caller UID doesn't match user UID
07-02 21:49:06.696  3825  4138 D WifiConnectivityMonitor: DNS resultType : 3, responseTime : -1
07-02 21:49:06.698  3825  4133 I WifiConnectivityMonitor: 07-02 21:49:06.698, InvalidNonSwitchableState, [i]-1, [s]3, [t]11/11, [e]6, [b]-1, [u]-1/1, -63, 58, false(true/false/false/true/true/true/true/true/true/true), false(false/true), true(true/true/true), 31, 22426c61636b767565373530532d46323536304622, 00560f, 4690
07-02 21:49:06.701  3825  4133 I WifiConnectivityMonitor: 07-02 21:49:06.700, InvalidNonSwitchableState, 192.168.49.233   0x1         0x2         64:bc:0c:4b:12:f7     *        p2p-wlan0-010.99.77.1       0x1         0x2         00:25:42:f2:56:0f     *        wlan0
07-02 21:49:06.701  3825  4133 D WifiConnectivityMonitor: goodRssi=-58 goodCount=5 lastGood=7415732 lastPoor=7415732 avoidMax=30000
07-02 21:49:06.715  3825  4133 D WifiConnectivityMonitor: Send parallel check, instead of QC
07-02 21:49:06.720  3549  3621 D DnsProxyListener: DNSDBG::dns addrinfo af 2
07-02 21:49:06.765  4898  4898 D io_stats: !@   8,0 r 402418 24565404 w 74288 3665392 d 4813 2074524 f 17602 17905 iot 174132 150220 th 307200 0 0 pt 0 inp 0 0 7415.796
07-02 21:49:06.834 26638 27663 I mobile-ffmpeg: 
07-02 21:49:06.834 26638 27663 I chatty  : uid=10568(com.example.edgesum) identical 1 line
07-02 21:49:06.834 26638 27663 I mobile-ffmpeg: 
07-02 21:49:06.834 26638 27663 I mobile-ffmpeg: frame=   88 fps= 33 q=29.0 size=       0kB time=00:00:03.00 bitrate=   0.1kbits/s speed=1.12x    
07-02 21:49:06.893  3574  4120 D bauth_FPBAuthService: pcf : 0x1012, 0 ,2 ,0 ,0 ,0 ,2, 
07-02 21:49:06.893  3574  4120 D bauth_FPBAuthService: thread id : 2, preenroll_flag : 0, nd cnt : 1, cso : 0, et : 0
07-02 21:49:06.893  3574  4120 D bauth_FPBAuthService: FPBAuthService, 9983
07-02 21:49:06.925  5034 27454 I NearbyConnections: EndpointManager discarded incoming OfflineFrame of type KEEP_ALIVE because it doesn't have a processor registered. [CONTEXT service_id=54 ]
07-02 21:49:07.166 26638 27663 I mobile-ffmpeg: 
07-02 21:49:07.166 26638 27663 I chatty  : uid=10568(com.example.edgesum) identical 1 line
07-02 21:49:07.166 26638 27663 I mobile-ffmpeg: 
07-02 21:49:07.166 26638 27663 I mobile-ffmpeg: frame=  100 fps= 31 q=29.0 size=       0kB time=00:00:03.45 bitrate=   0.1kbits/s speed=1.08x    
07-02 21:49:07.446  3825  8259 D GameManagerService: identifyGamePackage. com.example.edgesum
07-02 21:49:07.446  3825  8259 D GamePkgDataHelper: getGamePkgData(). com.example.edgesum
07-02 21:49:07.677  3825  3863 D ConnectivityService: filterNetworkStateForUid() uid: 1000, pid: 3825
07-02 21:49:07.678  3825  3863 D ConnectivityService: filterNetworkStateForUid() uid: 1000, pid: 3825, networkInfo: [type: WIFI[], state: CONNECTED/CONNECTED, reason: (unspecified), extra: (none), failover: false, available: true, roaming: false]
07-02 21:49:07.693  3825  3863 D NetworkManagement: ReportBigdata failReason = 255 failServer = 0
07-02 21:49:07.694  3825  3863 W ContextImpl: Calling a method in the system process without a qualified user: android.app.ContextImpl.sendBroadcast:1067 com.android.server.NetworkManagementService$NetdCallbackReceiver.onEvent:1268 com.android.server.NativeDaemonConnector.handleMessage:160 android.os.Handler.dispatchMessage:102 android.os.Looper.loop:214 
07-02 21:49:07.693  3825  3863 D NetworkManagement: ReportBigdata failReason = 255 failServer = 0
07-02 21:49:07.697  3825  3863 D NetworkManagement: ReportBigdata totalSuccess = 2
07-02 21:49:07.697  3825  3825 D MDC     : onReceive com.samsung.intent.action.BIG_DATA_MOBILE_DATA
07-02 21:49:07.698  3825  3825 D MDC     : category = DNSE
07-02 21:49:07.698  3825  3851 I MDC     : addDnsData
07-02 21:49:07.698  3825  3851 I MDC     : mDnsList.size: 12
07-02 21:49:07.698  3825  3851 I MDC     : Dns is full. just return
07-02 21:49:07.748 26638 27663 I mobile-ffmpeg: 
07-02 21:49:07.748 26638 27663 I chatty  : uid=10568(com.example.edgesum) identical 1 line
07-02 21:49:07.748 26638 27663 I mobile-ffmpeg: 
07-02 21:49:07.748 26638 27663 I mobile-ffmpeg: frame=  114 fps= 31 q=29.0 size=     256kB time=00:00:03.90 bitrate= 537.3kbits/s speed=1.05x    
07-02 21:49:07.754  9122  9187 D ScanRecord: Not a Multi Manu data
07-02 21:49:07.754  9122  9187 I chatty  : uid=1002(bluetooth) BT Service Call identical 10 lines
07-02 21:49:07.754  9122  9187 D ScanRecord: Not a Multi Manu data
07-02 21:49:07.754  9122  9187 D BtGatt.GattService: onScanResult to scannerId: 5- eventType=0x10, addressType=0, address=A6:5, primaryPhy=1, secondaryPhy=0, advertisingSid=0xff, txPower=127, rssi=-93, periodicAdvInt=0x0
07-02 21:49:07.755  8780  9113 D ScanRecord: Not a Multi Manu data
07-02 21:49:07.763  8780  9113 I [+10]oneconnect[1.7.50-21_01][CORE]: BleParserForVD.parseTvPacket - [Name][TV] Samsung 8 Series (55)[DeviceType]TV[Discover]_BLE[Services]None[Connected]false[TvStatus]-128[TvService]96[TvMirrorChannel]1[TvRegisteredDB][83, 91, 0, 0, 0, 0][TvYear]2016[TvOcfInfo]0[TvAcmStatus]0[ExTvStatus]0
07-02 21:49:07.893  3574  4120 D bauth_FPBAuthService: pcf : 0x1012, 0 ,2 ,0 ,0 ,0 ,2, 
07-02 21:49:07.893  3574  4120 D bauth_FPBAuthService: thread id : 2, preenroll_flag : 0, nd cnt : 1, cso : 0, et : 0
07-02 21:49:07.893  3574  4120 D bauth_FPBAuthService: FPBAuthService, 9983
07-02 21:49:08.221 26638 27663 I mobile-ffmpeg: 
07-02 21:49:08.221 26638 27663 I chatty  : uid=10568(com.example.edgesum) identical 1 line
07-02 21:49:08.221 26638 27663 I mobile-ffmpeg: 
07-02 21:49:08.221 26638 27663 I mobile-ffmpeg: frame=  128 fps= 30 q=29.0 size=     256kB time=00:00:04.41 bitrate= 474.9kbits/s speed=1.04x    
07-02 21:49:08.237  3549  3618 D Netd    : notify() code: 601, msg: limit alert globalAlert wlan0
07-02 21:49:08.241  3825  4062 W BestClock: java.time.DateTimeException: Missing NTP fix
07-02 21:49:08.243  3549  3628 E IptablesRestoreController: [iptables debug]iptables-restore execute *filter
07-02 21:49:08.243  3549  3628 E IptablesRestoreController: -nvx -L tetherctrl_counters
07-02 21:49:08.243  3549  3628 E IptablesRestoreController: COMMIT
07-02 21:49:08.245  3549  3628 E IptablesRestoreController: [iptables debug]iptables-restore execute done *filter
07-02 21:49:08.245  3549  3628 E IptablesRestoreController: -nvx -L tetherctrl_counters
07-02 21:49:08.245  3549  3628 E IptablesRestoreController: COMMIT
07-02 21:49:08.245  3549  3628 E IptablesRestoreController: , res : 0
07-02 21:49:08.245  3549  3628 E IptablesRestoreController: [iptables debug]iptables-restore execute *filter
07-02 21:49:08.245  3549  3628 E IptablesRestoreController: -nvx -L tetherctrl_counters
07-02 21:49:08.245  3549  3628 E IptablesRestoreController: COMMIT
07-02 21:49:08.249  3549  3628 E IptablesRestoreController: [iptables debug]iptables-restore execute done *filter
07-02 21:49:08.249  3549  3628 E IptablesRestoreController: -nvx -L tetherctrl_counters
07-02 21:49:08.249  3549  3628 E IptablesRestoreController: COMMIT
07-02 21:49:08.249  3549  3628 E IptablesRestoreController: , res : 0
07-02 21:49:08.307  3825  4062 W BestClock: java.time.DateTimeException: Missing NTP fix
07-02 21:49:08.310  3825  4063 W BestClock: java.time.DateTimeException: Missing NTP fix
07-02 21:49:08.311  3549  3629 D CommandListener: bwctrlcmd: argc=3 bandwidth setglobalalert ...
07-02 21:49:08.537  5226  5706 D SDHMS:s : SIOP:: AP:272(438,110) BAT:285(285,0) CHG:379(379,0) USB:282(282,0) PA:280(334,50) LRP:0(0,-999) ATC:0(0,-999) 
07-02 21:49:08.645  3825  6594 D WifiPermissionsUtil: canAccessScanResults: pkgName = com.sec.android.sdhms, uid = 1000
07-02 21:49:08.702  3825  4066 D WifiTrafficPoller: TrafficStats TxPkts=346130 RxPkts=773059 TxBytes=18112697 RxBytes=1159226136 , Foreground uid=10568 pkgName=com.example.edgesum TxPackets=343759 RxPackets=772700 TxBytes=17910137 RxBytes=1158888742
07-02 21:49:08.764 26638 27663 I mobile-ffmpeg: 
07-02 21:49:08.764 26638 27663 I chatty  : uid=10568(com.example.edgesum) identical 1 line
07-02 21:49:08.764 26638 27663 I mobile-ffmpeg: 
07-02 21:49:08.764 26638 27663 I mobile-ffmpeg: frame=  141 fps= 30 q=29.0 size=     256kB time=00:00:04.80 bitrate= 436.9kbits/s speed=1.01x    
07-02 21:49:08.893  3574  4120 D bauth_FPBAuthService: pcf : 0x1012, 0 ,2 ,0 ,0 ,0 ,2, 
07-02 21:49:08.893  3574  4120 D bauth_FPBAuthService: thread id : 2, preenroll_flag : 0, nd cnt : 1, cso : 0, et : 0
07-02 21:49:08.893  3574  4120 D bauth_FPBAuthService: FPBAuthService, 9983
07-02 21:49:09.151 26638 27636 V VideoManager: Retrieving video from /storage/emulated/0/Movies/raw/20200312_193728.mp4
07-02 21:49:09.164 26638 27636 D VideoManager: videoCursor is null
07-02 21:49:09.194  5429  9299 I CMHServiceInterface: binding to CMH
07-02 21:49:09.212  9122  9122 D HidDeviceService: handleMessage(): msg.what=8
07-02 21:49:09.214  5429  9299 D CMHServiceInterface: Sending intent to CMH to insert: 1
07-02 21:49:09.217  3825  6594 D ConnectivityService: filterNetworkStateForUid() uid: 10045, pid: 5429
07-02 21:49:09.217  3825  6594 D ConnectivityService: isNetworkWithLinkPropertiesBlocked: uid=10045, vpn=DISCONNECTED,false
07-02 21:49:09.218  3825  6594 D ConnectivityService: filterNetworkStateForUid() uid: 10045, pid: 5429, networkInfo: [type: WIFI[], state: CONNECTED/CONNECTED, reason: (unspecified), extra: (none), failover: false, available: true, roaming: false]
07-02 21:49:09.218  5429  9299 D SingleLocationTask: SEC_FLOATING_FEATURE_GALLERY_CONFIG_IMAGE_TAGGER_VERSION: false
07-02 21:49:09.219  5429 22872 D SingleLocationTask: run starting 
07-02 21:49:09.220  3825  6594 D ConnectivityService: filterNetworkStateForUid() uid: 10045, pid: 5429
07-02 21:49:09.220  3825  6594 D ConnectivityService: isNetworkWithLinkPropertiesBlocked: uid=10045, vpn=DISCONNECTED,false
07-02 21:49:09.221  3825  6594 D ConnectivityService: filterNetworkStateForUid() uid: 10045, pid: 5429, networkInfo: [type: WIFI[], state: CONNECTED/CONNECTED, reason: (unspecified), extra: (none), failover: false, available: true, roaming: false]
07-02 21:49:09.221  5429  5429 D SingleLocationTask: mIsConnected: true
07-02 21:49:09.222  5429 22872 D SingleLocationTask: it took 4ms
07-02 21:49:09.223  7263  7263 I CMHService: [#CMH#] onCreate() 
07-02 21:49:09.225  5429  5429 I CMHServiceInterface: CMHService connected
07-02 21:49:09.226  7263 28467 I Controller: [#CMH#] com.android.providers.media Insert
07-02 21:49:09.228  7263 28467 I Controller: [#CMH#] processInsertAction,No of files to insert: 1,Origin:com.android.providers.media
07-02 21:49:09.228  7263 28467 I ImageFeatures: [#CMH#] Not support file type 
07-02 21:49:09.236 26638 27636 V VideoManager: videoFromCursor
07-02 21:49:09.240 26638 27636 W DashDownloadManager: Successfully downloaded 20200312_193728.mp4 in 19.832s
07-02 21:49:09.240 26638 27636 V DownloadTestVideosTask: Entering callback for download completion of 20200312_193728.mp4
07-02 21:49:09.276 26638 28403 W example.edgesu: 0xebadde09 skipped times: 0
07-02 21:49:09.276 26638 28403 F libc    : Fatal signal 11 (SIGSEGV), code 1 (SEGV_MAPERR), fault addr 0x0 in tid 28403 (IntentService[S), pid 26638 (example.edgesum)
07-02 21:49:09.278  9122  9187 D ScanRecord: Not a Multi Manu data
07-02 21:49:09.279  9122  9187 I chatty  : uid=1002(bluetooth) BT Service Call identical 10 lines
07-02 21:49:09.279  9122  9187 D ScanRecord: Not a Multi Manu data
07-02 21:49:09.279  9122  9187 D BtGatt.GattService: onScanResult to scannerId: 5- eventType=0x10, addressType=0, address=A6:5, primaryPhy=1, secondaryPhy=0, advertisingSid=0xff, txPower=127, rssi=-85, periodicAdvInt=0x0
07-02 21:49:09.280  8780  9113 D ScanRecord: Not a Multi Manu data
07-02 21:49:09.286  8780  9113 I [+10]oneconnect[1.7.50-21_01][CORE]: BleParserForVD.parseTvPacket - [Name][TV] Samsung 8 Series (55)[DeviceType]TV[Discover]_BLE[Services]None[Connected]false[TvStatus]-128[TvService]96[TvMirrorChannel]1[TvRegisteredDB][83, 91, 0, 0, 0, 0][TvYear]2016[TvOcfInfo]0[TvAcmStatus]0[ExTvStatus]0
07-02 21:49:09.347 26638 27636 V FileManager: External storage is readable
07-02 21:49:09.348 26638 27636 V FileManager: Created new directory: /storage/emulated/0/Movies/segment/20200312_193728
07-02 21:49:09.348 26638 27636 V FfmpegTools: Splitting /storage/emulated/0/Movies/raw/20200312_193728.mp4 with 16s long segments
07-02 21:49:09.349 26638 27636 I FfmpegTools: Running ffmpeg with:
07-02 21:49:09.349 26638 27636 I FfmpegTools:   -y -i /storage/emulated/0/Movies/raw/20200312_193728.mp4 -map 0 -c copy -f segment -reset_timestamps 1 -segment_time 16 /storage/emulated/0/Movies/segment/20200312_193728/20200312_193728!%03d.mp4
07-02 21:49:09.354 26638 27663 W mobile-ffmpeg: 
07-02 21:49:09.354 26638 27663 W mobile-ffmpeg: [mov,mp4,m4a,3gp,3g2,mj2 @ 0x7034dfea00] 
07-02 21:49:09.354 26638 27663 W mobile-ffmpeg: 
07-02 21:49:09.354 26638 27663 W mobile-ffmpeg: Found duplicated MOOV Atom. Skipped it
07-02 21:49:09.389 26638 27663 I mobile-ffmpeg: 
07-02 21:49:09.389 26638 27663 I chatty  : uid=10568(com.example.edgesum) identical 1 line
07-02 21:49:09.389 26638 27663 I mobile-ffmpeg: 
07-02 21:49:09.389 26638 27663 I mobile-ffmpeg: Input #0, mov,mp4,m4a,3gp,3g2,mj2, from '/storage/emulated/0/Movies/raw/20200312_193728.mp4':
07-02 21:49:09.389 26638 27663 I mobile-ffmpeg: 
07-02 21:49:09.389 26638 27663 I chatty  : uid=10568(com.example.edgesum) identical 1 line
07-02 21:49:09.389 26638 27663 I mobile-ffmpeg: 
07-02 21:49:09.389 26638 27663 I mobile-ffmpeg:   Metadata:
07-02 21:49:09.389 26638 27663 I mobile-ffmpeg: 
07-02 21:49:09.389 26638 27663 I chatty  : uid=10568(com.example.edgesum) identical 1 line
07-02 21:49:09.389 26638 27663 I mobile-ffmpeg: 
07-02 21:49:09.389 26638 27663 I mobile-ffmpeg:     creation_time   : 
07-02 21:49:09.389 26638 27663 I mobile-ffmpeg: 
07-02 21:49:09.389 26638 27663 I chatty  : uid=10568(com.example.edgesum) identical 1 line
07-02 21:49:09.389 26638 27663 I mobile-ffmpeg: 
07-02 21:49:09.390 26638 27663 I mobile-ffmpeg: 2020-03-12T08:38:28.000000Z
07-02 21:49:09.390 26638 27663 I mobile-ffmpeg: 
07-02 21:49:09.390 26638 27663 I chatty  : uid=10568(com.example.edgesum) identical 1 line
07-02 21:49:09.390 26638 27663 I mobile-ffmpeg: 
07-02 21:49:09.390 26638 27663 I mobile-ffmpeg: 
07-02 21:49:09.390 26638 27663 I mobile-ffmpeg: 
07-02 21:49:09.390 26638 27663 I chatty  : uid=10568(com.example.edgesum) identical 1 line
07-02 21:49:09.390 26638 27663 I mobile-ffmpeg: 
07-02 21:49:09.390 26638 27663 I mobile-ffmpeg:     major_brand     : 
07-02 21:49:09.390 26638 27663 I mobile-ffmpeg: 
07-02 21:49:09.390 26638 27663 I chatty  : uid=10568(com.example.edgesum) identical 1 line
07-02 21:49:09.390 26638 27663 I mobile-ffmpeg: 
07-02 21:49:09.390 26638 27663 I mobile-ffmpeg: mp42
07-02 21:49:09.390 26638 27663 I mobile-ffmpeg: 
07-02 21:49:09.390 26638 27663 I chatty  : uid=10568(com.example.edgesum) identical 1 line
07-02 21:49:09.390 26638 27663 I mobile-ffmpeg: 
07-02 21:49:09.390 26638 27663 I mobile-ffmpeg: 
07-02 21:49:09.390 26638 27663 I mobile-ffmpeg: 
07-02 21:49:09.390 26638 27663 I chatty  : uid=10568(com.example.edgesum) identical 1 line
07-02 21:49:09.390 26638 27663 I mobile-ffmpeg: 
07-02 21:49:09.390 26638 27663 I mobile-ffmpeg:     minor_version   : 
07-02 21:49:09.390 26638 27663 I mobile-ffmpeg: 
07-02 21:49:09.390 26638 27663 I chatty  : uid=10568(com.example.edgesum) identical 1 line
07-02 21:49:09.390 26638 27663 I mobile-ffmpeg: 
07-02 21:49:09.390 26638 27663 I mobile-ffmpeg: 1
07-02 21:49:09.390 26638 27663 I mobile-ffmpeg: 
07-02 21:49:09.390 26638 27663 I chatty  : uid=10568(com.example.edgesum) identical 1 line
07-02 21:49:09.390 26638 27663 I mobile-ffmpeg: 
07-02 21:49:09.390 26638 27663 I mobile-ffmpeg: 
07-02 21:49:09.390 26638 27663 I mobile-ffmpeg: 
07-02 21:49:09.390 26638 27663 I chatty  : uid=10568(com.example.edgesum) identical 1 line
07-02 21:49:09.390 26638 27663 I mobile-ffmpeg: 
07-02 21:49:09.390 26638 27663 I mobile-ffmpeg:     compatible_brands: 
07-02 21:49:09.390 26638 27663 I mobile-ffmpeg: 
07-02 21:49:09.390 26638 27663 I chatty  : uid=10568(com.example.edgesum) identical 1 line
07-02 21:49:09.390 26638 27663 I mobile-ffmpeg: 
07-02 21:49:09.390 26638 27663 I mobile-ffmpeg: mp42mp42
07-02 21:49:09.390 26638 27663 I mobile-ffmpeg: 
07-02 21:49:09.390 26638 27663 I chatty  : uid=10568(com.example.edgesum) identical 1 line
07-02 21:49:09.390 26638 27663 I mobile-ffmpeg: 
07-02 21:49:09.390 26638 27663 I mobile-ffmpeg: 
07-02 21:49:09.390 26638 27663 I mobile-ffmpeg: 
07-02 21:49:09.390 26638 27663 I chatty  : uid=10568(com.example.edgesum) identical 1 line
07-02 21:49:09.390 26638 27663 I mobile-ffmpeg: 
07-02 21:49:09.390 26638 27663 I mobile-ffmpeg:   Duration: 
07-02 21:49:09.390 26638 27663 I mobile-ffmpeg: 
07-02 21:49:09.390 26638 27663 I chatty  : uid=10568(com.example.edgesum) identical 1 line
07-02 21:49:09.390 26638 27663 I mobile-ffmpeg: 
07-02 21:49:09.390 26638 27663 I mobile-ffmpeg: 00:01:00.02
07-02 21:49:09.390 26638 27663 I mobile-ffmpeg: 
07-02 21:49:09.390 26638 27663 I chatty  : uid=10568(com.example.edgesum) identical 1 line
07-02 21:49:09.390 26638 27663 I mobile-ffmpeg: 
07-02 21:49:09.390 26638 27663 I mobile-ffmpeg: , start: 
07-02 21:49:09.390 26638 27663 I mobile-ffmpeg: 
07-02 21:49:09.391 26638 27663 I chatty  : uid=10568(com.example.edgesum) identical 1 line
07-02 21:49:09.391 26638 27663 I mobile-ffmpeg: 
07-02 21:49:09.391 26638 27663 I mobile-ffmpeg: 0.000000
07-02 21:49:09.391 26638 27663 I mobile-ffmpeg: 
07-02 21:49:09.391 26638 27663 I chatty  : uid=10568(com.example.edgesum) identical 1 line
07-02 21:49:09.391 26638 27663 I mobile-ffmpeg: 
07-02 21:49:09.391 26638 27663 I mobile-ffmpeg: , bitrate: 
07-02 21:49:09.391 26638 27663 I mobile-ffmpeg: 
07-02 21:49:09.391 26638 27663 I chatty  : uid=10568(com.example.edgesum) identical 1 line
07-02 21:49:09.391 26638 27663 I mobile-ffmpeg: 
07-02 21:49:09.391 26638 27663 I mobile-ffmpeg: 9328 kb/s
07-02 21:49:09.391 26638 27663 I mobile-ffmpeg: 
07-02 21:49:09.391 26638 27663 I chatty  : uid=10568(com.example.edgesum) identical 1 line
07-02 21:49:09.391 26638 27663 I mobile-ffmpeg: 
07-02 21:49:09.391 26638 27663 I mobile-ffmpeg: 
07-02 21:49:09.391 26638 27663 I mobile-ffmpeg: 
07-02 21:49:09.391 26638 27663 I chatty  : uid=10568(com.example.edgesum) identical 1 line
07-02 21:49:09.391 26638 27663 I mobile-ffmpeg: 
07-02 21:49:09.391 26638 27663 I mobile-ffmpeg:     Stream #0:0
07-02 21:49:09.391 26638 27663 I mobile-ffmpeg: 
07-02 21:49:09.391 26638 27663 I chatty  : uid=10568(com.example.edgesum) identical 1 line
07-02 21:49:09.391 26638 27663 I mobile-ffmpeg: 
07-02 21:49:09.391 26638 27663 I mobile-ffmpeg: (eng)
07-02 21:49:09.391 26638 27663 I mobile-ffmpeg: 
07-02 21:49:09.391 26638 27663 I chatty  : uid=10568(com.example.edgesum) identical 1 line
07-02 21:49:09.391 26638 27663 I mobile-ffmpeg: 
07-02 21:49:09.391 26638 27663 I mobile-ffmpeg: : Video: h264 (avc1 / 0x31637661), yuvj420p(pc, bt709), 1280x720, 8379 kb/s
07-02 21:49:09.391 26638 27663 I mobile-ffmpeg: 
07-02 21:49:09.391 26638 27663 I chatty  : uid=10568(com.example.edgesum) identical 1 line
07-02 21:49:09.391 26638 27663 I mobile-ffmpeg: 
07-02 21:49:09.391 26638 27663 I mobile-ffmpeg: , 
07-02 21:49:09.391 26638 27663 I mobile-ffmpeg: 
07-02 21:49:09.391 26638 27663 I chatty  : uid=10568(com.example.edgesum) identical 1 line
07-02 21:49:09.391 26638 27663 I mobile-ffmpeg: 
07-02 21:49:09.391 26638 27663 I mobile-ffmpeg: 29.97 fps, 
07-02 21:49:09.391 26638 27663 I mobile-ffmpeg: 
07-02 21:49:09.391 26638 27663 I chatty  : uid=10568(com.example.edgesum) identical 1 line
07-02 21:49:09.391 26638 27663 I mobile-ffmpeg: 
07-02 21:49:09.391 26638 27663 I mobile-ffmpeg: 29.97 tbr, 
07-02 21:49:09.391 26638 27663 I mobile-ffmpeg: 
07-02 21:49:09.391 26638 27663 I chatty  : uid=10568(com.example.edgesum) identical 1 line
07-02 21:49:09.391 26638 27663 I mobile-ffmpeg: 
07-02 21:49:09.391 26638 27663 I mobile-ffmpeg: 1k tbn, 
07-02 21:49:09.391 26638 27663 I mobile-ffmpeg: 
07-02 21:49:09.391 26638 27663 I chatty  : uid=10568(com.example.edgesum) identical 1 line
07-02 21:49:09.391 26638 27663 I mobile-ffmpeg: 
07-02 21:49:09.391 26638 27663 I mobile-ffmpeg: 2k tbc
07-02 21:49:09.391 26638 27663 I mobile-ffmpeg: 
07-02 21:49:09.391 26638 27663 I chatty  : uid=10568(com.example.edgesum) identical 1 line
07-02 21:49:09.391 26638 27663 I mobile-ffmpeg: 
07-02 21:49:09.392 26638 27663 I mobile-ffmpeg:  (default)
07-02 21:49:09.392 26638 27663 I mobile-ffmpeg: 
07-02 21:49:09.392 26638 27663 I chatty  : uid=10568(com.example.edgesum) identical 1 line
07-02 21:49:09.392 26638 27663 I mobile-ffmpeg: 
07-02 21:49:09.392 26638 27663 I mobile-ffmpeg: 
07-02 21:49:09.392 26638 27663 I mobile-ffmpeg: 
07-02 21:49:09.392 26638 27663 I chatty  : uid=10568(com.example.edgesum) identical 1 line
07-02 21:49:09.392 26638 27663 I mobile-ffmpeg: 
07-02 21:49:09.392 26638 27663 I mobile-ffmpeg:     Metadata:
07-02 21:49:09.392 26638 27663 I mobile-ffmpeg: 
07-02 21:49:09.392 26638 27663 I chatty  : uid=10568(com.example.edgesum) identical 1 line
07-02 21:49:09.392 26638 27663 I mobile-ffmpeg: 
07-02 21:49:09.392 26638 27663 I mobile-ffmpeg:       creation_time   : 
07-02 21:49:09.392 26638 27663 I mobile-ffmpeg: 
07-02 21:49:09.392 26638 27663 I chatty  : uid=10568(com.example.edgesum) identical 1 line
07-02 21:49:09.392 26638 27663 I mobile-ffmpeg: 
07-02 21:49:09.392 26638 27663 I mobile-ffmpeg: 2020-03-12T08:38:28.000000Z
07-02 21:49:09.392 26638 27663 I mobile-ffmpeg: 
07-02 21:49:09.392 26638 27663 I chatty  : uid=10568(com.example.edgesum) identical 1 line
07-02 21:49:09.392 26638 27663 I mobile-ffmpeg: 
07-02 21:49:09.392 26638 27663 I mobile-ffmpeg: 
07-02 21:49:09.392 26638 27663 I mobile-ffmpeg: 
07-02 21:49:09.392 26638 27663 I chatty  : uid=10568(com.example.edgesum) identical 1 line
07-02 21:49:09.392 26638 27663 I mobile-ffmpeg: 
07-02 21:49:09.392 26638 27663 I mobile-ffmpeg:       handler_name    : 
07-02 21:49:09.392 26638 27663 I mobile-ffmpeg: 
07-02 21:49:09.392 26638 27663 I chatty  : uid=10568(com.example.edgesum) identical 1 line
07-02 21:49:09.392 26638 27663 I mobile-ffmpeg: 
07-02 21:49:09.392 26638 27663 I mobile-ffmpeg: PittaSoft Video Media Handler
07-02 21:49:09.392 26638 27663 I mobile-ffmpeg: 
07-02 21:49:09.392 26638 27663 I chatty  : uid=10568(com.example.edgesum) identical 1 line
07-02 21:49:09.392 26638 27663 I mobile-ffmpeg: 
07-02 21:49:09.392 26638 27663 I mobile-ffmpeg: 
07-02 21:49:09.392 26638 27663 I mobile-ffmpeg: 
07-02 21:49:09.392 26638 27663 I chatty  : uid=10568(com.example.edgesum) identical 1 line
07-02 21:49:09.392 26638 27663 I mobile-ffmpeg: 
07-02 21:49:09.392 26638 27663 I mobile-ffmpeg:     Stream #0:1
07-02 21:49:09.392 26638 27663 I mobile-ffmpeg: 
07-02 21:49:09.392 26638 27663 I chatty  : uid=10568(com.example.edgesum) identical 1 line
07-02 21:49:09.392 26638 27663 I mobile-ffmpeg: 
07-02 21:49:09.392 26638 27663 I mobile-ffmpeg: (eng)
07-02 21:49:09.392 26638 27663 I mobile-ffmpeg: 
07-02 21:49:09.392 26638 27663 I chatty  : uid=10568(com.example.edgesum) identical 1 line
07-02 21:49:09.392 26638 27663 I mobile-ffmpeg: 
07-02 21:49:09.392 26638 27663 I mobile-ffmpeg: : Audio: aac (mp4a / 0x6134706D), 16000 Hz, stereo, fltp, 47 kb/s
07-02 21:49:09.392 26638 27663 I mobile-ffmpeg: 
07-02 21:49:09.392 26638 27663 I chatty  : uid=10568(com.example.edgesum) identical 1 line
07-02 21:49:09.393 26638 27663 I mobile-ffmpeg: 
07-02 21:49:09.393 26638 27663 I mobile-ffmpeg:  (default)
07-02 21:49:09.393 26638 27663 I mobile-ffmpeg: 
07-02 21:49:09.393 26638 27663 I chatty  : uid=10568(com.example.edgesum) identical 1 line
07-02 21:49:09.393 26638 27663 I mobile-ffmpeg: 
07-02 21:49:09.393 26638 27663 I mobile-ffmpeg: 
07-02 21:49:09.393 26638 27663 I mobile-ffmpeg: 
07-02 21:49:09.393 26638 27663 I chatty  : uid=10568(com.example.edgesum) identical 1 line
07-02 21:49:09.393 26638 27663 I mobile-ffmpeg: 
07-02 21:49:09.393 26638 27663 I mobile-ffmpeg:     Metadata:
07-02 21:49:09.393 26638 27663 I mobile-ffmpeg: 
07-02 21:49:09.393 26638 27663 I chatty  : uid=10568(com.example.edgesum) identical 1 line
07-02 21:49:09.393 26638 27663 I mobile-ffmpeg: 
07-02 21:49:09.393 26638 27663 I mobile-ffmpeg:       creation_time   : 
07-02 21:49:09.393 26638 27663 I mobile-ffmpeg: 
07-02 21:49:09.393 26638 27663 I chatty  : uid=10568(com.example.edgesum) identical 1 line
07-02 21:49:09.393 26638 27663 I mobile-ffmpeg: 
07-02 21:49:09.393 26638 27663 I mobile-ffmpeg: 2020-03-12T08:38:28.000000Z
07-02 21:49:09.393 26638 27663 I mobile-ffmpeg: 
07-02 21:49:09.393 26638 27663 I chatty  : uid=10568(com.example.edgesum) identical 1 line
07-02 21:49:09.393 26638 27663 I mobile-ffmpeg: 
07-02 21:49:09.393 26638 27663 I mobile-ffmpeg: 
07-02 21:49:09.393 26638 27663 I mobile-ffmpeg: 
07-02 21:49:09.393 26638 27663 I chatty  : uid=10568(com.example.edgesum) identical 1 line
07-02 21:49:09.393 26638 27663 I mobile-ffmpeg: 
07-02 21:49:09.393 26638 27663 I mobile-ffmpeg:       handler_name    : 
07-02 21:49:09.393 26638 27663 I mobile-ffmpeg: 
07-02 21:49:09.393 26638 27663 I chatty  : uid=10568(com.example.edgesum) identical 1 line
07-02 21:49:09.393 26638 27663 I mobile-ffmpeg: 
07-02 21:49:09.393 26638 27663 I mobile-ffmpeg: PittaSoft Sound Media Handler
07-02 21:49:09.393 26638 27663 I mobile-ffmpeg: 
07-02 21:49:09.393 26638 27663 I chatty  : uid=10568(com.example.edgesum) identical 1 line
07-02 21:49:09.393 26638 27663 I mobile-ffmpeg: 
07-02 21:49:09.393 26638 27663 I mobile-ffmpeg: 
07-02 21:49:09.393 26638 27663 I mobile-ffmpeg: 
07-02 21:49:09.393 26638 27663 I mobile-ffmpeg: [segment @ 0x701d6c0c00] 
07-02 21:49:09.393 26638 27663 I mobile-ffmpeg: 
07-02 21:49:09.393 26638 27663 I mobile-ffmpeg: Opening '/storage/emulated/0/Movies/segment/20200312_193728/20200312_193728!000.mp4' for writing
07-02 21:49:09.393 26638 27663 I mobile-ffmpeg: 
07-02 21:49:09.393 26638 27663 I chatty  : uid=10568(com.example.edgesum) identical 1 line
07-02 21:49:09.393 26638 27663 I mobile-ffmpeg: 
07-02 21:49:09.393 26638 27663 I mobile-ffmpeg: Output #0, segment, to '/storage/emulated/0/Movies/segment/20200312_193728/20200312_193728!%03d.mp4':
07-02 21:49:09.393 26638 27663 I mobile-ffmpeg: 
07-02 21:49:09.393 26638 27663 I chatty  : uid=10568(com.example.edgesum) identical 1 line
07-02 21:49:09.393 26638 27663 I mobile-ffmpeg: 
07-02 21:49:09.393 26638 27663 I mobile-ffmpeg:   Metadata:
07-02 21:49:09.393 26638 27663 I mobile-ffmpeg: 
07-02 21:49:09.393 26638 27663 I chatty  : uid=10568(com.example.edgesum) identical 1 line
07-02 21:49:09.393 26638 27663 I mobile-ffmpeg: 
07-02 21:49:09.393 26638 27663 I mobile-ffmpeg:     compatible_brands: 
07-02 21:49:09.393 26638 27663 I mobile-ffmpeg: 
07-02 21:49:09.393 26638 27663 I chatty  : uid=10568(com.example.edgesum) identical 1 line
07-02 21:49:09.393 26638 27663 I mobile-ffmpeg: 
07-02 21:49:09.393 26638 27663 I mobile-ffmpeg: mp42mp42
07-02 21:49:09.393 26638 27663 I mobile-ffmpeg: 
07-02 21:49:09.393 26638 27663 I chatty  : uid=10568(com.example.edgesum) identical 1 line
07-02 21:49:09.393 26638 27663 I mobile-ffmpeg: 
07-02 21:49:09.394 26638 27663 I mobile-ffmpeg: 
07-02 21:49:09.394 26638 27663 I mobile-ffmpeg: 
07-02 21:49:09.394 26638 27663 I chatty  : uid=10568(com.example.edgesum) identical 1 line
07-02 21:49:09.394 26638 27663 I mobile-ffmpeg: 
07-02 21:49:09.394 26638 27663 I mobile-ffmpeg:     major_brand     : 
07-02 21:49:09.394 26638 27663 I mobile-ffmpeg: 
07-02 21:49:09.394 26638 27663 I chatty  : uid=10568(com.example.edgesum) identical 1 line
07-02 21:49:09.394 26638 27663 I mobile-ffmpeg: 
07-02 21:49:09.394 26638 27663 I mobile-ffmpeg: mp42
07-02 21:49:09.394 26638 27663 I mobile-ffmpeg: 
07-02 21:49:09.394 26638 27663 I chatty  : uid=10568(com.example.edgesum) identical 1 line
07-02 21:49:09.394 26638 27663 I mobile-ffmpeg: 
07-02 21:49:09.394 26638 27663 I mobile-ffmpeg: 
07-02 21:49:09.394 26638 27663 I mobile-ffmpeg: 
07-02 21:49:09.394 26638 27663 I chatty  : uid=10568(com.example.edgesum) identical 1 line
07-02 21:49:09.394 26638 27663 I mobile-ffmpeg: 
07-02 21:49:09.394 26638 27663 I mobile-ffmpeg:     minor_version   : 
07-02 21:49:09.394 26638 27663 I mobile-ffmpeg: 
07-02 21:49:09.394 26638 27663 I chatty  : uid=10568(com.example.edgesum) identical 1 line
07-02 21:49:09.394 26638 27663 I mobile-ffmpeg: 
07-02 21:49:09.394 26638 27663 I mobile-ffmpeg: 1
07-02 21:49:09.394 26638 27663 I mobile-ffmpeg: 
07-02 21:49:09.394 26638 27663 I chatty  : uid=10568(com.example.edgesum) identical 1 line
07-02 21:49:09.394 26638 27663 I mobile-ffmpeg: 
07-02 21:49:09.394 26638 27663 I mobile-ffmpeg: 
07-02 21:49:09.394 26638 27663 I mobile-ffmpeg: 
07-02 21:49:09.394 26638 27663 I chatty  : uid=10568(com.example.edgesum) identical 1 line
07-02 21:49:09.394 26638 27663 I mobile-ffmpeg: 
07-02 21:49:09.394 26638 27663 I mobile-ffmpeg:     encoder         : 
07-02 21:49:09.394 26638 27663 I mobile-ffmpeg: 
07-02 21:49:09.394 26638 27663 I chatty  : uid=10568(com.example.edgesum) identical 1 line
07-02 21:49:09.394 26638 27663 I mobile-ffmpeg: 
07-02 21:49:09.394 26638 27663 I mobile-ffmpeg: Lavf58.28.101
07-02 21:49:09.394 26638 27663 I mobile-ffmpeg: 
07-02 21:49:09.394 26638 27663 I chatty  : uid=10568(com.example.edgesum) identical 1 line
07-02 21:49:09.394 26638 27663 I mobile-ffmpeg: 
07-02 21:49:09.394 26638 27663 I mobile-ffmpeg: 
07-02 21:49:09.394 26638 27663 I mobile-ffmpeg: 
07-02 21:49:09.394 26638 27663 I chatty  : uid=10568(com.example.edgesum) identical 1 line
07-02 21:49:09.394 26638 27663 I mobile-ffmpeg: 
07-02 21:49:09.394 26638 27663 I mobile-ffmpeg:     Stream #0:0
07-02 21:49:09.394 26638 27663 I mobile-ffmpeg: 
07-02 21:49:09.394 26638 27663 I chatty  : uid=10568(com.example.edgesum) identical 1 line
07-02 21:49:09.394 26638 27663 I mobile-ffmpeg: 
07-02 21:49:09.394 26638 27663 I mobile-ffmpeg: (eng)
07-02 21:49:09.394 26638 27663 I mobile-ffmpeg: 
07-02 21:49:09.394 26638 27663 I chatty  : uid=10568(com.example.edgesum) identical 1 line
07-02 21:49:09.394 26638 27663 I mobile-ffmpeg: 
07-02 21:49:09.394 26638 27663 I mobile-ffmpeg: : Video: h264 (avc1 / 0x31637661), yuvj420p(pc, bt709), 1280x720, q=2-31, 8379 kb/s
07-02 21:49:09.394 26638 27663 I mobile-ffmpeg: 
07-02 21:49:09.394 26638 27663 I chatty  : uid=10568(com.example.edgesum) identical 1 line
07-02 21:49:09.394 26638 27663 I mobile-ffmpeg: 
07-02 21:49:09.394 26638 27663 I mobile-ffmpeg: , 
07-02 21:49:09.395 26638 27663 I mobile-ffmpeg: 
07-02 21:49:09.395 26638 27663 I chatty  : uid=10568(com.example.edgesum) identical 1 line
07-02 21:49:09.395 26638 27663 I mobile-ffmpeg: 
07-02 21:49:09.395 26638 27663 I mobile-ffmpeg: 29.97 fps, 
07-02 21:49:09.395 26638 27663 I mobile-ffmpeg: 
07-02 21:49:09.395 26638 27663 I chatty  : uid=10568(com.example.edgesum) identical 1 line
07-02 21:49:09.395 26638 27663 I mobile-ffmpeg: 
07-02 21:49:09.395 26638 27663 I mobile-ffmpeg: 29.97 tbr, 
07-02 21:49:09.395 26638 27663 I mobile-ffmpeg: 
07-02 21:49:09.395 26638 27663 I chatty  : uid=10568(com.example.edgesum) identical 1 line
07-02 21:49:09.395 26638 27663 I mobile-ffmpeg: 
07-02 21:49:09.395 26638 27663 I mobile-ffmpeg: 16k tbn, 
07-02 21:49:09.395 26638 27663 I mobile-ffmpeg: 
07-02 21:49:09.395 26638 27663 I chatty  : uid=10568(com.example.edgesum) identical 1 line
07-02 21:49:09.395 26638 27663 I mobile-ffmpeg: 
07-02 21:49:09.395 26638 27663 I mobile-ffmpeg: 1k tbc
07-02 21:49:09.395 26638 27663 I mobile-ffmpeg: 
07-02 21:49:09.395 26638 27663 I chatty  : uid=10568(com.example.edgesum) identical 1 line
07-02 21:49:09.395 26638 27663 I mobile-ffmpeg: 
07-02 21:49:09.395 26638 27663 I mobile-ffmpeg:  (default)
07-02 21:49:09.395 26638 27663 I mobile-ffmpeg: 
07-02 21:49:09.395 26638 27663 I chatty  : uid=10568(com.example.edgesum) identical 1 line
07-02 21:49:09.395 26638 27663 I mobile-ffmpeg: 
07-02 21:49:09.395 26638 27663 I mobile-ffmpeg: 
07-02 21:49:09.395 26638 27663 I mobile-ffmpeg: 
07-02 21:49:09.395 26638 27663 I chatty  : uid=10568(com.example.edgesum) identical 1 line
07-02 21:49:09.395 26638 27663 I mobile-ffmpeg: 
07-02 21:49:09.395 26638 27663 I mobile-ffmpeg:     Metadata:
07-02 21:49:09.395 26638 27663 I mobile-ffmpeg: 
07-02 21:49:09.395 26638 27663 I chatty  : uid=10568(com.example.edgesum) identical 1 line
07-02 21:49:09.395 26638 27663 I mobile-ffmpeg: 
07-02 21:49:09.395 26638 27663 I mobile-ffmpeg:       creation_time   : 
07-02 21:49:09.395 26638 27663 I mobile-ffmpeg: 
07-02 21:49:09.395 26638 27663 I chatty  : uid=10568(com.example.edgesum) identical 1 line
07-02 21:49:09.395 26638 27663 I mobile-ffmpeg: 
07-02 21:49:09.395 26638 27663 I mobile-ffmpeg: 2020-03-12T08:38:28.000000Z
07-02 21:49:09.395 26638 27663 I mobile-ffmpeg: 
07-02 21:49:09.395 26638 27663 I chatty  : uid=10568(com.example.edgesum) identical 1 line
07-02 21:49:09.395 26638 27663 I mobile-ffmpeg: 
07-02 21:49:09.395 26638 27663 I mobile-ffmpeg: 
07-02 21:49:09.395 26638 27663 I mobile-ffmpeg: 
07-02 21:49:09.395 26638 27663 I chatty  : uid=10568(com.example.edgesum) identical 1 line
07-02 21:49:09.395 26638 27663 I mobile-ffmpeg: 
07-02 21:49:09.395 26638 27663 I mobile-ffmpeg:       handler_name    : 
07-02 21:49:09.395 26638 27663 I mobile-ffmpeg: 
07-02 21:49:09.395 26638 27663 I chatty  : uid=10568(com.example.edgesum) identical 1 line
07-02 21:49:09.395 26638 27663 I mobile-ffmpeg: 
07-02 21:49:09.395 26638 27663 I mobile-ffmpeg: PittaSoft Video Media Handler
07-02 21:49:09.395 26638 27663 I mobile-ffmpeg: 
07-02 21:49:09.395 26638 27663 I chatty  : uid=10568(com.example.edgesum) identical 1 line
07-02 21:49:09.395 26638 27663 I mobile-ffmpeg: 
07-02 21:49:09.395 26638 27663 I mobile-ffmpeg: 
07-02 21:49:09.395 26638 27663 I mobile-ffmpeg: 
07-02 21:49:09.396 26638 27663 I chatty  : uid=10568(com.example.edgesum) identical 1 line
07-02 21:49:09.396 26638 27663 I mobile-ffmpeg: 
07-02 21:49:09.396 26638 27663 I mobile-ffmpeg:     Stream #0:1
07-02 21:49:09.396 26638 27663 I mobile-ffmpeg: 
07-02 21:49:09.396 26638 27663 I chatty  : uid=10568(com.example.edgesum) identical 1 line
