07-02 23:01:53.781 31236 32139 I chatty  : uid=10568(com.example.edgesum) identical 1 line
07-02 23:01:53.781 31236 32139 I mobile-ffmpeg: 
07-02 23:01:53.781 31236 32139 I mobile-ffmpeg:   Metadata:
07-02 23:01:53.781 31236 32139 I mobile-ffmpeg: 
07-02 23:01:53.781 31236 32139 I chatty  : uid=10568(com.example.edgesum) identical 1 line
07-02 23:01:53.781 31236 32139 I mobile-ffmpeg: 
07-02 23:01:53.781 31236 32139 I mobile-ffmpeg:     major_brand     : 
07-02 23:01:53.781 31236 32139 I mobile-ffmpeg: 
07-02 23:01:53.781 31236 32139 I chatty  : uid=10568(com.example.edgesum) identical 1 line
07-02 23:01:53.781 31236 32139 I mobile-ffmpeg: 
07-02 23:01:53.781 31236 32139 I mobile-ffmpeg: isom
07-02 23:01:53.781 31236 32139 I mobile-ffmpeg: 
07-02 23:01:53.781 31236 32139 I chatty  : uid=10568(com.example.edgesum) identical 1 line
07-02 23:01:53.781 31236 32139 I mobile-ffmpeg: 
07-02 23:01:53.781 31236 32139 I mobile-ffmpeg: 
07-02 23:01:53.781 31236 32139 I mobile-ffmpeg: 
07-02 23:01:53.782 31236 32139 I chatty  : uid=10568(com.example.edgesum) identical 1 line
07-02 23:01:53.782 31236 32139 I mobile-ffmpeg: 
07-02 23:01:53.782 31236 32139 I mobile-ffmpeg:     minor_version   : 
07-02 23:01:53.782 31236 32139 I mobile-ffmpeg: 
07-02 23:01:53.782 31236 32139 I chatty  : uid=10568(com.example.edgesum) identical 1 line
07-02 23:01:53.782 31236 32139 I mobile-ffmpeg: 
07-02 23:01:53.782 31236 32139 I mobile-ffmpeg: 512
07-02 23:01:53.782 31236 32139 I mobile-ffmpeg: 
07-02 23:01:53.782 31236 32139 I chatty  : uid=10568(com.example.edgesum) identical 1 line
07-02 23:01:53.782 31236 32139 I mobile-ffmpeg: 
07-02 23:01:53.782 31236 32139 I mobile-ffmpeg: 
07-02 23:01:53.782 31236 32139 I mobile-ffmpeg: 
07-02 23:01:53.782 31236 32139 I chatty  : uid=10568(com.example.edgesum) identical 1 line
07-02 23:01:53.782 31236 32139 I mobile-ffmpeg: 
07-02 23:01:53.782 31236 32139 I mobile-ffmpeg:     compatible_brands: 
07-02 23:01:53.782 31236 32139 I mobile-ffmpeg: 
07-02 23:01:53.782 31236 32139 I chatty  : uid=10568(com.example.edgesum) identical 1 line
07-02 23:01:53.782 31236 32139 I mobile-ffmpeg: 
07-02 23:01:53.782 31236 32139 I mobile-ffmpeg: isomiso2avc1mp41
07-02 23:01:53.782 31236 32139 I mobile-ffmpeg: 
07-02 23:01:53.782 31236 32139 I chatty  : uid=10568(com.example.edgesum) identical 1 line
07-02 23:01:53.782 31236 32139 I mobile-ffmpeg: 
07-02 23:01:53.782 31236 32139 I mobile-ffmpeg: 
07-02 23:01:53.782 31236 32139 I mobile-ffmpeg: 
07-02 23:01:53.782 31236 32139 I chatty  : uid=10568(com.example.edgesum) identical 1 line
07-02 23:01:53.782 31236 32139 I mobile-ffmpeg: 
07-02 23:01:53.782 31236 32139 I mobile-ffmpeg:     encoder         : 
07-02 23:01:53.782 31236 32139 I mobile-ffmpeg: 
07-02 23:01:53.782 31236 32139 I chatty  : uid=10568(com.example.edgesum) identical 1 line
07-02 23:01:53.782 31236 32139 I mobile-ffmpeg: 
07-02 23:01:53.782 31236 32139 I mobile-ffmpeg: Lavf58.28.101
07-02 23:01:53.782 31236 32139 I mobile-ffmpeg: 
07-02 23:01:53.782 31236 32139 I chatty  : uid=10568(com.example.edgesum) identical 1 line
07-02 23:01:53.782 31236 32139 I mobile-ffmpeg: 
07-02 23:01:53.782 31236 32139 I mobile-ffmpeg: 
07-02 23:01:53.782 31236 32139 I mobile-ffmpeg: 
07-02 23:01:53.782 31236 32139 I chatty  : uid=10568(com.example.edgesum) identical 1 line
07-02 23:01:53.782 31236 32139 I mobile-ffmpeg: 
07-02 23:01:53.782 31236 32139 I mobile-ffmpeg:   Duration: 
07-02 23:01:53.782 31236 32139 I mobile-ffmpeg: 
07-02 23:01:53.782 31236 32139 I chatty  : uid=10568(com.example.edgesum) identical 1 line
07-02 23:01:53.782 31236 32139 I mobile-ffmpeg: 
07-02 23:01:53.782 31236 32139 I mobile-ffmpeg: 00:00:16.06
07-02 23:01:53.782 31236 32139 I mobile-ffmpeg: 
07-02 23:01:53.782 31236 32139 I chatty  : uid=10568(com.example.edgesum) identical 1 line
07-02 23:01:53.782 31236 32139 I mobile-ffmpeg: 
07-02 23:01:53.782 31236 32139 I mobile-ffmpeg: , start: 
07-02 23:01:53.782 31236 32139 I mobile-ffmpeg: 
07-02 23:01:53.782 31236 32139 I chatty  : uid=10568(com.example.edgesum) identical 1 line
07-02 23:01:53.782 31236 32139 I mobile-ffmpeg: 
07-02 23:01:53.782 31236 32139 I mobile-ffmpeg: 0.000000
07-02 23:01:53.782 31236 32139 I mobile-ffmpeg: 
07-02 23:01:53.782 31236 32139 I chatty  : uid=10568(com.example.edgesum) identical 1 line
07-02 23:01:53.782 31236 32139 I mobile-ffmpeg: 
07-02 23:01:53.783 31236 32139 I mobile-ffmpeg: , bitrate: 
07-02 23:01:53.783 31236 32139 I mobile-ffmpeg: 
07-02 23:01:53.783 31236 32139 I chatty  : uid=10568(com.example.edgesum) identical 1 line
07-02 23:01:53.783 31236 32139 I mobile-ffmpeg: 
07-02 23:01:53.783 31236 32139 I mobile-ffmpeg: 8382 kb/s
07-02 23:01:53.783 31236 32139 I mobile-ffmpeg: 
07-02 23:01:53.783 31236 32139 I chatty  : uid=10568(com.example.edgesum) identical 1 line
07-02 23:01:53.783 31236 32139 I mobile-ffmpeg: 
07-02 23:01:53.783 31236 32139 I mobile-ffmpeg: 
07-02 23:01:53.783 31236 32139 I mobile-ffmpeg: 
07-02 23:01:53.783 31236 32139 I chatty  : uid=10568(com.example.edgesum) identical 1 line
07-02 23:01:53.783 31236 32139 I mobile-ffmpeg: 
07-02 23:01:53.783 31236 32139 I mobile-ffmpeg:     Stream #0:0
07-02 23:01:53.783 31236 32139 I mobile-ffmpeg: 
07-02 23:01:53.783 31236 32139 I chatty  : uid=10568(com.example.edgesum) identical 1 line
07-02 23:01:53.783 31236 32139 I mobile-ffmpeg: 
07-02 23:01:53.783 31236 32139 I mobile-ffmpeg: (eng)
07-02 23:01:53.783 31236 32139 I mobile-ffmpeg: 
07-02 23:01:53.783 31236 32139 I chatty  : uid=10568(com.example.edgesum) identical 1 line
07-02 23:01:53.783 31236 32139 I mobile-ffmpeg: 
07-02 23:01:53.783 31236 32139 I mobile-ffmpeg: : Video: h264 (avc1 / 0x31637661), yuvj420p(pc, bt709), 1280x720, 8339 kb/s
07-02 23:01:53.783 31236 32139 I mobile-ffmpeg: 
07-02 23:01:53.783 31236 32139 I chatty  : uid=10568(com.example.edgesum) identical 1 line
07-02 23:01:53.783 31236 32139 I mobile-ffmpeg: 
07-02 23:01:53.783 31236 32139 I mobile-ffmpeg: , 
07-02 23:01:53.783 31236 32139 I mobile-ffmpeg: 
07-02 23:01:53.783 31236 32139 I chatty  : uid=10568(com.example.edgesum) identical 1 line
07-02 23:01:53.783 31236 32139 I mobile-ffmpeg: 
07-02 23:01:53.783 31236 32139 I mobile-ffmpeg: 29.91 fps, 
07-02 23:01:53.783 31236 32139 I mobile-ffmpeg: 
07-02 23:01:53.783 31236 32139 I chatty  : uid=10568(com.example.edgesum) identical 1 line
07-02 23:01:53.783 31236 32139 I mobile-ffmpeg: 
07-02 23:01:53.783 31236 32139 I mobile-ffmpeg: 29.97 tbr, 
07-02 23:01:53.783 31236 32139 I mobile-ffmpeg: 
07-02 23:01:53.783 31236 32139 I chatty  : uid=10568(com.example.edgesum) identical 1 line
07-02 23:01:53.783 31236 32139 I mobile-ffmpeg: 
07-02 23:01:53.783 31236 32139 I mobile-ffmpeg: 16k tbn, 
07-02 23:01:53.783 31236 32139 I mobile-ffmpeg: 
07-02 23:01:53.783 31236 32139 I chatty  : uid=10568(com.example.edgesum) identical 1 line
07-02 23:01:53.783 31236 32139 I mobile-ffmpeg: 
07-02 23:01:53.783 31236 32139 I mobile-ffmpeg: 32k tbc
07-02 23:01:53.783 31236 32139 I mobile-ffmpeg: 
07-02 23:01:53.783 31236 32139 I chatty  : uid=10568(com.example.edgesum) identical 1 line
07-02 23:01:53.783 31236 32139 I mobile-ffmpeg: 
07-02 23:01:53.783 31236 32139 I mobile-ffmpeg:  (default)
07-02 23:01:53.783 31236 32139 I mobile-ffmpeg: 
07-02 23:01:53.784 31236 32139 I chatty  : uid=10568(com.example.edgesum) identical 1 line
07-02 23:01:53.784 31236 32139 I mobile-ffmpeg: 
07-02 23:01:53.784 31236 32139 I mobile-ffmpeg: 
07-02 23:01:53.784 31236 32139 I mobile-ffmpeg: 
07-02 23:01:53.784 31236 32139 I chatty  : uid=10568(com.example.edgesum) identical 1 line
07-02 23:01:53.784 31236 32139 I mobile-ffmpeg: 
07-02 23:01:53.784 31236 32139 I mobile-ffmpeg:     Metadata:
07-02 23:01:53.784 31236 32139 I mobile-ffmpeg: 
07-02 23:01:53.784 31236 32139 I chatty  : uid=10568(com.example.edgesum) identical 1 line
07-02 23:01:53.784 31236 32139 I mobile-ffmpeg: 
07-02 23:01:53.784 31236 32139 I mobile-ffmpeg:       handler_name    : 
07-02 23:01:53.784 31236 32139 I mobile-ffmpeg: 
07-02 23:01:53.784 31236 32139 I chatty  : uid=10568(com.example.edgesum) identical 1 line
07-02 23:01:53.784 31236 32139 I mobile-ffmpeg: 
07-02 23:01:53.784 31236 32139 I mobile-ffmpeg: PittaSoft Video Media Handler
07-02 23:01:53.784 31236 32139 I mobile-ffmpeg: 
07-02 23:01:53.784 31236 32139 I chatty  : uid=10568(com.example.edgesum) identical 1 line
07-02 23:01:53.784 31236 32139 I mobile-ffmpeg: 
07-02 23:01:53.784 31236 32139 I mobile-ffmpeg: 
07-02 23:01:53.784 31236 32139 I mobile-ffmpeg: 
07-02 23:01:53.784 31236 32139 I chatty  : uid=10568(com.example.edgesum) identical 1 line
07-02 23:01:53.784 31236 32139 I mobile-ffmpeg: 
07-02 23:01:53.784 31236 32139 I mobile-ffmpeg:     Stream #0:1
07-02 23:01:53.784 31236 32139 I mobile-ffmpeg: 
07-02 23:01:53.784 31236 32139 I chatty  : uid=10568(com.example.edgesum) identical 1 line
07-02 23:01:53.784 31236 32139 I mobile-ffmpeg: 
07-02 23:01:53.784 31236 32139 I mobile-ffmpeg: (eng)
07-02 23:01:53.784 31236 32139 I mobile-ffmpeg: 
07-02 23:01:53.784 31236 32139 I chatty  : uid=10568(com.example.edgesum) identical 1 line
07-02 23:01:53.784 31236 32139 I mobile-ffmpeg: 
07-02 23:01:53.784 31236 32139 I mobile-ffmpeg: : Audio: aac (mp4a / 0x6134706D), 16000 Hz, stereo, fltp, 47 kb/s
07-02 23:01:53.784 31236 32139 I mobile-ffmpeg: 
07-02 23:01:53.784 31236 32139 I chatty  : uid=10568(com.example.edgesum) identical 1 line
07-02 23:01:53.784 31236 32139 I mobile-ffmpeg: 
07-02 23:01:53.784 31236 32139 I mobile-ffmpeg:  (default)
07-02 23:01:53.784 31236 32139 I mobile-ffmpeg: 
07-02 23:01:53.784 31236 32139 I chatty  : uid=10568(com.example.edgesum) identical 1 line
07-02 23:01:53.784 31236 32139 I mobile-ffmpeg: 
07-02 23:01:53.784 31236 32139 I mobile-ffmpeg: 
07-02 23:01:53.784 31236 32139 I mobile-ffmpeg: 
07-02 23:01:53.784 31236 32139 I chatty  : uid=10568(com.example.edgesum) identical 1 line
07-02 23:01:53.784 31236 32139 I mobile-ffmpeg: 
07-02 23:01:53.784 31236 32139 I mobile-ffmpeg:     Metadata:
07-02 23:01:53.784 31236 32139 I mobile-ffmpeg: 
07-02 23:01:53.784 31236 32139 I chatty  : uid=10568(com.example.edgesum) identical 1 line
07-02 23:01:53.784 31236 32139 I mobile-ffmpeg: 
07-02 23:01:53.784 31236 32139 I mobile-ffmpeg:       handler_name    : 
07-02 23:01:53.784 31236 32139 I mobile-ffmpeg: 
07-02 23:01:53.784 31236 32139 I chatty  : uid=10568(com.example.edgesum) identical 1 line
07-02 23:01:53.784 31236 32139 I mobile-ffmpeg: 
07-02 23:01:53.784 31236 32139 I mobile-ffmpeg: PittaSoft Sound Media Handler
07-02 23:01:53.784 31236 32139 I mobile-ffmpeg: 
07-02 23:01:53.784 31236 32139 I chatty  : uid=10568(com.example.edgesum) identical 1 line
07-02 23:01:53.785 31236 32139 I mobile-ffmpeg: 
07-02 23:01:53.785 31236 32139 I mobile-ffmpeg: 
07-02 23:01:53.785 31236 32139 I mobile-ffmpeg: 
07-02 23:01:53.785 31236 32139 I chatty  : uid=10568(com.example.edgesum) identical 1 line
07-02 23:01:53.785 31236 32139 I mobile-ffmpeg: 
07-02 23:01:53.785 31236 32139 I mobile-ffmpeg: Stream mapping:
07-02 23:01:53.785 31236 32139 I mobile-ffmpeg: 
07-02 23:01:53.785 31236 32139 I chatty  : uid=10568(com.example.edgesum) identical 1 line
07-02 23:01:53.785 31236 32139 I mobile-ffmpeg: 
07-02 23:01:53.785 31236 32139 I mobile-ffmpeg:   Stream #0:0 -> #0:0
07-02 23:01:53.785 31236 32139 I mobile-ffmpeg: 
07-02 23:01:53.785 31236 32139 I chatty  : uid=10568(com.example.edgesum) identical 1 line
07-02 23:01:53.785 31236 32139 I mobile-ffmpeg: 
07-02 23:01:53.785 31236 32139 I mobile-ffmpeg:  (h264 (native) -> wrapped_avframe (native))
07-02 23:01:53.785 31236 32139 I mobile-ffmpeg: 
07-02 23:01:53.785 31236 32139 I chatty  : uid=10568(com.example.edgesum) identical 1 line
07-02 23:01:53.785 31236 32139 I mobile-ffmpeg: 
07-02 23:01:53.785 31236 32139 I mobile-ffmpeg: 
07-02 23:01:53.785 31236 32139 I mobile-ffmpeg: 
07-02 23:01:53.785 31236 32139 I chatty  : uid=10568(com.example.edgesum) identical 1 line
07-02 23:01:53.785 31236 32139 I mobile-ffmpeg: 
07-02 23:01:53.785 31236 32139 I mobile-ffmpeg:   Stream #0:1 -> #0:1
07-02 23:01:53.785 31236 32139 I mobile-ffmpeg: 
07-02 23:01:53.785 31236 32139 I chatty  : uid=10568(com.example.edgesum) identical 1 line
07-02 23:01:53.785 31236 32139 I mobile-ffmpeg: 
07-02 23:01:53.785 31236 32139 I mobile-ffmpeg:  (aac (native) -> pcm_s16le (native))
07-02 23:01:53.785 31236 32139 I mobile-ffmpeg: 
07-02 23:01:53.785 31236 32139 I chatty  : uid=10568(com.example.edgesum) identical 1 line
07-02 23:01:53.786 31236 32139 I mobile-ffmpeg: 
07-02 23:01:53.786 31236 32139 I mobile-ffmpeg: 
07-02 23:01:53.786 31236 32139 I mobile-ffmpeg: 
07-02 23:01:53.786 31236 32139 I chatty  : uid=10568(com.example.edgesum) identical 1 line
07-02 23:01:53.786 31236 32139 I mobile-ffmpeg: 
07-02 23:01:53.786 31236 32139 I mobile-ffmpeg: Press [q] to stop, [?] for help
07-02 23:01:53.792  3574  4120 D bauth_FPBAuthService: pcf : 0x1012, 0 ,2 ,0 ,0 ,0 ,2, 
07-02 23:01:53.793  3574  4120 D bauth_FPBAuthService: thread id : 2, preenroll_flag : 0, nd cnt : 1, cso : 0, et : 0
07-02 23:01:53.793  3574  4120 D bauth_FPBAuthService: FPBAuthService, 9983
07-02 23:01:53.825 31236 32139 I mobile-ffmpeg: 
07-02 23:01:53.825 31236 32139 I chatty  : uid=10568(com.example.edgesum) identical 1 line
07-02 23:01:53.825 31236 32139 I mobile-ffmpeg: 
07-02 23:01:53.826 31236 32139 I mobile-ffmpeg: Output #0, null, to 'pipe:':
07-02 23:01:53.826 31236 32139 I mobile-ffmpeg: 
07-02 23:01:53.826 31236 32139 I chatty  : uid=10568(com.example.edgesum) identical 1 line
07-02 23:01:53.826 31236 32139 I mobile-ffmpeg: 
07-02 23:01:53.826 31236 32139 I mobile-ffmpeg:   Metadata:
07-02 23:01:53.826 31236 32139 I mobile-ffmpeg: 
07-02 23:01:53.826 31236 32139 I chatty  : uid=10568(com.example.edgesum) identical 1 line
07-02 23:01:53.826 31236 32139 I mobile-ffmpeg: 
07-02 23:01:53.827 31236 32139 I mobile-ffmpeg:     major_brand     : 
07-02 23:01:53.827 31236 32139 I mobile-ffmpeg: 
07-02 23:01:53.827 31236 32139 I chatty  : uid=10568(com.example.edgesum) identical 1 line
07-02 23:01:53.827 31236 32139 I mobile-ffmpeg: 
07-02 23:01:53.827 31236 32139 I mobile-ffmpeg: isom
07-02 23:01:53.827 31236 32139 I mobile-ffmpeg: 
07-02 23:01:53.827 31236 32139 I chatty  : uid=10568(com.example.edgesum) identical 1 line
07-02 23:01:53.827 31236 32139 I mobile-ffmpeg: 
07-02 23:01:53.827 31236 32139 I mobile-ffmpeg: 
07-02 23:01:53.827 31236 32139 I mobile-ffmpeg: 
07-02 23:01:53.827 31236 32139 I chatty  : uid=10568(com.example.edgesum) identical 1 line
07-02 23:01:53.827 31236 32139 I mobile-ffmpeg: 
07-02 23:01:53.827 31236 32139 I mobile-ffmpeg:     minor_version   : 
07-02 23:01:53.827 31236 32139 I mobile-ffmpeg: 
07-02 23:01:53.827 31236 32139 I chatty  : uid=10568(com.example.edgesum) identical 1 line
07-02 23:01:53.827 31236 32139 I mobile-ffmpeg: 
07-02 23:01:53.827 31236 32139 I mobile-ffmpeg: 512
07-02 23:01:53.827 31236 32139 I mobile-ffmpeg: 
07-02 23:01:53.827 31236 32139 I chatty  : uid=10568(com.example.edgesum) identical 1 line
07-02 23:01:53.827 31236 32139 I mobile-ffmpeg: 
07-02 23:01:53.827 31236 32139 I mobile-ffmpeg: 
07-02 23:01:53.827 31236 32139 I mobile-ffmpeg: 
07-02 23:01:53.827 31236 32139 I chatty  : uid=10568(com.example.edgesum) identical 1 line
07-02 23:01:53.827 31236 32139 I mobile-ffmpeg: 
07-02 23:01:53.827 31236 32139 I mobile-ffmpeg:     compatible_brands: 
07-02 23:01:53.827 31236 32139 I mobile-ffmpeg: 
07-02 23:01:53.827 31236 32139 I chatty  : uid=10568(com.example.edgesum) identical 1 line
07-02 23:01:53.827 31236 32139 I mobile-ffmpeg: 
07-02 23:01:53.827 31236 32139 I mobile-ffmpeg: isomiso2avc1mp41
07-02 23:01:53.827 31236 32139 I mobile-ffmpeg: 
07-02 23:01:53.827 31236 32139 I chatty  : uid=10568(com.example.edgesum) identical 1 line
07-02 23:01:53.827 31236 32139 I mobile-ffmpeg: 
07-02 23:01:53.827 31236 32139 I mobile-ffmpeg: 
07-02 23:01:53.827 31236 32139 I mobile-ffmpeg: 
07-02 23:01:53.827 31236 32139 I chatty  : uid=10568(com.example.edgesum) identical 1 line
07-02 23:01:53.827 31236 32139 I mobile-ffmpeg: 
07-02 23:01:53.827 31236 32139 I mobile-ffmpeg:     encoder         : 
07-02 23:01:53.827 31236 32139 I mobile-ffmpeg: 
07-02 23:01:53.827 31236 32139 I chatty  : uid=10568(com.example.edgesum) identical 1 line
07-02 23:01:53.827 31236 32139 I mobile-ffmpeg: 
07-02 23:01:53.827 31236 32139 I mobile-ffmpeg: Lavf58.28.101
07-02 23:01:53.827 31236 32139 I mobile-ffmpeg: 
07-02 23:01:53.827 31236 32139 I chatty  : uid=10568(com.example.edgesum) identical 1 line
07-02 23:01:53.827 31236 32139 I mobile-ffmpeg: 
07-02 23:01:53.827 31236 32139 I mobile-ffmpeg: 
07-02 23:01:53.827 31236 32139 I mobile-ffmpeg: 
07-02 23:01:53.827 31236 32139 I chatty  : uid=10568(com.example.edgesum) identical 1 line
07-02 23:01:53.827 31236 32139 I mobile-ffmpeg: 
07-02 23:01:53.827 31236 32139 I mobile-ffmpeg:     Stream #0:0
07-02 23:01:53.827 31236 32139 I mobile-ffmpeg: 
07-02 23:01:53.827 31236 32139 I chatty  : uid=10568(com.example.edgesum) identical 1 line
07-02 23:01:53.827 31236 32139 I mobile-ffmpeg: 
07-02 23:01:53.827 31236 32139 I mobile-ffmpeg: (eng)
07-02 23:01:53.827 31236 32139 I mobile-ffmpeg: 
07-02 23:01:53.827 31236 32139 I chatty  : uid=10568(com.example.edgesum) identical 1 line
07-02 23:01:53.827 31236 32139 I mobile-ffmpeg: 
07-02 23:01:53.827 31236 32139 I mobile-ffmpeg: : Video: wrapped_avframe, yuvj420p, 1280x720, q=2-31, 200 kb/s
07-02 23:01:53.827 31236 32139 I mobile-ffmpeg: 
07-02 23:01:53.827 31236 32139 I chatty  : uid=10568(com.example.edgesum) identical 1 line
07-02 23:01:53.828 31236 32139 I mobile-ffmpeg: 
07-02 23:01:53.828 31236 32139 I mobile-ffmpeg: , 
07-02 23:01:53.828 31236 32139 I mobile-ffmpeg: 
07-02 23:01:53.828 31236 32139 I chatty  : uid=10568(com.example.edgesum) identical 1 line
07-02 23:01:53.828 31236 32139 I mobile-ffmpeg: 
07-02 23:01:53.828 31236 32139 I mobile-ffmpeg: 29.97 fps, 
07-02 23:01:53.828 31236 32139 I mobile-ffmpeg: 
07-02 23:01:53.828 31236 32139 I chatty  : uid=10568(com.example.edgesum) identical 1 line
07-02 23:01:53.828 31236 32139 I mobile-ffmpeg: 
07-02 23:01:53.828 31236 32139 I mobile-ffmpeg: 29.97 tbn, 
07-02 23:01:53.828 31236 32139 I mobile-ffmpeg: 
07-02 23:01:53.828 31236 32139 I chatty  : uid=10568(com.example.edgesum) identical 1 line
07-02 23:01:53.828 31236 32139 I mobile-ffmpeg: 
07-02 23:01:53.828 31236 32139 I mobile-ffmpeg: 29.97 tbc
07-02 23:01:53.828 31236 32139 I mobile-ffmpeg: 
07-02 23:01:53.828 31236 32139 I chatty  : uid=10568(com.example.edgesum) identical 1 line
07-02 23:01:53.828 31236 32139 I mobile-ffmpeg: 
07-02 23:01:53.828 31236 32139 I mobile-ffmpeg:  (default)
07-02 23:01:53.828 31236 32139 I mobile-ffmpeg: 
07-02 23:01:53.828 31236 32139 I chatty  : uid=10568(com.example.edgesum) identical 1 line
07-02 23:01:53.828 31236 32139 I mobile-ffmpeg: 
07-02 23:01:53.828 31236 32139 I mobile-ffmpeg: 
07-02 23:01:53.828 31236 32139 I mobile-ffmpeg: 
07-02 23:01:53.828 31236 32139 I chatty  : uid=10568(com.example.edgesum) identical 1 line
07-02 23:01:53.828 31236 32139 I mobile-ffmpeg: 
07-02 23:01:53.828 31236 32139 I mobile-ffmpeg:     Metadata:
07-02 23:01:53.828 31236 32139 I mobile-ffmpeg: 
07-02 23:01:53.828 31236 32139 I chatty  : uid=10568(com.example.edgesum) identical 1 line
07-02 23:01:53.828 31236 32139 I mobile-ffmpeg: 
07-02 23:01:53.828 31236 32139 I mobile-ffmpeg:       handler_name    : 
07-02 23:01:53.828 31236 32139 I mobile-ffmpeg: 
07-02 23:01:53.828 31236 32139 I chatty  : uid=10568(com.example.edgesum) identical 1 line
07-02 23:01:53.828 31236 32139 I mobile-ffmpeg: 
07-02 23:01:53.828 31236 32139 I mobile-ffmpeg: PittaSoft Video Media Handler
07-02 23:01:53.828 31236 32139 I mobile-ffmpeg: 
07-02 23:01:53.828 31236 32139 I chatty  : uid=10568(com.example.edgesum) identical 1 line
07-02 23:01:53.828 31236 32139 I mobile-ffmpeg: 
07-02 23:01:53.828 31236 32139 I mobile-ffmpeg: 
07-02 23:01:53.828 31236 32139 I mobile-ffmpeg: 
07-02 23:01:53.828 31236 32139 I chatty  : uid=10568(com.example.edgesum) identical 1 line
07-02 23:01:53.828 31236 32139 I mobile-ffmpeg: 
07-02 23:01:53.828 31236 32139 I mobile-ffmpeg:       encoder         : 
07-02 23:01:53.828 31236 32139 I mobile-ffmpeg: 
07-02 23:01:53.828 31236 32139 I chatty  : uid=10568(com.example.edgesum) identical 1 line
07-02 23:01:53.828 31236 32139 I mobile-ffmpeg: 
07-02 23:01:53.828 31236 32139 I mobile-ffmpeg: Lavc58.53.101 wrapped_avframe
07-02 23:01:53.828 31236 32139 I mobile-ffmpeg: 
07-02 23:01:53.828 31236 32139 I chatty  : uid=10568(com.example.edgesum) identical 1 line
07-02 23:01:53.828 31236 32139 I mobile-ffmpeg: 
07-02 23:01:53.828 31236 32139 I mobile-ffmpeg: 
07-02 23:01:53.828 31236 32139 I mobile-ffmpeg: 
07-02 23:01:53.828 31236 32139 I chatty  : uid=10568(com.example.edgesum) identical 1 line
07-02 23:01:53.828 31236 32139 I mobile-ffmpeg: 
07-02 23:01:53.828 31236 32139 I mobile-ffmpeg:     Stream #0:1
07-02 23:01:53.828 31236 32139 I mobile-ffmpeg: 
07-02 23:01:53.828 31236 32139 I chatty  : uid=10568(com.example.edgesum) identical 1 line
07-02 23:01:53.828 31236 32139 I mobile-ffmpeg: 
07-02 23:01:53.828 31236 32139 I mobile-ffmpeg: (eng)
07-02 23:01:53.828 31236 32139 I mobile-ffmpeg: 
07-02 23:01:53.829 31236 32139 I chatty  : uid=10568(com.example.edgesum) identical 1 line
07-02 23:01:53.829 31236 32139 I mobile-ffmpeg: 
07-02 23:01:53.829 31236 32139 I mobile-ffmpeg: : Audio: pcm_s16le, 16000 Hz, stereo, s16, 512 kb/s
07-02 23:01:53.829 31236 32139 I mobile-ffmpeg: 
07-02 23:01:53.829 31236 32139 I chatty  : uid=10568(com.example.edgesum) identical 1 line
07-02 23:01:53.829 31236 32139 I mobile-ffmpeg: 
07-02 23:01:53.829 31236 32139 I mobile-ffmpeg:  (default)
07-02 23:01:53.829 31236 32139 I mobile-ffmpeg: 
07-02 23:01:53.829 31236 32139 I chatty  : uid=10568(com.example.edgesum) identical 1 line
07-02 23:01:53.829 31236 32139 I mobile-ffmpeg: 
07-02 23:01:53.829 31236 32139 I mobile-ffmpeg: 
07-02 23:01:53.829 31236 32139 I mobile-ffmpeg: 
07-02 23:01:53.829 31236 32139 I chatty  : uid=10568(com.example.edgesum) identical 1 line
07-02 23:01:53.829 31236 32139 I mobile-ffmpeg: 
07-02 23:01:53.829 31236 32139 I mobile-ffmpeg:     Metadata:
07-02 23:01:53.829 31236 32139 I mobile-ffmpeg: 
07-02 23:01:53.829 31236 32139 I chatty  : uid=10568(com.example.edgesum) identical 1 line
07-02 23:01:53.829 31236 32139 I mobile-ffmpeg: 
07-02 23:01:53.829 31236 32139 I mobile-ffmpeg:       handler_name    : 
07-02 23:01:53.829 31236 32139 I mobile-ffmpeg: 
07-02 23:01:53.829 31236 32139 I chatty  : uid=10568(com.example.edgesum) identical 1 line
07-02 23:01:53.829 31236 32139 I mobile-ffmpeg: 
07-02 23:01:53.829 31236 32139 I mobile-ffmpeg: PittaSoft Sound Media Handler
07-02 23:01:53.829 31236 32139 I mobile-ffmpeg: 
07-02 23:01:53.829 31236 32139 I chatty  : uid=10568(com.example.edgesum) identical 1 line
07-02 23:01:53.829 31236 32139 I mobile-ffmpeg: 
07-02 23:01:53.829 31236 32139 I mobile-ffmpeg: 
07-02 23:01:53.829 31236 32139 I mobile-ffmpeg: 
07-02 23:01:53.829 31236 32139 I chatty  : uid=10568(com.example.edgesum) identical 1 line
07-02 23:01:53.829 31236 32139 I mobile-ffmpeg: 
07-02 23:01:53.829 31236 32139 I mobile-ffmpeg:       encoder         : 
07-02 23:01:53.829 31236 32139 I mobile-ffmpeg: 
07-02 23:01:53.829 31236 32139 I chatty  : uid=10568(com.example.edgesum) identical 1 line
07-02 23:01:53.829 31236 32139 I mobile-ffmpeg: 
07-02 23:01:53.829 31236 32139 I mobile-ffmpeg: Lavc58.53.101 pcm_s16le
07-02 23:01:53.829 31236 32139 I mobile-ffmpeg: 
07-02 23:01:53.829 31236 32139 I chatty  : uid=10568(com.example.edgesum) identical 1 line
07-02 23:01:53.829 31236 32139 I mobile-ffmpeg: 
07-02 23:01:53.829 31236 32139 I mobile-ffmpeg: 
07-02 23:01:53.836  9122  9187 D ScanRecord: Not a Multi Manu data
07-02 23:01:53.837  9122  9187 I chatty  : uid=1002(bluetooth) BT Service Call identical 10 lines
07-02 23:01:53.837  9122  9187 D ScanRecord: Not a Multi Manu data
07-02 23:01:53.837  9122  9187 D BtGatt.GattService: onScanResult to scannerId: 5- eventType=0x10, addressType=0, address=A6:5, primaryPhy=1, secondaryPhy=0, advertisingSid=0xff, txPower=127, rssi=-80, periodicAdvInt=0x0
07-02 23:01:53.839  8780  9113 D ScanRecord: Not a Multi Manu data
07-02 23:01:53.846  8780  9113 I [+10]oneconnect[1.7.50-21_01][CORE]: BleParserForVD.parseTvPacket - [Name][TV] Samsung 8 Series (55)[DeviceType]TV[Discover]_BLE[Services]None[Connected]false[TvStatus]-128[TvService]96[TvMirrorChannel]1[TvRegisteredDB][83, 91, 0, 0, 0, 0][TvYear]2016[TvOcfInfo]0[TvAcmStatus]0[ExTvStatus]0
07-02 23:01:53.990  9122  9187 D ScanRecord: Not a Multi Manu data
07-02 23:01:53.991  9122  9187 I chatty  : uid=1002(bluetooth) BT Service Call identical 10 lines
07-02 23:01:53.991  9122  9187 D ScanRecord: Not a Multi Manu data
07-02 23:01:53.991  9122  9187 D BtGatt.GattService: onScanResult to scannerId: 5- eventType=0x10, addressType=0, address=A6:5, primaryPhy=1, secondaryPhy=0, advertisingSid=0xff, txPower=127, rssi=-81, periodicAdvInt=0x0
07-02 23:01:53.992  8780  9113 D ScanRecord: Not a Multi Manu data
07-02 23:01:53.994 31236 32139 I mobile-ffmpeg: 
07-02 23:01:53.994 31236 32139 I mobile-ffmpeg: [freezedetect @ 0x700faf3260] 
07-02 23:01:53.994 31236 32139 I mobile-ffmpeg: 
07-02 23:01:53.994 31236 32139 I mobile-ffmpeg: lavfi.freezedetect.freeze_start: 0
07-02 23:01:53.997  8780  9113 I [+10]oneconnect[1.7.50-21_01][CORE]: BleParserForVD.parseTvPacket - [Name][TV] Samsung 8 Series (55)[DeviceType]TV[Discover]_BLE[Services]None[Connected]false[TvStatus]-128[TvService]96[TvMirrorChannel]1[TvRegisteredDB][83, 91, 0, 0, 0, 0][TvYear]2016[TvOcfInfo]0[TvAcmStatus]0[ExTvStatus]0
07-02 23:01:54.003 31236 32139 I mobile-ffmpeg: 
07-02 23:01:54.003 31236 32139 I chatty  : uid=10568(com.example.edgesum) identical 1 line
07-02 23:01:54.003 31236 32139 I mobile-ffmpeg: 
07-02 23:01:54.003 31236 32139 I mobile-ffmpeg: frame=   34 fps=0.0 q=-0.0 size=N/A time=00:00:01.41 bitrate=N/A speed=6.57x    
07-02 23:01:54.500 31236 32139 I mobile-ffmpeg: 
07-02 23:01:54.500 31236 32139 I chatty  : uid=10568(com.example.edgesum) identical 1 line
07-02 23:01:54.500 31236 32139 I mobile-ffmpeg: 
07-02 23:01:54.500 31236 32139 I mobile-ffmpeg: frame=  158 fps=0.0 q=-0.0 size=N/A time=00:00:05.63 bitrate=N/A speed=7.88x    
07-02 23:01:54.593  9122  9187 D ScanRecord: Not a Multi Manu data
07-02 23:01:54.593  9122  9187 I chatty  : uid=1002(bluetooth) BT Service Call identical 10 lines
07-02 23:01:54.594  9122  9187 D ScanRecord: Not a Multi Manu data
07-02 23:01:54.594  9122  9187 D BtGatt.GattService: onScanResult to scannerId: 5- eventType=0x10, addressType=0, address=A6:5, primaryPhy=1, secondaryPhy=0, advertisingSid=0xff, txPower=127, rssi=-80, periodicAdvInt=0x0
07-02 23:01:54.595  8780  9113 D ScanRecord: Not a Multi Manu data
07-02 23:01:54.599  8780  9113 I [+10]oneconnect[1.7.50-21_01][CORE]: BleParserForVD.parseTvPacket - [Name][TV] Samsung 8 Series (55)[DeviceType]TV[Discover]_BLE[Services]None[Connected]false[TvStatus]-128[TvService]96[TvMirrorChannel]1[TvRegisteredDB][83, 91, 0, 0, 0, 0][TvYear]2016[TvOcfInfo]0[TvAcmStatus]0[ExTvStatus]0
07-02 23:01:54.673  3825  4067 I WifiVendorHal: getWifiLinkLayerStats(l.2973) before calling iface.getLinkLayerStats
07-02 23:01:54.674  3287  3287 I android.hardware.wifi@1.0-service: enter getLinkLayerStats
07-02 23:01:54.674  3287  3287 I android.hardware.wifi@1.0-service: enter getLinkLayerStatsInternal
07-02 23:01:54.681  3287  3287 I android.hardware.wifi@1.0-service: Successfully getLinkLayerStats.
07-02 23:01:54.681  3825  4067 I WifiVendorHal: getWifiLinkLayerStats(l.2973) after calling iface.getLinkLayerStats
07-02 23:01:54.746  9122  9187 D ScanRecord: Not a Multi Manu data
07-02 23:01:54.746  9122  9187 I chatty  : uid=1002(bluetooth) BT Service Call identical 10 lines
07-02 23:01:54.746  9122  9187 D ScanRecord: Not a Multi Manu data
07-02 23:01:54.746  9122  9187 D BtGatt.GattService: onScanResult to scannerId: 5- eventType=0x10, addressType=0, address=A6:5, primaryPhy=1, secondaryPhy=0, advertisingSid=0xff, txPower=127, rssi=-80, periodicAdvInt=0x0
07-02 23:01:54.748  8780  9113 D ScanRecord: Not a Multi Manu data
07-02 23:01:54.754  8780  9113 I [+10]oneconnect[1.7.50-21_01][CORE]: BleParserForVD.parseTvPacket - [Name][TV] Samsung 8 Series (55)[DeviceType]TV[Discover]_BLE[Services]None[Connected]false[TvStatus]-128[TvService]96[TvMirrorChannel]1[TvRegisteredDB][83, 91, 0, 0, 0, 0][TvYear]2016[TvOcfInfo]0[TvAcmStatus]0[ExTvStatus]0
07-02 23:01:54.757 31236 32123 V DownloadTestVideosTask: Starting DownloadTestVideosTask
07-02 23:01:54.758 31236 32123 V DashDownloadManager: Started downloading: 20200312_193628.mp4
07-02 23:01:54.760 31236 32123 I System.out: (HTTPLog)-Static: isSBSettingEnabled false
07-02 23:01:54.760 31236 32123 I System.out: (HTTPLog)-Static: isSBSettingEnabled false
07-02 23:01:54.765 31236 32123 I System.out: (HTTPLog)-Thread-2581-41976757: getTransferStream : ContentLength=69990400, method=GET, HTTPVersion=http/1.1
07-02 23:01:54.766  3825  4152 D ConnectivityService: filterNetworkStateForUid() uid: 1000, pid: 3825
07-02 23:01:54.766  3825  4152 D ConnectivityService: filterNetworkStateForUid() uid: 1000, pid: 3825, networkInfo: [type: WIFI[], state: CONNECTED/CONNECTED, reason: (unspecified), extra: (none), failover: false, available: true, roaming: false]
07-02 23:01:54.767  3825  4152 W ContextImpl: Calling a method in the system process without a qualified user: android.app.ContextImpl.sendBroadcast:1067 android.content.ContextWrapper.sendBroadcast:449 com.samsung.android.smartbonding.SmartBondingService.sendBigDataInfo:3419 com.samsung.android.smartbonding.SmartBondingService$SmartBondingHandler.handleMessage:643 android.os.Handler.dispatchMessage:106 
07-02 23:01:54.768  3825  3825 D MDC     : onReceive com.samsung.intent.action.BIG_DATA_MOBILE_DATA
07-02 23:01:54.768  3825  3825 D MDC     : onReceive com.samsung.intent.action.BIG_DATA_MOBILE_DATA category = DOWN
07-02 23:01:54.768  3825  3851 I MDC     : handleMessage DownloadInfo isdb = 0, netw = 1, size = 4
07-02 23:01:54.793  3574  4120 D bauth_FPBAuthService: pcf : 0x1012, 0 ,2 ,0 ,0 ,0 ,2, 
07-02 23:01:54.793  3574  4120 D bauth_FPBAuthService: thread id : 2, preenroll_flag : 0, nd cnt : 1, cso : 0, et : 0
07-02 23:01:54.793  3574  4120 D bauth_FPBAuthService: FPBAuthService, 9983
07-02 23:01:55.001 31236 32139 I mobile-ffmpeg: 
07-02 23:01:55.001 31236 32139 I chatty  : uid=10568(com.example.edgesum) identical 1 line
07-02 23:01:55.001 31236 32139 I mobile-ffmpeg: 
07-02 23:01:55.001 31236 32139 I mobile-ffmpeg: frame=  270 fps=222 q=-0.0 size=N/A time=00:00:09.34 bitrate=N/A speed=7.69x    
07-02 23:01:55.229  3825  5419 D WifiPermissionsUtil: canAccessScanResults: pkgName = com.sec.android.sdhms, uid = 1000
07-02 23:01:55.252  3825  4303 E Watchdog: !@Sync 392 [2020-07-02 23:01:55.252] FD count : 514
07-02 23:01:55.438  9095  9095 D BeaconManager[9.0.16.0]: BeaconService.mDisconnectRunnable - 
07-02 23:01:55.447 31871 31871 I [+10]oneconnect[1.7.50-21_01][BEACON_MANAGER_CONTROL_SERVICE]: BeaconManagerControlService.mStopRunnable - 
07-02 23:01:55.452 31871 31871 I [+10]oneconnect[1.7.50-21_01][BEACON_MANAGER_CONTROL_SERVICE]: BeaconManagerControlService.onUnbind - 
07-02 23:01:55.454 31871 31871 I [+10]oneconnect[1.7.50-21_01][BEACON_MANAGER_CONTROL_SERVICE]: BeaconManagerControlService.onDestroy - 
07-02 23:01:55.473 31871 31871 I [+10]oneconnect[1.7.50-21_01][BEACON_MANAGER_CONTROL_SERVICE]: ProcessUtil.setProcessImportant - [myPid]31871 >> [isForeground]false
07-02 23:01:55.475 31871 31871 I [+10]oneconnect[1.7.50-21_01][BEACON_MANAGER_CONTROL_SERVICE]: BluetoothSppHelper.terminate - 
07-02 23:01:55.475 31871 31871 I [+10]oneconnect[1.7.50-21_01][BEACON_MANAGER_CONTROL_SERVICE]: BeaconManagerControlService.disconnectIntelligentContinuityService - 
07-02 23:01:55.479 31871 31871 I [+10]oneconnect[1.7.50-21_01][BEACON_MANAGER_CONTROL_SERVICE]: BeaconManagerControlService.disconnectQcService - 
07-02 23:01:55.482  8780  8780 I [+10]oneconnect[1.7.50-21_01][CORE]: QcService.onUnbind - BoundCount:0
07-02 23:01:55.482  8780  8780 I [+10]oneconnect[1.7.50-21_01][CORE]: QcService.printCaller - callerName:BEACON_CONTROL_SERVICE
07-02 23:01:55.483  8780  8780 I [+10]oneconnect[1.7.50-21_01][CORE]: QcManager.restoreAll - ref: 0 >> 0
07-02 23:01:55.489 31871 31871 I [+10]oneconnect[1.7.50-21_01][BEACON_MANAGER_CONTROL_SERVICE]: EasySetupHistoryUtil.clearOutDatedEasySetupBlackList - 1593694915
07-02 23:01:55.498  3825  4066 D WifiTrafficPoller: TrafficStats TxPkts=494661 RxPkts=1068622 TxBytes=25886036 RxBytes=1602395998 , Foreground uid=10568 pkgName=com.example.edgesum TxPackets=491521 RxPackets=1067945 TxBytes=25615985 RxBytes=1601645495
07-02 23:01:55.501  9122  9187 D ScanRecord: Not a Multi Manu data
07-02 23:01:55.501  9122  9187 I chatty  : uid=1002(bluetooth) BT Service Call identical 10 lines
07-02 23:01:55.502  9122  9187 D ScanRecord: Not a Multi Manu data
07-02 23:01:55.502  9122  9187 D BtGatt.GattService: onScanResult to scannerId: 5- eventType=0x10, addressType=0, address=A6:5, primaryPhy=1, secondaryPhy=0, advertisingSid=0xff, txPower=127, rssi=-84, periodicAdvInt=0x0
07-02 23:01:55.503  8780  9113 D ScanRecord: Not a Multi Manu data
07-02 23:01:55.506  8780  9113 I [+10]oneconnect[1.7.50-21_01][CORE]: BleParserForVD.parseTvPacket - [Name][TV] Samsung 8 Series (55)[DeviceType]TV[Discover]_BLE[Services]None[Connected]false[TvStatus]-128[TvService]96[TvMirrorChannel]1[TvRegisteredDB][83, 91, 0, 0, 0, 0][TvYear]2016[TvOcfInfo]0[TvAcmStatus]0[ExTvStatus]0
07-02 23:01:55.517 31236 32139 I mobile-ffmpeg: 
07-02 23:01:55.517 31236 32139 I chatty  : uid=10568(com.example.edgesum) identical 1 line
07-02 23:01:55.517 31236 32139 I mobile-ffmpeg: 
07-02 23:01:55.517 31236 32139 I mobile-ffmpeg: frame=  387 fps=224 q=-0.0 size=N/A time=00:00:13.18 bitrate=N/A speed=7.63x    
07-02 23:01:55.793  3574  4120 D bauth_FPBAuthService: pcf : 0x1012, 0 ,2 ,0 ,0 ,0 ,2, 
07-02 23:01:55.793  3574  4120 D bauth_FPBAuthService: thread id : 2, preenroll_flag : 0, nd cnt : 1, cso : 0, et : 0
07-02 23:01:55.793  3574  4120 D bauth_FPBAuthService: FPBAuthService, 9983
07-02 23:01:55.909 31236 32139 I mobile-ffmpeg: 
07-02 23:01:55.909 31236 32139 I chatty  : uid=10568(com.example.edgesum) identical 1 line
07-02 23:01:55.909 31236 32139 I mobile-ffmpeg: 
07-02 23:01:55.910 31236 32139 I mobile-ffmpeg: frame=  480 fps=226 q=-0.0 Lsize=N/A time=00:00:16.06 bitrate=N/A speed=7.56x    
07-02 23:01:55.910 31236 32139 I mobile-ffmpeg: 
07-02 23:01:55.910 31236 32139 I chatty  : uid=10568(com.example.edgesum) identical 1 line
07-02 23:01:55.910 31236 32139 I mobile-ffmpeg: 
07-02 23:01:55.910 31236 32139 I mobile-ffmpeg: video:251kB audio:1004kB subtitle:0kB other streams:0kB global headers:0kB muxing overhead: 
07-02 23:01:55.910 31236 32139 I mobile-ffmpeg: 
07-02 23:01:55.910 31236 32139 I chatty  : uid=10568(com.example.edgesum) identical 1 line
07-02 23:01:55.910 31236 32139 I mobile-ffmpeg: 
07-02 23:01:55.910 31236 32139 I mobile-ffmpeg: unknown
07-02 23:01:55.910 31236 32139 I mobile-ffmpeg: 
07-02 23:01:55.910 31236 32139 I chatty  : uid=10568(com.example.edgesum) identical 1 line
07-02 23:01:55.910 31236 32139 I mobile-ffmpeg: 
07-02 23:01:55.910 31236 32139 I mobile-ffmpeg: 
07-02 23:01:55.932 31236 32516 W Summariser: No activity detected
07-02 23:01:55.968 31236 32516 W Summariser: Summarisation completed
07-02 23:01:55.968 31236 32516 W Summariser:   filename: 20200312_193528!000.mp4
07-02 23:01:55.968 31236 32516 W Summariser:   active sections: 0
07-02 23:01:55.968 31236 32516 W Summariser:   time: 02.175s
07-02 23:01:55.968 31236 32516 W Summariser:   original duration: 16.06
07-02 23:01:55.968 31236 32516 W Summariser:   summarised duration: -1.00
07-02 23:01:55.968 31236 32516 W Summariser:   noise tolerance: 45.00
07-02 23:01:55.968 31236 32516 W Summariser:   quality: 23
07-02 23:01:55.968 31236 32516 W Summariser:   speed: medium
07-02 23:01:55.968 31236 32516 W Summariser:   freeze duration: 1.00
07-02 23:01:55.968 31236 32516 V NearbyFragment: Received a segment of 20200312_193528
07-02 23:01:55.975  9122  9122 D HidDeviceService: handleMessage(): msg.what=8
07-02 23:01:55.984  5429 32543 V MediaProvider: !@start scanning file requested by com.example.edgesum: 7klwibgf7fvntblfd7(7Vwmrfk7knvvbirkfd
07-02 23:01:55.989  5429 32543 D MediaScanner: scanSingleFile : 7klwibgf7fvntblfd7(7Vwmrfk7knvvbirkfd
07-02 23:01:56.013  5034 31970 I NearbyConnections: EndpointManager discarded incoming OfflineFrame of type KEEP_ALIVE because it doesn't have a processor registered. [CONTEXT service_id=54 ]
07-02 23:01:56.026  3825  5426 D SyncManager: userId - 0 auto - true
07-02 23:01:56.029  3825  5423 D ConnectivityService: filterNetworkStateForUid() uid: 10030, pid: 4625
07-02 23:01:56.029  3825  5423 D ConnectivityService: isNetworkWithLinkPropertiesBlocked: uid=10030, vpn=DISCONNECTED,false
07-02 23:01:56.029  3825  5423 D ConnectivityService: filterNetworkStateForUid() uid: 10030, pid: 4625, networkInfo: [type: WIFI[], state: CONNECTED/CONNECTED, reason: (unspecified), extra: (none), failover: false, available: true, roaming: false]
07-02 23:01:56.029  5429 32543 V MediaScannerService: !@done scanning file
07-02 23:01:56.030 31236 31252 D SummariserIntentService: Scanned /storage/emulated/0/Movies/summarised
07-02 23:01:56.030 31236 31252 D SummariserIntentService:   -> uri=content://media/external/file/137578
07-02 23:01:56.040  9122  9122 D HidDeviceService: handleMessage(): msg.what=8
07-02 23:01:56.040  9122  9122 D HidDeviceService: unregisterAppUid(): uid=10045
07-02 23:01:56.040  9122  9122 D HidDeviceService: unregisterAppUid(): caller UID doesn't match user UID
07-02 23:01:56.043  3825  5426 D SamsungAlarmManager: Cancel Alarm calling from uid:10030 pid :4625 / op:PendingIntent{c0884a1: PendingIntentRecord{5c7c7e3 com.google.android.gms broadcastIntent}}
07-02 23:01:56.045  3825  5426 I SamsungAlarmManager: setLocked to kernel - T:2 / 20200702T230156, SetElapsed=11785512, nowELAPSED=11785077
07-02 23:01:56.111  3825  5426 D SamsungAlarmManager: setInexact Intent (T:2/F:0/AC:false) 20200702T230219 - CU:10030/CP:4625
07-02 23:01:56.111  3825  5426 I SamsungAlarmManager: setLocked to kernel - T:2 / 20200702T230156, SetElapsed=11785512, nowELAPSED=11785142
07-02 23:01:56.143  3825  5419 D ConnectivityService: filterNetworkStateForUid() uid: 10030, pid: 4625
07-02 23:01:56.144  3825  5419 D ConnectivityService: isNetworkWithLinkPropertiesBlocked: uid=10030, vpn=DISCONNECTED,false
07-02 23:01:56.144  3825  5419 D ConnectivityService: filterNetworkStateForUid() uid: 10030, pid: 4625, networkInfo: [type: WIFI[], state: CONNECTED/CONNECTED, reason: (unspecified), extra: (none), failover: false, available: true, roaming: false]
07-02 23:01:56.149  3825  5419 D SamsungAlarmManager: Cancel Alarm calling from uid:10030 pid :4625 / op:PendingIntent{5407952: PendingIntentRecord{5c7c7e3 com.google.android.gms broadcastIntent}}
07-02 23:01:56.152  3825  5419 I SamsungAlarmManager: setLocked to kernel - T:2 / 20200702T230156, SetElapsed=11785512, nowELAPSED=11785183
07-02 23:01:56.219  3825  5419 D SamsungAlarmManager: setInexact Intent (T:2/F:0/AC:false) 20200702T232200 - CU:10030/CP:4625
07-02 23:01:56.219  3825  5419 I SamsungAlarmManager: setLocked to kernel - T:2 / 20200702T230156, SetElapsed=11785512, nowELAPSED=11785251
07-02 23:01:56.239  4625 31458 I NetRec  : [624] alfr.a: Refreshing scores for 9 networks.
07-02 23:01:56.259  9122  9187 D ScanRecord: Not a Multi Manu data
07-02 23:01:56.259  9122  9187 I chatty  : uid=1002(bluetooth) BT Service Call identical 10 lines
07-02 23:01:56.260  9122  9187 D ScanRecord: Not a Multi Manu data
07-02 23:01:56.260  9122  9187 D BtGatt.GattService: onScanResult to scannerId: 5- eventType=0x10, addressType=0, address=A6:5, primaryPhy=1, secondaryPhy=0, advertisingSid=0xff, txPower=127, rssi=-83, periodicAdvInt=0x0
07-02 23:01:56.261  8780  9113 D ScanRecord: Not a Multi Manu data
07-02 23:01:56.270  8780  9113 I [+10]oneconnect[1.7.50-21_01][CORE]: BleParserForVD.parseTvPacket - [Name][TV] Samsung 8 Series (55)[DeviceType]TV[Discover]_BLE[Services]None[Connected]false[TvStatus]-128[TvService]96[TvMirrorChannel]1[TvRegisteredDB][83, 91, 0, 0, 0, 0][TvYear]2016[TvOcfInfo]0[TvAcmStatus]0[ExTvStatus]0
07-02 23:01:56.279  4625  4845 E aoba    : Phenotype API error. Event # ccan@403a73a3, EventCode: 12 [CONTEXT service_id=51 ]
07-02 23:01:56.279  4625  4845 E aoba    : aoae: 29503
07-02 23:01:56.279  4625  4845 E aoba    : 	at aobg.b(:com.google.android.gms@202117030@20.21.17 (100408-316502805):27)
07-02 23:01:56.279  4625  4845 E aoba    : 	at aoba.a(:com.google.android.gms@202117030@20.21.17 (100408-316502805):91)
07-02 23:01:56.279  4625  4845 E aoba    : 	at aoba.a(:com.google.android.gms@202117030@20.21.17 (100408-316502805):86)
07-02 23:01:56.279  4625  4845 E aoba    : 	at zxi.run(:com.google.android.gms@202117030@20.21.17 (100408-316502805):10)
07-02 23:01:56.279  4625  4845 E aoba    : 	at bmth.run(:com.google.android.gms@202117030@20.21.17 (100408-316502805):2)
07-02 23:01:56.279  4625  4845 E aoba    : 	at skp.b(:com.google.android.gms@202117030@20.21.17 (100408-316502805):12)
07-02 23:01:56.279  4625  4845 E aoba    : 	at skp.run(:com.google.android.gms@202117030@20.21.17 (100408-316502805):7)
07-02 23:01:56.279  4625  4845 E aoba    : 	at java.util.concurrent.ThreadPoolExecutor.runWorker(ThreadPoolExecutor.java:1167)
07-02 23:01:56.279  4625  4845 E aoba    : 	at java.util.concurrent.ThreadPoolExecutor$Worker.run(ThreadPoolExecutor.java:641)
07-02 23:01:56.279  4625  4845 E aoba    : 	at sql.run(:com.google.android.gms@202117030@20.21.17 (100408-316502805):0)
07-02 23:01:56.279  4625  4845 E aoba    : 	at java.lang.Thread.run(Thread.java:764)
07-02 23:01:56.280  4625  4845 E AsyncOperation: serviceID=51, operation=GetCommittedConfigurationOperationCall
07-02 23:01:56.280  4625  4845 E AsyncOperation: OperationException[Status{statusCode=unknown status code: 29503, resolution=null}]
07-02 23:01:56.280  4625  4845 E AsyncOperation: 	at aoba.a(:com.google.android.gms@202117030@20.21.17 (100408-316502805):93)
07-02 23:01:56.280  4625  4845 E AsyncOperation: 	at aoba.a(:com.google.android.gms@202117030@20.21.17 (100408-316502805):86)
07-02 23:01:56.280  4625  4845 E AsyncOperation: 	at zxi.run(:com.google.android.gms@202117030@20.21.17 (100408-316502805):10)
07-02 23:01:56.280  4625  4845 E AsyncOperation: 	at bmth.run(:com.google.android.gms@202117030@20.21.17 (100408-316502805):2)
07-02 23:01:56.280  4625  4845 E AsyncOperation: 	at skp.b(:com.google.android.gms@202117030@20.21.17 (100408-316502805):12)
07-02 23:01:56.280  4625  4845 E AsyncOperation: 	at skp.run(:com.google.android.gms@202117030@20.21.17 (100408-316502805):7)
07-02 23:01:56.280  4625  4845 E AsyncOperation: 	at java.util.concurrent.ThreadPoolExecutor.runWorker(ThreadPoolExecutor.java:1167)
07-02 23:01:56.280  4625  4845 E AsyncOperation: 	at java.util.concurrent.ThreadPoolExecutor$Worker.run(ThreadPoolExecutor.java:641)
07-02 23:01:56.280  4625  4845 E AsyncOperation: 	at sql.run(:com.google.android.gms@202117030@20.21.17 (100408-316502805):0)
07-02 23:01:56.280  4625  4845 E AsyncOperation: 	at java.lang.Thread.run(Thread.java:764)
07-02 23:01:56.281  4625  5795 E NetRec  : [118] aldf.a: Could not retrieve server token for package com.google.android.apps.gcs
07-02 23:01:56.281  4625  5795 E NetRec  : java.util.concurrent.ExecutionException: rgs: 29503: 
07-02 23:01:56.281  4625  5795 E NetRec  : 	at auyr.b(:com.google.android.gms@202117030@20.21.17 (100408-316502805):5)
07-02 23:01:56.281  4625  5795 E NetRec  : 	at auyr.a(:com.google.android.gms@202117030@20.21.17 (100408-316502805):23)
07-02 23:01:56.281  4625  5795 E NetRec  : 	at aldf.a(:com.google.android.gms@202117030@20.21.17 (100408-316502805):1)
07-02 23:01:56.281  4625  5795 E NetRec  : 	at aldf.a(:com.google.android.gms@202117030@20.21.17 (100408-316502805):4)
07-02 23:01:56.281  4625  5795 E NetRec  : 	at alde.getHeaders(:com.google.android.gms@202117030@20.21.17 (100408-316502805):2)
07-02 23:01:56.281  4625  5795 E NetRec  : 	at com.android.volley.toolbox.HttpClientStack.performRequest(:com.google.android.gms@202117030@20.21.17 (100408-316502805):18)
07-02 23:01:56.281  4625  5795 E NetRec  : 	at sfk.performRequest(:com.google.android.gms@202117030@20.21.17 (100408-316502805):1)
07-02 23:01:56.281  4625  5795 E NetRec  : 	at bqr.executeRequest(:com.google.android.gms@202117030@20.21.17 (100408-316502805):1)
07-02 23:01:56.281  4625  5795 E NetRec  : 	at com.android.volley.toolbox.BasicNetwork.performRequest(:com.google.android.gms@202117030@20.21.17 (100408-316502805):9)
07-02 23:01:56.281  4625  5795 E NetRec  : 	at sfl.performRequest(:com.google.android.gms@202117030@20.21.17 (100408-316502805):14)
07-02 23:01:56.281  4625  5795 E NetRec  : 	at com.android.volley.NetworkDispatcher.a(:com.google.android.gms@202117030@20.21.17 (100408-316502805):7)
07-02 23:01:56.281  4625  5795 E NetRec  : 	at com.android.volley.NetworkDispatcher.a(:com.google.android.gms@202117030@20.21.17 (100408-316502805):1)
07-02 23:01:56.281  4625  5795 E NetRec  : 	at com.android.volley.NetworkDispatcher.run(:com.google.android.gms@202117030@20.21.17 (100408-316502805):2)
07-02 23:01:56.281  4625  5795 E NetRec  : Caused by: rgs: 29503: 
07-02 23:01:56.281  4625  5795 E NetRec  : 	at rmg.a(:com.google.android.gms@202117030@20.21.17 (100408-316502805):4)
07-02 23:01:56.281  4625  5795 E NetRec  : 	at aoao.b(:com.google.android.gms@202117030@20.21.17 (100408-316502805):3)
07-02 23:01:56.281  4625  5795 E NetRec  : 	at aobg.a(:com.google.android.gms@202117030@20.21.17 (100408-316502805):8)
07-02 23:01:56.281  4625  5795 E NetRec  : 	at zxi.run(:com.google.android.gms@202117030@20.21.17 (100408-316502805):18)
07-02 23:01:56.281  4625  5795 E NetRec  : 	at bmth.run(:com.google.android.gms@202117030@20.21.17 (100408-316502805):2)
07-02 23:01:56.281  4625  5795 E NetRec  : 	at skp.b(:com.google.android.gms@202117030@20.21.17 (100408-316502805):12)
07-02 23:01:56.281  4625  5795 E NetRec  : 	at skp.run(:com.google.android.gms@202117030@20.21.17 (100408-316502805):7)
07-02 23:01:56.281  4625  5795 E NetRec  : 	at java.util.concurrent.ThreadPoolExecutor.runWorker(ThreadPoolExecutor.java:1167)
07-02 23:01:56.281  4625  5795 E NetRec  : 	at java.util.concurrent.ThreadPoolExecutor$Worker.run(ThreadPoolExecutor.java:641)
07-02 23:01:56.281  4625  5795 E NetRec  : 	at sql.run(:com.google.android.gms@202117030@20.21.17 (100408-316502805):0)
07-02 23:01:56.281  4625  5795 E NetRec  : 	at java.lang.Thread.run(Thread.java:764)
07-02 23:01:56.281  4625  5795 W NetRec  : [118] aldf.a: No server tokens extracted.
07-02 23:01:56.288  4625  5795 I System.out: (HTTPLog)-Static: isSBSettingEnabled false
07-02 23:01:56.289  4625  5795 I System.out: (HTTPLog)-Static: isSBSettingEnabled false
07-02 23:01:56.292  3549  3621 D DnsProxyListener: DNSDBG::dns addrinfo af 2
07-02 23:01:56.310  4898  4898 D io_stats: !@   8,0 r 500604 31406160 w 94036 5053548 d 6073 3474260 f 21858 22313 iot 224152 194415 th 307200 0 0 pt 0 inp 0 0 11785.341
07-02 23:01:56.328  5034 32350 I NearbyConnections: ClientProxy(22484637) reporting onPayloadReceived(BazU, -8329387490277833978) [CONTEXT service_id=54 ]
07-02 23:01:56.328  5034 32350 I NearbyConnections: ClientProxy(22484637) reporting onPayloadTransferUpdate(BazU, -8329387490277833978, IN_PROGRESS) [CONTEXT service_id=54 ]
07-02 23:01:56.329 31236 31236 D NearbyFragment: onPayloadReceived(endpointId=BazU, payload=com.google.android.gms.nearby.connection.Payload@bfb32d8)
07-02 23:01:56.330 31236 31236 D NearbyFragment: 20200312_151044!003.mp4 from Endpoint{id=BazU, name=Nexus 5X [34d8]} contained no activity
07-02 23:01:56.330 31236 31236 D NearbyFragment: Received all summarised video segments of 20200312_151044
07-02 23:01:56.336 31236 31236 V FileManager: External storage is readable
07-02 23:01:56.337 31236 31236 V FileManager: Directory already exists: /storage/emulated/0/Movies/segment-sum/20200312_151044
07-02 23:01:56.338 31236 31236 D FfmpegTools: Merging /storage/emulated/0/Movies/summarised/20200312_151044.mp4
07-02 23:01:56.338 31236 31236 D FfmpegTools: No split videos to merge
07-02 23:01:56.338 31236 31236 V NearbyFragment: Removing video segment map for 20200312_151044
07-02 23:01:56.340 31236 31236 V NearbyFragment: nextTransfer with selected algorithm: best_or_local
07-02 23:01:56.342 31236 31236 W NearbyFragment: Sending 20200312_193528!001.mp4 to Nexus 5X [34d8]
07-02 23:01:56.347 31236 31236 V NearbyFragment: Transfer to BazU: 100%
07-02 23:01:56.349  5034 32350 I NearbyConnections: Client 22484637 is sending payload -8714838884923999236 to endpoints [BazU]. [CONTEXT service_id=54 ]
07-02 23:01:56.352  5034 32350 I NearbyConnections: Client 22484637 is sending payload -7280022905174919952 to endpoints [BazU]. [CONTEXT service_id=54 ]
07-02 23:01:56.353  5034 32453 I NearbyConnections: ClientProxy(22484637) reporting onPayloadTransferUpdate(BazU, -8714838884923999236, IN_PROGRESS) [CONTEXT service_id=54 ]
07-02 23:01:56.353 31236 31236 V NearbyFragment: Transfer to BazU: 100%
07-02 23:01:56.354  5034 32453 I NearbyConnections: ClientProxy(22484637) reporting onPayloadTransferUpdate(BazU, -8714838884923999236, SUCCESS) [CONTEXT service_id=54 ]
07-02 23:01:56.355 31236 31236 V NearbyFragment: Transfer to BazU: 100%
07-02 23:01:56.358  5034 32453 I NearbyConnections: ClientProxy(22484637) reporting onPayloadTransferUpdate(BazU, -7280022905174919952, IN_PROGRESS) [CONTEXT service_id=54 ]
07-02 23:01:56.359 31236 31236 V NearbyFragment: Transfer to BazU: 0%
07-02 23:01:56.363  5034 32453 I NearbyConnections: ClientProxy(22484637) reporting onPayloadTransferUpdate(BazU, -7280022905174919952, IN_PROGRESS) [CONTEXT service_id=54 ]
