07-02 20:31:51.817 22478 22862 V VideoManager: videoFromCursor
07-02 20:31:51.823 22478 22862 V NearbyFragment: nextTransfer with selected algorithm: best_or_local
07-02 20:31:51.827 22478 22862 W NearbyFragment: Sending 20200312_193528!000.mp4 to Nexus 5X [34d8]
07-02 20:31:51.838  5034 23260 I NearbyConnections: Client 148670673 is sending payload -8614235547558381407 to endpoints [1NpN]. [CONTEXT service_id=54 ]
07-02 20:31:51.841  5034 23260 I NearbyConnections: ClientProxy(148670673) reporting onPayloadTransferUpdate(1NpN, -8614235547558381407, IN_PROGRESS) [CONTEXT service_id=54 ]
07-02 20:31:51.842  5034 23181 I NearbyConnections: Client 148670673 is sending payload -4934896791876713112 to endpoints [1NpN]. [CONTEXT service_id=54 ]
07-02 20:31:51.842 22478 22478 V NearbyFragment: Transfer to 1NpN: 100%
07-02 20:31:51.845 22478 22478 V NearbyFragment: Transfer to 1NpN: 100%
07-02 20:31:51.846  5034 23181 I NearbyConnections: ClientProxy(148670673) reporting onPayloadTransferUpdate(1NpN, -8614235547558381407, SUCCESS) [CONTEXT service_id=54 ]
07-02 20:31:51.852  5034 23181 I NearbyConnections: ClientProxy(148670673) reporting onPayloadTransferUpdate(1NpN, -4934896791876713112, IN_PROGRESS) [CONTEXT service_id=54 ]
07-02 20:31:51.853 22478 22478 V NearbyFragment: Transfer to 1NpN: 0%
07-02 20:31:51.857  5034 23181 I NearbyConnections: ClientProxy(148670673) reporting onPayloadTransferUpdate(1NpN, -4934896791876713112, IN_PROGRESS) [CONTEXT service_id=54 ]
07-02 20:31:51.857 22478 22478 V NearbyFragment: Transfer to 1NpN: 0%
07-02 20:31:51.862  5034 23181 I NearbyConnections: ClientProxy(148670673) reporting onPayloadTransferUpdate(1NpN, -4934896791876713112, IN_PROGRESS) [CONTEXT service_id=54 ]
07-02 20:31:51.862 22478 22478 V NearbyFragment: Transfer to 1NpN: 1%
07-02 20:31:51.867  5034 23181 I NearbyConnections: ClientProxy(148670673) reporting onPayloadTransferUpdate(1NpN, -4934896791876713112, IN_PROGRESS) [CONTEXT service_id=54 ]
07-02 20:31:51.868 22478 22478 V NearbyFragment: Transfer to 1NpN: 1%
07-02 20:31:51.872  5034 23181 I NearbyConnections: ClientProxy(148670673) reporting onPayloadTransferUpdate(1NpN, -4934896791876713112, IN_PROGRESS) [CONTEXT service_id=54 ]
07-02 20:31:51.872 22478 22478 V NearbyFragment: Transfer to 1NpN: 1%
07-02 20:31:51.876  5034 23181 I NearbyConnections: ClientProxy(148670673) reporting onPayloadTransferUpdate(1NpN, -4934896791876713112, IN_PROGRESS) [CONTEXT service_id=54 ]
07-02 20:31:51.876 22478 22478 V NearbyFragment: Transfer to 1NpN: 2%
07-02 20:31:51.881  5034 23181 I NearbyConnections: ClientProxy(148670673) reporting onPayloadTransferUpdate(1NpN, -4934896791876713112, IN_PROGRESS) [CONTEXT service_id=54 ]
07-02 20:31:51.882 22478 22478 V NearbyFragment: Transfer to 1NpN: 2%
07-02 20:31:51.885  5034 23181 I NearbyConnections: ClientProxy(148670673) reporting onPayloadTransferUpdate(1NpN, -4934896791876713112, IN_PROGRESS) [CONTEXT service_id=54 ]
07-02 20:31:51.886 22478 22478 V NearbyFragment: Transfer to 1NpN: 3%
07-02 20:31:51.893  5034 23181 I NearbyConnections: ClientProxy(148670673) reporting onPayloadTransferUpdate(1NpN, -4934896791876713112, IN_PROGRESS) [CONTEXT service_id=54 ]
07-02 20:31:51.894 22478 22478 V NearbyFragment: Transfer to 1NpN: 3%
07-02 20:31:51.895  5034 23181 I NearbyConnections: ClientProxy(148670673) reporting onPayloadTransferUpdate(1NpN, -4934896791876713112, IN_PROGRESS) [CONTEXT service_id=54 ]
07-02 20:31:51.895 22478 22478 V NearbyFragment: Transfer to 1NpN: 3%
07-02 20:31:51.899 22478 22478 V NearbyFragment: Transfer to 1NpN: 4%
07-02 20:31:51.899  5034 23181 I NearbyConnections: ClientProxy(148670673) reporting onPayloadTransferUpdate(1NpN, -4934896791876713112, IN_PROGRESS) [CONTEXT service_id=54 ]
07-02 20:31:51.903  5034 23181 I NearbyConnections: ClientProxy(148670673) reporting onPayloadTransferUpdate(1NpN, -4934896791876713112, IN_PROGRESS) [CONTEXT service_id=54 ]
07-02 20:31:51.904 22478 22478 V NearbyFragment: Transfer to 1NpN: 4%
07-02 20:31:51.909  5034 23181 I NearbyConnections: ClientProxy(148670673) reporting onPayloadTransferUpdate(1NpN, -4934896791876713112, IN_PROGRESS) [CONTEXT service_id=54 ]
07-02 20:31:51.910 22478 22478 V NearbyFragment: Transfer to 1NpN: 5%
07-02 20:31:51.917  5034 23181 I NearbyConnections: ClientProxy(148670673) reporting onPayloadTransferUpdate(1NpN, -4934896791876713112, IN_PROGRESS) [CONTEXT service_id=54 ]
07-02 20:31:51.918 22478 22478 V NearbyFragment: Transfer to 1NpN: 5%
07-02 20:31:51.919  5034 23181 I NearbyConnections: ClientProxy(148670673) reporting onPayloadTransferUpdate(1NpN, -4934896791876713112, IN_PROGRESS) [CONTEXT service_id=54 ]
07-02 20:31:51.919 22478 22478 V NearbyFragment: Transfer to 1NpN: 5%
07-02 20:31:51.922  5034 23181 I NearbyConnections: ClientProxy(148670673) reporting onPayloadTransferUpdate(1NpN, -4934896791876713112, IN_PROGRESS) [CONTEXT service_id=54 ]
07-02 20:31:51.923 22478 22478 V NearbyFragment: Transfer to 1NpN: 6%
07-02 20:31:51.927  4898  4898 D io_stats: !@   8,0 r 304956 19742312 w 48449 1807204 d 3334 785876 f 12913 13050 iot 122080 104912 th 307200 0 0 pt 0 inp 0 92 2780.957
07-02 20:31:51.928  5034 23181 I NearbyConnections: ClientProxy(148670673) reporting onPayloadTransferUpdate(1NpN, -4934896791876713112, IN_PROGRESS) [CONTEXT service_id=54 ]
07-02 20:31:51.929 22478 22478 V NearbyFragment: Transfer to 1NpN: 6%
07-02 20:31:51.933  5034 23181 I NearbyConnections: ClientProxy(148670673) reporting onPayloadTransferUpdate(1NpN, -4934896791876713112, IN_PROGRESS) [CONTEXT service_id=54 ]
07-02 20:31:51.934 22478 22478 V NearbyFragment: Transfer to 1NpN: 7%
07-02 20:31:51.937  5034 23181 I NearbyConnections: ClientProxy(148670673) reporting onPayloadTransferUpdate(1NpN, -4934896791876713112, IN_PROGRESS) [CONTEXT service_id=54 ]
07-02 20:31:51.938 22478 22478 V NearbyFragment: Transfer to 1NpN: 7%
07-02 20:31:51.940  5034 23181 I NearbyConnections: ClientProxy(148670673) reporting onPayloadTransferUpdate(1NpN, -4934896791876713112, IN_PROGRESS) [CONTEXT service_id=54 ]
07-02 20:31:51.942 22478 22478 V NearbyFragment: Transfer to 1NpN: 7%
07-02 20:31:51.945  5034 23181 I NearbyConnections: ClientProxy(148670673) reporting onPayloadTransferUpdate(1NpN, -4934896791876713112, IN_PROGRESS) [CONTEXT service_id=54 ]
07-02 20:31:51.946 22478 22478 V NearbyFragment: Transfer to 1NpN: 8%
07-02 20:31:51.948 22478 22478 V NearbyFragment: Transfer to 1NpN: 8%
07-02 20:31:51.949  5034 23181 I NearbyConnections: ClientProxy(148670673) reporting onPayloadTransferUpdate(1NpN, -4934896791876713112, IN_PROGRESS) [CONTEXT service_id=54 ]
07-02 20:31:52.042  5034 23181 I NearbyConnections: ClientProxy(148670673) reporting onPayloadTransferUpdate(1NpN, -4934896791876713112, IN_PROGRESS) [CONTEXT service_id=54 ]
07-02 20:31:52.042 22478 22478 V NearbyFragment: Transfer to 1NpN: 8%
07-02 20:31:52.045  5034 23181 I NearbyConnections: ClientProxy(148670673) reporting onPayloadTransferUpdate(1NpN, -4934896791876713112, IN_PROGRESS) [CONTEXT service_id=54 ]
07-02 20:31:52.046 22478 22478 V NearbyFragment: Transfer to 1NpN: 9%
07-02 20:31:52.054  5034 23181 I NearbyConnections: ClientProxy(148670673) reporting onPayloadTransferUpdate(1NpN, -4934896791876713112, IN_PROGRESS) [CONTEXT service_id=54 ]
07-02 20:31:52.055 22478 22478 V NearbyFragment: Transfer to 1NpN: 9%
07-02 20:31:52.062  5034 23181 I NearbyConnections: ClientProxy(148670673) reporting onPayloadTransferUpdate(1NpN, -4934896791876713112, IN_PROGRESS) [CONTEXT service_id=54 ]
07-02 20:31:52.063 22478 22478 V NearbyFragment: Transfer to 1NpN: 10%
07-02 20:31:52.067  5034 23181 I NearbyConnections: ClientProxy(148670673) reporting onPayloadTransferUpdate(1NpN, -4934896791876713112, IN_PROGRESS) [CONTEXT service_id=54 ]
07-02 20:31:52.068 22478 22478 V NearbyFragment: Transfer to 1NpN: 10%
07-02 20:31:52.074  5034 23181 I NearbyConnections: ClientProxy(148670673) reporting onPayloadTransferUpdate(1NpN, -4934896791876713112, IN_PROGRESS) [CONTEXT service_id=54 ]
07-02 20:31:52.076 22478 22478 V NearbyFragment: Transfer to 1NpN: 10%
07-02 20:31:52.079  5034 23181 I NearbyConnections: ClientProxy(148670673) reporting onPayloadTransferUpdate(1NpN, -4934896791876713112, IN_PROGRESS) [CONTEXT service_id=54 ]
07-02 20:31:52.080 22478 22478 V NearbyFragment: Transfer to 1NpN: 11%
07-02 20:31:52.082  5034 23181 I NearbyConnections: ClientProxy(148670673) reporting onPayloadTransferUpdate(1NpN, -4934896791876713112, IN_PROGRESS) [CONTEXT service_id=54 ]
07-02 20:31:52.083 22478 22478 V NearbyFragment: Transfer to 1NpN: 11%
07-02 20:31:52.086  5034 23181 I NearbyConnections: ClientProxy(148670673) reporting onPayloadTransferUpdate(1NpN, -4934896791876713112, IN_PROGRESS) [CONTEXT service_id=54 ]
07-02 20:31:52.087 22478 22478 V NearbyFragment: Transfer to 1NpN: 12%
07-02 20:31:52.090  5034 23181 I NearbyConnections: ClientProxy(148670673) reporting onPayloadTransferUpdate(1NpN, -4934896791876713112, IN_PROGRESS) [CONTEXT service_id=54 ]
07-02 20:31:52.091 22478 22478 V NearbyFragment: Transfer to 1NpN: 12%
07-02 20:31:52.093  5034 23181 I NearbyConnections: ClientProxy(148670673) reporting onPayloadTransferUpdate(1NpN, -4934896791876713112, IN_PROGRESS) [CONTEXT service_id=54 ]
07-02 20:31:52.094 22478 22478 V NearbyFragment: Transfer to 1NpN: 12%
07-02 20:31:52.096  5034 23181 I NearbyConnections: ClientProxy(148670673) reporting onPayloadTransferUpdate(1NpN, -4934896791876713112, IN_PROGRESS) [CONTEXT service_id=54 ]
07-02 20:31:52.098 22478 22478 V NearbyFragment: Transfer to 1NpN: 13%
07-02 20:31:52.099  5034 23181 I NearbyConnections: ClientProxy(148670673) reporting onPayloadTransferUpdate(1NpN, -4934896791876713112, IN_PROGRESS) [CONTEXT service_id=54 ]
07-02 20:31:52.100 22478 22478 V NearbyFragment: Transfer to 1NpN: 13%
07-02 20:31:52.102  5034 23181 I NearbyConnections: ClientProxy(148670673) reporting onPayloadTransferUpdate(1NpN, -4934896791876713112, IN_PROGRESS) [CONTEXT service_id=54 ]
07-02 20:31:52.105 22478 22478 V NearbyFragment: Transfer to 1NpN: 14%
07-02 20:31:52.105  5034 23181 I NearbyConnections: ClientProxy(148670673) reporting onPayloadTransferUpdate(1NpN, -4934896791876713112, IN_PROGRESS) [CONTEXT service_id=54 ]
07-02 20:31:52.106 22478 22478 V NearbyFragment: Transfer to 1NpN: 14%
07-02 20:31:52.107  5034 23181 I NearbyConnections: ClientProxy(148670673) reporting onPayloadTransferUpdate(1NpN, -4934896791876713112, IN_PROGRESS) [CONTEXT service_id=54 ]
07-02 20:31:52.108 22478 22478 V NearbyFragment: Transfer to 1NpN: 14%
07-02 20:31:52.110  5034 23181 I NearbyConnections: ClientProxy(148670673) reporting onPayloadTransferUpdate(1NpN, -4934896791876713112, IN_PROGRESS) [CONTEXT service_id=54 ]
07-02 20:31:52.112 22478 22478 V NearbyFragment: Transfer to 1NpN: 15%
07-02 20:31:52.148  5034 23181 I NearbyConnections: ClientProxy(148670673) reporting onPayloadTransferUpdate(1NpN, -4934896791876713112, IN_PROGRESS) [CONTEXT service_id=54 ]
07-02 20:31:52.149 22478 22478 V NearbyFragment: Transfer to 1NpN: 15%
07-02 20:31:52.153  5034 22697 I NearbyConnections: EndpointManager discarded incoming OfflineFrame of type KEEP_ALIVE because it doesn't have a processor registered. [CONTEXT service_id=54 ]
07-02 20:31:52.187  5034  5047 I gle.android.gm: Background concurrent copying GC freed 18363(787KB) AllocSpace objects, 308(20MB) LOS objects, 49% free, 21MB/43MB, paused 163us total 119.798ms
07-02 20:31:52.304  3825  4067 I WifiVendorHal: getWifiLinkLayerStats(l.2973) before calling iface.getLinkLayerStats
07-02 20:31:52.306  3287  3287 I android.hardware.wifi@1.0-service: enter getLinkLayerStats
07-02 20:31:52.306  3287  3287 I android.hardware.wifi@1.0-service: enter getLinkLayerStatsInternal
07-02 20:31:52.314  5034 23181 I NearbyConnections: ClientProxy(148670673) reporting onPayloadTransferUpdate(1NpN, -4934896791876713112, IN_PROGRESS) [CONTEXT service_id=54 ]
07-02 20:31:52.316 22478 22478 V NearbyFragment: Transfer to 1NpN: 15%
07-02 20:31:52.319  3287  3287 I android.hardware.wifi@1.0-service: Successfully getLinkLayerStats.
07-02 20:31:52.321  3825  4067 I WifiVendorHal: getWifiLinkLayerStats(l.2973) after calling iface.getLinkLayerStats
07-02 20:31:52.339  5034 23181 I NearbyConnections: ClientProxy(148670673) reporting onPayloadTransferUpdate(1NpN, -4934896791876713112, IN_PROGRESS) [CONTEXT service_id=54 ]
07-02 20:31:52.341 22478 22478 V NearbyFragment: Transfer to 1NpN: 16%
07-02 20:31:52.352  5034 23181 I NearbyConnections: ClientProxy(148670673) reporting onPayloadTransferUpdate(1NpN, -4934896791876713112, IN_PROGRESS) [CONTEXT service_id=54 ]
07-02 20:31:52.353 22478 22478 V NearbyFragment: Transfer to 1NpN: 16%
07-02 20:31:52.360  5034 23181 I NearbyConnections: ClientProxy(148670673) reporting onPayloadTransferUpdate(1NpN, -4934896791876713112, IN_PROGRESS) [CONTEXT service_id=54 ]
07-02 20:31:52.361 22478 22478 V NearbyFragment: Transfer to 1NpN: 17%
07-02 20:31:52.367  5034 23181 I NearbyConnections: ClientProxy(148670673) reporting onPayloadTransferUpdate(1NpN, -4934896791876713112, IN_PROGRESS) [CONTEXT service_id=54 ]
07-02 20:31:52.368 22478 22478 V NearbyFragment: Transfer to 1NpN: 17%
07-02 20:31:52.373  5034 23181 I NearbyConnections: ClientProxy(148670673) reporting onPayloadTransferUpdate(1NpN, -4934896791876713112, IN_PROGRESS) [CONTEXT service_id=54 ]
07-02 20:31:52.374 22478 22478 V NearbyFragment: Transfer to 1NpN: 17%
07-02 20:31:52.379  5034 23181 I NearbyConnections: ClientProxy(148670673) reporting onPayloadTransferUpdate(1NpN, -4934896791876713112, IN_PROGRESS) [CONTEXT service_id=54 ]
07-02 20:31:52.380 22478 22478 V NearbyFragment: Transfer to 1NpN: 18%
07-02 20:31:52.385  5034 23181 I NearbyConnections: ClientProxy(148670673) reporting onPayloadTransferUpdate(1NpN, -4934896791876713112, IN_PROGRESS) [CONTEXT service_id=54 ]
07-02 20:31:52.385 22478 22478 V NearbyFragment: Transfer to 1NpN: 18%
07-02 20:31:52.390  5034 23181 I NearbyConnections: ClientProxy(148670673) reporting onPayloadTransferUpdate(1NpN, -4934896791876713112, IN_PROGRESS) [CONTEXT service_id=54 ]
07-02 20:31:52.391 22478 22478 V NearbyFragment: Transfer to 1NpN: 19%
07-02 20:31:52.395  5034 23181 I NearbyConnections: ClientProxy(148670673) reporting onPayloadTransferUpdate(1NpN, -4934896791876713112, IN_PROGRESS) [CONTEXT service_id=54 ]
07-02 20:31:52.396 22478 22478 V NearbyFragment: Transfer to 1NpN: 19%
07-02 20:31:52.402  5034 23181 I NearbyConnections: ClientProxy(148670673) reporting onPayloadTransferUpdate(1NpN, -4934896791876713112, IN_PROGRESS) [CONTEXT service_id=54 ]
07-02 20:31:52.403 22478 22478 V NearbyFragment: Transfer to 1NpN: 19%
07-02 20:31:52.407  5034 23181 I NearbyConnections: ClientProxy(148670673) reporting onPayloadTransferUpdate(1NpN, -4934896791876713112, IN_PROGRESS) [CONTEXT service_id=54 ]
07-02 20:31:52.408 22478 22478 V NearbyFragment: Transfer to 1NpN: 20%
07-02 20:31:52.412  5034 23181 I NearbyConnections: ClientProxy(148670673) reporting onPayloadTransferUpdate(1NpN, -4934896791876713112, IN_PROGRESS) [CONTEXT service_id=54 ]
07-02 20:31:52.413 22478 22478 V NearbyFragment: Transfer to 1NpN: 20%
07-02 20:31:52.417  5034 23181 I NearbyConnections: ClientProxy(148670673) reporting onPayloadTransferUpdate(1NpN, -4934896791876713112, IN_PROGRESS) [CONTEXT service_id=54 ]
07-02 20:31:52.418 22478 22478 V NearbyFragment: Transfer to 1NpN: 21%
07-02 20:31:52.422  5034 23181 I NearbyConnections: ClientProxy(148670673) reporting onPayloadTransferUpdate(1NpN, -4934896791876713112, IN_PROGRESS) [CONTEXT service_id=54 ]
07-02 20:31:52.422 22478 22478 V NearbyFragment: Transfer to 1NpN: 21%
07-02 20:31:52.425  5034 23181 I NearbyConnections: ClientProxy(148670673) reporting onPayloadTransferUpdate(1NpN, -4934896791876713112, IN_PROGRESS) [CONTEXT service_id=54 ]
07-02 20:31:52.426 22478 22478 V NearbyFragment: Transfer to 1NpN: 21%
07-02 20:31:52.429  5034 23181 I NearbyConnections: ClientProxy(148670673) reporting onPayloadTransferUpdate(1NpN, -4934896791876713112, IN_PROGRESS) [CONTEXT service_id=54 ]
07-02 20:31:52.430 22478 22478 V NearbyFragment: Transfer to 1NpN: 22%
07-02 20:31:52.432  5034 23181 I NearbyConnections: ClientProxy(148670673) reporting onPayloadTransferUpdate(1NpN, -4934896791876713112, IN_PROGRESS) [CONTEXT service_id=54 ]
07-02 20:31:52.433 22478 22478 V NearbyFragment: Transfer to 1NpN: 22%
07-02 20:31:52.435 22478 22478 V NearbyFragment: Transfer to 1NpN: 22%
07-02 20:31:52.435  5034 23181 I NearbyConnections: ClientProxy(148670673) reporting onPayloadTransferUpdate(1NpN, -4934896791876713112, IN_PROGRESS) [CONTEXT service_id=54 ]
07-02 20:31:52.437  5034 23181 I NearbyConnections: ClientProxy(148670673) reporting onPayloadTransferUpdate(1NpN, -4934896791876713112, IN_PROGRESS) [CONTEXT service_id=54 ]
07-02 20:31:52.438 22478 22478 V NearbyFragment: Transfer to 1NpN: 23%
07-02 20:31:52.441  5034 23181 I NearbyConnections: ClientProxy(148670673) reporting onPayloadTransferUpdate(1NpN, -4934896791876713112, IN_PROGRESS) [CONTEXT service_id=54 ]
07-02 20:31:52.441 22478 22478 V NearbyFragment: Transfer to 1NpN: 23%
07-02 20:31:52.443  5034 23181 I NearbyConnections: ClientProxy(148670673) reporting onPayloadTransferUpdate(1NpN, -4934896791876713112, IN_PROGRESS) [CONTEXT service_id=54 ]
07-02 20:31:52.444 22478 22478 V NearbyFragment: Transfer to 1NpN: 24%
07-02 20:31:52.445  5034 23181 I NearbyConnections: ClientProxy(148670673) reporting onPayloadTransferUpdate(1NpN, -4934896791876713112, IN_PROGRESS) [CONTEXT service_id=54 ]
07-02 20:31:52.446 22478 22478 V NearbyFragment: Transfer to 1NpN: 24%
07-02 20:31:52.495  5034 23181 I NearbyConnections: ClientProxy(148670673) reporting onPayloadTransferUpdate(1NpN, -4934896791876713112, IN_PROGRESS) [CONTEXT service_id=54 ]
07-02 20:31:52.497 22478 22478 V NearbyFragment: Transfer to 1NpN: 24%
07-02 20:31:52.502  5034 23181 I NearbyConnections: ClientProxy(148670673) reporting onPayloadTransferUpdate(1NpN, -4934896791876713112, IN_PROGRESS) [CONTEXT service_id=54 ]
07-02 20:31:52.503 22478 22478 V NearbyFragment: Transfer to 1NpN: 25%
07-02 20:31:52.507  5034 23181 I NearbyConnections: ClientProxy(148670673) reporting onPayloadTransferUpdate(1NpN, -4934896791876713112, IN_PROGRESS) [CONTEXT service_id=54 ]
07-02 20:31:52.509 22478 22478 V NearbyFragment: Transfer to 1NpN: 25%
07-02 20:31:52.514  5034 23181 I NearbyConnections: ClientProxy(148670673) reporting onPayloadTransferUpdate(1NpN, -4934896791876713112, IN_PROGRESS) [CONTEXT service_id=54 ]
07-02 20:31:52.516 22478 22478 V NearbyFragment: Transfer to 1NpN: 26%
07-02 20:31:52.519  5034 23181 I NearbyConnections: ClientProxy(148670673) reporting onPayloadTransferUpdate(1NpN, -4934896791876713112, IN_PROGRESS) [CONTEXT service_id=54 ]
07-02 20:31:52.521 22478 22478 V NearbyFragment: Transfer to 1NpN: 26%
07-02 20:31:52.523  5034 23181 I NearbyConnections: ClientProxy(148670673) reporting onPayloadTransferUpdate(1NpN, -4934896791876713112, IN_PROGRESS) [CONTEXT service_id=54 ]
07-02 20:31:52.525 22478 22478 V NearbyFragment: Transfer to 1NpN: 26%
07-02 20:31:52.527  5034 23181 I NearbyConnections: ClientProxy(148670673) reporting onPayloadTransferUpdate(1NpN, -4934896791876713112, IN_PROGRESS) [CONTEXT service_id=54 ]
07-02 20:31:52.528 22478 22478 V NearbyFragment: Transfer to 1NpN: 27%
07-02 20:31:52.531  5034 23181 I NearbyConnections: ClientProxy(148670673) reporting onPayloadTransferUpdate(1NpN, -4934896791876713112, IN_PROGRESS) [CONTEXT service_id=54 ]
07-02 20:31:52.531 22478 22478 V NearbyFragment: Transfer to 1NpN: 27%
07-02 20:31:52.534  5034 23181 I NearbyConnections: ClientProxy(148670673) reporting onPayloadTransferUpdate(1NpN, -4934896791876713112, IN_PROGRESS) [CONTEXT service_id=54 ]
07-02 20:31:52.536 22478 22478 V NearbyFragment: Transfer to 1NpN: 28%
07-02 20:31:52.537  5034 23181 I NearbyConnections: ClientProxy(148670673) reporting onPayloadTransferUpdate(1NpN, -4934896791876713112, IN_PROGRESS) [CONTEXT service_id=54 ]
07-02 20:31:52.538 22478 22478 V NearbyFragment: Transfer to 1NpN: 28%
07-02 20:31:52.541  5034 23181 I NearbyConnections: ClientProxy(148670673) reporting onPayloadTransferUpdate(1NpN, -4934896791876713112, IN_PROGRESS) [CONTEXT service_id=54 ]
07-02 20:31:52.545 22478 22478 V NearbyFragment: Transfer to 1NpN: 28%
07-02 20:31:52.545  5034 23181 I NearbyConnections: ClientProxy(148670673) reporting onPayloadTransferUpdate(1NpN, -4934896791876713112, IN_PROGRESS) [CONTEXT service_id=54 ]
07-02 20:31:52.545 22478 22478 V NearbyFragment: Transfer to 1NpN: 29%
07-02 20:31:52.548  5034 23181 I NearbyConnections: ClientProxy(148670673) reporting onPayloadTransferUpdate(1NpN, -4934896791876713112, IN_PROGRESS) [CONTEXT service_id=54 ]
07-02 20:31:52.549 22478 22478 V NearbyFragment: Transfer to 1NpN: 29%
07-02 20:31:52.553  5034 23181 I NearbyConnections: ClientProxy(148670673) reporting onPayloadTransferUpdate(1NpN, -4934896791876713112, IN_PROGRESS) [CONTEXT service_id=54 ]
07-02 20:31:52.553 22478 22478 V NearbyFragment: Transfer to 1NpN: 29%
07-02 20:31:52.556  5034 23181 I NearbyConnections: ClientProxy(148670673) reporting onPayloadTransferUpdate(1NpN, -4934896791876713112, IN_PROGRESS) [CONTEXT service_id=54 ]
07-02 20:31:52.556 22478 22478 V NearbyFragment: Transfer to 1NpN: 30%
07-02 20:31:52.559  5034 23181 I NearbyConnections: ClientProxy(148670673) reporting onPayloadTransferUpdate(1NpN, -4934896791876713112, IN_PROGRESS) [CONTEXT service_id=54 ]
07-02 20:31:52.560 22478 22478 V NearbyFragment: Transfer to 1NpN: 30%
07-02 20:31:52.563  5034 23181 I NearbyConnections: ClientProxy(148670673) reporting onPayloadTransferUpdate(1NpN, -4934896791876713112, IN_PROGRESS) [CONTEXT service_id=54 ]
07-02 20:31:52.563 22478 22478 V NearbyFragment: Transfer to 1NpN: 31%
07-02 20:31:52.566 22478 22478 V NearbyFragment: Transfer to 1NpN: 31%
07-02 20:31:52.566  5034 23181 I NearbyConnections: ClientProxy(148670673) reporting onPayloadTransferUpdate(1NpN, -4934896791876713112, IN_PROGRESS) [CONTEXT service_id=54 ]
07-02 20:31:52.569  5034 23181 I NearbyConnections: ClientProxy(148670673) reporting onPayloadTransferUpdate(1NpN, -4934896791876713112, IN_PROGRESS) [CONTEXT service_id=54 ]
07-02 20:31:52.570 22478 22478 V NearbyFragment: Transfer to 1NpN: 31%
07-02 20:31:52.573 22478 22478 V NearbyFragment: Transfer to 1NpN: 32%
07-02 20:31:52.573  5034 23181 I NearbyConnections: ClientProxy(148670673) reporting onPayloadTransferUpdate(1NpN, -4934896791876713112, IN_PROGRESS) [CONTEXT service_id=54 ]
07-02 20:31:52.583 22478 22478 V NearbyFragment: Transfer to 1NpN: 32%
07-02 20:31:52.585  5034 23181 I NearbyConnections: ClientProxy(148670673) reporting onPayloadTransferUpdate(1NpN, -4934896791876713112, IN_PROGRESS) [CONTEXT service_id=54 ]
07-02 20:31:52.585  5034 23181 I NearbyConnections: ClientProxy(148670673) reporting onPayloadTransferUpdate(1NpN, -4934896791876713112, IN_PROGRESS) [CONTEXT service_id=54 ]
07-02 20:31:52.586 22478 22478 V NearbyFragment: Transfer to 1NpN: 33%
07-02 20:31:52.586  3574  4120 D bauth_FPBAuthService: pcf : 0x1012, 0 ,2 ,0 ,0 ,0 ,2,
07-02 20:31:52.586  3574  4120 D bauth_FPBAuthService: thread id : 2, preenroll_flag : 0, nd cnt : 1, cso : 0, et : 0
07-02 20:31:52.586  3574  4120 D bauth_FPBAuthService: FPBAuthService, 9983
07-02 20:31:52.587  5034 23181 I NearbyConnections: ClientProxy(148670673) reporting onPayloadTransferUpdate(1NpN, -4934896791876713112, IN_PROGRESS) [CONTEXT service_id=54 ]
07-02 20:31:52.587 22478 22478 V NearbyFragment: Transfer to 1NpN: 33%
07-02 20:31:52.589 22478 22478 V NearbyFragment: Transfer to 1NpN: 33%
07-02 20:31:52.590  5034 23181 I NearbyConnections: ClientProxy(148670673) reporting onPayloadTransferUpdate(1NpN, -4934896791876713112, IN_PROGRESS) [CONTEXT service_id=54 ]
07-02 20:31:52.591  5034 23181 I NearbyConnections: ClientProxy(148670673) reporting onPayloadTransferUpdate(1NpN, -4934896791876713112, IN_PROGRESS) [CONTEXT service_id=54 ]
07-02 20:31:52.592 22478 22478 V NearbyFragment: Transfer to 1NpN: 34%
07-02 20:31:52.594  5034 23181 I NearbyConnections: ClientProxy(148670673) reporting onPayloadTransferUpdate(1NpN, -4934896791876713112, IN_PROGRESS) [CONTEXT service_id=54 ]
07-02 20:31:52.595 22478 22478 V NearbyFragment: Transfer to 1NpN: 34%
07-02 20:31:52.633  5034 23181 I NearbyConnections: ClientProxy(148670673) reporting onPayloadTransferUpdate(1NpN, -4934896791876713112, IN_PROGRESS) [CONTEXT service_id=54 ]
07-02 20:31:52.634 22478 22478 V NearbyFragment: Transfer to 1NpN: 35%
07-02 20:31:52.638  5034 23181 I NearbyConnections: ClientProxy(148670673) reporting onPayloadTransferUpdate(1NpN, -4934896791876713112, IN_PROGRESS) [CONTEXT service_id=54 ]
07-02 20:31:52.639 22478 22478 V NearbyFragment: Transfer to 1NpN: 35%
07-02 20:31:52.642  5034 23181 I NearbyConnections: ClientProxy(148670673) reporting onPayloadTransferUpdate(1NpN, -4934896791876713112, IN_PROGRESS) [CONTEXT service_id=54 ]
07-02 20:31:52.643 22478 22478 V NearbyFragment: Transfer to 1NpN: 35%
07-02 20:31:52.644  5034 23181 I NearbyConnections: ClientProxy(148670673) reporting onPayloadTransferUpdate(1NpN, -4934896791876713112, IN_PROGRESS) [CONTEXT service_id=54 ]
07-02 20:31:52.645 22478 22478 V NearbyFragment: Transfer to 1NpN: 36%
07-02 20:31:52.648  5034 23181 I NearbyConnections: ClientProxy(148670673) reporting onPayloadTransferUpdate(1NpN, -4934896791876713112, IN_PROGRESS) [CONTEXT service_id=54 ]
07-02 20:31:52.649 22478 22478 V NearbyFragment: Transfer to 1NpN: 36%
07-02 20:31:52.652  5034 23181 I NearbyConnections: ClientProxy(148670673) reporting onPayloadTransferUpdate(1NpN, -4934896791876713112, IN_PROGRESS) [CONTEXT service_id=54 ]
07-02 20:31:52.652 22478 22478 V NearbyFragment: Transfer to 1NpN: 36%
07-02 20:31:52.656  5034 23181 I NearbyConnections: ClientProxy(148670673) reporting onPayloadTransferUpdate(1NpN, -4934896791876713112, IN_PROGRESS) [CONTEXT service_id=54 ]
07-02 20:31:52.657 22478 22478 V NearbyFragment: Transfer to 1NpN: 37%
07-02 20:31:52.662  5034 23181 I NearbyConnections: ClientProxy(148670673) reporting onPayloadTransferUpdate(1NpN, -4934896791876713112, IN_PROGRESS) [CONTEXT service_id=54 ]
07-02 20:31:52.663 22478 22478 V NearbyFragment: Transfer to 1NpN: 37%
07-02 20:31:52.671  5034 23181 I NearbyConnections: ClientProxy(148670673) reporting onPayloadTransferUpdate(1NpN, -4934896791876713112, IN_PROGRESS) [CONTEXT service_id=54 ]
07-02 20:31:52.672 22478 22478 V NearbyFragment: Transfer to 1NpN: 38%
07-02 20:31:52.686  5034 23181 I NearbyConnections: ClientProxy(148670673) reporting onPayloadTransferUpdate(1NpN, -4934896791876713112, IN_PROGRESS) [CONTEXT service_id=54 ]
07-02 20:31:52.687  5034  5047 I gle.android.gm: Background concurrent copying GC freed 20680(737KB) AllocSpace objects, 440(29MB) LOS objects, 46% free, 27MB/51MB, paused 281us total 139.443ms
07-02 20:31:52.687 22478 22478 V NearbyFragment: Transfer to 1NpN: 38%
07-02 20:31:52.690  5034 23181 I NearbyConnections: ClientProxy(148670673) reporting onPayloadTransferUpdate(1NpN, -4934896791876713112, IN_PROGRESS) [CONTEXT service_id=54 ]
07-02 20:31:52.691 22478 22478 V NearbyFragment: Transfer to 1NpN: 38%
07-02 20:31:52.692  5034 23181 I NearbyConnections: ClientProxy(148670673) reporting onPayloadTransferUpdate(1NpN, -4934896791876713112, IN_PROGRESS) [CONTEXT service_id=54 ]
07-02 20:31:52.693 22478 22478 V NearbyFragment: Transfer to 1NpN: 39%
07-02 20:31:52.694  5034 23181 I NearbyConnections: ClientProxy(148670673) reporting onPayloadTransferUpdate(1NpN, -4934896791876713112, IN_PROGRESS) [CONTEXT service_id=54 ]
07-02 20:31:52.695 22478 22478 V NearbyFragment: Transfer to 1NpN: 39%
07-02 20:31:52.746  5034 23181 I NearbyConnections: ClientProxy(148670673) reporting onPayloadTransferUpdate(1NpN, -4934896791876713112, IN_PROGRESS) [CONTEXT service_id=54 ]
07-02 20:31:52.746 22478 22478 V NearbyFragment: Transfer to 1NpN: 40%
07-02 20:31:52.751  5034 23181 I NearbyConnections: ClientProxy(148670673) reporting onPayloadTransferUpdate(1NpN, -4934896791876713112, IN_PROGRESS) [CONTEXT service_id=54 ]
07-02 20:31:52.752 22478 22478 V NearbyFragment: Transfer to 1NpN: 40%
07-02 20:31:52.756  5034 23181 I NearbyConnections: ClientProxy(148670673) reporting onPayloadTransferUpdate(1NpN, -4934896791876713112, IN_PROGRESS) [CONTEXT service_id=54 ]
07-02 20:31:52.756 22478 22478 V NearbyFragment: Transfer to 1NpN: 40%
07-02 20:31:52.760  5034 23181 I NearbyConnections: ClientProxy(148670673) reporting onPayloadTransferUpdate(1NpN, -4934896791876713112, IN_PROGRESS) [CONTEXT service_id=54 ]
07-02 20:31:52.762 22478 22478 V NearbyFragment: Transfer to 1NpN: 41%
07-02 20:31:52.765  5034 23181 I NearbyConnections: ClientProxy(148670673) reporting onPayloadTransferUpdate(1NpN, -4934896791876713112, IN_PROGRESS) [CONTEXT service_id=54 ]
07-02 20:31:52.766 22478 22478 V NearbyFragment: Transfer to 1NpN: 41%
07-02 20:31:52.770  5034 23181 I NearbyConnections: ClientProxy(148670673) reporting onPayloadTransferUpdate(1NpN, -4934896791876713112, IN_PROGRESS) [CONTEXT service_id=54 ]
07-02 20:31:52.771 22478 22478 V NearbyFragment: Transfer to 1NpN: 42%
07-02 20:31:52.775  5034 23181 I NearbyConnections: ClientProxy(148670673) reporting onPayloadTransferUpdate(1NpN, -4934896791876713112, IN_PROGRESS) [CONTEXT service_id=54 ]
07-02 20:31:52.776 22478 22478 V NearbyFragment: Transfer to 1NpN: 42%
07-02 20:31:52.780  5034 23181 I NearbyConnections: ClientProxy(148670673) reporting onPayloadTransferUpdate(1NpN, -4934896791876713112, IN_PROGRESS) [CONTEXT service_id=54 ]
07-02 20:31:52.781 22478 22478 V NearbyFragment: Transfer to 1NpN: 42%
07-02 20:31:52.785  5034 23181 I NearbyConnections: ClientProxy(148670673) reporting onPayloadTransferUpdate(1NpN, -4934896791876713112, IN_PROGRESS) [CONTEXT service_id=54 ]
07-02 20:31:52.786 22478 22478 V NearbyFragment: Transfer to 1NpN: 43%
07-02 20:31:52.790  5034 23181 I NearbyConnections: ClientProxy(148670673) reporting onPayloadTransferUpdate(1NpN, -4934896791876713112, IN_PROGRESS) [CONTEXT service_id=54 ]
07-02 20:31:52.790 22478 22478 V NearbyFragment: Transfer to 1NpN: 43%
07-02 20:31:52.794  5034 23181 I NearbyConnections: ClientProxy(148670673) reporting onPayloadTransferUpdate(1NpN, -4934896791876713112, IN_PROGRESS) [CONTEXT service_id=54 ]
07-02 20:31:52.795 22478 22478 V NearbyFragment: Transfer to 1NpN: 43%
07-02 20:31:52.799  5034 23181 I NearbyConnections: ClientProxy(148670673) reporting onPayloadTransferUpdate(1NpN, -4934896791876713112, IN_PROGRESS) [CONTEXT service_id=54 ]
07-02 20:31:52.800 22478 22478 V NearbyFragment: Transfer to 1NpN: 44%
07-02 20:31:52.804  5034 23181 I NearbyConnections: ClientProxy(148670673) reporting onPayloadTransferUpdate(1NpN, -4934896791876713112, IN_PROGRESS) [CONTEXT service_id=54 ]
07-02 20:31:52.805 22478 22478 V NearbyFragment: Transfer to 1NpN: 44%
07-02 20:31:52.810  5034 23181 I NearbyConnections: ClientProxy(148670673) reporting onPayloadTransferUpdate(1NpN, -4934896791876713112, IN_PROGRESS) [CONTEXT service_id=54 ]
07-02 20:31:52.811 22478 22478 V NearbyFragment: Transfer to 1NpN: 45%
07-02 20:31:52.814  5034 23181 I NearbyConnections: ClientProxy(148670673) reporting onPayloadTransferUpdate(1NpN, -4934896791876713112, IN_PROGRESS) [CONTEXT service_id=54 ]
07-02 20:31:52.814 22478 22478 V NearbyFragment: Transfer to 1NpN: 45%
07-02 20:31:52.818  5034 23181 I NearbyConnections: ClientProxy(148670673) reporting onPayloadTransferUpdate(1NpN, -4934896791876713112, IN_PROGRESS) [CONTEXT service_id=54 ]
07-02 20:31:52.819 22478 22478 V NearbyFragment: Transfer to 1NpN: 45%
07-02 20:31:52.825  5034 23181 I NearbyConnections: ClientProxy(148670673) reporting onPayloadTransferUpdate(1NpN, -4934896791876713112, IN_PROGRESS) [CONTEXT service_id=54 ]
07-02 20:31:52.825 22478 22478 V NearbyFragment: Transfer to 1NpN: 46%
07-02 20:31:52.829  5034 23181 I NearbyConnections: ClientProxy(148670673) reporting onPayloadTransferUpdate(1NpN, -4934896791876713112, IN_PROGRESS) [CONTEXT service_id=54 ]
07-02 20:31:52.830 22478 22478 V NearbyFragment: Transfer to 1NpN: 46%
07-02 20:31:52.834  5034 23181 I NearbyConnections: ClientProxy(148670673) reporting onPayloadTransferUpdate(1NpN, -4934896791876713112, IN_PROGRESS) [CONTEXT service_id=54 ]
07-02 20:31:52.835 22478 22478 V NearbyFragment: Transfer to 1NpN: 47%
07-02 20:31:52.836 22478 22862 V DownloadTestVideosTask: Starting DownloadTestVideosTask
07-02 20:31:52.839  5034 23181 I NearbyConnections: ClientProxy(148670673) reporting onPayloadTransferUpdate(1NpN, -4934896791876713112, IN_PROGRESS) [CONTEXT service_id=54 ]
07-02 20:31:52.839 22478 22478 V NearbyFragment: Transfer to 1NpN: 47%
07-02 20:31:52.843  5034 23181 I NearbyConnections: ClientProxy(148670673) reporting onPayloadTransferUpdate(1NpN, -4934896791876713112, IN_PROGRESS) [CONTEXT service_id=54 ]
07-02 20:31:52.844 22478 22478 V NearbyFragment: Transfer to 1NpN: 47%
07-02 20:31:52.848  5034 23181 I NearbyConnections: ClientProxy(148670673) reporting onPayloadTransferUpdate(1NpN, -4934896791876713112, IN_PROGRESS) [CONTEXT service_id=54 ]
07-02 20:31:52.848 22478 22478 V NearbyFragment: Transfer to 1NpN: 48%
07-02 20:31:52.848 22478 22862 V DashDownloadManager: Started downloading: 20200312_193628.mp4
07-02 20:31:52.852  5034 23181 I NearbyConnections: ClientProxy(148670673) reporting onPayloadTransferUpdate(1NpN, -4934896791876713112, IN_PROGRESS) [CONTEXT service_id=54 ]
07-02 20:31:52.853 22478 22478 V NearbyFragment: Transfer to 1NpN: 48%
07-02 20:31:52.856  5034 23181 I NearbyConnections: ClientProxy(148670673) reporting onPayloadTransferUpdate(1NpN, -4934896791876713112, IN_PROGRESS) [CONTEXT service_id=54 ]
07-02 20:31:52.857 22478 22478 V NearbyFragment: Transfer to 1NpN: 49%
07-02 20:31:52.861  5034 23181 I NearbyConnections: ClientProxy(148670673) reporting onPayloadTransferUpdate(1NpN, -4934896791876713112, IN_PROGRESS) [CONTEXT service_id=54 ]
07-02 20:31:52.861 22478 22478 V NearbyFragment: Transfer to 1NpN: 49%
07-02 20:31:52.865  5034 23181 I NearbyConnections: ClientProxy(148670673) reporting onPayloadTransferUpdate(1NpN, -4934896791876713112, IN_PROGRESS) [CONTEXT service_id=54 ]
07-02 20:31:52.866 22478 22478 V NearbyFragment: Transfer to 1NpN: 49%
07-02 20:31:52.866 22478 22862 I System.out: (HTTPLog)-Static: isSBSettingEnabled false
07-02 20:31:52.868 22478 22862 I System.out: (HTTPLog)-Static: isSBSettingEnabled false
07-02 20:31:52.870  5034 23181 I NearbyConnections: ClientProxy(148670673) reporting onPayloadTransferUpdate(1NpN, -4934896791876713112, IN_PROGRESS) [CONTEXT service_id=54 ]
07-02 20:31:52.871 22478 22478 V NearbyFragment: Transfer to 1NpN: 50%
07-02 20:31:52.875  5034 23181 I NearbyConnections: ClientProxy(148670673) reporting onPayloadTransferUpdate(1NpN, -4934896791876713112, IN_PROGRESS) [CONTEXT service_id=54 ]
07-02 20:31:52.876 22478 22478 V NearbyFragment: Transfer to 1NpN: 50%
07-02 20:31:52.879  5034 23181 I NearbyConnections: ClientProxy(148670673) reporting onPayloadTransferUpdate(1NpN, -4934896791876713112, IN_PROGRESS) [CONTEXT service_id=54 ]
07-02 20:31:52.880 22478 22478 V NearbyFragment: Transfer to 1NpN: 51%
07-02 20:31:52.883  5034 23181 I NearbyConnections: ClientProxy(148670673) reporting onPayloadTransferUpdate(1NpN, -4934896791876713112, IN_PROGRESS) [CONTEXT service_id=54 ]
07-02 20:31:52.884 22478 22478 V NearbyFragment: Transfer to 1NpN: 51%
07-02 20:31:52.887  5034 23181 I NearbyConnections: ClientProxy(148670673) reporting onPayloadTransferUpdate(1NpN, -4934896791876713112, IN_PROGRESS) [CONTEXT service_id=54 ]
07-02 20:31:52.888 22478 22478 V NearbyFragment: Transfer to 1NpN: 51%
07-02 20:31:52.891  5034 23181 I NearbyConnections: ClientProxy(148670673) reporting onPayloadTransferUpdate(1NpN, -4934896791876713112, IN_PROGRESS) [CONTEXT service_id=54 ]
07-02 20:31:52.892 22478 22478 V NearbyFragment: Transfer to 1NpN: 52%
07-02 20:31:52.896  5034 23181 I NearbyConnections: ClientProxy(148670673) reporting onPayloadTransferUpdate(1NpN, -4934896791876713112, IN_PROGRESS) [CONTEXT service_id=54 ]
07-02 20:31:52.896 22478 22478 V NearbyFragment: Transfer to 1NpN: 52%
07-02 20:31:52.899  5034 23181 I NearbyConnections: ClientProxy(148670673) reporting onPayloadTransferUpdate(1NpN, -4934896791876713112, IN_PROGRESS) [CONTEXT service_id=54 ]
07-02 20:31:52.900 22478 22478 V NearbyFragment: Transfer to 1NpN: 52%
07-02 20:31:52.902  5034 23181 I NearbyConnections: ClientProxy(148670673) reporting onPayloadTransferUpdate(1NpN, -4934896791876713112, IN_PROGRESS) [CONTEXT service_id=54 ]
07-02 20:31:52.903 22478 22478 V NearbyFragment: Transfer to 1NpN: 53%
07-02 20:31:52.905 22478 22478 V NearbyFragment: Transfer to 1NpN: 53%
07-02 20:31:52.905  5034 23181 I NearbyConnections: ClientProxy(148670673) reporting onPayloadTransferUpdate(1NpN, -4934896791876713112, IN_PROGRESS) [CONTEXT service_id=54 ]
07-02 20:31:53.023  5034  5047 I gle.android.gm: Background concurrent copying GC freed 25085(858KB) AllocSpace objects, 558(37MB) LOS objects, 49% free, 14MB/28MB, paused 134us total 119.429ms
07-02 20:31:53.083 22478 22862 I System.out: (HTTPLog)-Thread-1917-180589862: getTransferStream : ContentLength=69990400, method=GET, HTTPVersion=http/1.1
07-02 20:31:53.084  3825  4152 D ConnectivityService: filterNetworkStateForUid() uid: 1000, pid: 3825
07-02 20:31:53.084  3825  4152 D ConnectivityService: filterNetworkStateForUid() uid: 1000, pid: 3825, networkInfo: [type: WIFI[], state: CONNECTED/CONNECTED, reason: (unspecified), extra: (none), failover: false, available: true, roaming: false]
07-02 20:31:53.085  3825  4152 W ContextImpl: Calling a method in the system process without a qualified user: android.app.ContextImpl.sendBroadcast:1067 android.content.ContextWrapper.sendBroadcast:449 com.samsung.android.smartbonding.SmartBondingService.sendBigDataInfo:3419 com.samsung.android.smartbonding.SmartBondingService$SmartBondingHandler.handleMessage:643 android.os.Handler.dispatchMessage:106
07-02 20:31:53.087  3825  3825 D MDC     : onReceive com.samsung.intent.action.BIG_DATA_MOBILE_DATA
07-02 20:31:53.087  3825  3825 D MDC     : onReceive com.samsung.intent.action.BIG_DATA_MOBILE_DATA category = DOWN
07-02 20:31:53.087  3825  3851 I MDC     : handleMessage DownloadInfo isdb = 0, netw = 1, size = 4
07-02 20:31:53.087  3825  3851 D MDC     : [DSTA] mDownloadList.size() : 6
07-02 20:31:53.092  3825  3851 D MDC     : operator = [000000]
07-02 20:31:53.092  3825  3851 D ConnectivityService: filterNetworkStateForUid() uid: 1000, pid: 3825
07-02 20:31:53.092  3825  3851 D ConnectivityService: filterNetworkStateForUid() uid: 1000, pid: 3825, networkInfo: [type: WIFI[], state: CONNECTED/CONNECTED, reason: (unspecified), extra: (none), failover: false, available: true, roaming: false]
07-02 20:31:53.092  3825  3851 I MDC     : (000000,80,0,1,4)
07-02 20:31:53.096  5034 23181 I NearbyConnections: ClientProxy(148670673) reporting onPayloadTransferUpdate(1NpN, -4934896791876713112, IN_PROGRESS) [CONTEXT service_id=54 ]
07-02 20:31:53.097 22478 22478 V NearbyFragment: Transfer to 1NpN: 54%
07-02 20:31:53.103  5034 23181 I NearbyConnections: ClientProxy(148670673) reporting onPayloadTransferUpdate(1NpN, -4934896791876713112, IN_PROGRESS) [CONTEXT service_id=54 ]
07-02 20:31:53.104 22478 22478 V NearbyFragment: Transfer to 1NpN: 54%
07-02 20:31:53.108  5034 23181 I NearbyConnections: ClientProxy(148670673) reporting onPayloadTransferUpdate(1NpN, -4934896791876713112, IN_PROGRESS) [CONTEXT service_id=54 ]
07-02 20:31:53.108 22478 22478 V NearbyFragment: Transfer to 1NpN: 54%
07-02 20:31:53.112  5034 23181 I NearbyConnections: ClientProxy(148670673) reporting onPayloadTransferUpdate(1NpN, -4934896791876713112, IN_PROGRESS) [CONTEXT service_id=54 ]
07-02 20:31:53.113 22478 22478 V NearbyFragment: Transfer to 1NpN: 55%
07-02 20:31:53.115  5034 23181 I NearbyConnections: ClientProxy(148670673) reporting onPayloadTransferUpdate(1NpN, -4934896791876713112, IN_PROGRESS) [CONTEXT service_id=54 ]
07-02 20:31:53.116 22478 22478 V NearbyFragment: Transfer to 1NpN: 55%
07-02 20:31:53.121  5034 23181 I NearbyConnections: ClientProxy(148670673) reporting onPayloadTransferUpdate(1NpN, -4934896791876713112, IN_PROGRESS) [CONTEXT service_id=54 ]
07-02 20:31:53.122 22478 22478 V NearbyFragment: Transfer to 1NpN: 56%
07-02 20:31:53.126  5034 23181 I NearbyConnections: ClientProxy(148670673) reporting onPayloadTransferUpdate(1NpN, -4934896791876713112, IN_PROGRESS) [CONTEXT service_id=54 ]
07-02 20:31:53.127 22478 22478 V NearbyFragment: Transfer to 1NpN: 56%
07-02 20:31:53.133  5034 23181 I NearbyConnections: ClientProxy(148670673) reporting onPayloadTransferUpdate(1NpN, -4934896791876713112, IN_PROGRESS) [CONTEXT service_id=54 ]
07-02 20:31:53.133 22478 22478 V NearbyFragment: Transfer to 1NpN: 56%
07-02 20:31:53.138  5034 23181 I NearbyConnections: ClientProxy(148670673) reporting onPayloadTransferUpdate(1NpN, -4934896791876713112, IN_PROGRESS) [CONTEXT service_id=54 ]
07-02 20:31:53.139 22478 22478 V NearbyFragment: Transfer to 1NpN: 57%
07-02 20:31:53.143  5034 23181 I NearbyConnections: ClientProxy(148670673) reporting onPayloadTransferUpdate(1NpN, -4934896791876713112, IN_PROGRESS) [CONTEXT service_id=54 ]
07-02 20:31:53.143 22478 22478 V NearbyFragment: Transfer to 1NpN: 57%
07-02 20:31:53.147  5034 23181 I NearbyConnections: ClientProxy(148670673) reporting onPayloadTransferUpdate(1NpN, -4934896791876713112, IN_PROGRESS) [CONTEXT service_id=54 ]
07-02 20:31:53.148 22478 22478 V NearbyFragment: Transfer to 1NpN: 58%
07-02 20:31:53.152  5034 23181 I NearbyConnections: ClientProxy(148670673) reporting onPayloadTransferUpdate(1NpN, -4934896791876713112, IN_PROGRESS) [CONTEXT service_id=54 ]
07-02 20:31:53.153 22478 22478 V NearbyFragment: Transfer to 1NpN: 58%
07-02 20:31:53.157  5034 23181 I NearbyConnections: ClientProxy(148670673) reporting onPayloadTransferUpdate(1NpN, -4934896791876713112, IN_PROGRESS) [CONTEXT service_id=54 ]
07-02 20:31:53.158 22478 22478 V NearbyFragment: Transfer to 1NpN: 58%
07-02 20:31:53.160  5034 23181 I NearbyConnections: ClientProxy(148670673) reporting onPayloadTransferUpdate(1NpN, -4934896791876713112, IN_PROGRESS) [CONTEXT service_id=54 ]
07-02 20:31:53.161 22478 22478 V NearbyFragment: Transfer to 1NpN: 59%
07-02 20:31:53.166  5034 23181 I NearbyConnections: ClientProxy(148670673) reporting onPayloadTransferUpdate(1NpN, -4934896791876713112, IN_PROGRESS) [CONTEXT service_id=54 ]
07-02 20:31:53.167 22478 22478 V NearbyFragment: Transfer to 1NpN: 59%
07-02 20:31:53.172  5034 23181 I NearbyConnections: ClientProxy(148670673) reporting onPayloadTransferUpdate(1NpN, -4934896791876713112, IN_PROGRESS) [CONTEXT service_id=54 ]
07-02 20:31:53.173 22478 22478 V NearbyFragment: Transfer to 1NpN: 59%
07-02 20:31:53.177  5034 23181 I NearbyConnections: ClientProxy(148670673) reporting onPayloadTransferUpdate(1NpN, -4934896791876713112, IN_PROGRESS) [CONTEXT service_id=54 ]
07-02 20:31:53.178 22478 22478 V NearbyFragment: Transfer to 1NpN: 60%
07-02 20:31:53.182  5034 23181 I NearbyConnections: ClientProxy(148670673) reporting onPayloadTransferUpdate(1NpN, -4934896791876713112, IN_PROGRESS) [CONTEXT service_id=54 ]
07-02 20:31:53.183 22478 22478 V NearbyFragment: Transfer to 1NpN: 60%
07-02 20:31:53.187  5034 23181 I NearbyConnections: ClientProxy(148670673) reporting onPayloadTransferUpdate(1NpN, -4934896791876713112, IN_PROGRESS) [CONTEXT service_id=54 ]
07-02 20:31:53.187 22478 22478 V NearbyFragment: Transfer to 1NpN: 61%
07-02 20:31:53.191  5034 23181 I NearbyConnections: ClientProxy(148670673) reporting onPayloadTransferUpdate(1NpN, -4934896791876713112, IN_PROGRESS) [CONTEXT service_id=54 ]
07-02 20:31:53.192 22478 22478 V NearbyFragment: Transfer to 1NpN: 61%
07-02 20:31:53.195  5034 23181 I NearbyConnections: ClientProxy(148670673) reporting onPayloadTransferUpdate(1NpN, -4934896791876713112, IN_PROGRESS) [CONTEXT service_id=54 ]
07-02 20:31:53.196 22478 22478 V NearbyFragment: Transfer to 1NpN: 61%
07-02 20:31:53.200  5034 23181 I NearbyConnections: ClientProxy(148670673) reporting onPayloadTransferUpdate(1NpN, -4934896791876713112, IN_PROGRESS) [CONTEXT service_id=54 ]
07-02 20:31:53.201 22478 22478 V NearbyFragment: Transfer to 1NpN: 62%
07-02 20:31:53.205  5034 23181 I NearbyConnections: ClientProxy(148670673) reporting onPayloadTransferUpdate(1NpN, -4934896791876713112, IN_PROGRESS) [CONTEXT service_id=54 ]
07-02 20:31:53.205 22478 22478 V NearbyFragment: Transfer to 1NpN: 62%
07-02 20:31:53.211  5034 23181 I NearbyConnections: ClientProxy(148670673) reporting onPayloadTransferUpdate(1NpN, -4934896791876713112, IN_PROGRESS) [CONTEXT service_id=54 ]
07-02 20:31:53.212 22478 22478 V NearbyFragment: Transfer to 1NpN: 63%
07-02 20:31:53.214  5034 23181 I NearbyConnections: ClientProxy(148670673) reporting onPayloadTransferUpdate(1NpN, -4934896791876713112, IN_PROGRESS) [CONTEXT service_id=54 ]
07-02 20:31:53.215 22478 22478 V NearbyFragment: Transfer to 1NpN: 63%
07-02 20:31:53.311  5034 23181 I NearbyConnections: ClientProxy(148670673) reporting onPayloadTransferUpdate(1NpN, -4934896791876713112, IN_PROGRESS) [CONTEXT service_id=54 ]
07-02 20:31:53.311 22478 22478 V NearbyFragment: Transfer to 1NpN: 63%
07-02 20:31:53.317  5034 23181 I NearbyConnections: ClientProxy(148670673) reporting onPayloadTransferUpdate(1NpN, -4934896791876713112, IN_PROGRESS) [CONTEXT service_id=54 ]
07-02 20:31:53.317 22478 22478 V NearbyFragment: Transfer to 1NpN: 64%
07-02 20:31:53.325  5034  5047 I gle.android.gm: Background concurrent copying GC freed 11071(384KB) AllocSpace objects, 208(13MB) LOS objects, 49% free, 16MB/32MB, paused 623us total 120.272ms
07-02 20:31:53.330  5034 23181 I NearbyConnections: ClientProxy(148670673) reporting onPayloadTransferUpdate(1NpN, -4934896791876713112, IN_PROGRESS) [CONTEXT service_id=54 ]
07-02 20:31:53.331 22478 22478 V NearbyFragment: Transfer to 1NpN: 64%
07-02 20:31:53.336  5034 23181 I NearbyConnections: ClientProxy(148670673) reporting onPayloadTransferUpdate(1NpN, -4934896791876713112, IN_PROGRESS) [CONTEXT service_id=54 ]
07-02 20:31:53.336 22478 22478 V NearbyFragment: Transfer to 1NpN: 65%
07-02 20:31:53.341  5034 23181 I NearbyConnections: ClientProxy(148670673) reporting onPayloadTransferUpdate(1NpN, -4934896791876713112, IN_PROGRESS) [CONTEXT service_id=54 ]
07-02 20:31:53.342 22478 22478 V NearbyFragment: Transfer to 1NpN: 65%
07-02 20:31:53.347  5034 23181 I NearbyConnections: ClientProxy(148670673) reporting onPayloadTransferUpdate(1NpN, -4934896791876713112, IN_PROGRESS) [CONTEXT service_id=54 ]
07-02 20:31:53.348 22478 22478 V NearbyFragment: Transfer to 1NpN: 65%
07-02 20:31:53.353  5034 23181 I NearbyConnections: ClientProxy(148670673) reporting onPayloadTransferUpdate(1NpN, -4934896791876713112, IN_PROGRESS) [CONTEXT service_id=54 ]
07-02 20:31:53.354 22478 22478 V NearbyFragment: Transfer to 1NpN: 66%
07-02 20:31:53.359  5034 23181 I NearbyConnections: ClientProxy(148670673) reporting onPayloadTransferUpdate(1NpN, -4934896791876713112, IN_PROGRESS) [CONTEXT service_id=54 ]
07-02 20:31:53.360 22478 22478 V NearbyFragment: Transfer to 1NpN: 66%
07-02 20:31:53.364  5034 23181 I NearbyConnections: ClientProxy(148670673) reporting onPayloadTransferUpdate(1NpN, -4934896791876713112, IN_PROGRESS) [CONTEXT service_id=54 ]
07-02 20:31:53.365 22478 22478 V NearbyFragment: Transfer to 1NpN: 66%
07-02 20:31:53.370  5034 23181 I NearbyConnections: ClientProxy(148670673) reporting onPayloadTransferUpdate(1NpN, -4934896791876713112, IN_PROGRESS) [CONTEXT service_id=54 ]
07-02 20:31:53.370 22478 22478 V NearbyFragment: Transfer to 1NpN: 67%
07-02 20:31:53.375  5034 23181 I NearbyConnections: ClientProxy(148670673) reporting onPayloadTransferUpdate(1NpN, -4934896791876713112, IN_PROGRESS) [CONTEXT service_id=54 ]
07-02 20:31:53.376 22478 22478 V NearbyFragment: Transfer to 1NpN: 67%
07-02 20:31:53.380  5034 23181 I NearbyConnections: ClientProxy(148670673) reporting onPayloadTransferUpdate(1NpN, -4934896791876713112, IN_PROGRESS) [CONTEXT service_id=54 ]
07-02 20:31:53.381 22478 22478 V NearbyFragment: Transfer to 1NpN: 68%
07-02 20:31:53.386  5034 23181 I NearbyConnections: ClientProxy(148670673) reporting onPayloadTransferUpdate(1NpN, -4934896791876713112, IN_PROGRESS) [CONTEXT service_id=54 ]
07-02 20:31:53.387 22478 22478 V NearbyFragment: Transfer to 1NpN: 68%
07-02 20:31:53.392  5034 23181 I NearbyConnections: ClientProxy(148670673) reporting onPayloadTransferUpdate(1NpN, -4934896791876713112, IN_PROGRESS) [CONTEXT service_id=54 ]
07-02 20:31:53.392 22478 22478 V NearbyFragment: Transfer to 1NpN: 68%
07-02 20:31:53.397  5034 23181 I NearbyConnections: ClientProxy(148670673) reporting onPayloadTransferUpdate(1NpN, -4934896791876713112, IN_PROGRESS) [CONTEXT service_id=54 ]
07-02 20:31:53.397 22478 22478 V NearbyFragment: Transfer to 1NpN: 69%
07-02 20:31:53.400  5034 23181 I NearbyConnections: ClientProxy(148670673) reporting onPayloadTransferUpdate(1NpN, -4934896791876713112, IN_PROGRESS) [CONTEXT service_id=54 ]
07-02 20:31:53.401 22478 22478 V NearbyFragment: Transfer to 1NpN: 69%
07-02 20:31:53.404  5034 23181 I NearbyConnections: ClientProxy(148670673) reporting onPayloadTransferUpdate(1NpN, -4934896791876713112, IN_PROGRESS) [CONTEXT service_id=54 ]
07-02 20:31:53.405 22478 22478 V NearbyFragment: Transfer to 1NpN: 70%
07-02 20:31:53.523  5034 23181 I NearbyConnections: ClientProxy(148670673) reporting onPayloadTransferUpdate(1NpN, -4934896791876713112, IN_PROGRESS) [CONTEXT service_id=54 ]
07-02 20:31:53.523 22478 22478 V NearbyFragment: Transfer to 1NpN: 70%
07-02 20:31:53.526  5034 23181 I NearbyConnections: ClientProxy(148670673) reporting onPayloadTransferUpdate(1NpN, -4934896791876713112, IN_PROGRESS) [CONTEXT service_id=54 ]
07-02 20:31:53.527 22478 22478 V NearbyFragment: Transfer to 1NpN: 70%
