07-01 19:05:08.288 12246 12275 E BluetoothRemoteDevices: aclStateChangeCallback: device is NULL, address=78:34:7F:16:78:23, newState=0
07-01 19:05:08.301  2949  2961 I azpy    : Connected to device 78:34:7F:16:78:23.
07-01 19:05:08.302  2949  2961 D BluetoothGattServer: connect() - device: 78:34:7F:16:78:23, auto: false
07-01 19:05:08.305 12246 12298 I bt_stack: [INFO:gatt_api.cc(1168)] GATT_Connectgatt_if=8 78:34:7f:16:78:23
07-01 19:05:08.305 12246 12275 D bt_btif_gatt: btapp_gatts_handle_cback: Empty event (16)!
07-01 19:05:08.763 12246 12275 D bt_btif_scanner: btif_gatts_upstreams_evt: Unhandled event (26)
07-01 19:05:08.764 12246 12275 D bt_btif_scanner: btif_gatts_upstreams_evt: Unhandled event (26)
07-01 19:05:08.765  2949  3510 D BluetoothGattServer: onConnectionUpdated() - Device=78:34:7F:16:78:23 interval=6 latency=0 timeout=500 status=0
07-01 19:05:08.766  2949  5857 D BluetoothGattServer: onConnectionUpdated() - Device=78:34:7F:16:78:23 interval=6 latency=0 timeout=500 status=0
07-01 19:05:09.144 12246 12298 W bt_stack: [WARNING:att_protocol.cc(306)] attribute value too long, to be truncated to 22
07-01 19:05:09.193 12246 12275 D bt_btif_scanner: btif_gatts_upstreams_evt: Unhandled event (26)
07-01 19:05:09.193 12246 12275 D bt_btif_scanner: btif_gatts_upstreams_evt: Unhandled event (26)
07-01 19:05:09.194  2949  5857 D BluetoothGattServer: onConnectionUpdated() - Device=78:34:7F:16:78:23 interval=39 latency=0 timeout=500 status=0
07-01 19:05:09.194  2949  3510 D BluetoothGattServer: onConnectionUpdated() - Device=78:34:7F:16:78:23 interval=39 latency=0 timeout=500 status=0
07-01 19:05:10.510 12246 12298 W bt_btif : bta_gattc_conn_cback() - cif=3 connected=0 conn_id=3 reason=0x0013
07-01 19:05:10.511 12246 12298 W bt_btif : bta_gattc_conn_cback() - cif=4 connected=0 conn_id=4 reason=0x0013
07-01 19:05:10.511 12246 12298 W bt_btif : bta_gattc_conn_cback() - cif=5 connected=0 conn_id=5 reason=0x0013
07-01 19:05:10.511 12246 12298 W bt_btif : bta_gattc_conn_cback() - cif=6 connected=0 conn_id=6 reason=0x0013
07-01 19:05:10.511 12246 12298 I bt_btm_sec: btm_sec_disconnected clearing pending flag handle:2 reason:19
07-01 19:05:10.513 12246 12275 W bt_btif : btif_av_move_idle: ACL Disconnected state 0 bd_addr=78:34:7f:16:78:23 peer_bda=00:00:00:00:00:00
07-01 19:05:10.514  2949  3510 D BluetoothGattServer: onServerConnectionState() - status=0 serverIf=7 device=78:34:7F:16:78:23
07-01 19:05:10.514  2949  3510 D BluetoothGattServer: onServerConnectionState() - status=0 serverIf=8 device=78:34:7F:16:78:23
07-01 19:05:10.514  2949  3510 D BluetoothGattServer: cancelConnection() - device: 78:34:7F:16:78:23
07-01 19:05:10.515 12246 12275 E BluetoothRemoteDevices: aclStateChangeCallback: device is NULL, address=78:34:7F:16:78:23, newState=1
07-01 19:05:10.517 12246 12298 I bt_stack: [INFO:gatt_api.cc(1208)] GATT_CancelConnect: gatt_if=8
07-01 19:05:10.518 12246 12298 I bt_stack: [INFO:gatt_api.cc(1208)] GATT_CancelConnect: gatt_if=8
07-01 19:05:10.518 12246 12298 E bt_btif : bta_gatts_cancel_open failed for open request
07-01 19:05:10.518 12246 12275 D bt_btif_gatt: btapp_gatts_handle_cback: Empty event (17)!
07-01 19:05:10.518 12246 12275 D bt_btif_gatt: btapp_gatts_handle_cback: Empty event (17)!
07-01 19:05:10.519  2949  3510 E azqx    : Receive completion for unexpected operation: CLOSE_CONNECTION.
07-01 19:05:12.582  1861 12329 I NearbyDiscovery: FastPairScanner2: Stopping scan [CONTEXT service_id=49 ]
07-01 19:05:12.585  1861 12329 D BluetoothAdapter: isLeEnabled(): ON
07-01 19:05:12.595   787  3165 E LightsService: Light requested not available on this device. 2
07-01 19:05:12.597  1861 12329 D BluetoothAdapter: isLeEnabled(): ON
07-01 19:05:12.605 12246 12298 I bt_stack: [INFO:gatt_api.cc(1004)] GATT_Register
07-01 19:05:12.605 12246 12298 I bt_stack: [INFO:gatt_api.cc(1027)] allocated gatt_if=5
07-01 19:05:12.606  1861 12316 D BluetoothLeScanner: onScannerRegistered() - status=0 scannerId=5 mScannerId=0
07-01 19:05:12.612  1861 12329 I NearbyDiscovery: FastPairScanner2: Starting LOW_POWER_SCANNING scanning [CONTEXT service_id=49 ]
07-01 19:05:12.738  1861  3293 I BeaconBle: Client requested scan, settings=BleSettings [scanMode=ZERO_POWER, callbackType=ALL_MATCHES, reportDelayMillis=0, 5 filters, 1 clients, callingClientName=Nearby] [CONTEXT service_id=111 ]
07-01 19:05:12.757  1861  3293 I BeaconBle: Stopping scan on delegate scanner. BT state: 12 [CONTEXT service_id=111 ]
07-01 19:05:12.759  1861  3293 D BluetoothAdapter: isLeEnabled(): ON
07-01 19:05:12.772  1861  3293 I BeaconBle: Resetting - new scanner available: true [CONTEXT service_id=111 ]
07-01 19:05:12.772  1861  3293 I BeaconBle: ZERO_POWER is disabled. [CONTEXT service_id=111 ]
07-01 19:05:12.772  1861  3293 I BeaconBle: 'L' hardware scan: scan stopped, no powered clients [CONTEXT service_id=111 ]
07-01 19:05:14.572   787   971 D WificondControl: Scan result ready event
07-01 19:05:15.599   787   970 W LastMileLogger: Failed to stop event tracing: /sys/kernel/debug/tracing/instances/wifi/tracing_on (No such file or directory)
07-01 19:05:15.600   787   970 W LastMileLogger: Failed to read event trace: /sys/kernel/debug/tracing/instances/wifi/trace: open failed: ENOENT (No such file or directory)
07-01 19:05:17.019   787  3272 I WifiService: getWifiApEnabledState uid=1000
07-01 19:05:19.687  2949 12346 I GmscoreIpa: Starting mediastore instant index
07-01 19:05:19.739 12246 12298 W bt_btif : bta_dm_acl_change info: 0x10
07-01 19:05:19.739 12246 12275 D bt_btif_dm: remote version info [94:7b:e7:99:ab:69]: 9, f, 411a
07-01 19:05:19.740 12246 12275 E BluetoothRemoteDevices: aclStateChangeCallback: device is NULL, address=94:7B:E7:99:AB:69, newState=0
07-01 19:05:20.125   787  3268 I WifiService: getWifiApEnabledState uid=1000
07-01 19:05:20.447  2949 11666 V NativeCrypto: SSL shutdown failed: ssl=0x70ed3bf808: I/O error during system call, Software caused connection abort
07-01 19:05:20.461 12246 12275 D bt_btif_config: btif_get_device_type: Device [94:7b:e7:99:ab:69] type 1
07-01 19:05:20.461 12246 12275 I bt_btif_dm: get_cod remote_cod = 0x005a020c
07-01 19:05:20.462 12246 12275 I BluetoothBondStateMachine: bondStateChangeCallback: Status: 0 Address: 94:7B:E7:99:AB:69 newState: 1
07-01 19:05:20.463 12246 12275 I bt_btif_dm: get_cod remote_cod = 0x005a020c
07-01 19:05:20.469 12246 12281 I BluetoothBondStateMachine: Bond State Change Intent:94:7B:E7:99:AB:69 OldState: 10 NewState: 11
07-01 19:05:20.470 12246 12281 I BluetoothBondStateMachine: Entering PendingCommandState State
07-01 19:05:20.470   787   802 W BroadcastQueue: Background execution not allowed: receiving Intent { act=android.bluetooth.device.action.BOND_STATE_CHANGED flg=0x10 (has extras) } to com.google.android.gms/.chimera.GmsIntentOperationService$PersistentTrustedReceiver
07-01 19:05:20.471   787   802 W BroadcastQueue: Background execution not allowed: receiving Intent { act=android.bluetooth.device.action.BOND_STATE_CHANGED flg=0x10 (has extras) } to com.google.android.googlequicksearchbox/com.google.android.apps.gsa.broadcastreceiver.external.ExternalCommonBroadcastReceiver
07-01 19:05:20.471  1195  1439 W BluetoothEventManager: CachedBluetoothDevice for device 94:7B:E7:99:AB:69 not found, calling readPairedDevices().
07-01 19:05:20.473  3096  3096 I GsaVoiceInteractionSrv: O received Intent { act=android.bluetooth.device.action.BOND_STATE_CHANGED flg=0x10 (has extras) }
07-01 19:05:20.479  1195  1439 W BluetoothEventManager: Got bonding state changed for 94:7B:E7:99:AB:69, but we have no record of that device.
07-01 19:05:20.494  3394  3607 I BistoWorker: bluetoothConnectionStateChanged. Action: android.bluetooth.device.action.BOND_STATE_CHANGED
07-01 19:05:20.512  1861  1861 I NearbyDiscovery: FastPair: onBondStateChange: prevState=10, state=11, device=94:7B:E7:99:AB:69, isFastPairing=false [CONTEXT service_id=49 ]
07-01 19:05:20.513  1861 12329 I NearbyDiscovery: FastPair: Received BONDING state, temporarily disabling notifications. [CONTEXT service_id=49 ]
07-01 19:05:20.517  1861 12329 I NearbyDiscovery: Show notifications: 0 total, no changes since last shown, no-op. [CONTEXT service_id=49 ]
07-01 19:05:20.584  3394  3607 I DeviceDetector: Not bonded or not refresh cache.
07-01 19:05:20.584  3394  3607 I BistoWorker: Not a bisto device: 94:7B:E7:99:AB:69
07-01 19:05:21.070 12246 12275 D bt_btif_config: btif_get_device_type: Device [94:7b:e7:99:ab:69] type 1
07-01 19:05:21.070 12246 12275 I bt_btif_dm: get_cod remote_cod = 0x005a020c
07-01 19:05:21.071 12246 12275 I BluetoothBondStateMachine: bondStateChangeCallback: Status: 0 Address: 94:7B:E7:99:AB:69 newState: 0
07-01 19:05:21.071 12246 12281 D BluetoothAdapterProperties: Failed to remove device: 94:7B:E7:99:AB:69
07-01 19:05:21.074 12246 12281 I BluetoothBondStateMachine: Bond State Change Intent:94:7B:E7:99:AB:69 OldState: 11 NewState: 10
07-01 19:05:21.076  3096  3096 I GsaVoiceInteractionSrv: O received Intent { act=android.bluetooth.device.action.BOND_STATE_CHANGED flg=0x10 (has extras) }
07-01 19:05:21.076   787   802 W BroadcastQueue: Background execution not allowed: receiving Intent { act=android.bluetooth.device.action.BOND_STATE_CHANGED flg=0x10 (has extras) } to com.google.android.gms/.chimera.GmsIntentOperationService$PersistentTrustedReceiver
07-01 19:05:21.076   787   802 W BroadcastQueue: Background execution not allowed: receiving Intent { act=android.bluetooth.device.action.BOND_STATE_CHANGED flg=0x10 (has extras) } to com.google.android.googlequicksearchbox/com.google.android.apps.gsa.broadcastreceiver.external.ExternalCommonBroadcastReceiver
07-01 19:05:21.081 12246 12281 D HidService: getHidService(): returning com.android.bluetooth.hid.HidService@f0e78cd
07-01 19:05:21.083 12246 12281 I BluetoothHeadsetClientServiceJni: classInitNative succeeds
07-01 19:05:21.084 12246 12281 D A2dpSinkService: getA2dpSinkService(): service is NULL
07-01 19:05:21.089 12246 12281 D HidService: Saved priority 94:7B:E7:99:AB:69 = -1
07-01 19:05:21.107  3394  3607 I BistoWorker: bluetoothConnectionStateChanged. Action: android.bluetooth.device.action.BOND_STATE_CHANGED
07-01 19:05:21.112  3394  3607 I DeviceDetector: Not bonded or not refresh cache.
07-01 19:05:21.115 12246 12281 I BluetoothBondStateMachine: StableState(): Entering Off State
07-01 19:05:21.120 12246 12298 I bt_stack: [INFO:port_api.cc(123)] RFCOMM_CreateConnection BDA: ff:ff:ff:ff:ff:ff
07-01 19:05:21.120  1195  1439 W BluetoothEventManager: showUnbondMessage: Not displaying any message for reason: 0
07-01 19:05:21.120 12246 12298 W bt_btif : new conn_srvc id:26, app_id:255
07-01 19:05:21.120 12246 12298 W bt_btif : bta_dm_pm_ssr conn_srvc id:26, app_id:255
07-01 19:05:21.120 12246 12298 W bt_btif : bta_dm_pm_ssr ssr:2, lat:1200
07-01 19:05:21.125  1861  1861 I NearbyDiscovery: FastPair: onBondStateChange: prevState=11, state=10, device=94:7B:E7:99:AB:69, isFastPairing=false [CONTEXT service_id=49 ]
07-01 19:05:21.126  1861 12329 I NearbyDiscovery: FastPair: RemoveBond: Not Fast Pair 2.0 device (94:7B:E7:99:AB:69) [CONTEXT service_id=49 ]
07-01 19:05:21.126  1861 12329 I NearbyDiscovery: FastPair: remove ble address from retroactive manager for 94:7B:E7:99:AB:69 [CONTEXT service_id=49 ]
07-01 19:05:21.127  1861 12329 I NearbyDiscovery: FastPairEventStream: Destroy event stream for 94:7B:E7:99:AB:69 (NONE) [CONTEXT service_id=49 ]
07-01 19:05:21.128  1861 12329 I NearbyDiscovery: FastPairEventStream: event stream connection (94:7B:E7:99:AB:69) is disconnected, skip [CONTEXT service_id=49 ]
07-01 19:05:21.128  1861  6303 I NearbyDiscovery: SdpManager: Remove all records for 94:7B:E7:99:AB:69 [CONTEXT service_id=49 ]
07-01 19:05:21.598  2949  7309 I NearbyConnections: In onIncomingConnection(BLUETOOTH) for client 132361732, read ConnectionRequestFrame from endpoint yVI7 [CONTEXT service_id=54 ]
07-01 19:05:21.741  2949  7309 I NearbyConnections: Completed UKEY2 with endpoint yVI7 and obtained authentication token V41IF [CONTEXT service_id=54 ]
07-01 19:05:21.742  2949  7309 I NearbyConnections: Unable to verify the authentication token with endpoint yVI7 using a preshared public key [CONTEXT service_id=54 ]
07-01 19:05:21.747   787  3188 I WifiService: getConnectionInfo uid=10040
07-01 19:05:21.755   787  1673 I WifiService: getSupportedFeatures uid=10040
07-01 19:05:21.774  2949  7926 I NearbyConnections: EndpointChannelManager registered channel of type BLUETOOTH to endpoint yVI7 [CONTEXT service_id=54 ]
07-01 19:05:21.781  2949  7926 I NearbyConnections: ClientProxy(132361732) reporting onConnectionInitiated(yVI7, [ 0x47 0x61 0x6c 0x61 0x78 0x79 0x20 0x53 0x38 0x20 0x5b 0x32 0x38 0x30 0x32 0x5d ]) [CONTEXT service_id=54 ]
07-01 19:05:21.786 12191 12191 D NearbyFragment: Initiated connection with yVI7: Galaxy S8 [2802]
07-01 19:05:21.912 12191 12196 I zygote64: Do partial code cache collection, code=54KB, data=59KB
07-01 19:05:21.913 12191 12196 I zygote64: After code cache collection, code=54KB, data=59KB
07-01 19:05:21.913 12191 12196 I zygote64: Increasing code cache capacity to 256KB
07-01 19:05:21.913 12191 12196 I zygote64: Compiler allocated 4MB to compile void android.view.View.<init>(android.content.Context, android.util.AttributeSet, int, int)
07-01 19:05:22.033   430   430 D SurfaceFlinger: duplicate layer name: changing com.example.edgesum/com.example.edgesum.page.main.MainActivity to com.example.edgesum/com.example.edgesum.page.main.MainActivity#1
07-01 19:05:22.083 12191 12196 I zygote64: Do full code cache collection, code=118KB, data=100KB
07-01 19:05:22.084 12191 12196 I zygote64: After code cache collection, code=115KB, data=59KB
07-01 19:05:23.122   787   954 E LightsService: Light requested not available on this device. 2
07-01 19:05:23.179  1861 12236 E WakeLock: GCM_HB_ALARM release without a matched acquire!
07-01 19:05:23.179  1861 12236 W WakeLock: GCM_HB_ALARM counter does not exist
07-01 19:05:23.208   573  5949 D audio_route: Apply path: speaker-protected
07-01 19:05:23.212  2949  7309 I NearbyConnections: Client 132361732 accepted the connection with endpoint yVI7. [CONTEXT service_id=54 ]
07-01 19:05:23.213  2949  7926 I NearbyConnections: Client 132361732 has accepted the connection with endpoint yVI7 [CONTEXT service_id=54 ]
07-01 19:05:23.213   573  5949 D audio_hw_primary: enable_snd_device: snd_device(95: vi-feedback)
07-01 19:05:23.214   573  5949 D audio_route: Apply path: vi-feedback
07-01 19:05:23.214   573  5949 D audio_hw_primary: enable_audio_route: usecase(24) apply and update mixer path: spkr-vi-record
07-01 19:05:23.214   573  5949 D audio_route: Apply path: spkr-vi-record
07-01 19:05:23.223  2949  7926 I NearbyConnections: In acceptConnection(), client 132361732 sent CONNECTION_RESPONSE OfflineFrame to endpoint yVI7 [CONTEXT service_id=54 ]
07-01 19:05:23.223  2949  7926 I NearbyConnections: Waiting for endpoint yVI7 to decide whether or not to accept the connection [CONTEXT service_id=54 ]
07-01 19:05:23.239   573  5949 D audio_hw_primary: enable_audio_route: usecase(1) apply and update mixer path: low-latency-playback
07-01 19:05:23.239   573  5949 D audio_route: Apply path: low-latency-playback
07-01 19:05:23.276   573  5949 E msm8974_platform: ramp_speaker_gain: Could not get ctl for mixer cmd - Left Speaker Gain or Right Speaker Gain, not applying speaker gain ramp
07-01 19:05:23.276   573  5949 D audio_hw_primary: out_write: retry previous failed cal level set
07-01 19:05:23.782   573   742 D audio_hw_primary: disable_audio_route: usecase(1) reset and update mixer path: low-latency-playback
07-01 19:05:23.798   573   742 D audio_hw_primary: disable_snd_device: snd_device(95: vi-feedback)
07-01 19:05:23.798   573   742 D audio_hw_primary: disable_audio_route: usecase(24) reset and update mixer path: spkr-vi-record
07-01 19:05:24.626  2949  7926 I NearbyConnections: PCPHandler(P2P_STAR) got CONNECTION_RESPONSE OfflineFrame from endpoint yVI7 (with status 0). [CONTEXT service_id=54 ]
07-01 19:05:24.626  2949  7926 I NearbyConnections: Endpoint yVI7 has accepted the connection [CONTEXT service_id=54 ]
07-01 19:05:24.626  2949  7926 I NearbyConnections: The connection with endpoint yVI7 was accepted by both sides [CONTEXT service_id=54 ]
07-01 19:05:24.627  2949  7926 I NearbyConnections: EndpointChannelManager encrypted channel of type BLUETOOTH to endpoint yVI7 [CONTEXT service_id=54 ]
07-01 19:05:24.627  2949  7926 I NearbyConnections: ClientProxy(132361732) reporting onConnectionResult(yVI7, SUCCESS) [CONTEXT service_id=54 ]
07-01 19:05:24.628  2949  7926 I NearbyConnections: ClientProxy(132361732) reporting onBandwidthChanged(yVI7, MEDIUM) [CONTEXT service_id=54 ]
07-01 19:05:24.634  2949  7309 I NearbyConnections: The currentBandwidthUpgradeMedium is set to upgrade medium WIFI_HOTSPOT [CONTEXT service_id=54 ]
07-01 19:05:24.634 12191 12191 I NearbyFragment: Connected to Endpoint{id=yVI7, name=Galaxy S8 [2802]}
07-01 19:05:24.638  2949  7309 I NearbyMediums: Attempting to start a wifi direct hotspot. [CONTEXT service_id=54 ]
07-01 19:05:24.640   787   971 I WifiService: isDualBandSupported uid=10040
07-01 19:05:24.649   787  3265 I WifiService: getConnectionInfo uid=10040
07-01 19:05:24.652   787   975 D SupplicantP2pIfaceHal: entering groupAdd(-1, true)
07-01 19:05:24.691  1794  1794 I wpa_supplicant: rfkill: Cannot open RFKILL control device
07-01 19:05:24.749   787   975 D SupplicantP2pIfaceHal: groupAdd(-1, true) completed successfully.
07-01 19:05:24.749   787   975 D SupplicantP2pIfaceHal: leaving groupAdd(-1, true)
07-01 19:05:24.751  1794  1794 E wpa_supplicant: Using interface p2p-p2p0-3 with hwaddr 66:bc:0c:4b:92:f7 and ssid "DIRECT-vW-Android_aa0c"
07-01 19:05:24.754  1794  1794 W wpa_supplicant: Device is trying to offload WPS Probe Response while not supporting this
07-01 19:05:24.754  1794  1794 W wpa_supplicant: Device is trying to offload P2P Probe Response while not supporting this
07-01 19:05:24.778  1794  1794 I wpa_supplicant: p2p-p2p0-3: interface state UNINITIALIZED->ENABLED
07-01 19:05:24.778  1794  1794 I wpa_supplicant: p2p-p2p0-3: AP-ENABLED
07-01 19:05:24.778  1794  1794 I wpa_supplicant: p2p-p2p0-3: CTRL-EVENT-CONNECTED - Connection to 66:bc:0c:4b:92:f7 completed [id=0 id_str=]
07-01 19:05:24.779  1794  1794 I wpa_supplicant: P2P-GROUP-STARTED p2p-p2p0-3 GO ssid="DIRECT-vW-Android_aa0c" freq=2412 go_dev_addr=66:bc:0c:4b:12:f7 [PERSISTENT]
07-01 19:05:24.784  1794  1794 I wpa_supplicant: p2p-p2p0-3: CTRL-EVENT-CHANNEL-SWITCH freq=2412 ht_enabled=1 ch_offset=0 ch_width=20 MHz cf1=2412 cf2=0
07-01 19:05:24.784   787   951 D SupplicantP2pIfaceCallback: Group p2p-p2p0-3 started on p2p0
07-01 19:05:24.784  1794  1794 I wpa_supplicant: p2p-p2p0-3: AP-CSA-FINISHED freq=2412 dfs=0
07-01 19:05:24.785   787   975 D SupplicantP2pIfaceHal: entering listNetworks()
07-01 19:05:24.785   787   975 D SupplicantP2pIfaceHal: listNetworks() completed successfully.
07-01 19:05:24.785   787   975 D SupplicantP2pIfaceHal: leaving listNetworks() with result = [0]
07-01 19:05:24.785   787   975 D SupplicantP2pIfaceHal: entering getNetwork(0)
07-01 19:05:24.823   787   975 D SupplicantP2pIfaceHal: getNetwork(0) completed successfully.
07-01 19:05:24.840   787   975 D SupplicantP2pIfaceHal: leaving getNetwork(0) with result = android.hardware.wifi.supplicant@1.0::ISupplicantP2pNetwork@Proxy
07-01 19:05:24.840   787   975 D SupplicantP2pIfaceHal: entering isCurrent(0)
07-01 19:05:24.840   787   975 D SupplicantP2pIfaceHal: isCurrent(0) completed successfully.
07-01 19:05:24.841   787   975 D SupplicantP2pIfaceHal: leaving isCurrent(0) with result = false
07-01 19:05:24.841   787   975 D SupplicantP2pIfaceHal: entering getSsid(0)
07-01 19:05:24.841   787   975 D SupplicantP2pIfaceHal: getSsid(0) completed successfully.
07-01 19:05:24.841   787   975 D SupplicantP2pIfaceHal: leaving getSsid(0) with result = [68, 73, 82, 69, 67, 84, 45, 118, 87, 45, 65, 110, 100, 114, 111, 105, 100, 95, 97, 97, 48, 99]
07-01 19:05:24.841   787   975 D SupplicantP2pIfaceHal: entering getBssid(0)
07-01 19:05:24.842   787   975 D SupplicantP2pIfaceHal: getBssid(0) completed successfully.
07-01 19:05:24.842   787   975 D SupplicantP2pIfaceHal: leaving getBssid(0) with result = [B@f7de364
07-01 19:05:24.842   787   975 D SupplicantP2pIfaceHal: entering isGo(0)
07-01 19:05:24.842   787   975 D SupplicantP2pIfaceHal: isGo(0) completed successfully.
07-01 19:05:24.842   787   975 D SupplicantP2pIfaceHal: leaving isGo(0) with result = true
07-01 19:05:24.842   787   975 D SupplicantP2pIfaceHal: entering saveConfig()
07-01 19:05:24.849   787   975 D SupplicantP2pIfaceHal: saveConfig() completed successfully.
07-01 19:05:24.849   787   975 D SupplicantP2pIfaceHal: leaving saveConfig()
07-01 19:05:24.852   583   695 D CommandListener: Setting iface cfg
07-01 19:05:24.853   583   695 D CommandListener: Trying to bring up p2p-p2p0-3
07-01 19:05:24.858   583   695 D TetherController: tetherInterface(p2p-p2p0-3)
07-01 19:05:24.875   583   695 D TetherController: Starting tethering services
07-01 19:05:24.877   583   695 D TetherController: Sending update msg to dnsmasq [update_ifaces|p2p-p2p0-3]
07-01 19:05:24.877   583   695 D TetherController: Tethering services running
07-01 19:05:24.878   787   975 D WifiP2pService: Started Dhcp server on p2p-p2p0-3
07-01 19:05:24.881  2949  2949 I NearbyMediums: Successfully created a Wifi Direct hotspot. SSID=DIRECT-vW-Android_aa0c, IP address=192.168.49.1 [CONTEXT service_id=54 ]
07-01 19:05:24.882  2949  7309 I NearbyMediums: Successfully started a Wifi Direct hotspot [CONTEXT service_id=54 ]
07-01 19:05:24.915 12362 12362 I dnsmasq : started, version 2.51 cachesize 150
07-01 19:05:24.915 12362 12362 I dnsmasq : compile time options: IPv6 GNU-getopt no-I18N DHCP no-scripts
07-01 19:05:24.915 12362 12362 W dnsmasq : warning: no upstream servers configured
07-01 19:05:24.915 12362 12362 I dnsmasq : DHCP, IP range 192.168.49.2 -- 192.168.49.254, lease time 1h
07-01 19:05:24.915 12362 12362 I dnsmasq : DHCP, IP range 192.168.48.2 -- 192.168.48.254, lease time 1h
07-01 19:05:24.915 12362 12362 I dnsmasq : DHCP, IP range 192.168.47.2 -- 192.168.47.254, lease time 1h
07-01 19:05:24.915 12362 12362 I dnsmasq : DHCP, IP range 192.168.46.2 -- 192.168.46.254, lease time 1h
07-01 19:05:24.915 12362 12362 I dnsmasq : DHCP, IP range 192.168.45.2 -- 192.168.45.254, lease time 1h
07-01 19:05:24.915 12362 12362 I dnsmasq : DHCP, IP range 192.168.44.2 -- 192.168.44.254, lease time 1h
07-01 19:05:24.915 12362 12362 I dnsmasq : DHCP, IP range 192.168.43.2 -- 192.168.43.254, lease time 1h
07-01 19:05:24.915 12362 12362 I dnsmasq : DHCP, IP range 192.168.42.2 -- 192.168.42.254, lease time 1h
07-01 19:05:24.915 12362 12362 I dnsmasq : read /etc/hosts - 2 addresses
07-01 19:05:24.916 12362 12362 I dnsmasq : Closing wildcard listener family=2
07-01 19:05:24.916 12362 12362 I dnsmasq : Closing wildcard listener family=10
07-01 19:05:25.220 12191 12191 V ConnectionFragment: Advertisement switch unchecked
07-01 19:05:25.221 12191 12191 D NearbyFragment: Stopped advertising
07-01 19:05:25.223  2949  7309 I NearbyConnections: Client 132361732 requested advertising to stop. [CONTEXT service_id=54 ]
07-01 19:05:25.228   573  5949 D audio_route: Apply path: speaker-protected
07-01 19:05:25.228  2949 12367 D BluetoothGattServer: close()
07-01 19:05:25.229  2949 12367 D BluetoothGattServer: unregisterCallback() - mServerIf=8
07-01 19:05:25.230 12246 12298 E bt_stack: [ERROR:gatt_api.cc(366)] Active Service Found
07-01 19:05:25.230 12246 12298 I bt_stack: [INFO:gatt_api.cc(435)] GATTS_StopService: 0x2e
07-01 19:05:25.235   573  5949 D audio_hw_primary: enable_snd_device: snd_device(95: vi-feedback)
07-01 19:05:25.235   573  5949 D audio_route: Apply path: vi-feedback
07-01 19:05:25.235   573  5949 D audio_hw_primary: enable_audio_route: usecase(24) apply and update mixer path: spkr-vi-record
07-01 19:05:25.235   573  5949 D audio_route: Apply path: spkr-vi-record
07-01 19:05:25.258   573  5949 D audio_hw_primary: enable_audio_route: usecase(1) apply and update mixer path: low-latency-playback
07-01 19:05:25.258   573  5949 D audio_route: Apply path: low-latency-playback
07-01 19:05:25.295   573  5949 E msm8974_platform: ramp_speaker_gain: Could not get ctl for mixer cmd - Left Speaker Gain or Right Speaker Gain, not applying speaker gain ramp
07-01 19:05:25.295   573  5949 D audio_hw_primary: out_write: retry previous failed cal level set
07-01 19:05:25.360  2949 12367 I NearbyMediums: Restored bluetooth device name to persisted original device name: Nexus 5X  [CONTEXT service_id=54 ]
07-01 19:05:25.360  2949 12367 I NearbyMediums: Can't stop NFC advertising because it was never started. [CONTEXT service_id=54 ]
07-01 19:05:25.360  2949 12367 D BluetoothSocket: close() this: android.bluetooth.BluetoothSocket@d08a7a3, channel: 8, mSocketIS: android.net.LocalSocketImpl$SocketInputStream@ad53aa0, mSocketOS: android.net.LocalSocketImpl$SocketOutputStream@c66e659mSocket: android.net.LocalSocket@3d5621e impl:android.net.LocalSocketImpl@6f41aff fd:java.io.FileDescriptor@66360cc, mSocketState: LISTENING
07-01 19:05:25.360  2949 12367 I NearbyMediums: Skipping stop accepting connections: we are not currently accepting WebRTC connections. [CONTEXT service_id=54 ]
07-01 19:05:25.361  2949 11458 D BluetoothSocket: close() this: android.bluetooth.BluetoothSocket@d08a7a3, channel: 8, mSocketIS: android.net.LocalSocketImpl$SocketInputStream@ad53aa0, mSocketOS: android.net.LocalSocketImpl$SocketOutputStream@c66e659mSocket: null, mSocketState: CLOSED
07-01 19:05:25.362 12246 12275 D BluetoothAdapterProperties: Name is: Nexus 5X
07-01 19:05:25.363   787   787 D BluetoothManagerService: Bluetooth Adapter name changed to Nexus 5X
07-01 19:05:25.364   787   787 D BluetoothManagerService: Stored Bluetooth name: Nexus 5X
07-01 19:05:25.799   573   742 D audio_hw_primary: disable_audio_route: usecase(1) reset and update mixer path: low-latency-playback
07-01 19:05:25.812   573   742 D audio_hw_primary: disable_snd_device: snd_device(95: vi-feedback)
07-01 19:05:25.812   573   742 D audio_hw_primary: disable_audio_route: usecase(24) reset and update mixer path: spkr-vi-record
07-01 19:05:26.786  2949 12351 I NearbyConnections: EndpointManager discarded incoming OfflineFrame of type KEEP_ALIVE because it doesn't have a processor registered. [CONTEXT service_id=54 ]
07-01 19:05:28.182  1861  3583 E WakeLock: GCM_CONN_ALARM ** IS FORCE-RELEASED ON TIMEOUT **
07-01 19:05:29.128   787   797 I zygote64: Background concurrent copying GC freed 32201(14MB) AllocSpace objects, 71(1308KB) LOS objects, 50% free, 15MB/30MB, paused 975us total 111.149ms
07-01 19:05:30.232  1794  1794 W wpa_supplicant: Device is trying to offload WPS Probe Response while not supporting this
07-01 19:05:30.232  1794  1794 W wpa_supplicant: Device is trying to offload P2P Probe Response while not supporting this
07-01 19:05:30.234  1794  1794 I wpa_supplicant: p2p-p2p0-3: CTRL-EVENT-SUBNET-STATUS-UPDATE status=0
07-01 19:05:30.285  1794  1794 I wpa_supplicant: p2p-p2p0-3: AP-STA-CONNECTED 8c:45:00:01:54:79
07-01 19:05:30.286  1794  1794 I wpa_supplicant: AP-STA-CONNECTED 8c:45:00:01:54:79
07-01 19:05:30.286   787   952 D SupplicantP2pIfaceCallback: STA authorized on p2p0
07-01 19:05:30.286   787   975 D SupplicantP2pIfaceHal: entering setGroupIdle(p2p-p2p0-3, 0)
07-01 19:05:30.287   787   975 D SupplicantP2pIfaceHal: setGroupIdle(p2p-p2p0-3, 0) completed successfully.
07-01 19:05:30.287   787   975 D SupplicantP2pIfaceHal: leaving setGroupIdle(p2p-p2p0-3, 0)
07-01 19:05:31.176  2949  7309 I NearbyConnections: EndpointChannelManager encrypted channel of type WIFI_HOTSPOT to endpoint yVI7 [CONTEXT service_id=54 ]
07-01 19:05:31.177  2949  7309 I NearbyConnections: EndpointChannelManager replaced endpoint yVI7's channel from type ENCRYPTED_BLUETOOTH to type ENCRYPTED_WIFI_HOTSPOT. [CONTEXT service_id=54 ]
07-01 19:05:31.518  2949 12351 D BluetoothSocket: close() this: android.bluetooth.BluetoothSocket@ade0791, channel: 8, mSocketIS: android.net.LocalSocketImpl$SocketInputStream@1fd96f6, mSocketOS: android.net.LocalSocketImpl$SocketOutputStream@53c6af7mSocket: android.net.LocalSocket@55afd64 impl:android.net.LocalSocketImpl@4a8bcd fd:java.io.FileDescriptor@3e42c82, mSocketState: CONNECTED
07-01 19:05:31.524  2949 11458 W zygote64: Long monitor contention with owner highpool[42] (12351) at int android.net.LocalSocketImpl.readba_native(byte[], int, int, java.io.FileDescriptor)(LocalSocketImpl.java:-2) waiters=0 in byte[] ahsy.e() for 161ms
07-01 19:05:31.532  2949  7309 W NearbyConnections: Unexpected call to physicalConnectionEstablished while NearbyRecorder still has an active current medium. [CONTEXT service_id=54 ]
07-01 19:05:31.534  2949  7309 I NearbyConnections: ClientProxy(132361732) reporting onBandwidthChanged(yVI7, HIGH) [CONTEXT service_id=54 ]
07-01 19:05:31.544  2949 12351 D BluetoothSocket: close() this: android.bluetooth.BluetoothSocket@ade0791, channel: 8, mSocketIS: android.net.LocalSocketImpl$SocketInputStream@1fd96f6, mSocketOS: android.net.LocalSocketImpl$SocketOutputStream@53c6af7mSocket: null, mSocketState: CLOSED
07-01 19:05:31.546  2949 12351 I NearbyConnections: Failed to close write stream of BLUETOOTH EndpointChannel BluetoothClassicSocket:94:7B:E7:99:AB:69: socket closed [CONTEXT service_id=54 ]
07-01 19:05:31.555  2949 12351 D BluetoothSocket: close() this: android.bluetooth.BluetoothSocket@ade0791, channel: 8, mSocketIS: android.net.LocalSocketImpl$SocketInputStream@1fd96f6, mSocketOS: android.net.LocalSocketImpl$SocketOutputStream@53c6af7mSocket: null, mSocketState: CLOSED
07-01 19:05:31.556  2949 12351 I NearbyConnections: EndpointManager received a DISCONNECTION frame from endpoint yVI7 on channel BLUETOOTH, disconnecting. [CONTEXT service_id=54 ]
07-01 19:05:31.557  2949 12351 I NearbyConnections: EndpointManager failed the next Read read/write for endpoint yVI7 over its BLUETOOTH EndpointChannel. [CONTEXT service_id=54 ]
07-01 19:05:31.557  2949 12351 I NearbyConnections: java.io.IOException: Stream closed
07-01 19:05:31.557  2949 12351 I NearbyConnections: 	at java.io.BufferedInputStream.getBufIfOpen(BufferedInputStream.java:172)
07-01 19:05:31.557  2949 12351 I NearbyConnections: 	at java.io.BufferedInputStream.read(BufferedInputStream.java:338)
07-01 19:05:31.557  2949 12351 I NearbyConnections: 	at java.io.DataInputStream.readFully(DataInputStream.java:198)
07-01 19:05:31.557  2949 12351 I NearbyConnections: 	at java.io.DataInputStream.readInt(DataInputStream.java:389)
07-01 19:05:31.557  2949 12351 I NearbyConnections: 	at ahsy.e(:com.google.android.gms@202117019@20.21.17 (040400-316502805):1)
07-01 19:05:31.557  2949 12351 I NearbyConnections: 	at ahva.a(:com.google.android.gms@202117019@20.21.17 (040400-316502805):1)
07-01 19:05:31.557  2949 12351 I NearbyConnections: 	at ahux.run(:com.google.android.gms@202117019@20.21.17 (040400-316502805):4)
07-01 19:05:31.557  2949 12351 I NearbyConnections: 	at snn.b(:com.google.android.gms@202117019@20.21.17 (040400-316502805):12)
07-01 19:05:31.557  2949 12351 I NearbyConnections: 	at snn.run(:com.google.android.gms@202117019@20.21.17 (040400-316502805):7)
07-01 19:05:31.557  2949 12351 I NearbyConnections: 	at java.util.concurrent.ThreadPoolExecutor.runWorker(ThreadPoolExecutor.java:1162)
07-01 19:05:31.557  2949 12351 I NearbyConnections: 	at java.util.concurrent.ThreadPoolExecutor$Worker.run(ThreadPoolExecutor.java:636)
07-01 19:05:31.557  2949 12351 I NearbyConnections: 	at stk.run(:com.google.android.gms@202117019@20.21.17 (040400-316502805):0)
07-01 19:05:31.557  2949 12351 I NearbyConnections: 	at java.lang.Thread.run(Thread.java:764)
07-01 19:05:31.558  2949 12351 I NearbyConnections: EndpointManager switched its Read loop from BLUETOOTH EndpointChannel to ENCRYPTED_WIFI_HOTSPOT EndpointChannel for endpoint yVI7. [CONTEXT service_id=54 ]
07-01 19:05:31.753 12246 12298 W bt_rfcomm: rfc_port_sm_disc_wait_ua, RFC_EVENT_DM|RFC_EVENT_UA[2], index=8
07-01 19:05:31.756   787  3268 E LightsService: Light requested not available on this device. 2
07-01 19:05:31.758 12246 12298 W bt_btif : bta_jv_rfc_port_to_cb(port_handle:0x8):jv handle:0x0 not FOUND
07-01 19:05:31.758 12246 12298 E bt_btif : bta_jv_port_mgmt_sr_cback, p_cb:0x0, p_cb->p_cback0x0
07-01 19:05:31.759 12246 12298 W bt_rfcomm: port_rfc_closed: RFCOMM connection closed, index=8, state=3 reason=Closed[19], UUID=003E, bd_addr=94:7b:e7:99:ab:69, is_server=1
07-01 19:05:31.783  2949 12351 I NearbyConnections: EndpointManager discarded incoming OfflineFrame of type KEEP_ALIVE because it doesn't have a processor registered. [CONTEXT service_id=54 ]
07-01 19:05:32.267   787  3163 I WifiService: getWifiApEnabledState uid=1000
07-01 19:05:36.785  2949 12351 I NearbyConnections: EndpointManager discarded incoming OfflineFrame of type KEEP_ALIVE because it doesn't have a processor registered. [CONTEXT service_id=54 ]
07-01 19:05:38.071 12246 12298 I bt_btm_sec: btm_sec_disconnected clearing pending flag handle:1 reason:22
07-01 19:05:38.072 12246 12275 W bt_btif : btif_av_move_idle: ACL Disconnected state 0 bd_addr=94:7b:e7:99:ab:69 peer_bda=00:00:00:00:00:00
07-01 19:05:38.084 12246 12246 D BluetoothMapService: onReceive
07-01 19:05:38.084 12246 12246 D BluetoothMapService: onReceive: android.bluetooth.device.action.ACL_DISCONNECTED
07-01 19:05:38.085 12246 12246 D BluetoothPbapService: action: android.bluetooth.device.action.ACL_DISCONNECTED
07-01 19:05:38.085 12246 12246 D BluetoothPbapService: state: -2147483648
07-01 19:05:38.085 12246 12246 W BluetoothPbapService: Unrecognized intent!
07-01 19:05:38.116  1861  1861 I NearbyDiscovery: onAclChange: state=DISCONNECTED, device=94:7B:E7:99:AB:69 [CONTEXT service_id=49 ]
07-01 19:05:38.150  3394  3607 I BistoWorker: bluetoothConnectionStateChanged. Action: android.bluetooth.device.action.ACL_DISCONNECTED
07-01 19:05:38.159  3394  3607 I DeviceDetector: Not bonded or not refresh cache.
07-01 19:05:38.159  3394  3607 I BistoWorker: Not a bisto device: 94:7B:E7:99:AB:69
07-01 19:05:38.319   787   971 I WifiService: getWifiApEnabledState uid=1000
07-01 19:05:41.830  2949 12351 I NearbyConnections: EndpointManager discarded incoming OfflineFrame of type KEEP_ALIVE because it doesn't have a processor registered. [CONTEXT service_id=54 ]
07-01 19:05:42.996   787   797 I zygote64: Background concurrent copying GC freed 17714(14MB) AllocSpace objects, 98(1764KB) LOS objects, 50% free, 15MB/30MB, paused 1.012ms total 112.519ms
07-01 19:05:43.218  1861 12359 E WakeLock: GCM_HB_ALARM release without a matched acquire!
07-01 19:05:43.218  1861 12359 W WakeLock: GCM_HB_ALARM counter does not exist
07-01 19:05:43.220   787   976 D ConnectivityService: reportNetworkConnectivity(103, false) by 10040
07-01 19:05:43.221   787 12124 D NetworkMonitor/NetworkAgentInfo [WIFI () - 103]: Forcing reevaluation for UID 10040
07-01 19:05:43.222   787 12124 D NetworkMonitor/NetworkAgentInfo [WIFI () - 103]: Validation disabled.
07-01 19:05:43.225   787   976 D ConnectivityService: NetworkAgentInfo [WIFI () - 103] validation passed
07-01 19:05:43.229  1861 12359 W WakeLock: GCM_CONN_ALARM counter does not exist
07-01 19:05:46.794  2949 12351 I NearbyConnections: EndpointManager discarded incoming OfflineFrame of type KEEP_ALIVE because it doesn't have a processor registered. [CONTEXT service_id=54 ]
07-01 19:05:47.221  3394  3481 I BistoDBWrapper: Create DB
07-01 19:05:47.246  3096  3096 I BistoDBWrapper: Create DB
07-01 19:05:47.266  3096  3096 I BistoRealService: onStartCommand: 0 1 Intent { act=com.google.android.apps.gsa.broadcastreceiver.SETTINGS_CHANGED cmp=com.google.android.googlequicksearchbox/com.google.android.apps.gsa.staticplugins.bisto.BistoRealService (has extras) }
07-01 19:05:47.278  3096  3096 I BistoRealService: Intent handled internally
07-01 19:05:47.279  3096  3096 D BluetoothA2dp: Proxy object connected
07-01 19:05:47.375   787  3163 I WifiService: getWifiApEnabledState uid=1000
07-01 19:05:50.590  1861 12329 I NearbyDiscovery: Show notifications: 0 total, no changes since last shown, no-op. [CONTEXT service_id=49 ]
07-01 19:05:51.803  2949 12351 I NearbyConnections: EndpointManager discarded incoming OfflineFrame of type KEEP_ALIVE because it doesn't have a processor registered. [CONTEXT service_id=54 ]
07-01 19:05:53.249   787   970 W AlarmManager: Unrecognized alarm listener com.android.server.wifi.WifiConfigStore$1@23f60ae
07-01 19:05:53.272   787   970 D WifiConfigStore: Writing to stores completed in 23 ms.
07-01 19:05:56.804  2949 12351 I NearbyConnections: EndpointManager discarded incoming OfflineFrame of type KEEP_ALIVE because it doesn't have a processor registered. [CONTEXT service_id=54 ]
07-01 19:05:58.239  1861  3583 E WakeLock: GCM_CONN_ALARM ** IS FORCE-RELEASED ON TIMEOUT **
07-01 19:05:59.460   787  1673 I WifiService: getWifiApEnabledState uid=1000
07-01 19:06:00.185   787   954 E LightsService: Light requested not available on this device. 2
07-01 19:06:00.231 12191 12196 I zygote64: Do partial code cache collection, code=124KB, data=77KB
07-01 19:06:00.231 12191 12196 I zygote64: After code cache collection, code=124KB, data=77KB
07-01 19:06:00.231 12191 12196 I zygote64: Increasing code cache capacity to 512KB
07-01 19:06:00.278 12191 12191 V ConnectionFragment: Auto-send switch checked
07-01 19:06:00.333 12191 12191 W NearbyFragment: Preferences:
07-01 19:06:00.333 12191 12191 W NearbyFragment:   Auto download: true
07-01 19:06:00.333 12191 12191 W NearbyFragment:   Algorithm: best_or_local
07-01 19:06:00.333 12191 12191 W NearbyFragment:   Fast scheduling: true
07-01 19:06:00.333 12191 12191 W NearbyFragment:   Segmentation: true
07-01 19:06:00.333 12191 12191 W NearbyFragment:   Auto segmentation: false
07-01 19:06:00.333 12191 12191 W NearbyFragment:   Segment number: 4
07-01 19:06:00.333 12191 12191 W NearbyFragment:   Noise tolerance: 45.00
07-01 19:06:00.333 12191 12191 W NearbyFragment:   Quality: 23
07-01 19:06:00.333 12191 12191 W NearbyFragment:   Speed: medium
07-01 19:06:00.333 12191 12191 W NearbyFragment:   Freeze duration: 1.00
07-01 19:06:00.334 12191 12191 W NearbyFragment: Download delay: 1s
07-01 19:06:00.334 12191 12191 W NearbyFragment: Started downloading from dashcam
07-01 19:06:00.336 12191 12395 V DownloadTestVideosTask: Starting DownloadTestVideosTask
07-01 19:06:00.340   573  5949 D audio_route: Apply path: speaker-protected
07-01 19:06:00.344 12191 12395 V DashDownloadManager: Started downloading: 20200312_150643.mp4
07-01 19:06:00.345   573  5949 D audio_hw_primary: enable_snd_device: snd_device(95: vi-feedback)
07-01 19:06:00.345   573  5949 D audio_route: Apply path: vi-feedback
07-01 19:06:00.345   573  5949 D audio_hw_primary: enable_audio_route: usecase(24) apply and update mixer path: spkr-vi-record
07-01 19:06:00.345   573  5949 D audio_route: Apply path: spkr-vi-record
07-01 19:06:00.363  6030  7114 W DownloadManager: Path appears to be invalid: /storage/emulated/0/Movies/raw/20200312_150643.mp4
07-01 19:06:00.368   573  5949 D audio_hw_primary: enable_audio_route: usecase(1) apply and update mixer path: low-latency-playback
07-01 19:06:00.368   573  5949 D audio_route: Apply path: low-latency-playback
07-01 19:06:00.405   573  5949 E msm8974_platform: ramp_speaker_gain: Could not get ctl for mixer cmd - Left Speaker Gain or Right Speaker Gain, not applying speaker gain ramp
07-01 19:06:00.405   573  5949 D audio_hw_primary: out_write: retry previous failed cal level set
07-01 19:06:00.413  6030 12396 D DownloadManager: [2371] Starting
07-01 19:06:00.449  6030 12396 D NetworkSecurityConfig: No Network Security Config specified, using platform default
07-01 19:06:00.560  6030 12396 W StorageManager: fallocate() not supported; falling back to ftruncate()
07-01 19:06:00.916   573   742 D audio_hw_primary: disable_audio_route: usecase(1) reset and update mixer path: low-latency-playback
07-01 19:06:00.932   573   742 D audio_hw_primary: disable_snd_device: snd_device(95: vi-feedback)
07-01 19:06:00.932   573   742 D audio_hw_primary: disable_audio_route: usecase(24) reset and update mixer path: spkr-vi-record
07-01 19:06:01.889  2949 12351 I NearbyConnections: EndpointManager discarded incoming OfflineFrame of type KEEP_ALIVE because it doesn't have a processor registered. [CONTEXT service_id=54 ]
07-01 19:06:03.230   787  1673 D WificondControl: Scan result ready event
07-01 19:06:03.357   787   797 I zygote64: Background concurrent copying GC freed 31344(13MB) AllocSpace objects, 89(1740KB) LOS objects, 49% free, 15MB/30MB, paused 1.427ms total 113.345ms
07-01 19:06:05.527   787   966 E LightsService: Light requested not available on this device. 2
07-01 19:06:06.811  2949 12351 I NearbyConnections: EndpointManager discarded incoming OfflineFrame of type KEEP_ALIVE because it doesn't have a processor registered. [CONTEXT service_id=54 ]
07-01 19:06:07.297  3096  3096 I BistoRealService: requestDestroy
07-01 19:06:07.301  3096  3096 I BistoRealService: onDestroy
07-01 19:06:07.307  3096  3096 I BistoWiredManager: close
07-01 19:06:07.311  3096  3096 I BistoClassicManager: close
07-01 19:06:11.820  2949 12351 I NearbyConnections: EndpointManager discarded incoming OfflineFrame of type KEEP_ALIVE because it doesn't have a processor registered. [CONTEXT service_id=54 ]
07-01 19:06:13.275  1861 12379 E WakeLock: GCM_HB_ALARM release without a matched acquire!
07-01 19:06:13.275  1861 12379 W WakeLock: GCM_HB_ALARM counter does not exist
07-01 19:06:16.820  2949 12351 I NearbyConnections: EndpointManager discarded incoming OfflineFrame of type KEEP_ALIVE because it doesn't have a processor registered. [CONTEXT service_id=54 ]
07-01 19:06:18.283  1861  3583 E WakeLock: GCM_CONN_ALARM ** IS FORCE-RELEASED ON TIMEOUT **
07-01 19:06:21.828  2949 12351 I NearbyConnections: EndpointManager discarded incoming OfflineFrame of type KEEP_ALIVE because it doesn't have a processor registered. [CONTEXT service_id=54 ]
07-01 19:06:23.739  6030 12396 D DownloadManager: [2371] Finished with status SUCCESS
07-01 19:06:23.843 12191 12191 V VideoManager: videoFromCursor
07-01 19:06:23.853 12191 12191 W DashDownloadManager: Successfully downloaded 20200312_150643.mp4 in 23.452s
07-01 19:06:23.854 12191 12191 V DownloadTestVideosTask: Entering callback for download completion of 20200312_150643.mp4
07-01 19:06:23.858   581   581 D MediaAnalyticsService: MediaAnalyticsService::newSummarizerSet
07-01 19:06:23.859 12191 12191 V RawFootageEventHandler: onAdd
07-01 19:06:23.862 12191 12191 I mobile-ffmpeg: Loading mobile-ffmpeg.
07-01 19:06:23.866  6030 12414 E SQLiteDatabase: Error inserting _data=/storage/emulated/0/Movies/raw/20200312_150643.mp4 parent=7021 is_drm=false _display_name=20200312_150643.mp4 artist=<unknown> album=raw format=12299 title=20200312_150643 resolution=1280x720 _size=69990400 duration=60020 bucket_id=199629750 date_added=1593594383 datetaken=1583986063000 date_modified=1593594383 mime_type=video/mp4 media_type=3 storage_id=65537 width=1280 height=720 bucket_display_name=raw
07-01 19:06:23.866  6030 12414 E SQLiteDatabase: android.database.sqlite.SQLiteConstraintException: UNIQUE constraint failed: files._data (code 2067)
07-01 19:06:23.866  6030 12414 E SQLiteDatabase: 	at android.database.sqlite.SQLiteConnection.nativeExecuteForLastInsertedRowId(Native Method)
07-01 19:06:23.866  6030 12414 E SQLiteDatabase: 	at android.database.sqlite.SQLiteConnection.executeForLastInsertedRowId(SQLiteConnection.java:783)
07-01 19:06:23.866  6030 12414 E SQLiteDatabase: 	at android.database.sqlite.SQLiteSession.executeForLastInsertedRowId(SQLiteSession.java:788)
07-01 19:06:23.866  6030 12414 E SQLiteDatabase: 	at android.database.sqlite.SQLiteStatement.executeInsert(SQLiteStatement.java:86)
07-01 19:06:23.866  6030 12414 E SQLiteDatabase: 	at android.database.sqlite.SQLiteDatabase.insertWithOnConflict(SQLiteDatabase.java:1548)
07-01 19:06:23.866  6030 12414 E SQLiteDatabase: 	at android.database.sqlite.SQLiteDatabase.insert(SQLiteDatabase.java:1417)
07-01 19:06:23.866  6030 12414 E SQLiteDatabase: 	at com.android.providers.media.MediaProvider.insertFile(MediaProvider.java:2265)
07-01 19:06:23.866  6030 12414 E SQLiteDatabase: 	at com.android.providers.media.MediaProvider.insertInternal(MediaProvider.java:2585)
07-01 19:06:23.866  6030 12414 E SQLiteDatabase: 	at com.android.providers.media.MediaProvider.insert(MediaProvider.java:1897)
07-01 19:06:23.866  6030 12414 E SQLiteDatabase: 	at android.content.ContentProvider$Transport.insert(ContentProvider.java:266)
07-01 19:06:23.866  6030 12414 E SQLiteDatabase: 	at android.content.ContentProviderClient.insert(ContentProviderClient.java:271)
07-01 19:06:23.866  6030 12414 E SQLiteDatabase: 	at android.media.MediaScanner$MyMediaScannerClient.endFile(MediaScanner.java:1053)
07-01 19:06:23.866  6030 12414 E SQLiteDatabase: 	at android.media.MediaScanner$MyMediaScannerClient.doScanFile(MediaScanner.java:651)
07-01 19:06:23.866  6030 12414 E SQLiteDatabase: 	at android.media.MediaScanner.scanSingleFile(MediaScanner.java:1397)
07-01 19:06:23.866  6030 12414 E SQLiteDatabase: 	at com.android.providers.media.MediaScannerService.scanFile(MediaScannerService.java:170)
07-01 19:06:23.866  6030 12414 E SQLiteDatabase: 	at com.android.providers.media.MediaScannerService.-wrap0(Unknown Source:0)
07-01 19:06:23.866  6030 12414 E SQLiteDatabase: 	at com.android.providers.media.MediaScannerService$ServiceHandler.handleMessage(MediaScannerService.java:220)
07-01 19:06:23.866  6030 12414 E SQLiteDatabase: 	at android.os.Handler.dispatchMessage(Handler.java:106)
07-01 19:06:23.866  6030 12414 E SQLiteDatabase: 	at android.os.Looper.loop(Looper.java:164)
07-01 19:06:23.866  6030 12414 E SQLiteDatabase: 	at com.android.providers.media.MediaScannerService.run(MediaScannerService.java:161)
07-01 19:06:23.866  6030 12414 E SQLiteDatabase: 	at java.lang.Thread.run(Thread.java:764)
07-01 19:06:23.911 12191 12191 I mobile-ffmpeg: Loaded mobile-ffmpeg-full-gpl-arm64-v8a-4.2.2-20190703.
07-01 19:06:23.915 12191 12415 D mobile-ffmpeg: Callback thread started.
07-01 19:06:24.029 12191 12191 V FileManager: External storage is readable
07-01 19:06:24.031 12191 12191 V FileManager: Created new directory: /storage/emulated/0/Movies/segment/20200312_150643
07-01 19:06:24.031 12191 12191 V FfmpegTools: Splitting /storage/emulated/0/Movies/raw/20200312_150643.mp4 with 16s long segments
07-01 19:06:24.033 12191 12191 I FfmpegTools: Running ffmpeg with:
07-01 19:06:24.033 12191 12191 I FfmpegTools:   -y -i /storage/emulated/0/Movies/raw/20200312_150643.mp4 -map 0 -c copy -f segment -reset_timestamps 1 -segment_time 16 /storage/emulated/0/Movies/segment/20200312_150643/20200312_150643!%03d.mp4
07-01 19:06:24.041 12191 12415 W mobile-ffmpeg:
07-01 19:06:24.041 12191 12415 W mobile-ffmpeg: [mov,mp4,m4a,3gp,3g2,mj2 @ 0x710b5c2200]
07-01 19:06:24.042 12191 12415 W mobile-ffmpeg:
07-01 19:06:24.042 12191 12415 W mobile-ffmpeg: Found duplicated MOOV Atom. Skipped it
07-01 19:06:24.087 12191 12415 I mobile-ffmpeg:
07-01 19:06:24.087 12191 12415 I chatty  : uid=10100(com.example.edgesum) identical 1 line
07-01 19:06:24.087 12191 12415 I mobile-ffmpeg:
07-01 19:06:24.088 12191 12415 I mobile-ffmpeg: Input #0, mov,mp4,m4a,3gp,3g2,mj2, from '/storage/emulated/0/Movies/raw/20200312_150643.mp4':
07-01 19:06:24.088 12191 12415 I mobile-ffmpeg:
07-01 19:06:24.088 12191 12415 I chatty  : uid=10100(com.example.edgesum) identical 1 line
07-01 19:06:24.088 12191 12415 I mobile-ffmpeg:
07-01 19:06:24.088 12191 12415 I mobile-ffmpeg:   Metadata:
07-01 19:06:24.088 12191 12415 I mobile-ffmpeg:
07-01 19:06:24.088 12191 12415 I chatty  : uid=10100(com.example.edgesum) identical 1 line
07-01 19:06:24.088 12191 12415 I mobile-ffmpeg:
07-01 19:06:24.088 12191 12415 I mobile-ffmpeg:     creation_time   :
07-01 19:06:24.088 12191 12415 I mobile-ffmpeg:
07-01 19:06:24.088 12191 12415 I chatty  : uid=10100(com.example.edgesum) identical 1 line
07-01 19:06:24.088 12191 12415 I mobile-ffmpeg:
07-01 19:06:24.088 12191 12415 I mobile-ffmpeg: 2020-03-12T04:07:43.000000Z
07-01 19:06:24.088 12191 12415 I mobile-ffmpeg:
07-01 19:06:24.088 12191 12415 I chatty  : uid=10100(com.example.edgesum) identical 1 line
07-01 19:06:24.088 12191 12415 I mobile-ffmpeg:
07-01 19:06:24.089 12191 12415 I mobile-ffmpeg:
07-01 19:06:24.089 12191 12415 I mobile-ffmpeg:
07-01 19:06:24.089 12191 12415 I chatty  : uid=10100(com.example.edgesum) identical 1 line
07-01 19:06:24.089 12191 12415 I mobile-ffmpeg:
07-01 19:06:24.089 12191 12415 I mobile-ffmpeg:     major_brand     :
07-01 19:06:24.089 12191 12415 I mobile-ffmpeg:
07-01 19:06:24.089 12191 12415 I chatty  : uid=10100(com.example.edgesum) identical 1 line
07-01 19:06:24.089 12191 12415 I mobile-ffmpeg:
07-01 19:06:24.089 12191 12415 I mobile-ffmpeg: mp42
07-01 19:06:24.089 12191 12415 I mobile-ffmpeg:
07-01 19:06:24.089 12191 12415 I chatty  : uid=10100(com.example.edgesum) identical 1 line
07-01 19:06:24.089 12191 12415 I mobile-ffmpeg:
07-01 19:06:24.089 12191 12415 I mobile-ffmpeg:
07-01 19:06:24.089 12191 12415 I mobile-ffmpeg:
07-01 19:06:24.089 12191 12415 I chatty  : uid=10100(com.example.edgesum) identical 1 line
07-01 19:06:24.089 12191 12415 I mobile-ffmpeg:
07-01 19:06:24.089 12191 12415 I mobile-ffmpeg:     minor_version   :
07-01 19:06:24.089 12191 12415 I mobile-ffmpeg:
07-01 19:06:24.090 12191 12415 I chatty  : uid=10100(com.example.edgesum) identical 1 line
07-01 19:06:24.090 12191 12415 I mobile-ffmpeg:
07-01 19:06:24.090 12191 12415 I mobile-ffmpeg: 1
07-01 19:06:24.090 12191 12415 I mobile-ffmpeg:
07-01 19:06:24.090 12191 12415 I chatty  : uid=10100(com.example.edgesum) identical 1 line
07-01 19:06:24.090 12191 12415 I mobile-ffmpeg:
07-01 19:06:24.090 12191 12415 I mobile-ffmpeg:
07-01 19:06:24.090 12191 12415 I mobile-ffmpeg:
