07-02 23:01:51.255  5034 32350 I NearbyConnections: ClientProxy(22484637) reporting onPayloadTransferUpdate(BazU, -5556135699892060648, IN_PROGRESS) [CONTEXT service_id=54 ]
07-02 23:01:51.255 31236 31236 V NearbyFragment: Transfer to BazU: 59%
07-02 23:01:51.308  4898  4898 D io_stats: !@   8,0 r 500535 31405688 w 93886 4985748 d 6072 3474236 f 21856 22311 iot 223840 194107 th 307200 0 0 pt 0 inp 0 0 11780.339
07-02 23:01:51.330  5034 32350 I NearbyConnections: ClientProxy(22484637) reporting onPayloadTransferUpdate(BazU, -5556135699892060648, IN_PROGRESS) [CONTEXT service_id=54 ]
07-02 23:01:51.331 31236 31236 V NearbyFragment: Transfer to BazU: 59%
07-02 23:01:51.335  5034 32350 I NearbyConnections: ClientProxy(22484637) reporting onPayloadTransferUpdate(BazU, -5556135699892060648, IN_PROGRESS) [CONTEXT service_id=54 ]
07-02 23:01:51.336 31236 31236 V NearbyFragment: Transfer to BazU: 60%
07-02 23:01:51.340  5034 32350 I NearbyConnections: ClientProxy(22484637) reporting onPayloadTransferUpdate(BazU, -5556135699892060648, IN_PROGRESS) [CONTEXT service_id=54 ]
07-02 23:01:51.342 31236 31236 V NearbyFragment: Transfer to BazU: 60%
07-02 23:01:51.347  5034 32350 I NearbyConnections: ClientProxy(22484637) reporting onPayloadTransferUpdate(BazU, -5556135699892060648, IN_PROGRESS) [CONTEXT service_id=54 ]
07-02 23:01:51.348 31236 31236 V NearbyFragment: Transfer to BazU: 61%
07-02 23:01:51.357  5034 32350 I NearbyConnections: ClientProxy(22484637) reporting onPayloadTransferUpdate(BazU, -5556135699892060648, IN_PROGRESS) [CONTEXT service_id=54 ]
07-02 23:01:51.358 31236 31236 V NearbyFragment: Transfer to BazU: 62%
07-02 23:01:51.363  5034 32350 I NearbyConnections: ClientProxy(22484637) reporting onPayloadTransferUpdate(BazU, -5556135699892060648, IN_PROGRESS) [CONTEXT service_id=54 ]
07-02 23:01:51.364 31236 31236 V NearbyFragment: Transfer to BazU: 62%
07-02 23:01:51.370  5034 32350 I NearbyConnections: ClientProxy(22484637) reporting onPayloadTransferUpdate(BazU, -5556135699892060648, IN_PROGRESS) [CONTEXT service_id=54 ]
07-02 23:01:51.371 31236 31236 V NearbyFragment: Transfer to BazU: 63%
07-02 23:01:51.377  5034 32350 I NearbyConnections: ClientProxy(22484637) reporting onPayloadTransferUpdate(BazU, -5556135699892060648, IN_PROGRESS) [CONTEXT service_id=54 ]
07-02 23:01:51.378 31236 31236 V NearbyFragment: Transfer to BazU: 63%
07-02 23:01:51.383  5034 32350 I NearbyConnections: ClientProxy(22484637) reporting onPayloadTransferUpdate(BazU, -5556135699892060648, IN_PROGRESS) [CONTEXT service_id=54 ]
07-02 23:01:51.384 31236 31236 V NearbyFragment: Transfer to BazU: 64%
07-02 23:01:51.390  5034 32350 I NearbyConnections: ClientProxy(22484637) reporting onPayloadTransferUpdate(BazU, -5556135699892060648, IN_PROGRESS) [CONTEXT service_id=54 ]
07-02 23:01:51.391 31236 31236 V NearbyFragment: Transfer to BazU: 64%
07-02 23:01:51.397  5034 32350 I NearbyConnections: ClientProxy(22484637) reporting onPayloadTransferUpdate(BazU, -5556135699892060648, IN_PROGRESS) [CONTEXT service_id=54 ]
07-02 23:01:51.397 31236 31236 V NearbyFragment: Transfer to BazU: 65%
07-02 23:01:51.403  5034 32350 I NearbyConnections: ClientProxy(22484637) reporting onPayloadTransferUpdate(BazU, -5556135699892060648, IN_PROGRESS) [CONTEXT service_id=54 ]
07-02 23:01:51.404 31236 31236 V NearbyFragment: Transfer to BazU: 65%
07-02 23:01:51.409  5034 32350 I NearbyConnections: ClientProxy(22484637) reporting onPayloadTransferUpdate(BazU, -5556135699892060648, IN_PROGRESS) [CONTEXT service_id=54 ]
07-02 23:01:51.410 31236 31236 V NearbyFragment: Transfer to BazU: 66%
07-02 23:01:51.413  5034 32350 I NearbyConnections: ClientProxy(22484637) reporting onPayloadTransferUpdate(BazU, -5556135699892060648, IN_PROGRESS) [CONTEXT service_id=54 ]
07-02 23:01:51.413 31236 31236 V NearbyFragment: Transfer to BazU: 66%
07-02 23:01:51.415  5034 32350 I NearbyConnections: ClientProxy(22484637) reporting onPayloadTransferUpdate(BazU, -5556135699892060648, IN_PROGRESS) [CONTEXT service_id=54 ]
07-02 23:01:51.416 31236 31236 V NearbyFragment: Transfer to BazU: 67%
07-02 23:01:51.417  5034 32350 I NearbyConnections: ClientProxy(22484637) reporting onPayloadTransferUpdate(BazU, -5556135699892060648, IN_PROGRESS) [CONTEXT service_id=54 ]
07-02 23:01:51.418 31236 31236 V NearbyFragment: Transfer to BazU: 67%
07-02 23:01:51.420  5034 32350 I NearbyConnections: ClientProxy(22484637) reporting onPayloadTransferUpdate(BazU, -5556135699892060648, IN_PROGRESS) [CONTEXT service_id=54 ]
07-02 23:01:51.421 31236 31236 V NearbyFragment: Transfer to BazU: 68%
07-02 23:01:51.424  5034 32350 I NearbyConnections: ClientProxy(22484637) reporting onPayloadTransferUpdate(BazU, -5556135699892060648, IN_PROGRESS) [CONTEXT service_id=54 ]
07-02 23:01:51.424 31236 31236 V NearbyFragment: Transfer to BazU: 68%
07-02 23:01:51.476  3825  4066 D WifiTrafficPoller: TrafficStats TxPkts=447720 RxPkts=235125 TxBytes=640295432 RxBytes=117236119 , Foreground uid=10568 pkgName=com.example.edgesum TxPackets=488506 RxPackets=1062126 TxBytes=25456904 RxBytes=1592919755
07-02 23:01:51.480  5034  5047 I gle.android.gm: Background concurrent copying GC freed 14861(512KB) AllocSpace objects, 286(18MB) LOS objects, 49% free, 23MB/46MB, paused 534us total 131.674ms
07-02 23:01:51.602  5034 32350 I NearbyConnections: ClientProxy(22484637) reporting onPayloadTransferUpdate(BazU, -5556135699892060648, IN_PROGRESS) [CONTEXT service_id=54 ]
07-02 23:01:51.603 31236 31236 V NearbyFragment: Transfer to BazU: 69%
07-02 23:01:51.611  5034 32350 I NearbyConnections: ClientProxy(22484637) reporting onPayloadTransferUpdate(BazU, -5556135699892060648, IN_PROGRESS) [CONTEXT service_id=54 ]
07-02 23:01:51.613 31236 31236 V NearbyFragment: Transfer to BazU: 69%
07-02 23:01:51.620  5034 32350 I NearbyConnections: ClientProxy(22484637) reporting onPayloadTransferUpdate(BazU, -5556135699892060648, IN_PROGRESS) [CONTEXT service_id=54 ]
07-02 23:01:51.621 31236 31236 V NearbyFragment: Transfer to BazU: 70%
07-02 23:01:51.628  5034 32350 I NearbyConnections: ClientProxy(22484637) reporting onPayloadTransferUpdate(BazU, -5556135699892060648, IN_PROGRESS) [CONTEXT service_id=54 ]
07-02 23:01:51.629 31236 31236 V NearbyFragment: Transfer to BazU: 70%
07-02 23:01:51.633  5034 32350 I NearbyConnections: ClientProxy(22484637) reporting onPayloadTransferUpdate(BazU, -5556135699892060648, IN_PROGRESS) [CONTEXT service_id=54 ]
07-02 23:01:51.634 31236 31236 V NearbyFragment: Transfer to BazU: 71%
07-02 23:01:51.639  5034 32350 I NearbyConnections: ClientProxy(22484637) reporting onPayloadTransferUpdate(BazU, -5556135699892060648, IN_PROGRESS) [CONTEXT service_id=54 ]
07-02 23:01:51.640 31236 31236 V NearbyFragment: Transfer to BazU: 71%
07-02 23:01:51.645  3825  4067 I WifiVendorHal: getWifiLinkLayerStats(l.2973) before calling iface.getLinkLayerStats
07-02 23:01:51.646  3287  3287 I android.hardware.wifi@1.0-service: enter getLinkLayerStats
07-02 23:01:51.646  3287  3287 I android.hardware.wifi@1.0-service: enter getLinkLayerStatsInternal
07-02 23:01:51.647 31236 31236 V NearbyFragment: Transfer to BazU: 72%
07-02 23:01:51.649  5034 32350 I NearbyConnections: ClientProxy(22484637) reporting onPayloadTransferUpdate(BazU, -5556135699892060648, IN_PROGRESS) [CONTEXT service_id=54 ]
07-02 23:01:51.653  5034 32350 I NearbyConnections: ClientProxy(22484637) reporting onPayloadTransferUpdate(BazU, -5556135699892060648, IN_PROGRESS) [CONTEXT service_id=54 ]
07-02 23:01:51.655 31236 31236 V NearbyFragment: Transfer to BazU: 72%
07-02 23:01:51.657  3287  3287 I android.hardware.wifi@1.0-service: Successfully getLinkLayerStats.
07-02 23:01:51.658  3825  4067 I WifiVendorHal: getWifiLinkLayerStats(l.2973) after calling iface.getLinkLayerStats
07-02 23:01:51.660  5034 32350 I NearbyConnections: ClientProxy(22484637) reporting onPayloadTransferUpdate(BazU, -5556135699892060648, IN_PROGRESS) [CONTEXT service_id=54 ]
07-02 23:01:51.661 31236 31236 V NearbyFragment: Transfer to BazU: 73%
07-02 23:01:51.666  5034 32350 I NearbyConnections: ClientProxy(22484637) reporting onPayloadTransferUpdate(BazU, -5556135699892060648, IN_PROGRESS) [CONTEXT service_id=54 ]
07-02 23:01:51.667 31236 31236 V NearbyFragment: Transfer to BazU: 73%
07-02 23:01:51.671  5034 32350 I NearbyConnections: ClientProxy(22484637) reporting onPayloadTransferUpdate(BazU, -5556135699892060648, IN_PROGRESS) [CONTEXT service_id=54 ]
07-02 23:01:51.672 31236 31236 V NearbyFragment: Transfer to BazU: 74%
07-02 23:01:51.677  5034 32350 I NearbyConnections: ClientProxy(22484637) reporting onPayloadTransferUpdate(BazU, -5556135699892060648, IN_PROGRESS) [CONTEXT service_id=54 ]
07-02 23:01:51.677 31236 31236 V NearbyFragment: Transfer to BazU: 74%
07-02 23:01:51.682  5034 32350 I NearbyConnections: ClientProxy(22484637) reporting onPayloadTransferUpdate(BazU, -5556135699892060648, IN_PROGRESS) [CONTEXT service_id=54 ]
07-02 23:01:51.684 31236 31236 V NearbyFragment: Transfer to BazU: 75%
07-02 23:01:51.688  5034 32350 I NearbyConnections: ClientProxy(22484637) reporting onPayloadTransferUpdate(BazU, -5556135699892060648, IN_PROGRESS) [CONTEXT service_id=54 ]
07-02 23:01:51.689 31236 31236 V NearbyFragment: Transfer to BazU: 75%
07-02 23:01:51.695  5034 32350 I NearbyConnections: ClientProxy(22484637) reporting onPayloadTransferUpdate(BazU, -5556135699892060648, IN_PROGRESS) [CONTEXT service_id=54 ]
07-02 23:01:51.696 31236 31236 V NearbyFragment: Transfer to BazU: 76%
07-02 23:01:51.699  5034 32350 I NearbyConnections: ClientProxy(22484637) reporting onPayloadTransferUpdate(BazU, -5556135699892060648, IN_PROGRESS) [CONTEXT service_id=54 ]
07-02 23:01:51.701 31236 31236 V NearbyFragment: Transfer to BazU: 76%
07-02 23:01:51.707  5034 32350 I NearbyConnections: ClientProxy(22484637) reporting onPayloadTransferUpdate(BazU, -5556135699892060648, IN_PROGRESS) [CONTEXT service_id=54 ]
07-02 23:01:51.708 31236 31236 V NearbyFragment: Transfer to BazU: 77%
07-02 23:01:51.713  5034 32350 I NearbyConnections: ClientProxy(22484637) reporting onPayloadTransferUpdate(BazU, -5556135699892060648, IN_PROGRESS) [CONTEXT service_id=54 ]
07-02 23:01:51.714 31236 31236 V NearbyFragment: Transfer to BazU: 78%
07-02 23:01:51.719  5034 32350 I NearbyConnections: ClientProxy(22484637) reporting onPayloadTransferUpdate(BazU, -5556135699892060648, IN_PROGRESS) [CONTEXT service_id=54 ]
07-02 23:01:51.719 31236 31236 V NearbyFragment: Transfer to BazU: 78%
07-02 23:01:51.723  5034 32350 I NearbyConnections: ClientProxy(22484637) reporting onPayloadTransferUpdate(BazU, -5556135699892060648, IN_PROGRESS) [CONTEXT service_id=54 ]
07-02 23:01:51.724 31236 31236 V NearbyFragment: Transfer to BazU: 79%
07-02 23:01:51.729  5034 32350 I NearbyConnections: ClientProxy(22484637) reporting onPayloadTransferUpdate(BazU, -5556135699892060648, IN_PROGRESS) [CONTEXT service_id=54 ]
07-02 23:01:51.729 31236 31236 V NearbyFragment: Transfer to BazU: 79%
07-02 23:01:51.733  5034 32350 I NearbyConnections: ClientProxy(22484637) reporting onPayloadTransferUpdate(BazU, -5556135699892060648, IN_PROGRESS) [CONTEXT service_id=54 ]
07-02 23:01:51.733 31236 31236 V NearbyFragment: Transfer to BazU: 80%
07-02 23:01:51.737  5034 32350 I NearbyConnections: ClientProxy(22484637) reporting onPayloadTransferUpdate(BazU, -5556135699892060648, IN_PROGRESS) [CONTEXT service_id=54 ]
07-02 23:01:51.738 31236 31236 V NearbyFragment: Transfer to BazU: 80%
07-02 23:01:51.743  5034 32350 I NearbyConnections: ClientProxy(22484637) reporting onPayloadTransferUpdate(BazU, -5556135699892060648, IN_PROGRESS) [CONTEXT service_id=54 ]
07-02 23:01:51.744 31236 31236 V NearbyFragment: Transfer to BazU: 81%
07-02 23:01:51.745  5034 32350 I NearbyConnections: ClientProxy(22484637) reporting onPayloadTransferUpdate(BazU, -5556135699892060648, IN_PROGRESS) [CONTEXT service_id=54 ]
07-02 23:01:51.746 31236 31236 V NearbyFragment: Transfer to BazU: 81%
07-02 23:01:51.752  5034 32350 I NearbyConnections: ClientProxy(22484637) reporting onPayloadTransferUpdate(BazU, -5556135699892060648, IN_PROGRESS) [CONTEXT service_id=54 ]
07-02 23:01:51.754 31236 31236 V NearbyFragment: Transfer to BazU: 82%
07-02 23:01:51.758  5034 32350 I NearbyConnections: ClientProxy(22484637) reporting onPayloadTransferUpdate(BazU, -5556135699892060648, IN_PROGRESS) [CONTEXT service_id=54 ]
07-02 23:01:51.759 31236 31236 V NearbyFragment: Transfer to BazU: 82%
07-02 23:01:51.765  5034 32350 I NearbyConnections: ClientProxy(22484637) reporting onPayloadTransferUpdate(BazU, -5556135699892060648, IN_PROGRESS) [CONTEXT service_id=54 ]
07-02 23:01:51.766 31236 31236 V NearbyFragment: Transfer to BazU: 83%
07-02 23:01:51.770  5034 32350 I NearbyConnections: ClientProxy(22484637) reporting onPayloadTransferUpdate(BazU, -5556135699892060648, IN_PROGRESS) [CONTEXT service_id=54 ]
07-02 23:01:51.771 31236 31236 V NearbyFragment: Transfer to BazU: 83%
07-02 23:01:51.775  5034 32350 I NearbyConnections: ClientProxy(22484637) reporting onPayloadTransferUpdate(BazU, -5556135699892060648, IN_PROGRESS) [CONTEXT service_id=54 ]
07-02 23:01:51.776 31236 31236 V NearbyFragment: Transfer to BazU: 84%
07-02 23:01:51.780  5034 32350 I NearbyConnections: ClientProxy(22484637) reporting onPayloadTransferUpdate(BazU, -5556135699892060648, IN_PROGRESS) [CONTEXT service_id=54 ]
07-02 23:01:51.781 31236 31236 V NearbyFragment: Transfer to BazU: 84%
07-02 23:01:51.784  5034 32350 I NearbyConnections: ClientProxy(22484637) reporting onPayloadTransferUpdate(BazU, -5556135699892060648, IN_PROGRESS) [CONTEXT service_id=54 ]
07-02 23:01:51.785 31236 31236 V NearbyFragment: Transfer to BazU: 85%
07-02 23:01:51.789  5034 32350 I NearbyConnections: ClientProxy(22484637) reporting onPayloadTransferUpdate(BazU, -5556135699892060648, IN_PROGRESS) [CONTEXT service_id=54 ]
07-02 23:01:51.790 31236 31236 V NearbyFragment: Transfer to BazU: 85%
07-02 23:01:51.791  3574  4120 D bauth_FPBAuthService: pcf : 0x1012, 0 ,2 ,0 ,0 ,0 ,2, 
07-02 23:01:51.791  3574  4120 D bauth_FPBAuthService: thread id : 2, preenroll_flag : 0, nd cnt : 1, cso : 0, et : 0
07-02 23:01:51.791  3574  4120 D bauth_FPBAuthService: FPBAuthService, 9983
07-02 23:01:51.795  5034 32350 I NearbyConnections: ClientProxy(22484637) reporting onPayloadTransferUpdate(BazU, -5556135699892060648, IN_PROGRESS) [CONTEXT service_id=54 ]
07-02 23:01:51.796 31236 31236 V NearbyFragment: Transfer to BazU: 86%
07-02 23:01:51.799  5034 32350 I NearbyConnections: ClientProxy(22484637) reporting onPayloadTransferUpdate(BazU, -5556135699892060648, IN_PROGRESS) [CONTEXT service_id=54 ]
07-02 23:01:51.799 31236 31236 V NearbyFragment: Transfer to BazU: 86%
07-02 23:01:51.803  5034 32350 I NearbyConnections: ClientProxy(22484637) reporting onPayloadTransferUpdate(BazU, -5556135699892060648, IN_PROGRESS) [CONTEXT service_id=54 ]
07-02 23:01:51.804 31236 31236 V NearbyFragment: Transfer to BazU: 87%
07-02 23:01:51.807  5034 32350 I NearbyConnections: ClientProxy(22484637) reporting onPayloadTransferUpdate(BazU, -5556135699892060648, IN_PROGRESS) [CONTEXT service_id=54 ]
07-02 23:01:51.808 31236 31236 V NearbyFragment: Transfer to BazU: 87%
07-02 23:01:51.809  5034 32350 I NearbyConnections: ClientProxy(22484637) reporting onPayloadTransferUpdate(BazU, -5556135699892060648, IN_PROGRESS) [CONTEXT service_id=54 ]
07-02 23:01:51.810 31236 31236 V NearbyFragment: Transfer to BazU: 88%
07-02 23:01:51.814  5034 32350 I NearbyConnections: ClientProxy(22484637) reporting onPayloadTransferUpdate(BazU, -5556135699892060648, IN_PROGRESS) [CONTEXT service_id=54 ]
07-02 23:01:51.815 31236 31236 V NearbyFragment: Transfer to BazU: 88%
07-02 23:01:51.819  5034 32350 I NearbyConnections: ClientProxy(22484637) reporting onPayloadTransferUpdate(BazU, -5556135699892060648, IN_PROGRESS) [CONTEXT service_id=54 ]
07-02 23:01:51.819 31236 31236 V NearbyFragment: Transfer to BazU: 89%
07-02 23:01:51.825  5034 32350 I NearbyConnections: ClientProxy(22484637) reporting onPayloadTransferUpdate(BazU, -5556135699892060648, IN_PROGRESS) [CONTEXT service_id=54 ]
07-02 23:01:51.826 31236 31236 V NearbyFragment: Transfer to BazU: 89%
07-02 23:01:51.830  5034 32350 I NearbyConnections: ClientProxy(22484637) reporting onPayloadTransferUpdate(BazU, -5556135699892060648, IN_PROGRESS) [CONTEXT service_id=54 ]
07-02 23:01:51.831 31236 31236 V NearbyFragment: Transfer to BazU: 90%
07-02 23:01:51.834  5034 32350 I NearbyConnections: ClientProxy(22484637) reporting onPayloadTransferUpdate(BazU, -5556135699892060648, IN_PROGRESS) [CONTEXT service_id=54 ]
07-02 23:01:51.835 31236 31236 V NearbyFragment: Transfer to BazU: 90%
07-02 23:01:51.837  5034 32350 I NearbyConnections: ClientProxy(22484637) reporting onPayloadTransferUpdate(BazU, -5556135699892060648, IN_PROGRESS) [CONTEXT service_id=54 ]
07-02 23:01:51.838 31236 31236 V NearbyFragment: Transfer to BazU: 91%
07-02 23:01:51.842  5034 32350 I NearbyConnections: ClientProxy(22484637) reporting onPayloadTransferUpdate(BazU, -5556135699892060648, IN_PROGRESS) [CONTEXT service_id=54 ]
07-02 23:01:51.843 31236 31236 V NearbyFragment: Transfer to BazU: 91%
07-02 23:01:51.847  5034 32350 I NearbyConnections: ClientProxy(22484637) reporting onPayloadTransferUpdate(BazU, -5556135699892060648, IN_PROGRESS) [CONTEXT service_id=54 ]
07-02 23:01:51.847 31236 31236 V NearbyFragment: Transfer to BazU: 92%
07-02 23:01:51.853  5034 32350 I NearbyConnections: ClientProxy(22484637) reporting onPayloadTransferUpdate(BazU, -5556135699892060648, IN_PROGRESS) [CONTEXT service_id=54 ]
07-02 23:01:51.854 31236 31236 V NearbyFragment: Transfer to BazU: 93%
07-02 23:01:51.862  5034 32350 I NearbyConnections: ClientProxy(22484637) reporting onPayloadTransferUpdate(BazU, -5556135699892060648, IN_PROGRESS) [CONTEXT service_id=54 ]
07-02 23:01:51.863 31236 31236 V NearbyFragment: Transfer to BazU: 93%
07-02 23:01:51.867  5034 32350 I NearbyConnections: ClientProxy(22484637) reporting onPayloadTransferUpdate(BazU, -5556135699892060648, IN_PROGRESS) [CONTEXT service_id=54 ]
07-02 23:01:51.869 31236 31236 V NearbyFragment: Transfer to BazU: 94%
07-02 23:01:51.872  5034 32350 I NearbyConnections: ClientProxy(22484637) reporting onPayloadTransferUpdate(BazU, -5556135699892060648, IN_PROGRESS) [CONTEXT service_id=54 ]
07-02 23:01:51.873 31236 31236 V NearbyFragment: Transfer to BazU: 94%
07-02 23:01:51.876  5034 32350 I NearbyConnections: ClientProxy(22484637) reporting onPayloadTransferUpdate(BazU, -5556135699892060648, IN_PROGRESS) [CONTEXT service_id=54 ]
07-02 23:01:51.876 31236 31236 V NearbyFragment: Transfer to BazU: 95%
07-02 23:01:51.879  5034 32350 I NearbyConnections: ClientProxy(22484637) reporting onPayloadTransferUpdate(BazU, -5556135699892060648, IN_PROGRESS) [CONTEXT service_id=54 ]
07-02 23:01:51.880 31236 31236 V NearbyFragment: Transfer to BazU: 95%
07-02 23:01:51.883  5034 32350 I NearbyConnections: ClientProxy(22484637) reporting onPayloadTransferUpdate(BazU, -5556135699892060648, IN_PROGRESS) [CONTEXT service_id=54 ]
07-02 23:01:51.884 31236 31236 V NearbyFragment: Transfer to BazU: 96%
07-02 23:01:51.904  5034 32350 I NearbyConnections: ClientProxy(22484637) reporting onPayloadTransferUpdate(BazU, -5556135699892060648, IN_PROGRESS) [CONTEXT service_id=54 ]
07-02 23:01:51.905 31236 31236 V NearbyFragment: Transfer to BazU: 96%
07-02 23:01:51.908  5034 32350 I NearbyConnections: ClientProxy(22484637) reporting onPayloadTransferUpdate(BazU, -5556135699892060648, IN_PROGRESS) [CONTEXT service_id=54 ]
07-02 23:01:51.909 31236 31236 V NearbyFragment: Transfer to BazU: 97%
07-02 23:01:51.911  5034 32350 I NearbyConnections: ClientProxy(22484637) reporting onPayloadTransferUpdate(BazU, -5556135699892060648, IN_PROGRESS) [CONTEXT service_id=54 ]
07-02 23:01:51.911 31236 31236 V NearbyFragment: Transfer to BazU: 97%
07-02 23:01:51.913  5034 32350 I NearbyConnections: ClientProxy(22484637) reporting onPayloadTransferUpdate(BazU, -5556135699892060648, IN_PROGRESS) [CONTEXT service_id=54 ]
07-02 23:01:51.914 31236 31236 V NearbyFragment: Transfer to BazU: 98%
07-02 23:01:51.916  5034 32350 I NearbyConnections: ClientProxy(22484637) reporting onPayloadTransferUpdate(BazU, -5556135699892060648, IN_PROGRESS) [CONTEXT service_id=54 ]
07-02 23:01:51.917 31236 31236 V NearbyFragment: Transfer to BazU: 98%
07-02 23:01:51.920  5034 32350 I NearbyConnections: ClientProxy(22484637) reporting onPayloadTransferUpdate(BazU, -5556135699892060648, IN_PROGRESS) [CONTEXT service_id=54 ]
07-02 23:01:51.920 31236 31236 V NearbyFragment: Transfer to BazU: 99%
07-02 23:01:51.923  5034 32350 I NearbyConnections: ClientProxy(22484637) reporting onPayloadTransferUpdate(BazU, -5556135699892060648, IN_PROGRESS) [CONTEXT service_id=54 ]
07-02 23:01:51.923 31236 31236 V NearbyFragment: Transfer to BazU: 99%
07-02 23:01:51.925  5034 32350 I NearbyConnections: ClientProxy(22484637) reporting onPayloadTransferUpdate(BazU, -5556135699892060648, IN_PROGRESS) [CONTEXT service_id=54 ]
07-02 23:01:51.925 31236 31236 V NearbyFragment: Transfer to BazU: 100%
07-02 23:01:51.926  5034 32350 I NearbyConnections: ClientProxy(22484637) reporting onPayloadTransferUpdate(BazU, -5556135699892060648, SUCCESS) [CONTEXT service_id=54 ]
07-02 23:01:51.927 31236 31236 V NearbyFragment: Transfer to BazU: 100%
07-02 23:01:52.082  5034 32350 I NearbyConnections: ClientProxy(22484637) reporting onPayloadReceived(BazU, -5614207367730067017) [CONTEXT service_id=54 ]
07-02 23:01:52.082  5034 32350 I NearbyConnections: ClientProxy(22484637) reporting onPayloadTransferUpdate(BazU, -5614207367730067017, IN_PROGRESS) [CONTEXT service_id=54 ]
07-02 23:01:52.082 31236 31236 D NearbyFragment: onPayloadReceived(endpointId=BazU, payload=com.google.android.gms.nearby.connection.Payload@425969f)
07-02 23:01:52.083 31236 31236 D NearbyFragment: Endpoint{id=BazU, name=Nexus 5X [34d8]} has finished downloading 20200312_151044!003.mp4
07-02 23:01:52.083 31236 31236 I NearbyFragment: Transfer queue is empty
07-02 23:01:52.083 31236 31236 V NearbyFragment: Transfer to BazU: 100%
07-02 23:01:52.137  5034 32350 I NearbyConnections: ClientProxy(22484637) reporting onPayloadTransferUpdate(BazU, -5614207367730067017, SUCCESS) [CONTEXT service_id=54 ]
07-02 23:01:52.138 31236 31236 V NearbyFragment: Transfer to BazU: 100%
07-02 23:01:52.320  9122  9187 D ScanRecord: Not a Multi Manu data
07-02 23:01:52.320  9122  9187 I chatty  : uid=1002(bluetooth) BT Service Call identical 10 lines
07-02 23:01:52.320  9122  9187 D ScanRecord: Not a Multi Manu data
07-02 23:01:52.321  9122  9187 D BtGatt.GattService: onScanResult to scannerId: 5- eventType=0x10, addressType=0, address=A6:5, primaryPhy=1, secondaryPhy=0, advertisingSid=0xff, txPower=127, rssi=-80, periodicAdvInt=0x0
07-02 23:01:52.321  8780  9113 D ScanRecord: Not a Multi Manu data
07-02 23:01:52.326  8780  9113 I [+10]oneconnect[1.7.50-21_01][CORE]: BleParserForVD.parseTvPacket - [Name][TV] Samsung 8 Series (55)[DeviceType]TV[Discover]_BLE[Services]None[Connected]false[TvStatus]-128[TvService]96[TvMirrorChannel]1[TvRegisteredDB][83, 91, 0, 0, 0, 0][TvYear]2016[TvOcfInfo]0[TvAcmStatus]0[ExTvStatus]0
07-02 23:01:52.542  3298  5080 V APM_AudioPolicyManager: getAudioPolicyConfig: audioParam;outDevice
07-02 23:01:52.542  3298  5080 V APM_AudioPolicyManager: getNewOutputDevice() selected device 0
07-02 23:01:52.542  3298  5080 V APM_AudioPolicyManager: ### curdevice : 2
07-02 23:01:52.791  3574  4120 D bauth_FPBAuthService: pcf : 0x1012, 0 ,2 ,0 ,0 ,0 ,2, 
07-02 23:01:52.791  3574  4120 D bauth_FPBAuthService: thread id : 2, preenroll_flag : 0, nd cnt : 1, cso : 0, et : 0
07-02 23:01:52.792  3574  4120 D bauth_FPBAuthService: FPBAuthService, 9983
07-02 23:01:53.080  9122  9187 D ScanRecord: Not a Multi Manu data
07-02 23:01:53.081  9122  9187 I chatty  : uid=1002(bluetooth) BT Service Call identical 10 lines
07-02 23:01:53.081  9122  9187 D ScanRecord: Not a Multi Manu data
07-02 23:01:53.082  9122  9187 D BtGatt.GattService: onScanResult to scannerId: 5- eventType=0x10, addressType=0, address=A6:5, primaryPhy=1, secondaryPhy=0, advertisingSid=0xff, txPower=127, rssi=-84, periodicAdvInt=0x0
07-02 23:01:53.084  8780  9113 D ScanRecord: Not a Multi Manu data
07-02 23:01:53.096  8780  9113 I [+10]oneconnect[1.7.50-21_01][CORE]: BleParserForVD.parseTvPacket - [Name][TV] Samsung 8 Series (55)[DeviceType]TV[Discover]_BLE[Services]None[Connected]false[TvStatus]-128[TvService]96[TvMirrorChannel]1[TvRegisteredDB][83, 91, 0, 0, 0, 0][TvYear]2016[TvOcfInfo]0[TvAcmStatus]0[ExTvStatus]0
07-02 23:01:53.341 31236 32123 W DashDownloadManager: Successfully downloaded 20200312_193528.mp4 in 21.542s
07-02 23:01:53.342 31236 32123 V DownloadTestVideosTask: Entering callback for download completion of 20200312_193528.mp4
07-02 23:01:53.443 31236 32123 V FileManager: External storage is readable
07-02 23:01:53.445 31236 32123 V FileManager: Created new directory: /storage/emulated/0/Movies/segment/20200312_193528
07-02 23:01:53.445 31236 32123 V FfmpegTools: Splitting /storage/emulated/0/Movies/raw/20200312_193528.mp4 with 16s long segments
07-02 23:01:53.446 31236 32123 I FfmpegTools: Running ffmpeg with:
07-02 23:01:53.446 31236 32123 I FfmpegTools:   -y -i /storage/emulated/0/Movies/raw/20200312_193528.mp4 -map 0 -c copy -f segment -reset_timestamps 1 -segment_time 16 /storage/emulated/0/Movies/segment/20200312_193528/20200312_193528!%03d.mp4
07-02 23:01:53.455 31236 32139 W mobile-ffmpeg: 
07-02 23:01:53.455 31236 32139 W mobile-ffmpeg: [mov,mp4,m4a,3gp,3g2,mj2 @ 0x7024f52600] 
07-02 23:01:53.455 31236 32139 W mobile-ffmpeg: 
07-02 23:01:53.455 31236 32139 W mobile-ffmpeg: Found duplicated MOOV Atom. Skipped it
07-02 23:01:53.495 31236 32139 I mobile-ffmpeg: 
07-02 23:01:53.495 31236 32139 I chatty  : uid=10568(com.example.edgesum) identical 1 line
07-02 23:01:53.495 31236 32139 I mobile-ffmpeg: 
07-02 23:01:53.495 31236 32139 I mobile-ffmpeg: Input #0, mov,mp4,m4a,3gp,3g2,mj2, from '/storage/emulated/0/Movies/raw/20200312_193528.mp4':
07-02 23:01:53.495 31236 32139 I mobile-ffmpeg: 
07-02 23:01:53.495 31236 32139 I chatty  : uid=10568(com.example.edgesum) identical 1 line
07-02 23:01:53.496 31236 32139 I mobile-ffmpeg: 
07-02 23:01:53.496 31236 32139 I mobile-ffmpeg:   Metadata:
07-02 23:01:53.496 31236 32139 I mobile-ffmpeg: 
07-02 23:01:53.496 31236 32139 I chatty  : uid=10568(com.example.edgesum) identical 1 line
07-02 23:01:53.496 31236 32139 I mobile-ffmpeg: 
07-02 23:01:53.496 31236 32139 I mobile-ffmpeg:     creation_time   : 
07-02 23:01:53.496 31236 32139 I mobile-ffmpeg: 
07-02 23:01:53.496 31236 32139 I chatty  : uid=10568(com.example.edgesum) identical 1 line
07-02 23:01:53.496 31236 32139 I mobile-ffmpeg: 
07-02 23:01:53.496 31236 32139 I mobile-ffmpeg: 2020-03-12T08:36:28.000000Z
07-02 23:01:53.496 31236 32139 I mobile-ffmpeg: 
07-02 23:01:53.496 31236 32139 I chatty  : uid=10568(com.example.edgesum) identical 1 line
07-02 23:01:53.496 31236 32139 I mobile-ffmpeg: 
07-02 23:01:53.496 31236 32139 I mobile-ffmpeg: 
07-02 23:01:53.496 31236 32139 I mobile-ffmpeg: 
07-02 23:01:53.496 31236 32139 I chatty  : uid=10568(com.example.edgesum) identical 1 line
07-02 23:01:53.496 31236 32139 I mobile-ffmpeg: 
07-02 23:01:53.496 31236 32139 I mobile-ffmpeg:     major_brand     : 
07-02 23:01:53.496 31236 32139 I mobile-ffmpeg: 
07-02 23:01:53.496 31236 32139 I chatty  : uid=10568(com.example.edgesum) identical 1 line
07-02 23:01:53.496 31236 32139 I mobile-ffmpeg: 
07-02 23:01:53.496 31236 32139 I mobile-ffmpeg: mp42
07-02 23:01:53.496 31236 32139 I mobile-ffmpeg: 
07-02 23:01:53.496 31236 32139 I chatty  : uid=10568(com.example.edgesum) identical 1 line
07-02 23:01:53.496 31236 32139 I mobile-ffmpeg: 
07-02 23:01:53.496 31236 32139 I mobile-ffmpeg: 
07-02 23:01:53.496 31236 32139 I mobile-ffmpeg: 
07-02 23:01:53.496 31236 32139 I chatty  : uid=10568(com.example.edgesum) identical 1 line
07-02 23:01:53.496 31236 32139 I mobile-ffmpeg: 
07-02 23:01:53.496 31236 32139 I mobile-ffmpeg:     minor_version   : 
07-02 23:01:53.497 31236 32139 I mobile-ffmpeg: 
07-02 23:01:53.497 31236 32139 I chatty  : uid=10568(com.example.edgesum) identical 1 line
07-02 23:01:53.497 31236 32139 I mobile-ffmpeg: 
07-02 23:01:53.497 31236 32139 I mobile-ffmpeg: 1
07-02 23:01:53.497 31236 32139 I mobile-ffmpeg: 
07-02 23:01:53.497 31236 32139 I chatty  : uid=10568(com.example.edgesum) identical 1 line
07-02 23:01:53.497 31236 32139 I mobile-ffmpeg: 
07-02 23:01:53.497 31236 32139 I mobile-ffmpeg: 
07-02 23:01:53.497 31236 32139 I mobile-ffmpeg: 
07-02 23:01:53.497 31236 32139 I chatty  : uid=10568(com.example.edgesum) identical 1 line
07-02 23:01:53.497 31236 32139 I mobile-ffmpeg: 
07-02 23:01:53.497 31236 32139 I mobile-ffmpeg:     compatible_brands: 
07-02 23:01:53.497 31236 32139 I mobile-ffmpeg: 
07-02 23:01:53.497 31236 32139 I chatty  : uid=10568(com.example.edgesum) identical 1 line
07-02 23:01:53.497 31236 32139 I mobile-ffmpeg: 
07-02 23:01:53.497 31236 32139 I mobile-ffmpeg: mp42mp42
07-02 23:01:53.497 31236 32139 I mobile-ffmpeg: 
07-02 23:01:53.497 31236 32139 I chatty  : uid=10568(com.example.edgesum) identical 1 line
07-02 23:01:53.497 31236 32139 I mobile-ffmpeg: 
07-02 23:01:53.497 31236 32139 I mobile-ffmpeg: 
07-02 23:01:53.497 31236 32139 I mobile-ffmpeg: 
07-02 23:01:53.497 31236 32139 I chatty  : uid=10568(com.example.edgesum) identical 1 line
07-02 23:01:53.497 31236 32139 I mobile-ffmpeg: 
07-02 23:01:53.497 31236 32139 I mobile-ffmpeg:   Duration: 
07-02 23:01:53.497 31236 32139 I mobile-ffmpeg: 
07-02 23:01:53.497 31236 32139 I chatty  : uid=10568(com.example.edgesum) identical 1 line
07-02 23:01:53.497 31236 32139 I mobile-ffmpeg: 
07-02 23:01:53.497 31236 32139 I mobile-ffmpeg: 00:01:00.05
07-02 23:01:53.497 31236 32139 I mobile-ffmpeg: 
07-02 23:01:53.497 31236 32139 I chatty  : uid=10568(com.example.edgesum) identical 1 line
07-02 23:01:53.497 31236 32139 I mobile-ffmpeg: 
07-02 23:01:53.498 31236 32139 I mobile-ffmpeg: , start: 
07-02 23:01:53.498 31236 32139 I mobile-ffmpeg: 
07-02 23:01:53.498 31236 32139 I chatty  : uid=10568(com.example.edgesum) identical 1 line
07-02 23:01:53.498 31236 32139 I mobile-ffmpeg: 
07-02 23:01:53.498 31236 32139 I mobile-ffmpeg: 0.000000
07-02 23:01:53.498 31236 32139 I mobile-ffmpeg: 
07-02 23:01:53.498 31236 32139 I chatty  : uid=10568(com.example.edgesum) identical 1 line
07-02 23:01:53.498 31236 32139 I mobile-ffmpeg: 
07-02 23:01:53.498 31236 32139 I mobile-ffmpeg: , bitrate: 
07-02 23:01:53.498 31236 32139 I mobile-ffmpeg: 
07-02 23:01:53.498 31236 32139 I chatty  : uid=10568(com.example.edgesum) identical 1 line
07-02 23:01:53.498 31236 32139 I mobile-ffmpeg: 
07-02 23:01:53.498 31236 32139 I mobile-ffmpeg: 9323 kb/s
07-02 23:01:53.498 31236 32139 I mobile-ffmpeg: 
07-02 23:01:53.498 31236 32139 I chatty  : uid=10568(com.example.edgesum) identical 1 line
07-02 23:01:53.498 31236 32139 I mobile-ffmpeg: 
07-02 23:01:53.498 31236 32139 I mobile-ffmpeg: 
07-02 23:01:53.498 31236 32139 I mobile-ffmpeg: 
07-02 23:01:53.498 31236 32139 I chatty  : uid=10568(com.example.edgesum) identical 1 line
07-02 23:01:53.498 31236 32139 I mobile-ffmpeg: 
07-02 23:01:53.498 31236 32139 I mobile-ffmpeg:     Stream #0:0
07-02 23:01:53.498 31236 32139 I mobile-ffmpeg: 
07-02 23:01:53.498 31236 32139 I chatty  : uid=10568(com.example.edgesum) identical 1 line
07-02 23:01:53.498 31236 32139 I mobile-ffmpeg: 
07-02 23:01:53.498 31236 32139 I mobile-ffmpeg: (eng)
07-02 23:01:53.498 31236 32139 I mobile-ffmpeg: 
07-02 23:01:53.498 31236 32139 I chatty  : uid=10568(com.example.edgesum) identical 1 line
07-02 23:01:53.498 31236 32139 I mobile-ffmpeg: 
07-02 23:01:53.498 31236 32139 I mobile-ffmpeg: : Video: h264 (avc1 / 0x31637661), yuvj420p(pc, bt709), 1280x720, 8373 kb/s
07-02 23:01:53.498 31236 32139 I mobile-ffmpeg: 
07-02 23:01:53.498 31236 32139 I chatty  : uid=10568(com.example.edgesum) identical 1 line
07-02 23:01:53.498 31236 32139 I mobile-ffmpeg: 
07-02 23:01:53.498 31236 32139 I mobile-ffmpeg: , 
07-02 23:01:53.498 31236 32139 I mobile-ffmpeg: 
07-02 23:01:53.499 31236 32139 I chatty  : uid=10568(com.example.edgesum) identical 1 line
07-02 23:01:53.499 31236 32139 I mobile-ffmpeg: 
07-02 23:01:53.499 31236 32139 I mobile-ffmpeg: 29.96 fps, 
07-02 23:01:53.499 31236 32139 I mobile-ffmpeg: 
07-02 23:01:53.499 31236 32139 I chatty  : uid=10568(com.example.edgesum) identical 1 line
07-02 23:01:53.499 31236 32139 I mobile-ffmpeg: 
07-02 23:01:53.499 31236 32139 I mobile-ffmpeg: 29.97 tbr, 
07-02 23:01:53.499 31236 32139 I mobile-ffmpeg: 
07-02 23:01:53.499 31236 32139 I chatty  : uid=10568(com.example.edgesum) identical 1 line
07-02 23:01:53.499 31236 32139 I mobile-ffmpeg: 
07-02 23:01:53.499 31236 32139 I mobile-ffmpeg: 1k tbn, 
07-02 23:01:53.499 31236 32139 I mobile-ffmpeg: 
07-02 23:01:53.499 31236 32139 I chatty  : uid=10568(com.example.edgesum) identical 1 line
07-02 23:01:53.499 31236 32139 I mobile-ffmpeg: 
07-02 23:01:53.499 31236 32139 I mobile-ffmpeg: 2k tbc
07-02 23:01:53.499 31236 32139 I mobile-ffmpeg: 
07-02 23:01:53.499 31236 32139 I chatty  : uid=10568(com.example.edgesum) identical 1 line
07-02 23:01:53.499 31236 32139 I mobile-ffmpeg: 
07-02 23:01:53.499 31236 32139 I mobile-ffmpeg:  (default)
07-02 23:01:53.499 31236 32139 I mobile-ffmpeg: 
07-02 23:01:53.499 31236 32139 I chatty  : uid=10568(com.example.edgesum) identical 1 line
07-02 23:01:53.499 31236 32139 I mobile-ffmpeg: 
07-02 23:01:53.499 31236 32139 I mobile-ffmpeg: 
07-02 23:01:53.499 31236 32139 I mobile-ffmpeg: 
07-02 23:01:53.499 31236 32139 I chatty  : uid=10568(com.example.edgesum) identical 1 line
07-02 23:01:53.499 31236 32139 I mobile-ffmpeg: 
07-02 23:01:53.499 31236 32139 I mobile-ffmpeg:     Metadata:
07-02 23:01:53.499 31236 32139 I mobile-ffmpeg: 
07-02 23:01:53.499 31236 32139 I chatty  : uid=10568(com.example.edgesum) identical 1 line
07-02 23:01:53.499 31236 32139 I mobile-ffmpeg: 
07-02 23:01:53.499 31236 32139 I mobile-ffmpeg:       creation_time   : 
07-02 23:01:53.499 31236 32139 I mobile-ffmpeg: 
07-02 23:01:53.500 31236 32139 I chatty  : uid=10568(com.example.edgesum) identical 1 line
07-02 23:01:53.500 31236 32139 I mobile-ffmpeg: 
07-02 23:01:53.500 31236 32139 I mobile-ffmpeg: 2020-03-12T08:36:28.000000Z
07-02 23:01:53.500 31236 32139 I mobile-ffmpeg: 
07-02 23:01:53.500 31236 32139 I chatty  : uid=10568(com.example.edgesum) identical 1 line
07-02 23:01:53.500 31236 32139 I mobile-ffmpeg: 
07-02 23:01:53.500 31236 32139 I mobile-ffmpeg: 
07-02 23:01:53.500 31236 32139 I mobile-ffmpeg: 
07-02 23:01:53.500 31236 32139 I chatty  : uid=10568(com.example.edgesum) identical 1 line
07-02 23:01:53.500 31236 32139 I mobile-ffmpeg: 
07-02 23:01:53.500 31236 32139 I mobile-ffmpeg:       handler_name    : 
07-02 23:01:53.500 31236 32139 I mobile-ffmpeg: 
07-02 23:01:53.500 31236 32139 I chatty  : uid=10568(com.example.edgesum) identical 1 line
07-02 23:01:53.500 31236 32139 I mobile-ffmpeg: 
07-02 23:01:53.500 31236 32139 I mobile-ffmpeg: PittaSoft Video Media Handler
07-02 23:01:53.500 31236 32139 I mobile-ffmpeg: 
07-02 23:01:53.500 31236 32139 I chatty  : uid=10568(com.example.edgesum) identical 1 line
07-02 23:01:53.500 31236 32139 I mobile-ffmpeg: 
07-02 23:01:53.500 31236 32139 I mobile-ffmpeg: 
07-02 23:01:53.500 31236 32139 I mobile-ffmpeg: 
07-02 23:01:53.500 31236 32139 I chatty  : uid=10568(com.example.edgesum) identical 1 line
07-02 23:01:53.500 31236 32139 I mobile-ffmpeg: 
07-02 23:01:53.500 31236 32139 I mobile-ffmpeg:     Stream #0:1
07-02 23:01:53.500 31236 32139 I mobile-ffmpeg: 
07-02 23:01:53.500 31236 32139 I chatty  : uid=10568(com.example.edgesum) identical 1 line
07-02 23:01:53.500 31236 32139 I mobile-ffmpeg: 
07-02 23:01:53.500 31236 32139 I mobile-ffmpeg: (eng)
07-02 23:01:53.500 31236 32139 I mobile-ffmpeg: 
07-02 23:01:53.500 31236 32139 I chatty  : uid=10568(com.example.edgesum) identical 1 line
07-02 23:01:53.500 31236 32139 I mobile-ffmpeg: 
07-02 23:01:53.501 31236 32139 I mobile-ffmpeg: : Audio: aac (mp4a / 0x6134706D), 16000 Hz, stereo, fltp, 47 kb/s
07-02 23:01:53.501 31236 32139 I mobile-ffmpeg: 
07-02 23:01:53.501 31236 32139 I chatty  : uid=10568(com.example.edgesum) identical 1 line
07-02 23:01:53.501 31236 32139 I mobile-ffmpeg: 
07-02 23:01:53.501 31236 32139 I mobile-ffmpeg:  (default)
07-02 23:01:53.501 31236 32139 I mobile-ffmpeg: 
07-02 23:01:53.501 31236 32139 I chatty  : uid=10568(com.example.edgesum) identical 1 line
07-02 23:01:53.501 31236 32139 I mobile-ffmpeg: 
07-02 23:01:53.501 31236 32139 I mobile-ffmpeg: 
07-02 23:01:53.501 31236 32139 I mobile-ffmpeg: 
07-02 23:01:53.501 31236 32139 I chatty  : uid=10568(com.example.edgesum) identical 1 line
07-02 23:01:53.501 31236 32139 I mobile-ffmpeg: 
07-02 23:01:53.501 31236 32139 I mobile-ffmpeg:     Metadata:
07-02 23:01:53.501 31236 32139 I mobile-ffmpeg: 
07-02 23:01:53.501 31236 32139 I chatty  : uid=10568(com.example.edgesum) identical 1 line
07-02 23:01:53.501 31236 32139 I mobile-ffmpeg: 
07-02 23:01:53.501 31236 32139 I mobile-ffmpeg:       creation_time   : 
07-02 23:01:53.501 31236 32139 I mobile-ffmpeg: 
07-02 23:01:53.501 31236 32139 I chatty  : uid=10568(com.example.edgesum) identical 1 line
07-02 23:01:53.501 31236 32139 I mobile-ffmpeg: 
07-02 23:01:53.501 31236 32139 I mobile-ffmpeg: 2020-03-12T08:36:28.000000Z
07-02 23:01:53.501 31236 32139 I mobile-ffmpeg: 
07-02 23:01:53.501 31236 32139 I chatty  : uid=10568(com.example.edgesum) identical 1 line
07-02 23:01:53.501 31236 32139 I mobile-ffmpeg: 
07-02 23:01:53.501 31236 32139 I mobile-ffmpeg: 
07-02 23:01:53.501 31236 32139 I mobile-ffmpeg: 
07-02 23:01:53.501 31236 32139 I chatty  : uid=10568(com.example.edgesum) identical 1 line
07-02 23:01:53.501 31236 32139 I mobile-ffmpeg: 
07-02 23:01:53.501 31236 32139 I mobile-ffmpeg:       handler_name    : 
07-02 23:01:53.501 31236 32139 I mobile-ffmpeg: 
07-02 23:01:53.502 31236 32139 I chatty  : uid=10568(com.example.edgesum) identical 1 line
07-02 23:01:53.502 31236 32139 I mobile-ffmpeg: 
07-02 23:01:53.502 31236 32139 I mobile-ffmpeg: PittaSoft Sound Media Handler
07-02 23:01:53.502 31236 32139 I mobile-ffmpeg: 
07-02 23:01:53.502 31236 32139 I chatty  : uid=10568(com.example.edgesum) identical 1 line
07-02 23:01:53.502 31236 32139 I mobile-ffmpeg: 
07-02 23:01:53.502 31236 32139 I mobile-ffmpeg: 
07-02 23:01:53.502 31236 32139 I mobile-ffmpeg: 
07-02 23:01:53.502 31236 32139 I mobile-ffmpeg: [segment @ 0x7024da0000] 
07-02 23:01:53.502 31236 32139 I mobile-ffmpeg: 
07-02 23:01:53.502 31236 32139 I mobile-ffmpeg: Opening '/storage/emulated/0/Movies/segment/20200312_193528/20200312_193528!000.mp4' for writing
07-02 23:01:53.502 31236 32139 I mobile-ffmpeg: 
07-02 23:01:53.502 31236 32139 I chatty  : uid=10568(com.example.edgesum) identical 1 line
07-02 23:01:53.502 31236 32139 I mobile-ffmpeg: 
07-02 23:01:53.502 31236 32139 I mobile-ffmpeg: Output #0, segment, to '/storage/emulated/0/Movies/segment/20200312_193528/20200312_193528!%03d.mp4':
07-02 23:01:53.502 31236 32139 I mobile-ffmpeg: 
07-02 23:01:53.502 31236 32139 I chatty  : uid=10568(com.example.edgesum) identical 1 line
07-02 23:01:53.502 31236 32139 I mobile-ffmpeg: 
07-02 23:01:53.502 31236 32139 I mobile-ffmpeg:   Metadata:
07-02 23:01:53.502 31236 32139 I mobile-ffmpeg: 
07-02 23:01:53.502 31236 32139 I chatty  : uid=10568(com.example.edgesum) identical 1 line
07-02 23:01:53.502 31236 32139 I mobile-ffmpeg: 
07-02 23:01:53.502 31236 32139 I mobile-ffmpeg:     compatible_brands: 
07-02 23:01:53.502 31236 32139 I mobile-ffmpeg: 
07-02 23:01:53.502 31236 32139 I chatty  : uid=10568(com.example.edgesum) identical 1 line
07-02 23:01:53.502 31236 32139 I mobile-ffmpeg: 
07-02 23:01:53.502 31236 32139 I mobile-ffmpeg: mp42mp42
07-02 23:01:53.502 31236 32139 I mobile-ffmpeg: 
07-02 23:01:53.502 31236 32139 I chatty  : uid=10568(com.example.edgesum) identical 1 line
07-02 23:01:53.502 31236 32139 I mobile-ffmpeg: 
07-02 23:01:53.502 31236 32139 I mobile-ffmpeg: 
07-02 23:01:53.502 31236 32139 I mobile-ffmpeg: 
07-02 23:01:53.502 31236 32139 I chatty  : uid=10568(com.example.edgesum) identical 1 line
07-02 23:01:53.503 31236 32139 I mobile-ffmpeg: 
07-02 23:01:53.503 31236 32139 I mobile-ffmpeg:     major_brand     : 
07-02 23:01:53.503 31236 32139 I mobile-ffmpeg: 
07-02 23:01:53.503 31236 32139 I chatty  : uid=10568(com.example.edgesum) identical 1 line
07-02 23:01:53.503 31236 32139 I mobile-ffmpeg: 
07-02 23:01:53.503 31236 32139 I mobile-ffmpeg: mp42
07-02 23:01:53.503 31236 32139 I mobile-ffmpeg: 
07-02 23:01:53.503 31236 32139 I chatty  : uid=10568(com.example.edgesum) identical 1 line
07-02 23:01:53.503 31236 32139 I mobile-ffmpeg: 
07-02 23:01:53.503 31236 32139 I mobile-ffmpeg: 
07-02 23:01:53.503 31236 32139 I mobile-ffmpeg: 
07-02 23:01:53.503 31236 32139 I chatty  : uid=10568(com.example.edgesum) identical 1 line
07-02 23:01:53.503 31236 32139 I mobile-ffmpeg: 
07-02 23:01:53.503 31236 32139 I mobile-ffmpeg:     minor_version   : 
07-02 23:01:53.503 31236 32139 I mobile-ffmpeg: 
07-02 23:01:53.503 31236 32139 I chatty  : uid=10568(com.example.edgesum) identical 1 line
07-02 23:01:53.503 31236 32139 I mobile-ffmpeg: 
07-02 23:01:53.503 31236 32139 I mobile-ffmpeg: 1
07-02 23:01:53.503 31236 32139 I mobile-ffmpeg: 
07-02 23:01:53.503 31236 32139 I chatty  : uid=10568(com.example.edgesum) identical 1 line
07-02 23:01:53.503 31236 32139 I mobile-ffmpeg: 
07-02 23:01:53.503 31236 32139 I mobile-ffmpeg: 
07-02 23:01:53.503 31236 32139 I mobile-ffmpeg: 
07-02 23:01:53.503 31236 32139 I chatty  : uid=10568(com.example.edgesum) identical 1 line
07-02 23:01:53.503 31236 32139 I mobile-ffmpeg: 
07-02 23:01:53.503 31236 32139 I mobile-ffmpeg:     encoder         : 
07-02 23:01:53.503 31236 32139 I mobile-ffmpeg: 
07-02 23:01:53.503 31236 32139 I chatty  : uid=10568(com.example.edgesum) identical 1 line
07-02 23:01:53.503 31236 32139 I mobile-ffmpeg: 
07-02 23:01:53.503 31236 32139 I mobile-ffmpeg: Lavf58.28.101
07-02 23:01:53.503 31236 32139 I mobile-ffmpeg: 
07-02 23:01:53.503 31236 32139 I chatty  : uid=10568(com.example.edgesum) identical 1 line
07-02 23:01:53.503 31236 32139 I mobile-ffmpeg: 
07-02 23:01:53.503 31236 32139 I mobile-ffmpeg: 
07-02 23:01:53.503 31236 32139 I mobile-ffmpeg: 
07-02 23:01:53.504 31236 32139 I chatty  : uid=10568(com.example.edgesum) identical 1 line
07-02 23:01:53.504 31236 32139 I mobile-ffmpeg: 
07-02 23:01:53.504 31236 32139 I mobile-ffmpeg:     Stream #0:0
07-02 23:01:53.504 31236 32139 I mobile-ffmpeg: 
07-02 23:01:53.504 31236 32139 I chatty  : uid=10568(com.example.edgesum) identical 1 line
07-02 23:01:53.504 31236 32139 I mobile-ffmpeg: 
07-02 23:01:53.504 31236 32139 I mobile-ffmpeg: (eng)
07-02 23:01:53.504 31236 32139 I mobile-ffmpeg: 
07-02 23:01:53.504 31236 32139 I chatty  : uid=10568(com.example.edgesum) identical 1 line
07-02 23:01:53.504 31236 32139 I mobile-ffmpeg: 
07-02 23:01:53.504 31236 32139 I mobile-ffmpeg: : Video: h264 (avc1 / 0x31637661), yuvj420p(pc, bt709), 1280x720, q=2-31, 8373 kb/s
07-02 23:01:53.504 31236 32139 I mobile-ffmpeg: 
07-02 23:01:53.504 31236 32139 I chatty  : uid=10568(com.example.edgesum) identical 1 line
07-02 23:01:53.504 31236 32139 I mobile-ffmpeg: 
07-02 23:01:53.504 31236 32139 I mobile-ffmpeg: , 
07-02 23:01:53.504 31236 32139 I mobile-ffmpeg: 
07-02 23:01:53.504 31236 32139 I chatty  : uid=10568(com.example.edgesum) identical 1 line
07-02 23:01:53.504 31236 32139 I mobile-ffmpeg: 
07-02 23:01:53.504 31236 32139 I mobile-ffmpeg: 29.96 fps, 
07-02 23:01:53.504 31236 32139 I mobile-ffmpeg: 
07-02 23:01:53.504 31236 32139 I chatty  : uid=10568(com.example.edgesum) identical 1 line
07-02 23:01:53.504 31236 32139 I mobile-ffmpeg: 
07-02 23:01:53.504 31236 32139 I mobile-ffmpeg: 29.97 tbr, 
07-02 23:01:53.504 31236 32139 I mobile-ffmpeg: 
07-02 23:01:53.504 31236 32139 I chatty  : uid=10568(com.example.edgesum) identical 1 line
07-02 23:01:53.504 31236 32139 I mobile-ffmpeg: 
07-02 23:01:53.504 31236 32139 I mobile-ffmpeg: 16k tbn, 
07-02 23:01:53.504 31236 32139 I mobile-ffmpeg: 
07-02 23:01:53.504 31236 32139 I chatty  : uid=10568(com.example.edgesum) identical 1 line
07-02 23:01:53.504 31236 32139 I mobile-ffmpeg: 
07-02 23:01:53.505 31236 32139 I mobile-ffmpeg: 1k tbc
07-02 23:01:53.505 31236 32139 I mobile-ffmpeg: 
07-02 23:01:53.505 31236 32139 I chatty  : uid=10568(com.example.edgesum) identical 1 line
07-02 23:01:53.505 31236 32139 I mobile-ffmpeg: 
07-02 23:01:53.505 31236 32139 I mobile-ffmpeg:  (default)
07-02 23:01:53.505 31236 32139 I mobile-ffmpeg: 
07-02 23:01:53.505 31236 32139 I chatty  : uid=10568(com.example.edgesum) identical 1 line
07-02 23:01:53.505 31236 32139 I mobile-ffmpeg: 
07-02 23:01:53.505 31236 32139 I mobile-ffmpeg: 
07-02 23:01:53.505 31236 32139 I mobile-ffmpeg: 
07-02 23:01:53.505 31236 32139 I chatty  : uid=10568(com.example.edgesum) identical 1 line
07-02 23:01:53.505 31236 32139 I mobile-ffmpeg: 
07-02 23:01:53.505 31236 32139 I mobile-ffmpeg:     Metadata:
07-02 23:01:53.505 31236 32139 I mobile-ffmpeg: 
07-02 23:01:53.505 31236 32139 I chatty  : uid=10568(com.example.edgesum) identical 1 line
07-02 23:01:53.505 31236 32139 I mobile-ffmpeg: 
07-02 23:01:53.505 31236 32139 I mobile-ffmpeg:       creation_time   : 
07-02 23:01:53.505 31236 32139 I mobile-ffmpeg: 
07-02 23:01:53.505 31236 32139 I chatty  : uid=10568(com.example.edgesum) identical 1 line
07-02 23:01:53.505 31236 32139 I mobile-ffmpeg: 
07-02 23:01:53.505 31236 32139 I mobile-ffmpeg: 2020-03-12T08:36:28.000000Z
07-02 23:01:53.505 31236 32139 I mobile-ffmpeg: 
07-02 23:01:53.505 31236 32139 I chatty  : uid=10568(com.example.edgesum) identical 1 line
07-02 23:01:53.505 31236 32139 I mobile-ffmpeg: 
07-02 23:01:53.505 31236 32139 I mobile-ffmpeg: 
07-02 23:01:53.505 31236 32139 I mobile-ffmpeg: 
07-02 23:01:53.505 31236 32139 I chatty  : uid=10568(com.example.edgesum) identical 1 line
07-02 23:01:53.505 31236 32139 I mobile-ffmpeg: 
07-02 23:01:53.505 31236 32139 I mobile-ffmpeg:       handler_name    : 
07-02 23:01:53.505 31236 32139 I mobile-ffmpeg: 
07-02 23:01:53.505 31236 32139 I chatty  : uid=10568(com.example.edgesum) identical 1 line
07-02 23:01:53.505 31236 32139 I mobile-ffmpeg: 
07-02 23:01:53.505 31236 32139 I mobile-ffmpeg: PittaSoft Video Media Handler
07-02 23:01:53.506 31236 32139 I mobile-ffmpeg: 
07-02 23:01:53.506 31236 32139 I chatty  : uid=10568(com.example.edgesum) identical 1 line
07-02 23:01:53.506 31236 32139 I mobile-ffmpeg: 
07-02 23:01:53.506 31236 32139 I mobile-ffmpeg: 
07-02 23:01:53.506 31236 32139 I mobile-ffmpeg: 
07-02 23:01:53.585 31236 32139 I mobile-ffmpeg: 
07-02 23:01:53.585 31236 32139 I mobile-ffmpeg: [segment @ 0x7024da0000] 
07-02 23:01:53.585 31236 32139 I mobile-ffmpeg: 
07-02 23:01:53.585 31236 32139 I mobile-ffmpeg: Opening '/storage/emulated/0/Movies/segment/20200312_193528/20200312_193528!001.mp4' for writing
07-02 23:01:53.649 31236 32139 I mobile-ffmpeg: 
07-02 23:01:53.650 31236 32139 I mobile-ffmpeg: [segment @ 0x7024da0000] 
07-02 23:01:53.650 31236 32139 I mobile-ffmpeg: 
07-02 23:01:53.650 31236 32139 I mobile-ffmpeg: Opening '/storage/emulated/0/Movies/segment/20200312_193528/20200312_193528!002.mp4' for writing
07-02 23:01:53.703 31236 32139 I mobile-ffmpeg: 
07-02 23:01:53.703 31236 32139 I mobile-ffmpeg: [segment @ 0x7024da0000] 
07-02 23:01:53.703 31236 32139 I mobile-ffmpeg: 
07-02 23:01:53.703 31236 32139 I mobile-ffmpeg: Opening '/storage/emulated/0/Movies/segment/20200312_193528/20200312_193528!003.mp4' for writing
07-02 23:01:53.743 31236 32139 I mobile-ffmpeg: 
07-02 23:01:53.743 31236 32139 I chatty  : uid=10568(com.example.edgesum) identical 1 line
07-02 23:01:53.743 31236 32139 I mobile-ffmpeg: 
07-02 23:01:53.743 31236 32139 I mobile-ffmpeg: frame= 1800 fps=0.0 q=-1.0 Lsize=N/A time=00:01:00.05 bitrate=N/A speed= 246x    
07-02 23:01:53.743 31236 32139 I mobile-ffmpeg: 
07-02 23:01:53.743 31236 32139 I chatty  : uid=10568(com.example.edgesum) identical 1 line
07-02 23:01:53.743 31236 32139 I mobile-ffmpeg: 
07-02 23:01:53.743 31236 32139 I mobile-ffmpeg: video:61383kB audio:346kB subtitle:0kB other streams:0kB global headers:0kB muxing overhead: 
07-02 23:01:53.743 31236 32139 I mobile-ffmpeg: 
07-02 23:01:53.743 31236 32139 I chatty  : uid=10568(com.example.edgesum) identical 1 line
07-02 23:01:53.743 31236 32139 I mobile-ffmpeg: 
07-02 23:01:53.743 31236 32139 I mobile-ffmpeg: unknown
07-02 23:01:53.743 31236 32139 I mobile-ffmpeg: 
07-02 23:01:53.743 31236 32139 I chatty  : uid=10568(com.example.edgesum) identical 1 line
07-02 23:01:53.743 31236 32139 I mobile-ffmpeg: 
07-02 23:01:53.743 31236 32139 I mobile-ffmpeg: 
07-02 23:01:53.747 31236 32123 V FileManager: External storage is readable
07-02 23:01:53.747 31236 32123 V FileManager: Directory already exists: /storage/emulated/0/Movies/segment/20200312_193528
07-02 23:01:53.748 31236 32123 V NearbyFragment: nextTransfer with selected algorithm: best_or_local
07-02 23:01:53.752 31236 32123 V FileManager: External storage is readable
07-02 23:01:53.752 31236 32123 V FileManager: Created new directory: /storage/emulated/0/Movies/segment-sum/20200312_193528
07-02 23:01:53.753 31236 32123 D NearbyFragment: Summarising 20200312_193528!000.mp4
07-02 23:01:53.758 31236 32516 V SummariserIntentService: onHandleIntent
07-02 23:01:53.758 31236 32516 D SummariserIntentService: /storage/emulated/0/Movies/segment/20200312_193528/20200312_193528!000.mp4
07-02 23:01:53.758 31236 32516 D SummariserIntentService: /storage/emulated/0/Movies/segment-sum/20200312_193528/20200312_193528!000.mp4
07-02 23:01:53.781 31236 32139 I mobile-ffmpeg: 
07-02 23:01:53.781 31236 32139 I chatty  : uid=10568(com.example.edgesum) identical 1 line
07-02 23:01:53.781 31236 32139 I mobile-ffmpeg: 
07-02 23:01:53.781 31236 32139 I mobile-ffmpeg: Input #0, mov,mp4,m4a,3gp,3g2,mj2, from '/storage/emulated/0/Movies/segment/20200312_193528/20200312_193528!000.mp4':
07-02 23:01:53.781 31236 32139 I mobile-ffmpeg: 
