07-02 21:49:09.396 26638 27663 I mobile-ffmpeg: 
07-02 21:49:09.396 26638 27663 I mobile-ffmpeg: (eng)
07-02 21:49:09.396 26638 27663 I mobile-ffmpeg: 
07-02 21:49:09.396 26638 27663 I chatty  : uid=10568(com.example.edgesum) identical 1 line
07-02 21:49:09.396 26638 27663 I mobile-ffmpeg: 
07-02 21:49:09.396 26638 27663 I mobile-ffmpeg: : Audio: aac (mp4a / 0x6134706D), 16000 Hz, stereo, fltp, 47 kb/s
07-02 21:49:09.396 26638 27663 I mobile-ffmpeg: 
07-02 21:49:09.396 26638 27663 I chatty  : uid=10568(com.example.edgesum) identical 1 line
07-02 21:49:09.396 26638 27663 I mobile-ffmpeg: 
07-02 21:49:09.396 26638 27663 I mobile-ffmpeg:  (default)
07-02 21:49:09.396 26638 27663 I mobile-ffmpeg: 
07-02 21:49:09.396 26638 27663 I chatty  : uid=10568(com.example.edgesum) identical 1 line
07-02 21:49:09.396 26638 27663 I mobile-ffmpeg: 
07-02 21:49:09.396 26638 27663 I mobile-ffmpeg: 
07-02 21:49:09.396 26638 27663 I mobile-ffmpeg: 
07-02 21:49:09.396 26638 27663 I chatty  : uid=10568(com.example.edgesum) identical 1 line
07-02 21:49:09.396 26638 27663 I mobile-ffmpeg: 
07-02 21:49:09.396 26638 27663 I mobile-ffmpeg:     Metadata:
07-02 21:49:09.396 26638 27663 I mobile-ffmpeg: 
07-02 21:49:09.396 26638 27663 I chatty  : uid=10568(com.example.edgesum) identical 1 line
07-02 21:49:09.396 26638 27663 I mobile-ffmpeg: 
07-02 21:49:09.396 26638 27663 I mobile-ffmpeg:       creation_time   : 
07-02 21:49:09.396 26638 27663 I mobile-ffmpeg: 
07-02 21:49:09.396 26638 27663 I chatty  : uid=10568(com.example.edgesum) identical 1 line
07-02 21:49:09.396 26638 27663 I mobile-ffmpeg: 
07-02 21:49:09.396 26638 27663 I mobile-ffmpeg: 2020-03-12T08:38:28.000000Z
07-02 21:49:09.396 26638 27663 I mobile-ffmpeg: 
07-02 21:49:09.396 26638 27663 I chatty  : uid=10568(com.example.edgesum) identical 1 line
07-02 21:49:09.396 26638 27663 I mobile-ffmpeg: 
07-02 21:49:09.396 26638 27663 I mobile-ffmpeg: 
07-02 21:49:09.396 26638 27663 I mobile-ffmpeg: 
07-02 21:49:09.396 26638 27663 I chatty  : uid=10568(com.example.edgesum) identical 1 line
07-02 21:49:09.396 26638 27663 I mobile-ffmpeg: 
07-02 21:49:09.396 26638 27663 I mobile-ffmpeg:       handler_name    : 
07-02 21:49:09.396 26638 27663 I mobile-ffmpeg: 
07-02 21:49:09.396 26638 27663 I chatty  : uid=10568(com.example.edgesum) identical 1 line
07-02 21:49:09.396 26638 27663 I mobile-ffmpeg: 
07-02 21:49:09.396 26638 27663 I mobile-ffmpeg: PittaSoft Sound Media Handler
07-02 21:49:09.396 26638 27663 I mobile-ffmpeg: 
07-02 21:49:09.396 26638 27663 I chatty  : uid=10568(com.example.edgesum) identical 1 line
07-02 21:49:09.396 26638 27663 I mobile-ffmpeg: 
07-02 21:49:09.396 26638 27663 I mobile-ffmpeg: 
07-02 21:49:09.396 26638 27663 I mobile-ffmpeg: 
07-02 21:49:09.396 26638 27663 I chatty  : uid=10568(com.example.edgesum) identical 1 line
07-02 21:49:09.396 26638 27663 I mobile-ffmpeg: 
07-02 21:49:09.397 26638 27663 I mobile-ffmpeg: Stream mapping:
07-02 21:49:09.397 26638 27663 I mobile-ffmpeg: 
07-02 21:49:09.397 26638 27663 I chatty  : uid=10568(com.example.edgesum) identical 1 line
07-02 21:49:09.397 26638 27663 I mobile-ffmpeg: 
07-02 21:49:09.397 26638 27663 I mobile-ffmpeg:   Stream #0:0 -> #0:0
07-02 21:49:09.397 26638 27663 I mobile-ffmpeg: 
07-02 21:49:09.397 26638 27663 I chatty  : uid=10568(com.example.edgesum) identical 1 line
07-02 21:49:09.397 26638 27663 I mobile-ffmpeg: 
07-02 21:49:09.397 26638 27663 I mobile-ffmpeg:  (copy)
07-02 21:49:09.397 26638 27663 I mobile-ffmpeg: 
07-02 21:49:09.397 26638 27663 I chatty  : uid=10568(com.example.edgesum) identical 1 line
07-02 21:49:09.397 26638 27663 I mobile-ffmpeg: 
07-02 21:49:09.397 26638 27663 I mobile-ffmpeg: 
07-02 21:49:09.397 26638 27663 I mobile-ffmpeg: 
07-02 21:49:09.397 26638 27663 I chatty  : uid=10568(com.example.edgesum) identical 1 line
07-02 21:49:09.397 26638 27663 I mobile-ffmpeg: 
07-02 21:49:09.397 26638 27663 I mobile-ffmpeg:   Stream #0:1 -> #0:1
07-02 21:49:09.397 26638 27663 I mobile-ffmpeg: 
07-02 21:49:09.397 26638 27663 I chatty  : uid=10568(com.example.edgesum) identical 1 line
07-02 21:49:09.397 26638 27663 I mobile-ffmpeg: 
07-02 21:49:09.397 26638 27663 I mobile-ffmpeg:  (copy)
07-02 21:49:09.397 26638 27663 I mobile-ffmpeg: 
07-02 21:49:09.397 26638 27663 I chatty  : uid=10568(com.example.edgesum) identical 1 line
07-02 21:49:09.397 26638 27663 I mobile-ffmpeg: 
07-02 21:49:09.397 26638 27663 I mobile-ffmpeg: 
07-02 21:49:09.397 26638 27663 I mobile-ffmpeg: 
07-02 21:49:09.397 26638 27663 I chatty  : uid=10568(com.example.edgesum) identical 1 line
07-02 21:49:09.397 26638 27663 I mobile-ffmpeg: 
07-02 21:49:09.397 26638 27663 I mobile-ffmpeg: Press [q] to stop, [?] for help
07-02 21:49:09.397 26638 27663 I mobile-ffmpeg: 
07-02 21:49:09.397 26638 27663 I chatty  : uid=10568(com.example.edgesum) identical 1 line
07-02 21:49:09.397 26638 27663 I mobile-ffmpeg: 
07-02 21:49:09.397 26638 27663 I mobile-ffmpeg: frame=    1 fps=0.0 q=-1.0 size=N/A time=00:00:00.00 bitrate=N/A speed=  63x    
07-02 21:49:09.500 28470 28470 I crash_dump64: obtaining output fd from tombstoned, type: kDebuggerdTombstone
07-02 21:49:09.507  3572  3572 I /system/bin/tombstoned: received crash request for pid 28403
07-02 21:49:09.515 28470 28470 I crash_dump64: performing dump of process 26638 (target tid = 28403)
07-02 21:49:09.546 28470 28470 F DEBUG   : *** *** *** *** *** *** *** *** *** *** *** *** *** *** *** ***
07-02 21:49:09.547 28470 28470 F DEBUG   : Build fingerprint: 'samsung/dreamltexx/dreamlte:9/PPR1.180610.011/G950FXXS8DTC7:user/release-keys'
07-02 21:49:09.547 28470 28470 F DEBUG   : Revision: '10'
07-02 21:49:09.547 28470 28470 F DEBUG   : ABI: 'arm64'
07-02 21:49:09.547 28470 28470 F DEBUG   : pid: 26638, tid: 28403, name: IntentService[S  >>> com.example.edgesum <<<
07-02 21:49:09.547 28470 28470 F DEBUG   : signal 11 (SIGSEGV), code 1 (SEGV_MAPERR), fault addr 0x0
07-02 21:49:09.547 28470 28470 F DEBUG   : Cause: null pointer dereference
07-02 21:49:09.547 28470 28470 F DEBUG   :     x0  0000000000000001  x1  00000001b9d9753f  x2  00000001ba2a6286  x3  ffffffffa1025345
07-02 21:49:09.547 28470 28470 F DEBUG   :     x4  0001dbcf8a000000  x5  0000000000000000  x6  00000070c3f0f000  x7  0000000000204bf0
07-02 21:49:09.547 28470 28470 F DEBUG   :     x8  0000000000000000  x9  0000000000001cfa  x10 00000000000f4240  x11 00000000000003e8
07-02 21:49:09.547 28470 28470 F DEBUG   :     x12 0000000000000018  x13 000000005efdc9b5  x14 0010364f471c7c80  x15 00003d78c761b950
07-02 21:49:09.547 28470 28470 F DEBUG   :     x16 000000701e15ffd8  x17 00000070c34a05a0  x18 00000070101f9eda  x19 0000000000000001
07-02 21:49:09.547 28470 28470 F DEBUG   :     x20 00000001ba2a6286  x21 0000000000000002  x22 000000701f0b21b0  x23 00000070101ff588
07-02 21:49:09.547 28470 28470 F DEBUG   :     x24 00000001ba2a624b  x25 0000000000000000  x26 000000701f0b21b0  x27 000000701f0b21d0
07-02 21:49:09.548 28470 28470 F DEBUG   :     x28 00000001b9d9753f  x29 00000070101fbc60
07-02 21:49:09.548 28470 28470 F DEBUG   :     sp  00000070101fb340  lr  000000701f07d2fc  pc  000000701f07e7ec
07-02 21:49:09.565  3825  4067 I WifiVendorHal: getWifiLinkLayerStats(l.2973) before calling iface.getLinkLayerStats
07-02 21:49:09.566  3287  3287 I android.hardware.wifi@1.0-service: enter getLinkLayerStats
07-02 21:49:09.566  3287  3287 I android.hardware.wifi@1.0-service: enter getLinkLayerStatsInternal
07-02 21:49:09.575 26638 27663 I mobile-ffmpeg: 
07-02 21:49:09.575 26638 27663 I mobile-ffmpeg: [segment @ 0x701d6c0c00] 
07-02 21:49:09.575 26638 27663 I mobile-ffmpeg: 
07-02 21:49:09.575 26638 27663 I mobile-ffmpeg: Opening '/storage/emulated/0/Movies/segment/20200312_193728/20200312_193728!001.mp4' for writing
07-02 21:49:09.575  3287  3287 I android.hardware.wifi@1.0-service: Successfully getLinkLayerStats.
07-02 21:49:09.576  3825  4067 I WifiVendorHal: getWifiLinkLayerStats(l.2973) after calling iface.getLinkLayerStats
07-02 21:49:09.676 26638 27663 I mobile-ffmpeg: 
07-02 21:49:09.676 26638 27663 I mobile-ffmpeg: [segment @ 0x701d6c0c00] 
07-02 21:49:09.676 26638 27663 I mobile-ffmpeg: 
07-02 21:49:09.676 26638 27663 I mobile-ffmpeg: Opening '/storage/emulated/0/Movies/segment/20200312_193728/20200312_193728!002.mp4' for writing
07-02 21:49:09.719  3825  4138 D WifiConnectivityMonitor: DNS resultType : 3, responseTime : -1
07-02 21:49:09.721  3825  4133 I WifiConnectivityMonitor: 07-02 21:49:09.720, InvalidNonSwitchableState, [i]-1, [s]3, [t]11/11, [e]6, [b]-1, [u]-1/1, -60, 72, false(true/false/false/true/true/true/true/true/true/true), false(false/true), true(true/true/true), 31, 22426c61636b767565373530532d46323536304622, 00560f, 4690
07-02 21:49:09.723  3825  4133 I WifiConnectivityMonitor: 07-02 21:49:09.722, InvalidNonSwitchableState, 192.168.49.233   0x1         0x2         64:bc:0c:4b:12:f7     *        p2p-wlan0-010.99.77.1       0x1         0x2         00:25:42:f2:56:0f     *        wlan0
07-02 21:49:09.723  3825  4133 D WifiConnectivityMonitor: goodRssi=-55 goodCount=5 lastGood=7418754 lastPoor=7418754 avoidMax=30000
07-02 21:49:09.750 26638 27663 I mobile-ffmpeg: 
07-02 21:49:09.750 26638 27663 I mobile-ffmpeg: [segment @ 0x701d6c0c00] 
07-02 21:49:09.750 26638 27663 I mobile-ffmpeg: 
07-02 21:49:09.750 26638 27663 I mobile-ffmpeg: Opening '/storage/emulated/0/Movies/segment/20200312_193728/20200312_193728!003.mp4' for writing
07-02 21:49:09.791 26638 27663 I mobile-ffmpeg: 
07-02 21:49:09.791 26638 27663 I chatty  : uid=10568(com.example.edgesum) identical 1 line
07-02 21:49:09.791 26638 27663 I mobile-ffmpeg: 
07-02 21:49:09.791 26638 27663 I mobile-ffmpeg: frame= 1800 fps=0.0 q=-1.0 Lsize=N/A time=00:01:00.01 bitrate=N/A speed= 150x    
07-02 21:49:09.791 26638 27663 I mobile-ffmpeg: 
07-02 21:49:09.791 26638 27663 I chatty  : uid=10568(com.example.edgesum) identical 1 line
07-02 21:49:09.791 26638 27663 I mobile-ffmpeg: 
07-02 21:49:09.791 26638 27663 I mobile-ffmpeg: video:61391kB audio:345kB subtitle:0kB other streams:0kB global headers:0kB muxing overhead: 
07-02 21:49:09.791 26638 27663 I mobile-ffmpeg: 
07-02 21:49:09.791 26638 27663 I chatty  : uid=10568(com.example.edgesum) identical 1 line
07-02 21:49:09.791 26638 27663 I mobile-ffmpeg: 
07-02 21:49:09.791 26638 27663 I mobile-ffmpeg: unknown
07-02 21:49:09.791 26638 27663 I mobile-ffmpeg: 
07-02 21:49:09.791 26638 27663 I chatty  : uid=10568(com.example.edgesum) identical 1 line
07-02 21:49:09.791 26638 27663 I mobile-ffmpeg: 
07-02 21:49:09.792 26638 27663 I mobile-ffmpeg: 
07-02 21:49:09.795 26638 27636 V FileManager: External storage is readable
07-02 21:49:09.796 26638 27636 V FileManager: Directory already exists: /storage/emulated/0/Movies/segment/20200312_193728
07-02 21:49:09.796 26638 27636 V VideoManager: Retrieving videos from /storage/emulated/0/Movies/segment/20200312_193728
07-02 21:49:09.796 26638 27636 V VideoManager: Retrieving video from /storage/emulated/0/Movies/segment/20200312_193728/20200312_193728!000.mp4
07-02 21:49:09.804 26638 27636 D VideoManager: videoCursor is null
07-02 21:49:09.816  5429  9299 D CMHServiceInterface: Sending intent to CMH to insert: 1
07-02 21:49:09.817  7263 28467 I Controller: [#CMH#] com.android.providers.media Insert
07-02 21:49:09.818  7263 28467 I Controller: [#CMH#] processInsertAction,No of files to insert: 1,Origin:com.android.providers.media
07-02 21:49:09.818 28470 28470 F DEBUG   : 
07-02 21:49:09.818 28470 28470 F DEBUG   : backtrace:
07-02 21:49:09.818 28470 28470 F DEBUG   :     #00 pc 000000000001c7ec  /data/app/com.example.edgesum-eYSP1YcpBd_l0ClNquRscg==/base.apk (offset 0x780e000)
07-02 21:49:09.818 28470 28470 F DEBUG   :     #01 pc 000000000001b2f8  /data/app/com.example.edgesum-eYSP1YcpBd_l0ClNquRscg==/base.apk (offset 0x780e000)
07-02 21:49:09.818 28470 28470 F DEBUG   :     #02 pc 000000000001751c  /data/app/com.example.edgesum-eYSP1YcpBd_l0ClNquRscg==/base.apk (offset 0x780e000) (execute+644)
07-02 21:49:09.818 28470 28470 F DEBUG   :     #03 pc 000000000000f68c  /data/app/com.example.edgesum-eYSP1YcpBd_l0ClNquRscg==/base.apk (offset 0x780e000) (Java_com_arthenica_mobileffmpeg_Config_nativeExecute+252)
07-02 21:49:09.818  7263 28467 I ImageFeatures: [#CMH#] Not support file type 
07-02 21:49:09.818 28470 28470 F DEBUG   :     #04 pc 000000000056afe0  /system/lib64/libart.so (art_quick_generic_jni_trampoline+144)
07-02 21:49:09.818 28470 28470 F DEBUG   :     #05 pc 000000000056224c  /system/lib64/libart.so (art_quick_invoke_static_stub+604)
07-02 21:49:09.818 28470 28470 F DEBUG   :     #06 pc 00000000000d0160  /system/lib64/libart.so (art::ArtMethod::Invoke(art::Thread*, unsigned int*, unsigned int, art::JValue*, char const*)+232)
07-02 21:49:09.818 28470 28470 F DEBUG   :     #07 pc 00000000002865e8  /system/lib64/libart.so (art::interpreter::ArtInterpreterToCompiledCodeBridge(art::Thread*, art::ArtMethod*, art::ShadowFrame*, unsigned short, art::JValue*)+344)
07-02 21:49:09.818 28470 28470 F DEBUG   :     #08 pc 00000000002805a4  /system/lib64/libart.so (bool art::interpreter::DoCall<false, false>(art::ArtMethod*, art::Thread*, art::ShadowFrame&, art::Instruction const*, unsigned short, art::JValue*)+948)
07-02 21:49:09.818 28470 28470 F DEBUG   :     #09 pc 000000000053273c  /system/lib64/libart.so (MterpInvokeStatic+204)
07-02 21:49:09.818 28470 28470 F DEBUG   :     #10 pc 0000000000554794  /system/lib64/libart.so (ExecuteMterpImpl+14612)
07-02 21:49:09.818 28470 28470 F DEBUG   :     #11 pc 00000000003b709e  /dev/ashmem/dalvik-classes.dex extracted in memory from /data/app/com.example.edgesum-eYSP1YcpBd_l0ClNquRscg==/base.apk_26638_26638 (deleted) (com.arthenica.mobileffmpeg.FFmpeg.execute+14)
07-02 21:49:09.818 28470 28470 F DEBUG   :     #12 pc 000000000025a0a0  /system/lib64/libart.so (_ZN3art11interpreterL7ExecuteEPNS_6ThreadERKNS_20CodeItemDataAccessorERNS_11ShadowFrameENS_6JValueEb.llvm.2089273699+496)
07-02 21:49:09.818 28470 28470 F DEBUG   :     #13 pc 000000000025fc20  /system/lib64/libart.so (art::interpreter::ArtInterpreterToInterpreterBridge(art::Thread*, art::CodeItemDataAccessor const&, art::ShadowFrame*, art::JValue*)+216)
07-02 21:49:09.818 28470 28470 F DEBUG   :     #14 pc 0000000000280588  /system/lib64/libart.so (bool art::interpreter::DoCall<false, false>(art::ArtMethod*, art::Thread*, art::ShadowFrame&, art::Instruction const*, unsigned short, art::JValue*)+920)
07-02 21:49:09.818 28470 28470 F DEBUG   :     #15 pc 000000000053273c  /system/lib64/libart.so (MterpInvokeStatic+204)
07-02 21:49:09.818 28470 28470 F DEBUG   :     #16 pc 0000000000554794  /system/lib64/libart.so (ExecuteMterpImpl+14612)
07-02 21:49:09.818 28470 28470 F DEBUG   :     #17 pc 000000000004a5c2  /dev/ashmem/dalvik-classes2.dex extracted in memory from /data/app/com.example.edgesum-eYSP1YcpBd_l0ClNquRscg==/base.apk!classes2.dex_26638_26638 (deleted) (com.example.edgesum.util.video.FfmpegTools.executeFfmpeg+62)
07-02 21:49:09.818 28470 28470 F DEBUG   :     #18 pc 000000000025a0a0  /system/lib64/libart.so (_ZN3art11interpreterL7ExecuteEPNS_6ThreadERKNS_20CodeItemDataAccessorERNS_11ShadowFrameENS_6JValueEb.llvm.2089273699+496)
07-02 21:49:09.818 28470 28470 F DEBUG   :     #19 pc 000000000025fc20  /system/lib64/libart.so (art::interpreter::ArtInterpreterToInterpreterBridge(art::Thread*, art::CodeItemDataAccessor const&, art::ShadowFrame*, art::JValue*)+216)
07-02 21:49:09.818 28470 28470 F DEBUG   :     #20 pc 0000000000280588  /system/lib64/libart.so (bool art::interpreter::DoCall<false, false>(art::ArtMethod*, art::Thread*, art::ShadowFrame&, art::Instruction const*, unsigned short, art::JValue*)+920)
07-02 21:49:09.818 28470 28470 F DEBUG   :     #21 pc 000000000053273c  /system/lib64/libart.so (MterpInvokeStatic+204)
07-02 21:49:09.818 28470 28470 F DEBUG   :     #22 pc 0000000000554794  /system/lib64/libart.so (ExecuteMterpImpl+14612)
07-02 21:49:09.818 28470 28470 F DEBUG   :     #23 pc 000000000004bbc8  /dev/ashmem/dalvik-classes2.dex extracted in memory from /data/app/com.example.edgesum-eYSP1YcpBd_l0ClNquRscg==/base.apk!classes2.dex_26638_26638 (deleted) (com.example.edgesum.util.video.summariser.Summariser.summarise+180)
07-02 21:49:09.818 28470 28470 F DEBUG   :     #24 pc 000000000025a0a0  /system/lib64/libart.so (_ZN3art11interpreterL7ExecuteEPNS_6ThreadERKNS_20CodeItemDataAccessorERNS_11ShadowFrameENS_6JValueEb.llvm.2089273699+496)
07-02 21:49:09.818 28470 28470 F DEBUG   :     #25 pc 000000000025fc20  /system/lib64/libart.so (art::interpreter::ArtInterpreterToInterpreterBridge(art::Thread*, art::CodeItemDataAccessor const&, art::ShadowFrame*, art::JValue*)+216)
07-02 21:49:09.818 28470 28470 F DEBUG   :     #26 pc 0000000000280588  /system/lib64/libart.so (bool art::interpreter::DoCall<false, false>(art::ArtMethod*, art::Thread*, art::ShadowFrame&, art::Instruction const*, unsigned short, art::JValue*)+920)
07-02 21:49:09.818 28470 28470 F DEBUG   :     #27 pc 0000000000531238  /system/lib64/libart.so (MterpInvokeVirtual+584)
07-02 21:49:09.818 28470 28470 F DEBUG   :     #28 pc 0000000000554614  /system/lib64/libart.so (ExecuteMterpImpl+14228)
07-02 21:49:09.818 28470 28470 F DEBUG   :     #29 pc 000000000004b654  /dev/ashmem/dalvik-classes2.dex extracted in memory from /data/app/com.example.edgesum-eYSP1YcpBd_l0ClNquRscg==/base.apk!classes2.dex_26638_26638 (deleted) (com.example.edgesum.util.video.summariser.SummariserIntentService.onHandleIntent+212)
07-02 21:49:09.818 28470 28470 F DEBUG   :     #30 pc 000000000025a0a0  /system/lib64/libart.so (_ZN3art11interpreterL7ExecuteEPNS_6ThreadERKNS_20CodeItemDataAccessorERNS_11ShadowFrameENS_6JValueEb.llvm.2089273699+496)
07-02 21:49:09.818 28470 28470 F DEBUG   :     #31 pc 000000000025fc20  /system/lib64/libart.so (art::interpreter::ArtInterpreterToInterpreterBridge(art::Thread*, art::CodeItemDataAccessor const&, art::ShadowFrame*, art::JValue*)+216)
07-02 21:49:09.818 28470 28470 F DEBUG   :     #32 pc 0000000000280588  /system/lib64/libart.so (bool art::interpreter::DoCall<false, false>(art::ArtMethod*, art::Thread*, art::ShadowFrame&, art::Instruction const*, unsigned short, art::JValue*)+920)
07-02 21:49:09.818 28470 28470 F DEBUG   :     #33 pc 0000000000531238  /system/lib64/libart.so (MterpInvokeVirtual+584)
07-02 21:49:09.818 28470 28470 F DEBUG   :     #34 pc 0000000000554614  /system/lib64/libart.so (ExecuteMterpImpl+14228)
07-02 21:49:09.818 28470 28470 F DEBUG   :     #35 pc 00000000004e6eb8  /system/framework/boot-framework.vdex (android.app.IntentService$ServiceHandler.handleMessage+12)
07-02 21:49:09.818 28470 28470 F DEBUG   :     #36 pc 000000000025a0a0  /system/lib64/libart.so (_ZN3art11interpreterL7ExecuteEPNS_6ThreadERKNS_20CodeItemDataAccessorERNS_11ShadowFrameENS_6JValueEb.llvm.2089273699+496)
07-02 21:49:09.818 28470 28470 F DEBUG   :     #37 pc 0000000000521978  /system/lib64/libart.so (artQuickToInterpreterBridge+1032)
07-02 21:49:09.818 28470 28470 F DEBUG   :     #38 pc 000000000056b0fc  /system/lib64/libart.so (art_quick_to_interpreter_bridge+92)
07-02 21:49:09.818 28470 28470 F DEBUG   :     #39 pc 000000000000f6b0  /dev/ashmem/dalvik-jit-code-cache_26638_26638 (deleted) (android.os.Handler.dispatchMessage+160)
07-02 21:49:09.818 28470 28470 F DEBUG   :     #40 pc 000000000002c860  /dev/ashmem/dalvik-jit-code-cache_26638_26638 (deleted) (android.os.Looper.loop+1200)
07-02 21:49:09.819 28470 28470 F DEBUG   :     #41 pc 000000000056224c  /system/lib64/libart.so (art_quick_invoke_static_stub+604)
07-02 21:49:09.819 28470 28470 F DEBUG   :     #42 pc 00000000000d0160  /system/lib64/libart.so (art::ArtMethod::Invoke(art::Thread*, unsigned int*, unsigned int, art::JValue*, char const*)+232)
07-02 21:49:09.819 28470 28470 F DEBUG   :     #43 pc 00000000002865e8  /system/lib64/libart.so (art::interpreter::ArtInterpreterToCompiledCodeBridge(art::Thread*, art::ArtMethod*, art::ShadowFrame*, unsigned short, art::JValue*)+344)
07-02 21:49:09.819 28470 28470 F DEBUG   :     #44 pc 00000000002805a4  /system/lib64/libart.so (bool art::interpreter::DoCall<false, false>(art::ArtMethod*, art::Thread*, art::ShadowFrame&, art::Instruction const*, unsigned short, art::JValue*)+948)
07-02 21:49:09.819 28470 28470 F DEBUG   :     #45 pc 000000000053273c  /system/lib64/libart.so (MterpInvokeStatic+204)
07-02 21:49:09.819 28470 28470 F DEBUG   :     #46 pc 0000000000554794  /system/lib64/libart.so (ExecuteMterpImpl+14612)
07-02 21:49:09.819 28470 28470 F DEBUG   :     #47 pc 0000000000c67c60  /system/framework/boot-framework.vdex (android.os.HandlerThread.run+56)
07-02 21:49:09.819 28470 28470 F DEBUG   :     #48 pc 000000000025a0a0  /system/lib64/libart.so (_ZN3art11interpreterL7ExecuteEPNS_6ThreadERKNS_20CodeItemDataAccessorERNS_11ShadowFrameENS_6JValueEb.llvm.2089273699+496)
07-02 21:49:09.819 28470 28470 F DEBUG   :     #49 pc 0000000000521978  /system/lib64/libart.so (artQuickToInterpreterBridge+1032)
07-02 21:49:09.819 28470 28470 F DEBUG   :     #50 pc 000000000056b0fc  /system/lib64/libart.so (art_quick_to_interpreter_bridge+92)
07-02 21:49:09.819 28470 28470 F DEBUG   :     #51 pc 0000000000561f88  /system/lib64/libart.so (art_quick_invoke_stub+584)
07-02 21:49:09.819 28470 28470 F DEBUG   :     #52 pc 00000000000d0140  /system/lib64/libart.so (art::ArtMethod::Invoke(art::Thread*, unsigned int*, unsigned int, art::JValue*, char const*)+200)
07-02 21:49:09.819 28470 28470 F DEBUG   :     #53 pc 00000000004682d8  /system/lib64/libart.so (art::(anonymous namespace)::InvokeWithArgArray(art::ScopedObjectAccessAlreadyRunnable const&, art::ArtMethod*, art::(anonymous namespace)::ArgArray*, art::JValue*, char const*)+104)
07-02 21:49:09.819 28470 28470 F DEBUG   :     #54 pc 00000000004693a0  /system/lib64/libart.so (art::InvokeVirtualOrInterfaceWithJValues(art::ScopedObjectAccessAlreadyRunnable const&, _jobject*, _jmethodID*, jvalue*)+424)
07-02 21:49:09.819 28470 28470 F DEBUG   :     #55 pc 0000000000494c98  /system/lib64/libart.so (art::Thread::CreateCallback(void*)+1120)
07-02 21:49:09.819 28470 28470 F DEBUG   :     #56 pc 0000000000084dc0  /system/lib64/libc.so (__pthread_start(void*)+208)
07-02 21:49:09.819 28470 28470 F DEBUG   :     #57 pc 0000000000023a4c  /system/lib64/libc.so (__start_thread+68)
07-02 21:49:09.822  3825  5809 D ConnectivityService: filterNetworkStateForUid() uid: 10045, pid: 5429
07-02 21:49:09.822  3825  5809 D ConnectivityService: isNetworkWithLinkPropertiesBlocked: uid=10045, vpn=DISCONNECTED,false
07-02 21:49:09.822  3825  5809 D ConnectivityService: filterNetworkStateForUid() uid: 10045, pid: 5429, networkInfo: [type: WIFI[], state: CONNECTED/CONNECTED, reason: (unspecified), extra: (none), failover: false, available: true, roaming: false]
07-02 21:49:09.823  3825  5809 D ConnectivityService: filterNetworkStateForUid() uid: 10045, pid: 5429
07-02 21:49:09.824  3825  5809 D ConnectivityService: isNetworkWithLinkPropertiesBlocked: uid=10045, vpn=DISCONNECTED,false
07-02 21:49:09.824  3825  5809 D ConnectivityService: filterNetworkStateForUid() uid: 10045, pid: 5429, networkInfo: [type: WIFI[], state: CONNECTED/CONNECTED, reason: (unspecified), extra: (none), failover: false, available: true, roaming: false]
07-02 21:49:09.824  5429  9299 D SingleLocationTask: SEC_FLOATING_FEATURE_GALLERY_CONFIG_IMAGE_TAGGER_VERSION: false
07-02 21:49:09.825  5429  5429 D SingleLocationTask: mIsConnected: true
07-02 21:49:09.825  5429 22874 D SingleLocationTask: run starting 
07-02 21:49:09.826  5429 22874 D SingleLocationTask: it took 1ms
07-02 21:49:09.838 26638 27636 V VideoManager: videoFromCursor
07-02 21:49:09.840 26638 27636 V VideoManager: Retrieving video from /storage/emulated/0/Movies/segment/20200312_193728/20200312_193728!001.mp4
07-02 21:49:09.847 26638 27636 D VideoManager: videoCursor is null
07-02 21:49:09.894  3574  4120 D bauth_FPBAuthService: pcf : 0x1012, 0 ,2 ,0 ,0 ,0 ,2, 
07-02 21:49:09.894  3574  4120 D bauth_FPBAuthService: thread id : 2, preenroll_flag : 0, nd cnt : 1, cso : 0, et : 0
07-02 21:49:09.894  3574  4120 D bauth_FPBAuthService: FPBAuthService, 9983
07-02 21:49:10.091  5429  9299 D CMHServiceInterface: Sending intent to CMH to insert: 1
07-02 21:49:10.091  7263 28467 I Controller: [#CMH#] com.android.providers.media Insert
07-02 21:49:10.096  7263 28467 I Controller: [#CMH#] processInsertAction,No of files to insert: 1,Origin:com.android.providers.media
07-02 21:49:10.096  7263 28467 I ImageFeatures: [#CMH#] Not support file type 
07-02 21:49:10.097  3825  6594 D ConnectivityService: filterNetworkStateForUid() uid: 10045, pid: 5429
07-02 21:49:10.097  3825  6594 D ConnectivityService: isNetworkWithLinkPropertiesBlocked: uid=10045, vpn=DISCONNECTED,false
07-02 21:49:10.097  3825  6594 D ConnectivityService: filterNetworkStateForUid() uid: 10045, pid: 5429, networkInfo: [type: WIFI[], state: CONNECTED/CONNECTED, reason: (unspecified), extra: (none), failover: false, available: true, roaming: false]
07-02 21:49:10.097  3825  5809 D ConnectivityService: filterNetworkStateForUid() uid: 10045, pid: 5429
07-02 21:49:10.097  3825  5809 D ConnectivityService: isNetworkWithLinkPropertiesBlocked: uid=10045, vpn=DISCONNECTED,false
07-02 21:49:10.098  5429  5429 D SingleLocationTask: mIsConnected: true
07-02 21:49:10.098  3825  5809 D ConnectivityService: filterNetworkStateForUid() uid: 10045, pid: 5429, networkInfo: [type: WIFI[], state: CONNECTED/CONNECTED, reason: (unspecified), extra: (none), failover: false, available: true, roaming: false]
07-02 21:49:10.098  5429  9299 D SingleLocationTask: SEC_FLOATING_FEATURE_GALLERY_CONFIG_IMAGE_TAGGER_VERSION: false
07-02 21:49:10.099  5429 22875 D SingleLocationTask: run starting 
07-02 21:49:10.100  5429 22875 D SingleLocationTask: it took 1ms
07-02 21:49:10.126 26638 27636 V VideoManager: videoFromCursor
07-02 21:49:10.134 26638 27636 V VideoManager: Retrieving video from /storage/emulated/0/Movies/segment/20200312_193728/20200312_193728!002.mp4
07-02 21:49:10.148 26638 27636 D VideoManager: videoCursor is null
07-02 21:49:10.171  5429  9299 D CMHServiceInterface: Sending intent to CMH to insert: 1
07-02 21:49:10.173  7263 28467 I Controller: [#CMH#] com.android.providers.media Insert
07-02 21:49:10.176  3825  6594 D ConnectivityService: filterNetworkStateForUid() uid: 10045, pid: 5429
07-02 21:49:10.176  3825  6594 D ConnectivityService: isNetworkWithLinkPropertiesBlocked: uid=10045, vpn=DISCONNECTED,false
07-02 21:49:10.176  3825  6594 D ConnectivityService: filterNetworkStateForUid() uid: 10045, pid: 5429, networkInfo: [type: WIFI[], state: CONNECTED/CONNECTED, reason: (unspecified), extra: (none), failover: false, available: true, roaming: false]
07-02 21:49:10.177  5429  9299 D SingleLocationTask: SEC_FLOATING_FEATURE_GALLERY_CONFIG_IMAGE_TAGGER_VERSION: false
07-02 21:49:10.177  5429 22876 D SingleLocationTask: run starting 
07-02 21:49:10.177  3825  5809 D ConnectivityService: filterNetworkStateForUid() uid: 10045, pid: 5429
07-02 21:49:10.178  3825  5809 D ConnectivityService: isNetworkWithLinkPropertiesBlocked: uid=10045, vpn=DISCONNECTED,false
07-02 21:49:10.178  3825  5809 D ConnectivityService: filterNetworkStateForUid() uid: 10045, pid: 5429, networkInfo: [type: WIFI[], state: CONNECTED/CONNECTED, reason: (unspecified), extra: (none), failover: false, available: true, roaming: false]
07-02 21:49:10.178  5429 22876 D SingleLocationTask: it took 1ms
07-02 21:49:10.179  5429  5429 D SingleLocationTask: mIsConnected: true
07-02 21:49:10.178  7263 28467 I Controller: [#CMH#] processInsertAction,No of files to insert: 1,Origin:com.android.providers.media
07-02 21:49:10.179  7263 28467 I ImageFeatures: [#CMH#] Not support file type 
07-02 21:49:10.190  9122  9187 D ScanRecord: Not a Multi Manu data
07-02 21:49:10.191  9122  9187 I chatty  : uid=1002(bluetooth) BT Service Call identical 10 lines
07-02 21:49:10.191  9122  9187 D ScanRecord: Not a Multi Manu data
07-02 21:49:10.191  9122  9187 D BtGatt.GattService: onScanResult to scannerId: 5- eventType=0x10, addressType=0, address=A6:5, primaryPhy=1, secondaryPhy=0, advertisingSid=0xff, txPower=127, rssi=-91, periodicAdvInt=0x0
07-02 21:49:10.192  8780  9113 D ScanRecord: Not a Multi Manu data
07-02 21:49:10.199  8780  9113 I [+10]oneconnect[1.7.50-21_01][CORE]: BleParserForVD.parseTvPacket - [Name][TV] Samsung 8 Series (55)[DeviceType]TV[Discover]_BLE[Services]None[Connected]false[TvStatus]-128[TvService]96[TvMirrorChannel]1[TvRegisteredDB][83, 91, 0, 0, 0, 0][TvYear]2016[TvOcfInfo]0[TvAcmStatus]0[ExTvStatus]0
07-02 21:49:10.201 26638 27636 V VideoManager: videoFromCursor
07-02 21:49:10.206 26638 27636 V VideoManager: Retrieving video from /storage/emulated/0/Movies/segment/20200312_193728/20200312_193728!003.mp4
07-02 21:49:10.221 26638 27636 D VideoManager: videoCursor is null
07-02 21:49:10.235  5429  5447 D CMHServiceInterface: Sending intent to CMH to insert: 1
07-02 21:49:10.235  7263 28467 I Controller: [#CMH#] com.android.providers.media Insert
07-02 21:49:10.237  7263 28467 I Controller: [#CMH#] processInsertAction,No of files to insert: 1,Origin:com.android.providers.media
07-02 21:49:10.237  7263 28467 I ImageFeatures: [#CMH#] Not support file type 
07-02 21:49:10.238  3825  5809 D ConnectivityService: filterNetworkStateForUid() uid: 10045, pid: 5429
07-02 21:49:10.239  3825  5809 D ConnectivityService: isNetworkWithLinkPropertiesBlocked: uid=10045, vpn=DISCONNECTED,false
07-02 21:49:10.239  3825  5809 D ConnectivityService: filterNetworkStateForUid() uid: 10045, pid: 5429, networkInfo: [type: WIFI[], state: CONNECTED/CONNECTED, reason: (unspecified), extra: (none), failover: false, available: true, roaming: false]
07-02 21:49:10.240  3825  6594 D ConnectivityService: filterNetworkStateForUid() uid: 10045, pid: 5429
07-02 21:49:10.240  3825  6594 D ConnectivityService: isNetworkWithLinkPropertiesBlocked: uid=10045, vpn=DISCONNECTED,false
07-02 21:49:10.240  3825  6594 D ConnectivityService: filterNetworkStateForUid() uid: 10045, pid: 5429, networkInfo: [type: WIFI[], state: CONNECTED/CONNECTED, reason: (unspecified), extra: (none), failover: false, available: true, roaming: false]
07-02 21:49:10.241  5429  5429 D SingleLocationTask: mIsConnected: true
07-02 21:49:10.241  5429  5447 D SingleLocationTask: SEC_FLOATING_FEATURE_GALLERY_CONFIG_IMAGE_TAGGER_VERSION: false
07-02 21:49:10.241  5429 22872 D SingleLocationTask: run starting 
07-02 21:49:10.244  5429 22872 D SingleLocationTask: it took 3ms
07-02 21:49:10.262 26638 27636 V VideoManager: videoFromCursor
07-02 21:49:10.267 26638 27636 V NearbyFragment: nextTransfer with selected algorithm: best_or_local
07-02 21:49:10.273 26638 27636 W NearbyFragment: Sending 20200312_193728!000.mp4 to Nexus 5X [34d8]
07-02 21:49:10.281  5034 28368 I NearbyConnections: Client 90613522 is sending payload -6776935675761021390 to endpoints [HC0V]. [CONTEXT service_id=54 ]
07-02 21:49:10.285  5034 28368 I NearbyConnections: ClientProxy(90613522) reporting onPayloadTransferUpdate(HC0V, -6776935675761021390, IN_PROGRESS) [CONTEXT service_id=54 ]
07-02 21:49:10.286 26638 26638 V NearbyFragment: Transfer to HC0V: 100%
07-02 21:49:10.286  5034 28368 I NearbyConnections: ClientProxy(90613522) reporting onPayloadTransferUpdate(HC0V, -6776935675761021390, SUCCESS) [CONTEXT service_id=54 ]
07-02 21:49:10.287 26638 26638 V NearbyFragment: Transfer to HC0V: 100%
07-02 21:49:10.287  5034 28401 I NearbyConnections: Client 90613522 is sending payload -8607351786376128569 to endpoints [HC0V]. [CONTEXT service_id=54 ]
07-02 21:49:10.298  5034 28401 I NearbyConnections: ClientProxy(90613522) reporting onPayloadTransferUpdate(HC0V, -8607351786376128569, IN_PROGRESS) [CONTEXT service_id=54 ]
07-02 21:49:10.298 26638 26638 V NearbyFragment: Transfer to HC0V: 0%
07-02 21:49:10.310  5034 28401 I NearbyConnections: ClientProxy(90613522) reporting onPayloadTransferUpdate(HC0V, -8607351786376128569, IN_PROGRESS) [CONTEXT service_id=54 ]
07-02 21:49:10.311  5034 28401 I NearbyConnections: ClientProxy(90613522) reporting onPayloadTransferUpdate(HC0V, -8607351786376128569, IN_PROGRESS) [CONTEXT service_id=54 ]
07-02 21:49:10.311 26638 26638 V NearbyFragment: Transfer to HC0V: 0%
07-02 21:49:10.312 26638 26638 V NearbyFragment: Transfer to HC0V: 1%
07-02 21:49:10.313  5034 28401 I NearbyConnections: ClientProxy(90613522) reporting onPayloadTransferUpdate(HC0V, -8607351786376128569, IN_PROGRESS) [CONTEXT service_id=54 ]
07-02 21:49:10.313 26638 26638 V NearbyFragment: Transfer to HC0V: 1%
07-02 21:49:10.315  5034 28401 I NearbyConnections: ClientProxy(90613522) reporting onPayloadTransferUpdate(HC0V, -8607351786376128569, IN_PROGRESS) [CONTEXT service_id=54 ]
07-02 21:49:10.316 26638 26638 V NearbyFragment: Transfer to HC0V: 1%
07-02 21:49:10.318  5034 28401 I NearbyConnections: ClientProxy(90613522) reporting onPayloadTransferUpdate(HC0V, -8607351786376128569, IN_PROGRESS) [CONTEXT service_id=54 ]
07-02 21:49:10.319 26638 26638 V NearbyFragment: Transfer to HC0V: 2%
07-02 21:49:10.322  5034 28401 I NearbyConnections: ClientProxy(90613522) reporting onPayloadTransferUpdate(HC0V, -8607351786376128569, IN_PROGRESS) [CONTEXT service_id=54 ]
07-02 21:49:10.322 26638 26638 V NearbyFragment: Transfer to HC0V: 2%
07-02 21:49:10.324  5034 28401 I NearbyConnections: ClientProxy(90613522) reporting onPayloadTransferUpdate(HC0V, -8607351786376128569, IN_PROGRESS) [CONTEXT service_id=54 ]
07-02 21:49:10.324 26638 26638 V NearbyFragment: Transfer to HC0V: 3%
07-02 21:49:10.327  5034 28401 I NearbyConnections: ClientProxy(90613522) reporting onPayloadTransferUpdate(HC0V, -8607351786376128569, IN_PROGRESS) [CONTEXT service_id=54 ]
07-02 21:49:10.327 26638 26638 V NearbyFragment: Transfer to HC0V: 3%
07-02 21:49:10.330  5034 28401 I NearbyConnections: ClientProxy(90613522) reporting onPayloadTransferUpdate(HC0V, -8607351786376128569, IN_PROGRESS) [CONTEXT service_id=54 ]
07-02 21:49:10.330 26638 26638 V NearbyFragment: Transfer to HC0V: 3%
07-02 21:49:10.332  5034 28401 I NearbyConnections: ClientProxy(90613522) reporting onPayloadTransferUpdate(HC0V, -8607351786376128569, IN_PROGRESS) [CONTEXT service_id=54 ]
07-02 21:49:10.333 26638 26638 V NearbyFragment: Transfer to HC0V: 4%
07-02 21:49:10.334  5034 28401 I NearbyConnections: ClientProxy(90613522) reporting onPayloadTransferUpdate(HC0V, -8607351786376128569, IN_PROGRESS) [CONTEXT service_id=54 ]
07-02 21:49:10.335 26638 26638 V NearbyFragment: Transfer to HC0V: 4%
07-02 21:49:10.337  5034 28401 I NearbyConnections: ClientProxy(90613522) reporting onPayloadTransferUpdate(HC0V, -8607351786376128569, IN_PROGRESS) [CONTEXT service_id=54 ]
07-02 21:49:10.337 26638 26638 V NearbyFragment: Transfer to HC0V: 5%
07-02 21:49:10.339  5034 28401 I NearbyConnections: ClientProxy(90613522) reporting onPayloadTransferUpdate(HC0V, -8607351786376128569, IN_PROGRESS) [CONTEXT service_id=54 ]
07-02 21:49:10.340 26638 26638 V NearbyFragment: Transfer to HC0V: 5%
07-02 21:49:10.342  5034 28401 I NearbyConnections: ClientProxy(90613522) reporting onPayloadTransferUpdate(HC0V, -8607351786376128569, IN_PROGRESS) [CONTEXT service_id=54 ]
07-02 21:49:10.343 26638 26638 V NearbyFragment: Transfer to HC0V: 5%
07-02 21:49:10.345  5034 28401 I NearbyConnections: ClientProxy(90613522) reporting onPayloadTransferUpdate(HC0V, -8607351786376128569, IN_PROGRESS) [CONTEXT service_id=54 ]
07-02 21:49:10.345 26638 26638 V NearbyFragment: Transfer to HC0V: 6%
07-02 21:49:10.347  5034 28401 I NearbyConnections: ClientProxy(90613522) reporting onPayloadTransferUpdate(HC0V, -8607351786376128569, IN_PROGRESS) [CONTEXT service_id=54 ]
07-02 21:49:10.347 26638 26638 V NearbyFragment: Transfer to HC0V: 6%
07-02 21:49:10.350  5034 28401 I NearbyConnections: ClientProxy(90613522) reporting onPayloadTransferUpdate(HC0V, -8607351786376128569, IN_PROGRESS) [CONTEXT service_id=54 ]
07-02 21:49:10.350 26638 26638 V NearbyFragment: Transfer to HC0V: 6%
07-02 21:49:10.351  5034 28401 I NearbyConnections: ClientProxy(90613522) reporting onPayloadTransferUpdate(HC0V, -8607351786376128569, IN_PROGRESS) [CONTEXT service_id=54 ]
07-02 21:49:10.352 26638 26638 V NearbyFragment: Transfer to HC0V: 7%
07-02 21:49:10.354  5034 28401 I NearbyConnections: ClientProxy(90613522) reporting onPayloadTransferUpdate(HC0V, -8607351786376128569, IN_PROGRESS) [CONTEXT service_id=54 ]
07-02 21:49:10.354 26638 26638 V NearbyFragment: Transfer to HC0V: 7%
07-02 21:49:10.356  5034 28401 I NearbyConnections: ClientProxy(90613522) reporting onPayloadTransferUpdate(HC0V, -8607351786376128569, IN_PROGRESS) [CONTEXT service_id=54 ]
07-02 21:49:10.357 26638 26638 V NearbyFragment: Transfer to HC0V: 8%
07-02 21:49:10.436  5034 28401 I NearbyConnections: ClientProxy(90613522) reporting onPayloadTransferUpdate(HC0V, -8607351786376128569, IN_PROGRESS) [CONTEXT service_id=54 ]
07-02 21:49:10.437 26638 26638 V NearbyFragment: Transfer to HC0V: 8%
07-02 21:49:10.438  5034 28401 I NearbyConnections: ClientProxy(90613522) reporting onPayloadTransferUpdate(HC0V, -8607351786376128569, IN_PROGRESS) [CONTEXT service_id=54 ]
07-02 21:49:10.439 26638 26638 V NearbyFragment: Transfer to HC0V: 8%
07-02 21:49:10.440  5034 28401 I NearbyConnections: ClientProxy(90613522) reporting onPayloadTransferUpdate(HC0V, -8607351786376128569, IN_PROGRESS) [CONTEXT service_id=54 ]
07-02 21:49:10.441 26638 26638 V NearbyFragment: Transfer to HC0V: 9%
07-02 21:49:10.443  5034 28401 I NearbyConnections: ClientProxy(90613522) reporting onPayloadTransferUpdate(HC0V, -8607351786376128569, IN_PROGRESS) [CONTEXT service_id=54 ]
07-02 21:49:10.444 26638 26638 V NearbyFragment: Transfer to HC0V: 9%
07-02 21:49:10.448  5034 28401 I NearbyConnections: ClientProxy(90613522) reporting onPayloadTransferUpdate(HC0V, -8607351786376128569, IN_PROGRESS) [CONTEXT service_id=54 ]
07-02 21:49:10.448 26638 26638 V NearbyFragment: Transfer to HC0V: 10%
07-02 21:49:10.452  5034 28401 I NearbyConnections: ClientProxy(90613522) reporting onPayloadTransferUpdate(HC0V, -8607351786376128569, IN_PROGRESS) [CONTEXT service_id=54 ]
07-02 21:49:10.453 26638 26638 V NearbyFragment: Transfer to HC0V: 10%
07-02 21:49:10.456  5034 28401 I NearbyConnections: ClientProxy(90613522) reporting onPayloadTransferUpdate(HC0V, -8607351786376128569, IN_PROGRESS) [CONTEXT service_id=54 ]
07-02 21:49:10.456 26638 26638 V NearbyFragment: Transfer to HC0V: 10%
07-02 21:49:10.461  5034 28401 I NearbyConnections: ClientProxy(90613522) reporting onPayloadTransferUpdate(HC0V, -8607351786376128569, IN_PROGRESS) [CONTEXT service_id=54 ]
07-02 21:49:10.461 26638 26638 V NearbyFragment: Transfer to HC0V: 11%
07-02 21:49:10.462  5034 28401 I NearbyConnections: ClientProxy(90613522) reporting onPayloadTransferUpdate(HC0V, -8607351786376128569, IN_PROGRESS) [CONTEXT service_id=54 ]
07-02 21:49:10.462 26638 26638 V NearbyFragment: Transfer to HC0V: 11%
07-02 21:49:10.466  5034 28401 I NearbyConnections: ClientProxy(90613522) reporting onPayloadTransferUpdate(HC0V, -8607351786376128569, IN_PROGRESS) [CONTEXT service_id=54 ]
07-02 21:49:10.466 26638 26638 V NearbyFragment: Transfer to HC0V: 12%
07-02 21:49:10.469  5034 28401 I NearbyConnections: ClientProxy(90613522) reporting onPayloadTransferUpdate(HC0V, -8607351786376128569, IN_PROGRESS) [CONTEXT service_id=54 ]
07-02 21:49:10.469 26638 26638 V NearbyFragment: Transfer to HC0V: 12%
07-02 21:49:10.476  5034 28401 I NearbyConnections: ClientProxy(90613522) reporting onPayloadTransferUpdate(HC0V, -8607351786376128569, IN_PROGRESS) [CONTEXT service_id=54 ]
07-02 21:49:10.476 26638 26638 V NearbyFragment: Transfer to HC0V: 12%
07-02 21:49:10.480 26638 26638 V NearbyFragment: Transfer to HC0V: 13%
07-02 21:49:10.479  5034 28401 I NearbyConnections: ClientProxy(90613522) reporting onPayloadTransferUpdate(HC0V, -8607351786376128569, IN_PROGRESS) [CONTEXT service_id=54 ]
07-02 21:49:10.484  5034 28401 I NearbyConnections: ClientProxy(90613522) reporting onPayloadTransferUpdate(HC0V, -8607351786376128569, IN_PROGRESS) [CONTEXT service_id=54 ]
07-02 21:49:10.484 26638 26638 V NearbyFragment: Transfer to HC0V: 13%
07-02 21:49:10.487  5034 28401 I NearbyConnections: ClientProxy(90613522) reporting onPayloadTransferUpdate(HC0V, -8607351786376128569, IN_PROGRESS) [CONTEXT service_id=54 ]
07-02 21:49:10.487 26638 26638 V NearbyFragment: Transfer to HC0V: 13%
07-02 21:49:10.533  5034 28401 I NearbyConnections: ClientProxy(90613522) reporting onPayloadTransferUpdate(HC0V, -8607351786376128569, IN_PROGRESS) [CONTEXT service_id=54 ]
07-02 21:49:10.533 26638 26638 V NearbyFragment: Transfer to HC0V: 14%
07-02 21:49:10.536  5034 28401 I NearbyConnections: ClientProxy(90613522) reporting onPayloadTransferUpdate(HC0V, -8607351786376128569, IN_PROGRESS) [CONTEXT service_id=54 ]
07-02 21:49:10.537 26638 26638 V NearbyFragment: Transfer to HC0V: 14%
07-02 21:49:10.540  5034 28401 I NearbyConnections: ClientProxy(90613522) reporting onPayloadTransferUpdate(HC0V, -8607351786376128569, IN_PROGRESS) [CONTEXT service_id=54 ]
07-02 21:49:10.541 26638 26638 V NearbyFragment: Transfer to HC0V: 15%
07-02 21:49:10.545  5034 28401 I NearbyConnections: ClientProxy(90613522) reporting onPayloadTransferUpdate(HC0V, -8607351786376128569, IN_PROGRESS) [CONTEXT service_id=54 ]
07-02 21:49:10.547 26638 26638 V NearbyFragment: Transfer to HC0V: 15%
07-02 21:49:10.548  5034 28401 I NearbyConnections: ClientProxy(90613522) reporting onPayloadTransferUpdate(HC0V, -8607351786376128569, IN_PROGRESS) [CONTEXT service_id=54 ]
07-02 21:49:10.549 26638 26638 V NearbyFragment: Transfer to HC0V: 15%
07-02 21:49:10.551  5034 28401 I NearbyConnections: ClientProxy(90613522) reporting onPayloadTransferUpdate(HC0V, -8607351786376128569, IN_PROGRESS) [CONTEXT service_id=54 ]
07-02 21:49:10.552 26638 26638 V NearbyFragment: Transfer to HC0V: 16%
07-02 21:49:10.554  5034 28401 I NearbyConnections: ClientProxy(90613522) reporting onPayloadTransferUpdate(HC0V, -8607351786376128569, IN_PROGRESS) [CONTEXT service_id=54 ]
07-02 21:49:10.555 26638 26638 V NearbyFragment: Transfer to HC0V: 16%
07-02 21:49:10.556  5034 28401 I NearbyConnections: ClientProxy(90613522) reporting onPayloadTransferUpdate(HC0V, -8607351786376128569, IN_PROGRESS) [CONTEXT service_id=54 ]
07-02 21:49:10.556 26638 26638 V NearbyFragment: Transfer to HC0V: 17%
07-02 21:49:10.562  5034 28401 I NearbyConnections: ClientProxy(90613522) reporting onPayloadTransferUpdate(HC0V, -8607351786376128569, IN_PROGRESS) [CONTEXT service_id=54 ]
07-02 21:49:10.563 26638 26638 V NearbyFragment: Transfer to HC0V: 17%
07-02 21:49:10.565  5034 28401 I NearbyConnections: ClientProxy(90613522) reporting onPayloadTransferUpdate(HC0V, -8607351786376128569, IN_PROGRESS) [CONTEXT service_id=54 ]
07-02 21:49:10.566 26638 26638 V NearbyFragment: Transfer to HC0V: 17%
07-02 21:49:10.567  5034 28401 I NearbyConnections: ClientProxy(90613522) reporting onPayloadTransferUpdate(HC0V, -8607351786376128569, IN_PROGRESS) [CONTEXT service_id=54 ]
07-02 21:49:10.568 26638 26638 V NearbyFragment: Transfer to HC0V: 18%
07-02 21:49:10.569  5034 28401 I NearbyConnections: ClientProxy(90613522) reporting onPayloadTransferUpdate(HC0V, -8607351786376128569, IN_PROGRESS) [CONTEXT service_id=54 ]
07-02 21:49:10.569 26638 26638 V NearbyFragment: Transfer to HC0V: 18%
07-02 21:49:10.572 26638 26638 V NearbyFragment: Transfer to HC0V: 19%
07-02 21:49:10.572  5034 28401 I NearbyConnections: ClientProxy(90613522) reporting onPayloadTransferUpdate(HC0V, -8607351786376128569, IN_PROGRESS) [CONTEXT service_id=54 ]
07-02 21:49:10.610  5034  5047 I gle.android.gm: Background concurrent copying GC freed 21807(815KB) AllocSpace objects, 389(25MB) LOS objects, 49% free, 24MB/48MB, paused 232us total 142.777ms
07-02 21:49:10.623  5034 28401 I NearbyConnections: ClientProxy(90613522) reporting onPayloadTransferUpdate(HC0V, -8607351786376128569, IN_PROGRESS) [CONTEXT service_id=54 ]
07-02 21:49:10.623 26638 26638 V NearbyFragment: Transfer to HC0V: 19%
07-02 21:49:10.626  5034 28401 I NearbyConnections: ClientProxy(90613522) reporting onPayloadTransferUpdate(HC0V, -8607351786376128569, IN_PROGRESS) [CONTEXT service_id=54 ]
07-02 21:49:10.627 26638 26638 V NearbyFragment: Transfer to HC0V: 19%
07-02 21:49:10.629  5034 28401 I NearbyConnections: ClientProxy(90613522) reporting onPayloadTransferUpdate(HC0V, -8607351786376128569, IN_PROGRESS) [CONTEXT service_id=54 ]
07-02 21:49:10.630 26638 26638 V NearbyFragment: Transfer to HC0V: 20%
07-02 21:49:10.632  5034 28401 I NearbyConnections: ClientProxy(90613522) reporting onPayloadTransferUpdate(HC0V, -8607351786376128569, IN_PROGRESS) [CONTEXT service_id=54 ]
07-02 21:49:10.633 26638 26638 V NearbyFragment: Transfer to HC0V: 20%
07-02 21:49:10.635  5034 28401 I NearbyConnections: ClientProxy(90613522) reporting onPayloadTransferUpdate(HC0V, -8607351786376128569, IN_PROGRESS) [CONTEXT service_id=54 ]
07-02 21:49:10.635 26638 26638 V NearbyFragment: Transfer to HC0V: 20%
07-02 21:49:10.636 26638 26638 V NearbyFragment: Transfer to HC0V: 21%
07-02 21:49:10.636  5034 28401 I NearbyConnections: ClientProxy(90613522) reporting onPayloadTransferUpdate(HC0V, -8607351786376128569, IN_PROGRESS) [CONTEXT service_id=54 ]
07-02 21:49:10.638  5034 28401 I NearbyConnections: ClientProxy(90613522) reporting onPayloadTransferUpdate(HC0V, -8607351786376128569, IN_PROGRESS) [CONTEXT service_id=54 ]
07-02 21:49:10.639 26638 26638 V NearbyFragment: Transfer to HC0V: 21%
07-02 21:49:10.639  5034 28401 I NearbyConnections: ClientProxy(90613522) reporting onPayloadTransferUpdate(HC0V, -8607351786376128569, IN_PROGRESS) [CONTEXT service_id=54 ]
07-02 21:49:10.639 26638 26638 V NearbyFragment: Transfer to HC0V: 22%
07-02 21:49:10.641  5034 28401 I NearbyConnections: ClientProxy(90613522) reporting onPayloadTransferUpdate(HC0V, -8607351786376128569, IN_PROGRESS) [CONTEXT service_id=54 ]
07-02 21:49:10.641 26638 26638 V NearbyFragment: Transfer to HC0V: 22%
07-02 21:49:10.643  5034 28401 I NearbyConnections: ClientProxy(90613522) reporting onPayloadTransferUpdate(HC0V, -8607351786376128569, IN_PROGRESS) [CONTEXT service_id=54 ]
07-02 21:49:10.643 26638 26638 V NearbyFragment: Transfer to HC0V: 22%
07-02 21:49:10.644  5034 28401 I NearbyConnections: ClientProxy(90613522) reporting onPayloadTransferUpdate(HC0V, -8607351786376128569, IN_PROGRESS) [CONTEXT service_id=54 ]
07-02 21:49:10.644 26638 26638 V NearbyFragment: Transfer to HC0V: 23%
07-02 21:49:10.722  5034 28401 I NearbyConnections: ClientProxy(90613522) reporting onPayloadTransferUpdate(HC0V, -8607351786376128569, IN_PROGRESS) [CONTEXT service_id=54 ]
07-02 21:49:10.722 26638 26638 V NearbyFragment: Transfer to HC0V: 23%
07-02 21:49:10.728  5034 28401 I NearbyConnections: ClientProxy(90613522) reporting onPayloadTransferUpdate(HC0V, -8607351786376128569, IN_PROGRESS) [CONTEXT service_id=54 ]
07-02 21:49:10.728 26638 26638 V NearbyFragment: Transfer to HC0V: 24%
07-02 21:49:10.734  5034 28401 I NearbyConnections: ClientProxy(90613522) reporting onPayloadTransferUpdate(HC0V, -8607351786376128569, IN_PROGRESS) [CONTEXT service_id=54 ]
07-02 21:49:10.735 26638 26638 V NearbyFragment: Transfer to HC0V: 24%
07-02 21:49:10.739  5034 28401 I NearbyConnections: ClientProxy(90613522) reporting onPayloadTransferUpdate(HC0V, -8607351786376128569, IN_PROGRESS) [CONTEXT service_id=54 ]
07-02 21:49:10.739 26638 26638 V NearbyFragment: Transfer to HC0V: 24%
07-02 21:49:10.746  5034 28401 I NearbyConnections: ClientProxy(90613522) reporting onPayloadTransferUpdate(HC0V, -8607351786376128569, IN_PROGRESS) [CONTEXT service_id=54 ]
07-02 21:49:10.746 26638 26638 V NearbyFragment: Transfer to HC0V: 25%
07-02 21:49:10.749  5034 28401 I NearbyConnections: ClientProxy(90613522) reporting onPayloadTransferUpdate(HC0V, -8607351786376128569, IN_PROGRESS) [CONTEXT service_id=54 ]
07-02 21:49:10.750 26638 26638 V NearbyFragment: Transfer to HC0V: 25%
07-02 21:49:10.752  5034 28401 I NearbyConnections: ClientProxy(90613522) reporting onPayloadTransferUpdate(HC0V, -8607351786376128569, IN_PROGRESS) [CONTEXT service_id=54 ]
07-02 21:49:10.753 26638 26638 V NearbyFragment: Transfer to HC0V: 26%
07-02 21:49:10.755  5034 28401 I NearbyConnections: ClientProxy(90613522) reporting onPayloadTransferUpdate(HC0V, -8607351786376128569, IN_PROGRESS) [CONTEXT service_id=54 ]
07-02 21:49:10.755 26638 26638 V NearbyFragment: Transfer to HC0V: 26%
07-02 21:49:10.757  5034 28401 I NearbyConnections: ClientProxy(90613522) reporting onPayloadTransferUpdate(HC0V, -8607351786376128569, IN_PROGRESS) [CONTEXT service_id=54 ]
07-02 21:49:10.757 26638 26638 V NearbyFragment: Transfer to HC0V: 26%
07-02 21:49:10.759  5034 28401 I NearbyConnections: ClientProxy(90613522) reporting onPayloadTransferUpdate(HC0V, -8607351786376128569, IN_PROGRESS) [CONTEXT service_id=54 ]
07-02 21:49:10.759 26638 26638 V NearbyFragment: Transfer to HC0V: 27%
07-02 21:49:10.814  5034 28401 I NearbyConnections: ClientProxy(90613522) reporting onPayloadTransferUpdate(HC0V, -8607351786376128569, IN_PROGRESS) [CONTEXT service_id=54 ]
07-02 21:49:10.814 26638 26638 V NearbyFragment: Transfer to HC0V: 27%
07-02 21:49:10.821  5034 28401 I NearbyConnections: ClientProxy(90613522) reporting onPayloadTransferUpdate(HC0V, -8607351786376128569, IN_PROGRESS) [CONTEXT service_id=54 ]
07-02 21:49:10.822 26638 26638 V NearbyFragment: Transfer to HC0V: 27%
07-02 21:49:10.826  5034 28401 I NearbyConnections: ClientProxy(90613522) reporting onPayloadTransferUpdate(HC0V, -8607351786376128569, IN_PROGRESS) [CONTEXT service_id=54 ]
07-02 21:49:10.827 26638 26638 V NearbyFragment: Transfer to HC0V: 28%
07-02 21:49:10.834  5034 28401 I NearbyConnections: ClientProxy(90613522) reporting onPayloadTransferUpdate(HC0V, -8607351786376128569, IN_PROGRESS) [CONTEXT service_id=54 ]
07-02 21:49:10.835 26638 26638 V NearbyFragment: Transfer to HC0V: 28%
07-02 21:49:10.838  5034 28401 I NearbyConnections: ClientProxy(90613522) reporting onPayloadTransferUpdate(HC0V, -8607351786376128569, IN_PROGRESS) [CONTEXT service_id=54 ]
