07-02 20:31:56.122 22478 22873 I chatty  : uid=10568(com.example.edgesum) identical 1 line
07-02 20:31:56.123 22478 22873 I mobile-ffmpeg:
07-02 20:31:56.123 22478 22873 I mobile-ffmpeg:
07-02 20:31:56.124 22478 22873 I mobile-ffmpeg:
07-02 20:31:56.124 22478 22873 I chatty  : uid=10568(com.example.edgesum) identical 1 line
07-02 20:31:56.124 22478 22873 I mobile-ffmpeg:
07-02 20:31:56.124 22478 22873 I mobile-ffmpeg: Stream mapping:
07-02 20:31:56.124 22478 22873 I mobile-ffmpeg:
07-02 20:31:56.124 22478 22873 I chatty  : uid=10568(com.example.edgesum) identical 1 line
07-02 20:31:56.124 22478 22873 I mobile-ffmpeg:
07-02 20:31:56.124 22478 22873 I mobile-ffmpeg:   Stream #0:0 -> #0:0
07-02 20:31:56.124 22478 22873 I mobile-ffmpeg:
07-02 20:31:56.124 22478 22873 I chatty  : uid=10568(com.example.edgesum) identical 1 line
07-02 20:31:56.124 22478 22873 I mobile-ffmpeg:
07-02 20:31:56.124 22478 22873 I mobile-ffmpeg:  (h264 (native) -> wrapped_avframe (native))
07-02 20:31:56.124 22478 22873 I mobile-ffmpeg:
07-02 20:31:56.124 22478 22873 I chatty  : uid=10568(com.example.edgesum) identical 1 line
07-02 20:31:56.124 22478 22873 I mobile-ffmpeg:
07-02 20:31:56.124 22478 22873 I mobile-ffmpeg:
07-02 20:31:56.124 22478 22873 I mobile-ffmpeg:
07-02 20:31:56.124 22478 22873 I chatty  : uid=10568(com.example.edgesum) identical 1 line
07-02 20:31:56.124 22478 22873 I mobile-ffmpeg:
07-02 20:31:56.124 22478 22873 I mobile-ffmpeg:   Stream #0:1 -> #0:1
07-02 20:31:56.124 22478 22873 I mobile-ffmpeg:
07-02 20:31:56.124 22478 22873 I chatty  : uid=10568(com.example.edgesum) identical 1 line
07-02 20:31:56.124 22478 22873 I mobile-ffmpeg:
07-02 20:31:56.124 22478 22873 I mobile-ffmpeg:  (aac (native) -> pcm_s16le (native))
07-02 20:31:56.124 22478 22873 I mobile-ffmpeg:
07-02 20:31:56.124 22478 22873 I chatty  : uid=10568(com.example.edgesum) identical 1 line
07-02 20:31:56.124 22478 22873 I mobile-ffmpeg:
07-02 20:31:56.125 22478 22873 I mobile-ffmpeg:
07-02 20:31:56.125 22478 22873 I mobile-ffmpeg:
07-02 20:31:56.125 22478 22873 I chatty  : uid=10568(com.example.edgesum) identical 1 line
07-02 20:31:56.125 22478 22873 I mobile-ffmpeg:
07-02 20:31:56.125 22478 22873 I mobile-ffmpeg: Press [q] to stop, [?] for help
07-02 20:31:56.125 22478 22873 I mobile-ffmpeg:
07-02 20:31:56.125 22478 22873 I chatty  : uid=10568(com.example.edgesum) identical 1 line
07-02 20:31:56.125 22478 22873 I mobile-ffmpeg:
07-02 20:31:56.125 22478 22873 I mobile-ffmpeg: frame=    0 fps=0.0 q=0.0 size=N/A time=-577014:32:22.77 bitrate=N/A speed=N/A
07-02 20:31:56.172 22478 22873 I mobile-ffmpeg:
07-02 20:31:56.172 22478 22873 I chatty  : uid=10568(com.example.edgesum) identical 1 line
07-02 20:31:56.172 22478 22873 I mobile-ffmpeg:
07-02 20:31:56.172 22478 22873 I mobile-ffmpeg: Output #0, null, to 'pipe:':
07-02 20:31:56.172 22478 22873 I mobile-ffmpeg:
07-02 20:31:56.172 22478 22873 I chatty  : uid=10568(com.example.edgesum) identical 1 line
07-02 20:31:56.172 22478 22873 I mobile-ffmpeg:
07-02 20:31:56.172 22478 22873 I mobile-ffmpeg:   Metadata:
07-02 20:31:56.172 22478 22873 I mobile-ffmpeg:
07-02 20:31:56.172 22478 22873 I chatty  : uid=10568(com.example.edgesum) identical 1 line
07-02 20:31:56.172 22478 22873 I mobile-ffmpeg:
07-02 20:31:56.172 22478 22873 I mobile-ffmpeg:     major_brand     :
07-02 20:31:56.172 22478 22873 I mobile-ffmpeg:
07-02 20:31:56.172 22478 22873 I chatty  : uid=10568(com.example.edgesum) identical 1 line
07-02 20:31:56.172 22478 22873 I mobile-ffmpeg:
07-02 20:31:56.172 22478 22873 I mobile-ffmpeg: isom
07-02 20:31:56.172 22478 22873 I mobile-ffmpeg:
07-02 20:31:56.172 22478 22873 I chatty  : uid=10568(com.example.edgesum) identical 1 line
07-02 20:31:56.172 22478 22873 I mobile-ffmpeg:
07-02 20:31:56.172 22478 22873 I mobile-ffmpeg:
07-02 20:31:56.173 22478 22873 I mobile-ffmpeg:
07-02 20:31:56.173 22478 22873 I chatty  : uid=10568(com.example.edgesum) identical 1 line
07-02 20:31:56.173 22478 22873 I mobile-ffmpeg:
07-02 20:31:56.173 22478 22873 I mobile-ffmpeg:     minor_version   :
07-02 20:31:56.173 22478 22873 I mobile-ffmpeg:
07-02 20:31:56.173 22478 22873 I chatty  : uid=10568(com.example.edgesum) identical 1 line
07-02 20:31:56.173 22478 22873 I mobile-ffmpeg:
07-02 20:31:56.173 22478 22873 I mobile-ffmpeg: 512
07-02 20:31:56.173 22478 22873 I mobile-ffmpeg:
07-02 20:31:56.173 22478 22873 I chatty  : uid=10568(com.example.edgesum) identical 1 line
07-02 20:31:56.173 22478 22873 I mobile-ffmpeg:
07-02 20:31:56.173 22478 22873 I mobile-ffmpeg:
07-02 20:31:56.173 22478 22873 I mobile-ffmpeg:
07-02 20:31:56.173 22478 22873 I chatty  : uid=10568(com.example.edgesum) identical 1 line
07-02 20:31:56.173 22478 22873 I mobile-ffmpeg:
07-02 20:31:56.173 22478 22873 I mobile-ffmpeg:     compatible_brands:
07-02 20:31:56.173 22478 22873 I mobile-ffmpeg:
07-02 20:31:56.173 22478 22873 I chatty  : uid=10568(com.example.edgesum) identical 1 line
07-02 20:31:56.173 22478 22873 I mobile-ffmpeg:
07-02 20:31:56.173 22478 22873 I mobile-ffmpeg: isomiso2avc1mp41
07-02 20:31:56.173 22478 22873 I mobile-ffmpeg:
07-02 20:31:56.173 22478 22873 I chatty  : uid=10568(com.example.edgesum) identical 1 line
07-02 20:31:56.173 22478 22873 I mobile-ffmpeg:
07-02 20:31:56.173 22478 22873 I mobile-ffmpeg:
07-02 20:31:56.173 22478 22873 I mobile-ffmpeg:
07-02 20:31:56.173 22478 22873 I chatty  : uid=10568(com.example.edgesum) identical 1 line
07-02 20:31:56.173 22478 22873 I mobile-ffmpeg:
07-02 20:31:56.173 22478 22873 I mobile-ffmpeg:     encoder         :
07-02 20:31:56.173 22478 22873 I mobile-ffmpeg:
07-02 20:31:56.173 22478 22873 I chatty  : uid=10568(com.example.edgesum) identical 1 line
07-02 20:31:56.173 22478 22873 I mobile-ffmpeg:
07-02 20:31:56.173 22478 22873 I mobile-ffmpeg: Lavf58.28.101
07-02 20:31:56.173 22478 22873 I mobile-ffmpeg:
07-02 20:31:56.173 22478 22873 I chatty  : uid=10568(com.example.edgesum) identical 1 line
07-02 20:31:56.173 22478 22873 I mobile-ffmpeg:
07-02 20:31:56.174 22478 22873 I mobile-ffmpeg:
07-02 20:31:56.174 22478 22873 I mobile-ffmpeg:
07-02 20:31:56.174 22478 22873 I chatty  : uid=10568(com.example.edgesum) identical 1 line
07-02 20:31:56.174 22478 22873 I mobile-ffmpeg:
07-02 20:31:56.174 22478 22873 I mobile-ffmpeg:     Stream #0:0
07-02 20:31:56.174 22478 22873 I mobile-ffmpeg:
07-02 20:31:56.174 22478 22873 I chatty  : uid=10568(com.example.edgesum) identical 1 line
07-02 20:31:56.174 22478 22873 I mobile-ffmpeg:
07-02 20:31:56.174 22478 22873 I mobile-ffmpeg: (eng)
07-02 20:31:56.174 22478 22873 I mobile-ffmpeg:
07-02 20:31:56.174 22478 22873 I chatty  : uid=10568(com.example.edgesum) identical 1 line
07-02 20:31:56.174 22478 22873 I mobile-ffmpeg:
07-02 20:31:56.174 22478 22873 I mobile-ffmpeg: : Video: wrapped_avframe, yuvj420p, 1280x720, q=2-31, 200 kb/s
07-02 20:31:56.174 22478 22873 I mobile-ffmpeg:
07-02 20:31:56.174 22478 22873 I chatty  : uid=10568(com.example.edgesum) identical 1 line
07-02 20:31:56.174 22478 22873 I mobile-ffmpeg:
07-02 20:31:56.174 22478 22873 I mobile-ffmpeg: ,
07-02 20:31:56.174 22478 22873 I mobile-ffmpeg:
07-02 20:31:56.174 22478 22873 I chatty  : uid=10568(com.example.edgesum) identical 1 line
07-02 20:31:56.174 22478 22873 I mobile-ffmpeg:
07-02 20:31:56.174 22478 22873 I mobile-ffmpeg: 29.97 fps,
07-02 20:31:56.174 22478 22873 I mobile-ffmpeg:
07-02 20:31:56.174 22478 22873 I chatty  : uid=10568(com.example.edgesum) identical 1 line
07-02 20:31:56.174 22478 22873 I mobile-ffmpeg:
07-02 20:31:56.174 22478 22873 I mobile-ffmpeg: 29.97 tbn,
07-02 20:31:56.174 22478 22873 I mobile-ffmpeg:
07-02 20:31:56.174 22478 22873 I chatty  : uid=10568(com.example.edgesum) identical 1 line
07-02 20:31:56.174 22478 22873 I mobile-ffmpeg:
07-02 20:31:56.174 22478 22873 I mobile-ffmpeg: 29.97 tbc
07-02 20:31:56.174 22478 22873 I mobile-ffmpeg:
07-02 20:31:56.174 22478 22873 I chatty  : uid=10568(com.example.edgesum) identical 1 line
07-02 20:31:56.174 22478 22873 I mobile-ffmpeg:
07-02 20:31:56.174 22478 22873 I mobile-ffmpeg:  (default)
07-02 20:31:56.175 22478 22873 I mobile-ffmpeg:
07-02 20:31:56.175 22478 22873 I chatty  : uid=10568(com.example.edgesum) identical 1 line
07-02 20:31:56.175 22478 22873 I mobile-ffmpeg:
07-02 20:31:56.175 22478 22873 I mobile-ffmpeg:
07-02 20:31:56.175 22478 22873 I mobile-ffmpeg:
07-02 20:31:56.175 22478 22873 I chatty  : uid=10568(com.example.edgesum) identical 1 line
07-02 20:31:56.175 22478 22873 I mobile-ffmpeg:
07-02 20:31:56.175 22478 22873 I mobile-ffmpeg:     Metadata:
07-02 20:31:56.175 22478 22873 I mobile-ffmpeg:
07-02 20:31:56.175 22478 22873 I chatty  : uid=10568(com.example.edgesum) identical 1 line
07-02 20:31:56.175 22478 22873 I mobile-ffmpeg:
07-02 20:31:56.175 22478 22873 I mobile-ffmpeg:       handler_name    :
07-02 20:31:56.175 22478 22873 I mobile-ffmpeg:
07-02 20:31:56.175 22478 22873 I chatty  : uid=10568(com.example.edgesum) identical 1 line
07-02 20:31:56.175 22478 22873 I mobile-ffmpeg:
07-02 20:31:56.175 22478 22873 I mobile-ffmpeg: PittaSoft Video Media Handler
07-02 20:31:56.175 22478 22873 I mobile-ffmpeg:
07-02 20:31:56.175 22478 22873 I chatty  : uid=10568(com.example.edgesum) identical 1 line
07-02 20:31:56.175 22478 22873 I mobile-ffmpeg:
07-02 20:31:56.175 22478 22873 I mobile-ffmpeg:
07-02 20:31:56.175 22478 22873 I mobile-ffmpeg:
07-02 20:31:56.175 22478 22873 I chatty  : uid=10568(com.example.edgesum) identical 1 line
07-02 20:31:56.175 22478 22873 I mobile-ffmpeg:
07-02 20:31:56.175 22478 22873 I mobile-ffmpeg:       encoder         :
07-02 20:31:56.175 22478 22873 I mobile-ffmpeg:
07-02 20:31:56.175 22478 22873 I chatty  : uid=10568(com.example.edgesum) identical 1 line
07-02 20:31:56.175 22478 22873 I mobile-ffmpeg:
07-02 20:31:56.175 22478 22873 I mobile-ffmpeg: Lavc58.53.101 wrapped_avframe
07-02 20:31:56.175 22478 22873 I mobile-ffmpeg:
07-02 20:31:56.175 22478 22873 I chatty  : uid=10568(com.example.edgesum) identical 1 line
07-02 20:31:56.175 22478 22873 I mobile-ffmpeg:
07-02 20:31:56.176 22478 22873 I mobile-ffmpeg:
07-02 20:31:56.176 22478 22873 I mobile-ffmpeg:
07-02 20:31:56.176 22478 22873 I chatty  : uid=10568(com.example.edgesum) identical 1 line
07-02 20:31:56.176 22478 22873 I mobile-ffmpeg:
07-02 20:31:56.176 22478 22873 I mobile-ffmpeg:     Stream #0:1
07-02 20:31:56.176 22478 22873 I mobile-ffmpeg:
07-02 20:31:56.176 22478 22873 I chatty  : uid=10568(com.example.edgesum) identical 1 line
07-02 20:31:56.176 22478 22873 I mobile-ffmpeg:
07-02 20:31:56.176 22478 22873 I mobile-ffmpeg: (eng)
07-02 20:31:56.176 22478 22873 I mobile-ffmpeg:
07-02 20:31:56.176 22478 22873 I chatty  : uid=10568(com.example.edgesum) identical 1 line
07-02 20:31:56.176 22478 22873 I mobile-ffmpeg:
07-02 20:31:56.176 22478 22873 I mobile-ffmpeg: : Audio: pcm_s16le, 16000 Hz, stereo, s16, 512 kb/s
07-02 20:31:56.176 22478 22873 I mobile-ffmpeg:
07-02 20:31:56.176 22478 22873 I chatty  : uid=10568(com.example.edgesum) identical 1 line
07-02 20:31:56.176 22478 22873 I mobile-ffmpeg:
07-02 20:31:56.176 22478 22873 I mobile-ffmpeg:  (default)
07-02 20:31:56.176 22478 22873 I mobile-ffmpeg:
07-02 20:31:56.176 22478 22873 I chatty  : uid=10568(com.example.edgesum) identical 1 line
07-02 20:31:56.176 22478 22873 I mobile-ffmpeg:
07-02 20:31:56.176 22478 22873 I mobile-ffmpeg:
07-02 20:31:56.176 22478 22873 I mobile-ffmpeg:
07-02 20:31:56.176 22478 22873 I chatty  : uid=10568(com.example.edgesum) identical 1 line
07-02 20:31:56.176 22478 22873 I mobile-ffmpeg:
07-02 20:31:56.176 22478 22873 I mobile-ffmpeg:     Metadata:
07-02 20:31:56.176 22478 22873 I mobile-ffmpeg:
07-02 20:31:56.176 22478 22873 I chatty  : uid=10568(com.example.edgesum) identical 1 line
07-02 20:31:56.176 22478 22873 I mobile-ffmpeg:
07-02 20:31:56.176 22478 22873 I mobile-ffmpeg:       handler_name    :
07-02 20:31:56.176 22478 22873 I mobile-ffmpeg:
07-02 20:31:56.176 22478 22873 I chatty  : uid=10568(com.example.edgesum) identical 1 line
07-02 20:31:56.177 22478 22873 I mobile-ffmpeg:
07-02 20:31:56.177 22478 22873 I mobile-ffmpeg: PittaSoft Sound Media Handler
07-02 20:31:56.177 22478 22873 I mobile-ffmpeg:
07-02 20:31:56.177 22478 22873 I chatty  : uid=10568(com.example.edgesum) identical 1 line
07-02 20:31:56.177 22478 22873 I mobile-ffmpeg:
07-02 20:31:56.177 22478 22873 I mobile-ffmpeg:
07-02 20:31:56.177 22478 22873 I mobile-ffmpeg:
07-02 20:31:56.177 22478 22873 I chatty  : uid=10568(com.example.edgesum) identical 1 line
07-02 20:31:56.177 22478 22873 I mobile-ffmpeg:
07-02 20:31:56.177 22478 22873 I mobile-ffmpeg:       encoder         :
07-02 20:31:56.177 22478 22873 I mobile-ffmpeg:
07-02 20:31:56.177 22478 22873 I chatty  : uid=10568(com.example.edgesum) identical 1 line
07-02 20:31:56.177 22478 22873 I mobile-ffmpeg:
07-02 20:31:56.177 22478 22873 I mobile-ffmpeg: Lavc58.53.101 pcm_s16le
07-02 20:31:56.177 22478 22873 I mobile-ffmpeg:
07-02 20:31:56.177 22478 22873 I chatty  : uid=10568(com.example.edgesum) identical 1 line
07-02 20:31:56.177 22478 22873 I mobile-ffmpeg:
07-02 20:31:56.177 22478 22873 I mobile-ffmpeg:
07-02 20:31:56.337 22478 22873 I mobile-ffmpeg:
07-02 20:31:56.337 22478 22873 I mobile-ffmpeg: [freezedetect @ 0x7013db01c0]
07-02 20:31:56.337 22478 22873 I mobile-ffmpeg:
07-02 20:31:56.337 22478 22873 I mobile-ffmpeg: lavfi.freezedetect.freeze_start: 0
07-02 20:31:56.587  3574  4120 D bauth_FPBAuthService: pcf : 0x1012, 0 ,2 ,0 ,0 ,0 ,2,
07-02 20:31:56.587  3574  4120 D bauth_FPBAuthService: thread id : 2, preenroll_flag : 0, nd cnt : 1, cso : 0, et : 0
07-02 20:31:56.587  3574  4120 D bauth_FPBAuthService: FPBAuthService, 9983
07-02 20:31:56.610  3825  4083 D ConnectivityService: updateCapabilities: oldCap = [ Transports: WIFI Capabilities: NOT_METERED&INTERNET&NOT_RESTRICTED&TRUSTED&NOT_VPN&NOT_ROAMING&FOREGROUND&NOT_CONGESTED&NOT_SUSPENDED Unwanted:  LinkUpBandwidth>=1048576Kbps LinkDnBandwidth>=1048576Kbps SignalStrength: -63 SSID: "Blackvue750S-F2560F"], newCap = [ Transports: WIFI Capabilities: NOT_METERED&INTERNET&NOT_RESTRICTED&TRUSTED&NOT_VPN&NOT_ROAMING&NOT_CONGESTED Unwanted:  LinkUpBandwidth>=1048576Kbps LinkDnBandwidth>=1048576Kbps SignalStrength: -64 SSID: "Blackvue750S-F2560F"]
07-02 20:31:56.611  3825  4083 D ConnectivityService: notifyType CALLBACK_CAP_CHANGED for NetworkAgentInfo [WIFI () - 602]
07-02 20:31:56.611  3825  4083 D ConnectivityService:  sending notification for NetworkRequest [ REQUEST id=1, [ Capabilities: INTERNET&NOT_RESTRICTED&TRUSTED&NOT_VPN Unwanted: ] ]
07-02 20:31:56.611  3825  4083 D ConnectivityService:  sending notification for NetworkRequest [ LISTEN id=3, [] ]
07-02 20:31:56.611  3825  4083 D ConnectivityService: sending notification CALLBACK_CAP_CHANGED for NetworkRequest [ LISTEN id=3, [] ]
07-02 20:31:56.611  3825  4083 D ConnectivityService:  sending notification for NetworkRequest [ LISTEN id=6, [ Transports: WIFI Capabilities: INTERNET&NOT_RESTRICTED&TRUSTED&NOT_VPN Unwanted: ] ]
07-02 20:31:56.611  3825  4083 D ConnectivityService: sending notification CALLBACK_CAP_CHANGED for NetworkRequest [ LISTEN id=6, [ Transports: WIFI Capabilities: INTERNET&NOT_RESTRICTED&TRUSTED&NOT_VPN Unwanted: ] ]
07-02 20:31:56.611  3825  4073 D ConnectivityService: Vpn: getActiveNetworkForUidInternal: 10030, false, false, DISCONNECTED
07-02 20:31:56.611  3825  4073 D ConnectivityService: isNetworkWithLinkPropertiesBlocked: uid=10030, vpn=DISCONNECTED,false
07-02 20:31:56.611  3825  4083 D ConnectivityService:  sending notification for NetworkRequest [ LISTEN id=7, [ Capabilities: NOT_RESTRICTED&TRUSTED&NOT_VPN Unwanted:  Uid: 1000] ]
07-02 20:31:56.611  3825  4083 D ConnectivityService: sending notification CALLBACK_CAP_CHANGED for NetworkRequest [ LISTEN id=7, [ Capabilities: NOT_RESTRICTED&TRUSTED&NOT_VPN Unwanted:  Uid: 1000] ]
07-02 20:31:56.611  3825  4073 D ConnectivityService: filterNetworkStateForUid() uid: 10030, pid: 3825
07-02 20:31:56.611  3825  4073 D ConnectivityService: isNetworkWithLinkPropertiesBlocked: uid=10030, vpn=DISCONNECTED,false
07-02 20:31:56.611  3825  4073 D ConnectivityService: filterNetworkStateForUid() uid: 10030, pid: 3825, networkInfo: [type: WIFI[], state: CONNECTED/CONNECTED, reason: (unspecified), extra: (none), failover: false, available: true, roaming: false]
07-02 20:31:56.611  3825  4083 D ConnectivityService:  sending notification for NetworkRequest [ TRACK_DEFAULT id=8, [ Capabilities: INTERNET&NOT_RESTRICTED&TRUSTED Unwanted:  Uid: 1000] ]
07-02 20:31:56.611  3825  4073 D ConnectivityService: filterNetworkStateForUid() uid: 10030, pid: 3825
07-02 20:31:56.611  3825  4073 D ConnectivityService: isNetworkWithLinkPropertiesBlocked: uid=10030, vpn=DISCONNECTED,false
07-02 20:31:56.611  3825  4083 D ConnectivityService: sending notification CALLBACK_CAP_CHANGED for NetworkRequest [ TRACK_DEFAULT id=8, [ Capabilities: INTERNET&NOT_RESTRICTED&TRUSTED Unwanted:  Uid: 1000] ]
07-02 20:31:56.611  3825  4073 D ConnectivityService: filterNetworkStateForUid() uid: 10030, pid: 3825, networkInfo: [type: WIFI[], state: CONNECTED/CONNECTED, reason: (unspecified), extra: (none), failover: false, available: true, roaming: false]
07-02 20:31:56.611  3825  4073 D ConnectivityService: Vpn: getActiveNetworkForUidInternal: 10087, false, false, DISCONNECTED
07-02 20:31:56.611  3825  4073 D ConnectivityService: isNetworkWithLinkPropertiesBlocked: uid=10087, vpn=DISCONNECTED,false
07-02 20:31:56.612  3825  4073 D ConnectivityService: filterNetworkStateForUid() uid: 10030, pid: 3825
07-02 20:31:56.612  3825  4073 D ConnectivityService: isNetworkWithLinkPropertiesBlocked: uid=10030, vpn=DISCONNECTED,false
07-02 20:31:56.612  3825  4083 D ConnectivityService:  sending notification for NetworkRequest [ LISTEN id=10, [ Transports: WIFI Capabilities: NOT_VPN Unwanted: ] ]
07-02 20:31:56.612  3825  4073 D ConnectivityService: filterNetworkStateForUid() uid: 10030, pid: 3825, networkInfo: [type: WIFI[], state: CONNECTED/CONNECTED, reason: (unspecified), extra: (none), failover: false, available: true, roaming: false]
07-02 20:31:56.612  3825  4073 D ConnectivityService: filterNetworkStateForUid() uid: 10030, pid: 3825
07-02 20:31:56.612  3825  4073 D ConnectivityService: isNetworkWithLinkPropertiesBlocked: uid=10030, vpn=DISCONNECTED,false
07-02 20:31:56.612  3825  4073 D ConnectivityService: filterNetworkStateForUid() uid: 10030, pid: 3825, networkInfo: [type: WIFI[], state: CONNECTED/CONNECTED, reason: (unspecified), extra: (none), failover: false, available: true, roaming: false]
07-02 20:31:56.612  3825  4073 D ConnectivityService: Vpn: getActiveNetworkForUidInternal: 10090, false, false, DISCONNECTED
07-02 20:31:56.612  3825  4073 D ConnectivityService: isNetworkWithLinkPropertiesBlocked: uid=10090, vpn=DISCONNECTED,false
07-02 20:31:56.612  3825  4083 D ConnectivityService: sending notification CALLBACK_CAP_CHANGED for NetworkRequest [ LISTEN id=10, [ Transports: WIFI Capabilities: NOT_VPN Unwanted: ] ]
07-02 20:31:56.612  3825  4073 D ConnectivityService: filterNetworkStateForUid() uid: 10090, pid: 3825
07-02 20:31:56.612  3825  4073 D ConnectivityService: isNetworkWithLinkPropertiesBlocked: uid=10090, vpn=DISCONNECTED,false
07-02 20:31:56.612  3825  4073 D ConnectivityService: filterNetworkStateForUid() uid: 10090, pid: 3825, networkInfo: [type: WIFI[], state: CONNECTED/CONNECTED, reason: (unspecified), extra: (none), failover: false, available: true, roaming: false]
07-02 20:31:56.612  3825  4073 D ConnectivityService: Vpn: getActiveNetworkForUidInternal: 10179, false, false, DISCONNECTED
07-02 20:31:56.612  3825  4073 D ConnectivityService: isNetworkWithLinkPropertiesBlocked: uid=10179, vpn=DISCONNECTED,false
07-02 20:31:56.612  3825  4073 D ConnectivityService: Vpn: getActiveNetworkForUidInternal: 10272, false, false, DISCONNECTED
07-02 20:31:56.612  3825  4073 D ConnectivityService: isNetworkWithLinkPropertiesBlocked: uid=10272, vpn=DISCONNECTED,false
07-02 20:31:56.612  3825  4073 D ConnectivityService: Vpn: getActiveNetworkForUidInternal: 10272, false, false, DISCONNECTED
07-02 20:31:56.612  3825  4073 D ConnectivityService: isNetworkWithLinkPropertiesBlocked: uid=10272, vpn=DISCONNECTED,false
07-02 20:31:56.612  3825  4073 D ConnectivityService: Vpn: getActiveNetworkForUidInternal: 10191, false, false, DISCONNECTED
07-02 20:31:56.612  3825  4073 D ConnectivityService: isNetworkWithLinkPropertiesBlocked: uid=10191, vpn=DISCONNECTED,false
07-02 20:31:56.612  3825  4073 D ConnectivityService: filterNetworkStateForUid() uid: 10090, pid: 3825
07-02 20:31:56.612  3825  4083 D ConnectivityService:  sending notification for NetworkRequest [ TRACK_DEFAULT id=11, [ Capabilities: INTERNET&NOT_RESTRICTED&TRUSTED Unwanted:  Uid: 10003] ]
07-02 20:31:56.612  3825  4073 D ConnectivityService: isNetworkWithLinkPropertiesBlocked: uid=10090, vpn=DISCONNECTED,false
07-02 20:31:56.612  3825  4073 D ConnectivityService: filterNetworkStateForUid() uid: 10090, pid: 3825, networkInfo: [type: WIFI[], state: CONNECTED/CONNECTED, reason: (unspecified), extra: (none), failover: false, available: true, roaming: false]
07-02 20:31:56.612  3825  4073 D ConnectivityService: filterNetworkStateForUid() uid: 10090, pid: 3825
07-02 20:31:56.612  3825  4073 D ConnectivityService: isNetworkWithLinkPropertiesBlocked: uid=10090, vpn=DISCONNECTED,false
07-02 20:31:56.612  3825  4073 D ConnectivityService: filterNetworkStateForUid() uid: 10090, pid: 3825, networkInfo: [type: WIFI[], state: CONNECTED/CONNECTED, reason: (unspecified), extra: (none), failover: false, available: true, roaming: false]
07-02 20:31:56.612  3825  4073 D ConnectivityService: filterNetworkStateForUid() uid: 10030, pid: 3825
07-02 20:31:56.612  3825  4073 D ConnectivityService: isNetworkWithLinkPropertiesBlocked: uid=10030, vpn=DISCONNECTED,false
07-02 20:31:56.612  3825  4073 D ConnectivityService: filterNetworkStateForUid() uid: 10030, pid: 3825, networkInfo: [type: WIFI[], state: CONNECTED/CONNECTED, reason: (unspecified), extra: (none), failover: false, available: true, roaming: false]
07-02 20:31:56.612  3825  4083 D ConnectivityService: sending notification CALLBACK_CAP_CHANGED for NetworkRequest [ TRACK_DEFAULT id=11, [ Capabilities: INTERNET&NOT_RESTRICTED&TRUSTED Unwanted:  Uid: 10003] ]
07-02 20:31:56.612  3825  4073 D ConnectivityService: filterNetworkStateForUid() uid: 10030, pid: 3825
07-02 20:31:56.612  3825  4073 D ConnectivityService: isNetworkWithLinkPropertiesBlocked: uid=10030, vpn=DISCONNECTED,false
07-02 20:31:56.612  3825  4073 D ConnectivityService: filterNetworkStateForUid() uid: 10030, pid: 3825, networkInfo: [type: WIFI[], state: CONNECTED/CONNECTED, reason: (unspecified), extra: (none), failover: false, available: true, roaming: false]
07-02 20:31:56.612  3825  4073 D ConnectivityService: filterNetworkStateForUid() uid: 10030, pid: 3825
07-02 20:31:56.612  3825  4073 D ConnectivityService: isNetworkWithLinkPropertiesBlocked: uid=10030, vpn=DISCONNECTED,false
07-02 20:31:56.612  3825  4073 D ConnectivityService: filterNetworkStateForUid() uid: 10030, pid: 3825, networkInfo: [type: WIFI[], state: CONNECTED/CONNECTED, reason: (unspecified), extra: (none), failover: false, available: true, roaming: false]
07-02 20:31:56.612  3825  4073 D ConnectivityService: filterNetworkStateForUid() uid: 10030, pid: 3825
07-02 20:31:56.612  3825  4073 D ConnectivityService: isNetworkWithLinkPropertiesBlocked: uid=10030, vpn=DISCONNECTED,false
07-02 20:31:56.612  3825  4073 D ConnectivityService: filterNetworkStateForUid() uid: 10030, pid: 3825, networkInfo: [type: WIFI[], state: CONNECTED/CONNECTED, reason: (unspecified), extra: (none), failover: false, available: true, roaming: false]
07-02 20:31:56.613  3825  4073 D ConnectivityService: Vpn: getActiveNetworkForUidInternal: 10420, false, false, DISCONNECTED
07-02 20:31:56.613  3825  4073 D ConnectivityService: isNetworkWithLinkPropertiesBlocked: uid=10420, vpn=DISCONNECTED,false
07-02 20:31:56.613  3825  4073 D ConnectivityService: filterNetworkStateForUid() uid: 10030, pid: 3825
07-02 20:31:56.613  3825  4073 D ConnectivityService: isNetworkWithLinkPropertiesBlocked: uid=10030, vpn=DISCONNECTED,false
07-02 20:31:56.613  3825  4073 D ConnectivityService: filterNetworkStateForUid() uid: 10030, pid: 3825, networkInfo: [type: WIFI[], state: CONNECTED/CONNECTED, reason: (unspecified), extra: (none), failover: false, available: true, roaming: false]
07-02 20:31:56.613  3825  4073 D ConnectivityService: filterNetworkStateForUid() uid: 10030, pid: 3825
07-02 20:31:56.613  3825  4073 D ConnectivityService: isNetworkWithLinkPropertiesBlocked: uid=10030, vpn=DISCONNECTED,false
07-02 20:31:56.613  3825  4083 D ConnectivityService:  sending notification for NetworkRequest [ LISTEN id=12, [ Transports: WIFI Capabilities: INTERNET&NOT_RESTRICTED&TRUSTED&NOT_VPN Unwanted:  Uid: 1000] ]
07-02 20:31:56.613  3825  4073 D ConnectivityService: filterNetworkStateForUid() uid: 10030, pid: 3825, networkInfo: [type: WIFI[], state: CONNECTED/CONNECTED, reason: (unspecified), extra: (none), failover: false, available: true, roaming: false]
07-02 20:31:56.613  3825  4073 D ConnectivityService: filterNetworkStateForUid() uid: 10030, pid: 3825
07-02 20:31:56.613  3825  4073 D ConnectivityService: isNetworkWithLinkPropertiesBlocked: uid=10030, vpn=DISCONNECTED,false
07-02 20:31:56.613  3825  4073 D ConnectivityService: filterNetworkStateForUid() uid: 10030, pid: 3825, networkInfo: [type: WIFI[], state: CONNECTED/CONNECTED, reason: (unspecified), extra: (none), failover: false, available: true, roaming: false]
07-02 20:31:56.613  3825  4073 D ConnectivityService: Vpn: getActiveNetworkForUidInternal: 10272, false, false, DISCONNECTED
07-02 20:31:56.613  3825  4073 D ConnectivityService: isNetworkWithLinkPropertiesBlocked: uid=10272, vpn=DISCONNECTED,false
07-02 20:31:56.613  3825  4073 D ConnectivityService: Vpn: getActiveNetworkForUidInternal: 10028, false, false, DISCONNECTED
07-02 20:31:56.613  3825  4083 D ConnectivityService: sending notification CALLBACK_CAP_CHANGED for NetworkRequest [ LISTEN id=12, [ Transports: WIFI Capabilities: INTERNET&NOT_RESTRICTED&TRUSTED&NOT_VPN Unwanted:  Uid: 1000] ]
07-02 20:31:56.613  3825  4073 D ConnectivityService: isNetworkWithLinkPropertiesBlocked: uid=10028, vpn=DISCONNECTED,false
07-02 20:31:56.613  3825  4073 D ConnectivityService: filterNetworkStateForUid() uid: 10028, pid: 3825
07-02 20:31:56.613  3825  4073 D ConnectivityService: isNetworkWithLinkPropertiesBlocked: uid=10028, vpn=DISCONNECTED,false
07-02 20:31:56.613  3825  4073 D ConnectivityService: filterNetworkStateForUid() uid: 10028, pid: 3825, networkInfo: [type: WIFI[], state: CONNECTED/CONNECTED, reason: (unspecified), extra: (none), failover: false, available: true, roaming: false]
07-02 20:31:56.613  3825  4073 D ConnectivityService: filterNetworkStateForUid() uid: 10090, pid: 3825
07-02 20:31:56.613  3825  4073 D ConnectivityService: isNetworkWithLinkPropertiesBlocked: uid=10090, vpn=DISCONNECTED,false
07-02 20:31:56.613  3825  4073 D ConnectivityService: filterNetworkStateForUid() uid: 10090, pid: 3825, networkInfo: [type: WIFI[], state: CONNECTED/CONNECTED, reason: (unspecified), extra: (none), failover: false, available: true, roaming: false]
07-02 20:31:56.613  3825  4073 D ConnectivityService: Vpn: getActiveNetworkForUidInternal: 10172, false, false, DISCONNECTED
07-02 20:31:56.613  3825  4073 D ConnectivityService: isNetworkWithLinkPropertiesBlocked: uid=10172, vpn=DISCONNECTED,false
07-02 20:31:56.613  3825  4073 D ConnectivityService: filterNetworkStateForUid() uid: 10090, pid: 3825
07-02 20:31:56.613  3825  4073 D ConnectivityService: isNetworkWithLinkPropertiesBlocked: uid=10090, vpn=DISCONNECTED,false
07-02 20:31:56.613  3825  4073 D ConnectivityService: filterNetworkStateForUid() uid: 10090, pid: 3825, networkInfo: [type: WIFI[], state: CONNECTED/CONNECTED, reason: (unspecified), extra: (none), failover: false, available: true, roaming: false]
07-02 20:31:56.613  3825  4073 D ConnectivityService: Vpn: getActiveNetworkForUidInternal: 10149, false, false, DISCONNECTED
07-02 20:31:56.613  3825  4073 D ConnectivityService: isNetworkWithLinkPropertiesBlocked: uid=10149, vpn=DISCONNECTED,false
07-02 20:31:56.613  3825  4073 D ConnectivityService: Vpn: getActiveNetworkForUidInternal: 10420, false, false, DISCONNECTED
07-02 20:31:56.613  3825  4073 D ConnectivityService: isNetworkWithLinkPropertiesBlocked: uid=10420, vpn=DISCONNECTED,false
07-02 20:31:56.613  3825  4073 D ConnectivityService: Vpn: getActiveNetworkForUidInternal: 10188, false, false, DISCONNECTED
07-02 20:31:56.613  3825  4073 D ConnectivityService: isNetworkWithLinkPropertiesBlocked: uid=10188, vpn=DISCONNECTED,false
07-02 20:31:56.613  3825  4073 D ConnectivityService: filterNetworkStateForUid() uid: 10090, pid: 3825
07-02 20:31:56.613  3825  4073 D ConnectivityService: isNetworkWithLinkPropertiesBlocked: uid=10090, vpn=DISCONNECTED,false
07-02 20:31:56.613  3825  4073 D ConnectivityService: filterNetworkStateForUid() uid: 10090, pid: 3825, networkInfo: [type: WIFI[], state: CONNECTED/CONNECTED, reason: (unspecified), extra: (none), failover: false, available: true, roaming: false]
07-02 20:31:56.613  3825  4073 D ConnectivityService: Vpn: getActiveNetworkForUidInternal: 1000, false, false, DISCONNECTED
07-02 20:31:56.614  3825  4083 D ConnectivityService:  sending notification for NetworkRequest [ LISTEN id=13, [ Transports: WIFI Capabilities: INTERNET&NOT_RESTRICTED&TRUSTED&NOT_VPN Unwanted:  Uid: 1000] ]
07-02 20:31:56.614  3825  4073 D ConnectivityService: filterNetworkStateForUid() uid: 1000, pid: 3825
07-02 20:31:56.614  3825  4073 D ConnectivityService: filterNetworkStateForUid() uid: 1000, pid: 3825, networkInfo: [type: WIFI[], state: CONNECTED/CONNECTED, reason: (unspecified), extra: (none), failover: false, available: true, roaming: false]
07-02 20:31:56.614  3825  4073 D ConnectivityService: filterNetworkStateForUid() uid: 10030, pid: 3825
07-02 20:31:56.614  3825  4073 D ConnectivityService: isNetworkWithLinkPropertiesBlocked: uid=10030, vpn=DISCONNECTED,false
07-02 20:31:56.614  3825  4073 D ConnectivityService: filterNetworkStateForUid() uid: 10030, pid: 3825, networkInfo: [type: WIFI[], state: CONNECTED/CONNECTED, reason: (unspecified), extra: (none), failover: false, available: true, roaming: false]
07-02 20:31:56.614  3825  4073 D ConnectivityService: Vpn: getActiveNetworkForUidInternal: 10244, false, false, DISCONNECTED
07-02 20:31:56.614  3825  4073 D ConnectivityService: isNetworkWithLinkPropertiesBlocked: uid=10244, vpn=DISCONNECTED,false
07-02 20:31:56.614  3825  4083 D ConnectivityService: sending notification CALLBACK_CAP_CHANGED for NetworkRequest [ LISTEN id=13, [ Transports: WIFI Capabilities: INTERNET&NOT_RESTRICTED&TRUSTED&NOT_VPN Unwanted:  Uid: 1000] ]
07-02 20:31:56.614  3825  4073 D ConnectivityService: Vpn: getActiveNetworkForUidInternal: 10234, false, false, DISCONNECTED
07-02 20:31:56.614  3825  4073 D ConnectivityService: isNetworkWithLinkPropertiesBlocked: uid=10234, vpn=DISCONNECTED,false
07-02 20:31:56.615  3825  4073 D ConnectivityService: filterNetworkStateForUid() uid: 10090, pid: 3825
07-02 20:31:56.615  3825  4073 D ConnectivityService: isNetworkWithLinkPropertiesBlocked: uid=10090, vpn=DISCONNECTED,false
07-02 20:31:56.615  3825  4073 D ConnectivityService: filterNetworkStateForUid() uid: 10090, pid: 3825, networkInfo: [type: WIFI[], state: CONNECTED/CONNECTED, reason: (unspecified), extra: (none), failover: false, available: true, roaming: false]
07-02 20:31:56.615  3825  4073 D ConnectivityService: filterNetworkStateForUid() uid: 10030, pid: 3825
07-02 20:31:56.615  3825  4073 D ConnectivityService: isNetworkWithLinkPropertiesBlocked: uid=10030, vpn=DISCONNECTED,false
07-02 20:31:56.615  3825  4073 D ConnectivityService: filterNetworkStateForUid() uid: 10030, pid: 3825, networkInfo: [type: WIFI[], state: CONNECTED/CONNECTED, reason: (unspecified), extra: (none), failover: false, available: true, roaming: false]
07-02 20:31:56.615  3825  4073 D ConnectivityService: Vpn: getActiveNetworkForUidInternal: 10239, false, false, DISCONNECTED
07-02 20:31:56.615  3825  4073 D ConnectivityService: isNetworkWithLinkPropertiesBlocked: uid=10239, vpn=DISCONNECTED,false
07-02 20:31:56.615  3825  4073 D ConnectivityService: filterNetworkStateForUid() uid: 10090, pid: 3825
07-02 20:31:56.615  3825  4073 D ConnectivityService: isNetworkWithLinkPropertiesBlocked: uid=10090, vpn=DISCONNECTED,false
07-02 20:31:56.615  3825  4073 D ConnectivityService: filterNetworkStateForUid() uid: 10090, pid: 3825, networkInfo: [type: WIFI[], state: CONNECTED/CONNECTED, reason: (unspecified), extra: (none), failover: false, available: true, roaming: false]
07-02 20:31:56.615  3825  4073 D ConnectivityService: filterNetworkStateForUid() uid: 10030, pid: 3825
07-02 20:31:56.615  3825  4073 D ConnectivityService: isNetworkWithLinkPropertiesBlocked: uid=10030, vpn=DISCONNECTED,false
07-02 20:31:56.615  3825  4073 D ConnectivityService: filterNetworkStateForUid() uid: 10030, pid: 3825, networkInfo: [type: WIFI[], state: CONNECTED/CONNECTED, reason: (unspecified), extra: (none), failover: false, available: true, roaming: false]
07-02 20:31:56.615  3825  4073 D ConnectivityService: Vpn: getActiveNetworkForUidInternal: 10257, false, false, DISCONNECTED
07-02 20:31:56.615  3825  4073 D ConnectivityService: isNetworkWithLinkPropertiesBlocked: uid=10257, vpn=DISCONNECTED,false
07-02 20:31:56.615  3825  4073 D ConnectivityService: filterNetworkStateForUid() uid: 10028, pid: 3825
07-02 20:31:56.615  3825  4073 D ConnectivityService: isNetworkWithLinkPropertiesBlocked: uid=10028, vpn=DISCONNECTED,false
07-02 20:31:56.615  3825  4073 D ConnectivityService: filterNetworkStateForUid() uid: 10028, pid: 3825, networkInfo: [type: WIFI[], state: CONNECTED/CONNECTED, reason: (unspecified), extra: (none), failover: false, available: true, roaming: false]
07-02 20:31:56.615  3825  4073 D ConnectivityService: filterNetworkStateForUid() uid: 10030, pid: 3825
07-02 20:31:56.615  3825  4073 D ConnectivityService: isNetworkWithLinkPropertiesBlocked: uid=10030, vpn=DISCONNECTED,false
07-02 20:31:56.615  3825  4073 D ConnectivityService: filterNetworkStateForUid() uid: 10030, pid: 3825, networkInfo: [type: WIFI[], state: CONNECTED/CONNECTED, reason: (unspecified), extra: (none), failover: false, available: true, roaming: false]
07-02 20:31:56.615  3825  4073 D ConnectivityService: filterNetworkStateForUid() uid: 10030, pid: 3825
07-02 20:31:56.615  3825  4073 D ConnectivityService: isNetworkWithLinkPropertiesBlocked: uid=10030, vpn=DISCONNECTED,false
07-02 20:31:56.615  3825  4073 D ConnectivityService: filterNetworkStateForUid() uid: 10030, pid: 3825, networkInfo: [type: WIFI[], state: CONNECTED/CONNECTED, reason: (unspecified), extra: (none), failover: false, available: true, roaming: false]
07-02 20:31:56.615  3825  4073 D ConnectivityService: Vpn: getActiveNetworkForUidInternal: 10051, false, false, DISCONNECTED
07-02 20:31:56.615  3825  4073 D ConnectivityService: isNetworkWithLinkPropertiesBlocked: uid=10051, vpn=DISCONNECTED,false
07-02 20:31:56.615  3825  4073 D ConnectivityService: filterNetworkStateForUid() uid: 10051, pid: 3825
07-02 20:31:56.615  3825  4073 D ConnectivityService: isNetworkWithLinkPropertiesBlocked: uid=10051, vpn=DISCONNECTED,false
07-02 20:31:56.615  3825  4073 D ConnectivityService: filterNetworkStateForUid() uid: 10051, pid: 3825, networkInfo: [type: WIFI[], state: CONNECTED/CONNECTED, reason: (unspecified), extra: (none), failover: false, available: true, roaming: false]
07-02 20:31:56.615  3825  4073 D ConnectivityService: filterNetworkStateForUid() uid: 10030, pid: 3825
07-02 20:31:56.615  3825  4073 D ConnectivityService: isNetworkWithLinkPropertiesBlocked: uid=10030, vpn=DISCONNECTED,false
07-02 20:31:56.616  3825  4073 D ConnectivityService: filterNetworkStateForUid() uid: 10030, pid: 3825, networkInfo: [type: WIFI[], state: CONNECTED/CONNECTED, reason: (unspecified), extra: (none), failover: false, available: true, roaming: false]
07-02 20:31:56.616  3825  4073 D ConnectivityService: filterNetworkStateForUid() uid: 10030, pid: 3825
07-02 20:31:56.616  3825  4073 D ConnectivityService: isNetworkWithLinkPropertiesBlocked: uid=10030, vpn=DISCONNECTED,false
07-02 20:31:56.616  3825  4073 D ConnectivityService: filterNetworkStateForUid() uid: 10030, pid: 3825, networkInfo: [type: WIFI[], state: CONNECTED/CONNECTED, reason: (unspecified), extra: (none), failover: false, available: true, roaming: false]
07-02 20:31:56.616  3825  4073 D ConnectivityService: Vpn: getActiveNetworkForUidInternal: 5017, false, false, DISCONNECTED
07-02 20:31:56.616  3825  4073 D ConnectivityService: filterNetworkStateForUid() uid: 5017, pid: 3825
07-02 20:31:56.616  3825  4073 D ConnectivityService: filterNetworkStateForUid() uid: 5017, pid: 3825, networkInfo: [type: WIFI[], state: CONNECTED/CONNECTED, reason: (unspecified), extra: (none), failover: false, available: true, roaming: false]
07-02 20:31:56.616  3825  4073 D ConnectivityService: filterNetworkStateForUid() uid: 10030, pid: 3825
07-02 20:31:56.616  3825  4073 D ConnectivityService: isNetworkWithLinkPropertiesBlocked: uid=10030, vpn=DISCONNECTED,false
07-02 20:31:56.616  3825  4073 D ConnectivityService: filterNetworkStateForUid() uid: 10030, pid: 3825, networkInfo: [type: WIFI[], state: CONNECTED/CONNECTED, reason: (unspecified), extra: (none), failover: false, available: true, roaming: false]
07-02 20:31:56.616  3825  4073 D ConnectivityService: Vpn: getActiveNetworkForUidInternal: 10179, false, false, DISCONNECTED
07-02 20:31:56.616  3825  4073 D ConnectivityService: isNetworkWithLinkPropertiesBlocked: uid=10179, vpn=DISCONNECTED,false
07-02 20:31:56.616  3825  4073 D ConnectivityService: filterNetworkStateForUid() uid: 1000, pid: 3825
07-02 20:31:56.616  3825  4073 D ConnectivityService: filterNetworkStateForUid() uid: 1000, pid: 3825, networkInfo: [type: WIFI[], state: CONNECTED/CONNECTED, reason: (unspecified), extra: (none), failover: false, available: true, roaming: false]
07-02 20:31:56.616  3825  4073 D ConnectivityService: Vpn: getActiveNetworkForUidInternal: 5009, false, false, DISCONNECTED
07-02 20:31:56.616  3825  4073 D ConnectivityService: filterNetworkStateForUid() uid: 5009, pid: 3825
07-02 20:31:56.616  3825  4073 D ConnectivityService: filterNetworkStateForUid() uid: 5009, pid: 3825, networkInfo: [type: WIFI[], state: CONNECTED/CONNECTED, reason: (unspecified), extra: (none), failover: false, available: true, roaming: false]
07-02 20:31:56.616  3825  4073 D ConnectivityService: filterNetworkStateForUid() uid: 10090, pid: 3825
07-02 20:31:56.616  3825  4073 D ConnectivityService: isNetworkWithLinkPropertiesBlocked: uid=10090, vpn=DISCONNECTED,false
07-02 20:31:56.616  3825  4073 D ConnectivityService: filterNetworkStateForUid() uid: 10090, pid: 3825, networkInfo: [type: WIFI[], state: CONNECTED/CONNECTED, reason: (unspecified), extra: (none), failover: false, available: true, roaming: false]
07-02 20:31:56.616  3825  4073 D ConnectivityService: filterNetworkStateForUid() uid: 10090, pid: 3825
07-02 20:31:56.616  3825  4073 D ConnectivityService: isNetworkWithLinkPropertiesBlocked: uid=10090, vpn=DISCONNECTED,false
07-02 20:31:56.616  3825  4073 D ConnectivityService: filterNetworkStateForUid() uid: 10090, pid: 3825, networkInfo: [type: WIFI[], state: CONNECTED/CONNECTED, reason: (unspecified), extra: (none), failover: false, available: true, roaming: false]
07-02 20:31:56.616  3825  4073 D ConnectivityService: filterNetworkStateForUid() uid: 1000, pid: 3825
07-02 20:31:56.616  3825  4073 D ConnectivityService: filterNetworkStateForUid() uid: 1000, pid: 3825, networkInfo: [type: WIFI[], state: CONNECTED/CONNECTED, reason: (unspecified), extra: (none), failover: false, available: true, roaming: false]
07-02 20:31:56.616  3825  4073 D ConnectivityService: filterNetworkStateForUid() uid: 10030, pid: 3825
07-02 20:31:56.616  3825  4073 D ConnectivityService: isNetworkWithLinkPropertiesBlocked: uid=10030, vpn=DISCONNECTED,false
07-02 20:31:56.616  3825  4073 D ConnectivityService: filterNetworkStateForUid() uid: 10030, pid: 3825, networkInfo: [type: WIFI[], state: CONNECTED/CONNECTED, reason: (unspecified), extra: (none), failover: false, available: true, roaming: false]
07-02 20:31:56.616  3825  4073 D ConnectivityService: Vpn: getActiveNetworkForUidInternal: 10061, false, false, DISCONNECTED
07-02 20:31:56.616  3825  4073 D ConnectivityService: isNetworkWithLinkPropertiesBlocked: uid=10061, vpn=DISCONNECTED,false
07-02 20:31:56.616  3825  4073 D ConnectivityService: filterNetworkStateForUid() uid: 10061, pid: 3825
07-02 20:31:56.616  3825  4073 D ConnectivityService: isNetworkWithLinkPropertiesBlocked: uid=10061, vpn=DISCONNECTED,false
07-02 20:31:56.616  3825  4073 D ConnectivityService: filterNetworkStateForUid() uid: 10061, pid: 3825, networkInfo: [type: WIFI[], state: CONNECTED/CONNECTED, reason: (unspecified), extra: (none), failover: false, available: true, roaming: false]
07-02 20:31:56.616  3825  4073 D ConnectivityService: Vpn: getActiveNetworkForUidInternal: 10063, false, false, DISCONNECTED
07-02 20:31:56.616  3825  4073 D ConnectivityService: isNetworkWithLinkPropertiesBlocked: uid=10063, vpn=DISCONNECTED,false
07-02 20:31:56.617  3825  4073 D ConnectivityService: filterNetworkStateForUid() uid: 10090, pid: 3825
07-02 20:31:56.617  3825  4073 D ConnectivityService: isNetworkWithLinkPropertiesBlocked: uid=10090, vpn=DISCONNECTED,false
07-02 20:31:56.617  3825  4083 D ConnectivityService:  sending notification for NetworkRequest [ LISTEN id=14, [] ]
07-02 20:31:56.617  3825  4073 D ConnectivityService: filterNetworkStateForUid() uid: 10090, pid: 3825, networkInfo: [type: WIFI[], state: CONNECTED/CONNECTED, reason: (unspecified), extra: (none), failover: false, available: true, roaming: false]
07-02 20:31:56.617  3825  4073 D ConnectivityService: Vpn: getActiveNetworkForUidInternal: 10420, false, false, DISCONNECTED
07-02 20:31:56.617  3825  4073 D ConnectivityService: isNetworkWithLinkPropertiesBlocked: uid=10420, vpn=DISCONNECTED,false
07-02 20:31:56.617  3825  4083 D ConnectivityService: sending notification CALLBACK_CAP_CHANGED for NetworkRequest [ LISTEN id=14, [] ]
07-02 20:31:56.617  4201  4201 D SecStatusBarWifiView: updateState: WifiIconState(resId=2131232613, visible=true, activityId=0)
07-02 20:31:56.618  3825  4083 D ConnectivityService:  sending notification for NetworkRequest [ LISTEN id=17, [ Capabilities: NOT_RESTRICTED Unwanted:  Uid: 10030] ]
07-02 20:31:56.618  3825  4073 D ConnectivityService: filterNetworkStateForUid() uid: 10051, pid: 3825
07-02 20:31:56.618  3825  4073 D ConnectivityService: isNetworkWithLinkPropertiesBlocked: uid=10051, vpn=DISCONNECTED,false
07-02 20:31:56.618  3825  4073 D ConnectivityService: filterNetworkStateForUid() uid: 10051, pid: 3825, networkInfo: [type: WIFI[], state: CONNECTED/CONNECTED, reason: (unspecified), extra: (none), failover: false, available: true, roaming: false]
07-02 20:31:56.618  3825  4073 D ConnectivityService: filterNetworkStateForUid() uid: 10030, pid: 3825
07-02 20:31:56.618  3825  4073 D ConnectivityService: isNetworkWithLinkPropertiesBlocked: uid=10030, vpn=DISCONNECTED,false
07-02 20:31:56.618  3825  4073 D ConnectivityService: filterNetworkStateForUid() uid: 10030, pid: 3825, networkInfo: [type: WIFI[], state: CONNECTED/CONNECTED, reason: (unspecified), extra: (none), failover: false, available: true, roaming: false]
07-02 20:31:56.618  3825  4083 D ConnectivityService: sending notification CALLBACK_CAP_CHANGED for NetworkRequest [ LISTEN id=17, [ Capabilities: NOT_RESTRICTED Unwanted:  Uid: 10030] ]
07-02 20:31:56.618  3825  4073 D ConnectivityService: filterNetworkStateForUid() uid: 10030, pid: 3825
07-02 20:31:56.618  3825  4073 D ConnectivityService: isNetworkWithLinkPropertiesBlocked: uid=10030, vpn=DISCONNECTED,false
07-02 20:31:56.618  3825  4073 D ConnectivityService: filterNetworkStateForUid() uid: 10030, pid: 3825, networkInfo: [type: WIFI[], state: CONNECTED/CONNECTED, reason: (unspecified), extra: (none), failover: false, available: true, roaming: false]
07-02 20:31:56.618  3825  4073 D ConnectivityService: Vpn: getActiveNetworkForUidInternal: 10179, false, false, DISCONNECTED
07-02 20:31:56.618  3825  4073 D ConnectivityService: isNetworkWithLinkPropertiesBlocked: uid=10179, vpn=DISCONNECTED,false
07-02 20:31:56.618  3825  4073 D ConnectivityService: Vpn: getActiveNetworkForUidInternal: 10234, false, false, DISCONNECTED
07-02 20:31:56.618  3825  4073 D ConnectivityService: isNetworkWithLinkPropertiesBlocked: uid=10234, vpn=DISCONNECTED,false
07-02 20:31:56.619  3825  4083 D ConnectivityService:  sending notification for NetworkRequest [ TRACK_DEFAULT id=23, [ Capabilities: INTERNET&NOT_RESTRICTED&TRUSTED Unwanted:  Uid: 10090] ]
07-02 20:31:56.620  3825  4073 D ConnectivityService: filterNetworkStateForUid() uid: 1000, pid: 3825
07-02 20:31:56.620  3825  4073 D ConnectivityService: filterNetworkStateForUid() uid: 1000, pid: 3825, networkInfo: [type: WIFI[], state: CONNECTED/CONNECTED, reason: (unspecified), extra: (none), failover: false, available: true, roaming: false]
07-02 20:31:56.620  3825  4073 D ConnectivityService: filterNetworkStateForUid() uid: 10030, pid: 3825
07-02 20:31:56.620  3825  4073 D ConnectivityService: isNetworkWithLinkPropertiesBlocked: uid=10030, vpn=DISCONNECTED,false
07-02 20:31:56.620  3825  4073 D ConnectivityService: filterNetworkStateForUid() uid: 10030, pid: 3825, networkInfo: [type: WIFI[], state: CONNECTED/CONNECTED, reason: (unspecified), extra: (none), failover: false, available: true, roaming: false]
07-02 20:31:56.620  3825  4073 D ConnectivityService: Vpn: getActiveNetworkForUidInternal: 10189, false, false, DISCONNECTED
07-02 20:31:56.620  3825  4073 D ConnectivityService: isNetworkWithLinkPropertiesBlocked: uid=10189, vpn=DISCONNECTED,false
07-02 20:31:56.620  3825  4073 D ConnectivityService: filterNetworkStateForUid() uid: 10030, pid: 3825
07-02 20:31:56.620  3825  4073 D ConnectivityService: isNetworkWithLinkPropertiesBlocked: uid=10030, vpn=DISCONNECTED,false
07-02 20:31:56.620  3825  4073 D ConnectivityService: filterNetworkStateForUid() uid: 10030, pid: 3825, networkInfo: [type: WIFI[], state: CONNECTED/CONNECTED, reason: (unspecified), extra: (none), failover: false, available: true, roaming: false]
07-02 20:31:56.620  3825  4073 D ConnectivityService: filterNetworkStateForUid() uid: 10090, pid: 3825
07-02 20:31:56.620  3825  4073 D ConnectivityService: isNetworkWithLinkPropertiesBlocked: uid=10090, vpn=DISCONNECTED,false
07-02 20:31:56.621  3825  4073 D ConnectivityService: filterNetworkStateForUid() uid: 10090, pid: 3825, networkInfo: [type: WIFI[], state: CONNECTED/CONNECTED, reason: (unspecified), extra: (none), failover: false, available: true, roaming: false]
07-02 20:31:56.621  3825  4073 D ConnectivityService: filterNetworkStateForUid() uid: 10090, pid: 3825
07-02 20:31:56.621  3825  4073 D ConnectivityService: isNetworkWithLinkPropertiesBlocked: uid=10090, vpn=DISCONNECTED,false
07-02 20:31:56.621  3825  4073 D ConnectivityService: filterNetworkStateForUid() uid: 10090, pid: 3825, networkInfo: [type: WIFI[], state: CONNECTED/CONNECTED, reason: (unspecified), extra: (none), failover: false, available: true, roaming: false]
07-02 20:31:56.621  3825  4083 D ConnectivityService: sending notification CALLBACK_CAP_CHANGED for NetworkRequest [ TRACK_DEFAULT id=23, [ Capabilities: INTERNET&NOT_RESTRICTED&TRUSTED Unwanted:  Uid: 10090] ]
07-02 20:31:56.621  3825  4083 D ConnectivityService:  sending notification for NetworkRequest [ LISTEN id=24, [ Capabilities: INTERNET&NOT_RESTRICTED&TRUSTED Unwanted:  Uid: 10090] ]
07-02 20:31:56.622  3825  4083 D ConnectivityService: sending notification CALLBACK_CAP_CHANGED for NetworkRequest [ LISTEN id=24, [ Capabilities: INTERNET&NOT_RESTRICTED&TRUSTED Unwanted:  Uid: 10090] ]
07-02 20:31:56.622  3825  4083 D ConnectivityService:  sending notification for NetworkRequest [ LISTEN id=32, [ Capabilities: INTERNET&NOT_RESTRICTED&TRUSTED&NOT_VPN&FOREGROUND Unwanted:  Uid: 10272] ]
07-02 20:31:56.622  3825  4083 D ConnectivityService: sending notification CALLBACK_CAP_CHANGED for NetworkRequest [ LISTEN id=32, [ Capabilities: INTERNET&NOT_RESTRICTED&TRUSTED&NOT_VPN&FOREGROUND Unwanted:  Uid: 10272] ]
07-02 20:31:56.623  3825  4083 D ConnectivityService:  sending notification for NetworkRequest [ LISTEN id=33, [ Transports: WIFI Capabilities: NOT_RESTRICTED&TRUSTED&NOT_VPN Unwanted:  Uid: 10161] ]
07-02 20:31:56.621  3825  4073 D ConnectivityService: Vpn: getActiveNetworkForUidInternal: 10192, false, false, DISCONNECTED
07-02 20:31:56.623  3825  4073 D ConnectivityService: isNetworkWithLinkPropertiesBlocked: uid=10192, vpn=DISCONNECTED,false
07-02 20:31:56.623  3825  4073 D ConnectivityService: filterNetworkStateForUid() uid: 10192, pid: 3825
07-02 20:31:56.623  3825  4083 D ConnectivityService: sending notification CALLBACK_CAP_CHANGED for NetworkRequest [ LISTEN id=33, [ Transports: WIFI Capabilities: NOT_RESTRICTED&TRUSTED&NOT_VPN Unwanted:  Uid: 10161] ]
07-02 20:31:56.623  3825  4073 D ConnectivityService: isNetworkWithLinkPropertiesBlocked: uid=10192, vpn=DISCONNECTED,false
07-02 20:31:56.623  3825  4073 D ConnectivityService: filterNetworkStateForUid() uid: 10192, pid: 3825, networkInfo: [type: WIFI[], state: CONNECTED/CONNECTED, reason: (unspecified), extra: (none), failover: false, available: true, roaming: false]
07-02 20:31:56.623  3825  4073 D ConnectivityService: Vpn: getActiveNetworkForUidInternal: 10420, false, false, DISCONNECTED
07-02 20:31:56.623  3825  4083 D ConnectivityService:  sending notification for NetworkRequest [ LISTEN id=34, [ Transports: CELLULAR|WIFI Capabilities: NOT_RESTRICTED&TRUSTED&NOT_VPN Unwanted:  Uid: 10161] ]
