07-02 23:27:34.449  9122  9187 D BtGatt.GattService: onScanResult to scannerId: 5- eventType=0x10, addressType=0, address=A6:5, primaryPhy=1, secondaryPhy=0, advertisingSid=0xff, txPower=127, rssi=-85, periodicAdvInt=0x0
07-02 23:27:34.450  8780  9113 D ScanRecord: Not a Multi Manu data
07-02 23:27:34.455  8780  9113 I [+10]oneconnect[1.7.50-21_01][CORE]: BleParserForVD.parseTvPacket - [Name][TV] Samsung 8 Series (55)[DeviceType]TV[Discover]_BLE[Services]None[Connected]false[TvStatus]-128[TvService]96[TvMirrorChannel]1[TvRegisteredDB][83, 91, 0, 0, 0, 0][TvYear]2016[TvOcfInfo]0[TvAcmStatus]0[ExTvStatus]0
07-02 23:27:34.525  5128  5640 I mobile-ffmpeg: 
07-02 23:27:34.525  5128  5640 I chatty  : uid=10568(com.example.edgesum) identical 1 line
07-02 23:27:34.525  5128  5640 I mobile-ffmpeg: 
07-02 23:27:34.525  5128  5640 I mobile-ffmpeg: frame=  340 fps=200 q=-0.0 size=N/A time=00:00:11.60 bitrate=N/A speed=6.84x    
07-02 23:27:34.585  5128  5640 I mobile-ffmpeg: 
07-02 23:27:34.586  5128  5640 I chatty  : uid=10568(com.example.edgesum) identical 1 line
07-02 23:27:34.586  5128  5640 I mobile-ffmpeg: 
07-02 23:27:34.586  5128  5640 I mobile-ffmpeg: frame=  360 fps=204 q=-0.0 Lsize=N/A time=00:00:12.05 bitrate=N/A speed=6.84x    
07-02 23:27:34.586  5128  5640 I mobile-ffmpeg: 
07-02 23:27:34.586  5128  5640 I chatty  : uid=10568(com.example.edgesum) identical 1 line
07-02 23:27:34.586  5128  5640 I mobile-ffmpeg: 
07-02 23:27:34.586  5128  5640 I mobile-ffmpeg: video:188kB audio:752kB subtitle:0kB other streams:0kB global headers:0kB muxing overhead: 
07-02 23:27:34.586  5128  5640 I mobile-ffmpeg: 
07-02 23:27:34.586  5128  5640 I chatty  : uid=10568(com.example.edgesum) identical 1 line
07-02 23:27:34.586  5128  5640 I mobile-ffmpeg: 
07-02 23:27:34.586  5128  5640 I mobile-ffmpeg: unknown
07-02 23:27:34.586  5128  5640 I mobile-ffmpeg: 
07-02 23:27:34.586  5128  5640 I chatty  : uid=10568(com.example.edgesum) identical 1 line
07-02 23:27:34.586  5128  5640 I mobile-ffmpeg: 
07-02 23:27:34.586  5128  5640 I mobile-ffmpeg: 
07-02 23:27:34.607  5128  6131 W Summariser: No activity detected
07-02 23:27:34.625  5034  6048 I NearbyConnections: ClientProxy(22484637) reporting onPayloadTransferUpdate(HC0V, -9055268183681912153, IN_PROGRESS) [CONTEXT service_id=54 ]
07-02 23:27:34.626  5128  5128 V NearbyFragment: Transfer to HC0V: 56%
07-02 23:27:34.630  5034  6048 I NearbyConnections: ClientProxy(22484637) reporting onPayloadTransferUpdate(HC0V, -9055268183681912153, IN_PROGRESS) [CONTEXT service_id=54 ]
07-02 23:27:34.630  5128  5128 V NearbyFragment: Transfer to HC0V: 56%
07-02 23:27:34.635  5128  5128 V NearbyFragment: Transfer to HC0V: 56%
07-02 23:27:34.635  5034  6048 I NearbyConnections: ClientProxy(22484637) reporting onPayloadTransferUpdate(HC0V, -9055268183681912153, IN_PROGRESS) [CONTEXT service_id=54 ]
07-02 23:27:34.639  5034  6048 I NearbyConnections: ClientProxy(22484637) reporting onPayloadTransferUpdate(HC0V, -9055268183681912153, IN_PROGRESS) [CONTEXT service_id=54 ]
07-02 23:27:34.639  5128  5128 V NearbyFragment: Transfer to HC0V: 57%
07-02 23:27:34.643  3574  4120 D bauth_FPBAuthService: pcf : 0x1012, 0 ,2 ,0 ,0 ,0 ,2, 
07-02 23:27:34.643  3574  4120 D bauth_FPBAuthService: thread id : 2, preenroll_flag : 0, nd cnt : 1, cso : 0, et : 0
07-02 23:27:34.643  3574  4120 D bauth_FPBAuthService: FPBAuthService, 9983
07-02 23:27:34.644  5034  6048 I NearbyConnections: ClientProxy(22484637) reporting onPayloadTransferUpdate(HC0V, -9055268183681912153, IN_PROGRESS) [CONTEXT service_id=54 ]
07-02 23:27:34.644  5128  5128 V NearbyFragment: Transfer to HC0V: 57%
07-02 23:27:34.648  5128  5128 V NearbyFragment: Transfer to HC0V: 58%
07-02 23:27:34.648  5034  6048 I NearbyConnections: ClientProxy(22484637) reporting onPayloadTransferUpdate(HC0V, -9055268183681912153, IN_PROGRESS) [CONTEXT service_id=54 ]
07-02 23:27:34.653  5128  5128 V NearbyFragment: Transfer to HC0V: 58%
07-02 23:27:34.653  5034  6048 I NearbyConnections: ClientProxy(22484637) reporting onPayloadTransferUpdate(HC0V, -9055268183681912153, IN_PROGRESS) [CONTEXT service_id=54 ]
07-02 23:27:34.659  5128  5128 V NearbyFragment: Transfer to HC0V: 58%
07-02 23:27:34.659  5034  6048 I NearbyConnections: ClientProxy(22484637) reporting onPayloadTransferUpdate(HC0V, -9055268183681912153, IN_PROGRESS) [CONTEXT service_id=54 ]
07-02 23:27:34.663  5128  5128 V NearbyFragment: Transfer to HC0V: 59%
07-02 23:27:34.663  5034  6048 I NearbyConnections: ClientProxy(22484637) reporting onPayloadTransferUpdate(HC0V, -9055268183681912153, IN_PROGRESS) [CONTEXT service_id=54 ]
07-02 23:27:34.666  5128  6131 W Summariser: Summarisation completed
07-02 23:27:34.666  5128  6131 W Summariser:   filename: 20200312_151044!003.mp4
07-02 23:27:34.666  5128  6131 W Summariser:   active sections: 0
07-02 23:27:34.666  5128  6131 W Summariser:   time: 01.812s
07-02 23:27:34.666  5128  6131 W Summariser:   original duration: 12.03
07-02 23:27:34.666  5128  6131 W Summariser:   summarised duration: -1.00
07-02 23:27:34.666  5128  6131 W Summariser:   noise tolerance: 45.00
07-02 23:27:34.666  5128  6131 W Summariser:   quality: 23
07-02 23:27:34.666  5128  6131 W Summariser:   speed: medium
07-02 23:27:34.666  5128  6131 W Summariser:   freeze duration: 1.00
07-02 23:27:34.666  5128  6131 D NearbyFragment: Received all summarised video segments of 20200312_151044
07-02 23:27:34.668  5128  5128 V NearbyFragment: Transfer to HC0V: 59%
07-02 23:27:34.668  5034  6048 I NearbyConnections: ClientProxy(22484637) reporting onPayloadTransferUpdate(HC0V, -9055268183681912153, IN_PROGRESS) [CONTEXT service_id=54 ]
07-02 23:27:34.672  5128  6131 V FileManager: External storage is readable
07-02 23:27:34.672  5128  6131 V FileManager: Directory already exists: /storage/emulated/0/Movies/segment-sum/20200312_151044
07-02 23:27:34.672  5128  6131 D FfmpegTools: Merging /storage/emulated/0/Movies/summarised/20200312_151044.mp4
07-02 23:27:34.673  5128  6131 D FfmpegTools: No split videos to merge
07-02 23:27:34.673  5128  6131 V NearbyFragment: Removing video segment map for 20200312_151044
07-02 23:27:34.673  5034  6048 I NearbyConnections: ClientProxy(22484637) reporting onPayloadTransferUpdate(HC0V, -9055268183681912153, IN_PROGRESS) [CONTEXT service_id=54 ]
07-02 23:27:34.673  5128  5128 V NearbyFragment: Transfer to HC0V: 59%
07-02 23:27:34.679  5128  5128 V NearbyFragment: Transfer to HC0V: 60%
07-02 23:27:34.679  5034  6048 I NearbyConnections: ClientProxy(22484637) reporting onPayloadTransferUpdate(HC0V, -9055268183681912153, IN_PROGRESS) [CONTEXT service_id=54 ]
07-02 23:27:34.690  9122  9122 D HidDeviceService: handleMessage(): msg.what=8
07-02 23:27:34.698  5429  6161 V MediaProvider: !@start scanning file requested by com.example.edgesum: 7klwibgf7fvntblfd7(7Vwmrfk7knvvbirkfd
07-02 23:27:34.702  5429  6161 D MediaScanner: scanSingleFile : 7klwibgf7fvntblfd7(7Vwmrfk7knvvbirkfd
07-02 23:27:34.739  3825  4465 D SyncManager: userId - 0 auto - true
07-02 23:27:34.743  3825  4530 D ConnectivityService: filterNetworkStateForUid() uid: 10030, pid: 4625
07-02 23:27:34.743  3825  4530 D ConnectivityService: isNetworkWithLinkPropertiesBlocked: uid=10030, vpn=DISCONNECTED,false
07-02 23:27:34.744  3825  4530 D ConnectivityService: filterNetworkStateForUid() uid: 10030, pid: 4625, networkInfo: [type: WIFI[], state: CONNECTED/CONNECTED, reason: (unspecified), extra: (none), failover: false, available: true, roaming: false]
07-02 23:27:34.744  5429  6161 V MediaScannerService: !@done scanning file
07-02 23:27:34.746  5128  5141 D SummariserIntentService: Scanned /storage/emulated/0/Movies/summarised
07-02 23:27:34.746  5128  5141 D SummariserIntentService:   -> uri=content://media/external/file/137580
07-02 23:27:34.747  5034  6048 I NearbyConnections: ClientProxy(22484637) reporting onPayloadTransferUpdate(HC0V, -9055268183681912153, IN_PROGRESS) [CONTEXT service_id=54 ]
07-02 23:27:34.748  5128  5128 V NearbyFragment: Transfer to HC0V: 60%
07-02 23:27:34.750  3825  4530 D SamsungAlarmManager: Cancel Alarm calling from uid:10030 pid :4625 / op:PendingIntent{2c4f20b: PendingIntentRecord{5c7c7e3 com.google.android.gms broadcastIntent}}
07-02 23:27:34.753  5034  6048 I NearbyConnections: ClientProxy(22484637) reporting onPayloadTransferUpdate(HC0V, -9055268183681912153, IN_PROGRESS) [CONTEXT service_id=54 ]
07-02 23:27:34.754  5128  5128 V NearbyFragment: Transfer to HC0V: 61%
07-02 23:27:34.755  9122  9122 D HidDeviceService: handleMessage(): msg.what=8
07-02 23:27:34.755  9122  9122 D HidDeviceService: unregisterAppUid(): uid=10045
07-02 23:27:34.755  9122  9122 D HidDeviceService: unregisterAppUid(): caller UID doesn't match user UID
07-02 23:27:34.753  3825  4530 I SamsungAlarmManager: setLocked to kernel - T:2 / 20200702T232844, SetElapsed=13393834, nowELAPSED=13323784
07-02 23:27:34.759  3825  4530 I SamsungAlarmManager: setLocked to kernel - T:3 / 20200702T232800, SetElapsed=13349031, nowELAPSED=13323791
07-02 23:27:34.767  5034  6048 I NearbyConnections: ClientProxy(22484637) reporting onPayloadTransferUpdate(HC0V, -9055268183681912153, IN_PROGRESS) [CONTEXT service_id=54 ]
07-02 23:27:34.767  5128  5128 V NearbyFragment: Transfer to HC0V: 61%
07-02 23:27:34.768  5034  5047 I gle.android.gm: Background concurrent copying GC freed 24914(935KB) AllocSpace objects, 524(34MB) LOS objects, 50% free, 20MB/40MB, paused 161us total 119.570ms
07-02 23:27:34.775  5034  6048 I NearbyConnections: ClientProxy(22484637) reporting onPayloadTransferUpdate(HC0V, -9055268183681912153, IN_PROGRESS) [CONTEXT service_id=54 ]
07-02 23:27:34.776  5128  5128 V NearbyFragment: Transfer to HC0V: 61%
07-02 23:27:34.780  5034  6048 I NearbyConnections: ClientProxy(22484637) reporting onPayloadTransferUpdate(HC0V, -9055268183681912153, IN_PROGRESS) [CONTEXT service_id=54 ]
07-02 23:27:34.781  5128  5128 V NearbyFragment: Transfer to HC0V: 62%
07-02 23:27:34.786  5034  6048 I NearbyConnections: ClientProxy(22484637) reporting onPayloadTransferUpdate(HC0V, -9055268183681912153, IN_PROGRESS) [CONTEXT service_id=54 ]
07-02 23:27:34.787  5128  5128 V NearbyFragment: Transfer to HC0V: 62%
07-02 23:27:34.796  3825  4066 D WifiTrafficPoller: TrafficStats TxPkts=620251 RxPkts=318879 TxBytes=888334312 RxBytes=156603504 , Foreground uid=10568 pkgName=com.example.edgesum TxPackets=679059 RxPackets=1455592 TxBytes=35391698 RxBytes=2183025548
07-02 23:27:34.801  5128  5128 V NearbyFragment: Transfer to HC0V: 63%
07-02 23:27:34.802  5034  6048 I NearbyConnections: ClientProxy(22484637) reporting onPayloadTransferUpdate(HC0V, -9055268183681912153, IN_PROGRESS) [CONTEXT service_id=54 ]
07-02 23:27:34.803  5128  5128 V NearbyFragment: Transfer to HC0V: 63%
07-02 23:27:34.804  5034  6048 I NearbyConnections: ClientProxy(22484637) reporting onPayloadTransferUpdate(HC0V, -9055268183681912153, IN_PROGRESS) [CONTEXT service_id=54 ]
07-02 23:27:34.804  5034  6048 I NearbyConnections: ClientProxy(22484637) reporting onPayloadTransferUpdate(HC0V, -9055268183681912153, IN_PROGRESS) [CONTEXT service_id=54 ]
07-02 23:27:34.805  5128  5128 V NearbyFragment: Transfer to HC0V: 63%
07-02 23:27:34.809  5034  6048 I NearbyConnections: ClientProxy(22484637) reporting onPayloadTransferUpdate(HC0V, -9055268183681912153, IN_PROGRESS) [CONTEXT service_id=54 ]
07-02 23:27:34.809  5128  5128 V NearbyFragment: Transfer to HC0V: 64%
07-02 23:27:34.815  5034  6048 I NearbyConnections: ClientProxy(22484637) reporting onPayloadTransferUpdate(HC0V, -9055268183681912153, IN_PROGRESS) [CONTEXT service_id=54 ]
07-02 23:27:34.815  5128  5128 V NearbyFragment: Transfer to HC0V: 64%
07-02 23:27:34.819  5034  6048 I NearbyConnections: ClientProxy(22484637) reporting onPayloadTransferUpdate(HC0V, -9055268183681912153, IN_PROGRESS) [CONTEXT service_id=54 ]
07-02 23:27:34.820  5128  5128 V NearbyFragment: Transfer to HC0V: 65%
07-02 23:27:34.825  5034  6048 I NearbyConnections: ClientProxy(22484637) reporting onPayloadTransferUpdate(HC0V, -9055268183681912153, IN_PROGRESS) [CONTEXT service_id=54 ]
07-02 23:27:34.825  5128  5128 V NearbyFragment: Transfer to HC0V: 65%
07-02 23:27:34.827  5034  6048 I NearbyConnections: ClientProxy(22484637) reporting onPayloadTransferUpdate(HC0V, -9055268183681912153, IN_PROGRESS) [CONTEXT service_id=54 ]
07-02 23:27:34.828  5128  5128 V NearbyFragment: Transfer to HC0V: 65%
07-02 23:27:34.829  5034  6048 I NearbyConnections: ClientProxy(22484637) reporting onPayloadTransferUpdate(HC0V, -9055268183681912153, IN_PROGRESS) [CONTEXT service_id=54 ]
07-02 23:27:34.830  5128  5128 V NearbyFragment: Transfer to HC0V: 66%
07-02 23:27:34.831  5034  6048 I NearbyConnections: ClientProxy(22484637) reporting onPayloadTransferUpdate(HC0V, -9055268183681912153, IN_PROGRESS) [CONTEXT service_id=54 ]
07-02 23:27:34.831  5128  5128 V NearbyFragment: Transfer to HC0V: 66%
07-02 23:27:34.832  3549  3621 D DnsProxyListener: DNSDBG::dns addrinfo af 2
07-02 23:27:34.833  5034  6048 I NearbyConnections: ClientProxy(22484637) reporting onPayloadTransferUpdate(HC0V, -9055268183681912153, IN_PROGRESS) [CONTEXT service_id=54 ]
07-02 23:27:34.833  5128  5128 V NearbyFragment: Transfer to HC0V: 66%
07-02 23:27:34.835  5034  6048 I NearbyConnections: ClientProxy(22484637) reporting onPayloadTransferUpdate(HC0V, -9055268183681912153, IN_PROGRESS) [CONTEXT service_id=54 ]
07-02 23:27:34.836  5128  5128 V NearbyFragment: Transfer to HC0V: 67%
07-02 23:27:34.837  5034  6048 I NearbyConnections: ClientProxy(22484637) reporting onPayloadTransferUpdate(HC0V, -9055268183681912153, IN_PROGRESS) [CONTEXT service_id=54 ]
07-02 23:27:34.838  5128  5128 V NearbyFragment: Transfer to HC0V: 67%
07-02 23:27:34.839  5034  6048 I NearbyConnections: ClientProxy(22484637) reporting onPayloadTransferUpdate(HC0V, -9055268183681912153, IN_PROGRESS) [CONTEXT service_id=54 ]
07-02 23:27:34.840  5128  5128 V NearbyFragment: Transfer to HC0V: 68%
07-02 23:27:34.841  5128  5128 V NearbyFragment: Transfer to HC0V: 68%
07-02 23:27:34.841  5034  6048 I NearbyConnections: ClientProxy(22484637) reporting onPayloadTransferUpdate(HC0V, -9055268183681912153, IN_PROGRESS) [CONTEXT service_id=54 ]
07-02 23:27:34.844  5034  6048 I NearbyConnections: ClientProxy(22484637) reporting onPayloadTransferUpdate(HC0V, -9055268183681912153, IN_PROGRESS) [CONTEXT service_id=54 ]
07-02 23:27:34.845  5128  5128 V NearbyFragment: Transfer to HC0V: 68%
07-02 23:27:34.845  5034  6048 I NearbyConnections: ClientProxy(22484637) reporting onPayloadTransferUpdate(HC0V, -9055268183681912153, IN_PROGRESS) [CONTEXT service_id=54 ]
07-02 23:27:34.845  5128  5128 V NearbyFragment: Transfer to HC0V: 69%
07-02 23:27:34.846  5034  6048 I NearbyConnections: ClientProxy(22484637) reporting onPayloadTransferUpdate(HC0V, -9055268183681912153, IN_PROGRESS) [CONTEXT service_id=54 ]
07-02 23:27:34.847  5128  5128 V NearbyFragment: Transfer to HC0V: 69%
07-02 23:27:34.854  3825  4530 D SamsungAlarmManager: setInexact Intent (T:2/F:0/AC:false) 20200702T232802 - CU:10030/CP:4625
07-02 23:27:34.854  3825  4530 I SamsungAlarmManager: setLocked to kernel - T:2 / 20200702T232802, SetElapsed=13351723, nowELAPSED=13323885
07-02 23:27:34.854  3825  4530 I SamsungAlarmManager: setLocked to kernel - T:3 / 20200702T232800, SetElapsed=13349031, nowELAPSED=13323885
07-02 23:27:34.890  3825  4530 D ConnectivityService: filterNetworkStateForUid() uid: 10030, pid: 4625
07-02 23:27:34.890  3825  4530 D ConnectivityService: isNetworkWithLinkPropertiesBlocked: uid=10030, vpn=DISCONNECTED,false
07-02 23:27:34.890  3825  4530 D ConnectivityService: filterNetworkStateForUid() uid: 10030, pid: 4625, networkInfo: [type: WIFI[], state: CONNECTED/CONNECTED, reason: (unspecified), extra: (none), failover: false, available: true, roaming: false]
07-02 23:27:34.894  3825  4530 D SamsungAlarmManager: Cancel Alarm calling from uid:10030 pid :4625 / op:PendingIntent{c965b94: PendingIntentRecord{5c7c7e3 com.google.android.gms broadcastIntent}}
07-02 23:27:34.897  3825  4530 I SamsungAlarmManager: setLocked to kernel - T:2 / 20200702T232844, SetElapsed=13393834, nowELAPSED=13323928
07-02 23:27:34.898  3825  4530 I SamsungAlarmManager: setLocked to kernel - T:3 / 20200702T232800, SetElapsed=13349031, nowELAPSED=13323929
07-02 23:27:34.918  3825  4530 D SamsungAlarmManager: setInexact Intent (T:2/F:0/AC:false) 20200702T232802 - CU:10030/CP:4625
07-02 23:27:34.918  3825  4530 I SamsungAlarmManager: setLocked to kernel - T:2 / 20200702T232802, SetElapsed=13351723, nowELAPSED=13323949
07-02 23:27:34.918  3825  4530 I SamsungAlarmManager: setLocked to kernel - T:3 / 20200702T232800, SetElapsed=13349031, nowELAPSED=13323950
07-02 23:27:34.918  3300  3300 I SurfaceFlinger: SFWD update time=13323950057508
07-02 23:27:34.960  5034  6048 I NearbyConnections: ClientProxy(22484637) reporting onPayloadTransferUpdate(HC0V, -9055268183681912153, IN_PROGRESS) [CONTEXT service_id=54 ]
07-02 23:27:34.961  5128  5128 V NearbyFragment: Transfer to HC0V: 70%
07-02 23:27:34.967  5034  6048 I NearbyConnections: ClientProxy(22484637) reporting onPayloadTransferUpdate(HC0V, -9055268183681912153, IN_PROGRESS) [CONTEXT service_id=54 ]
07-02 23:27:34.968  5128  5128 V NearbyFragment: Transfer to HC0V: 70%
07-02 23:27:34.978  5034  6048 I NearbyConnections: ClientProxy(22484637) reporting onPayloadTransferUpdate(HC0V, -9055268183681912153, IN_PROGRESS) [CONTEXT service_id=54 ]
07-02 23:27:34.978  5128  5128 V NearbyFragment: Transfer to HC0V: 70%
07-02 23:27:34.983  5034  6048 I NearbyConnections: ClientProxy(22484637) reporting onPayloadTransferUpdate(HC0V, -9055268183681912153, IN_PROGRESS) [CONTEXT service_id=54 ]
07-02 23:27:34.984  5128  5128 V NearbyFragment: Transfer to HC0V: 71%
07-02 23:27:34.990  5034  6048 I NearbyConnections: ClientProxy(22484637) reporting onPayloadTransferUpdate(HC0V, -9055268183681912153, IN_PROGRESS) [CONTEXT service_id=54 ]
07-02 23:27:34.991  5128  5128 V NearbyFragment: Transfer to HC0V: 71%
07-02 23:27:34.995  5034  6048 I NearbyConnections: ClientProxy(22484637) reporting onPayloadTransferUpdate(HC0V, -9055268183681912153, IN_PROGRESS) [CONTEXT service_id=54 ]
07-02 23:27:34.996  5128  5128 V NearbyFragment: Transfer to HC0V: 72%
07-02 23:27:35.001  5034  6048 I NearbyConnections: ClientProxy(22484637) reporting onPayloadTransferUpdate(HC0V, -9055268183681912153, IN_PROGRESS) [CONTEXT service_id=54 ]
07-02 23:27:35.002  5128  5128 V NearbyFragment: Transfer to HC0V: 72%
07-02 23:27:35.009  5034  6048 I NearbyConnections: ClientProxy(22484637) reporting onPayloadTransferUpdate(HC0V, -9055268183681912153, IN_PROGRESS) [CONTEXT service_id=54 ]
07-02 23:27:35.009  5128  5128 V NearbyFragment: Transfer to HC0V: 72%
07-02 23:27:35.015  5034  6048 I NearbyConnections: ClientProxy(22484637) reporting onPayloadTransferUpdate(HC0V, -9055268183681912153, IN_PROGRESS) [CONTEXT service_id=54 ]
07-02 23:27:35.016  5128  5128 V NearbyFragment: Transfer to HC0V: 73%
07-02 23:27:35.023  5034  6048 I NearbyConnections: ClientProxy(22484637) reporting onPayloadTransferUpdate(HC0V, -9055268183681912153, IN_PROGRESS) [CONTEXT service_id=54 ]
07-02 23:27:35.024  5128  5128 V NearbyFragment: Transfer to HC0V: 73%
07-02 23:27:35.028  5034  6048 I NearbyConnections: ClientProxy(22484637) reporting onPayloadTransferUpdate(HC0V, -9055268183681912153, IN_PROGRESS) [CONTEXT service_id=54 ]
07-02 23:27:35.029  5128  5128 V NearbyFragment: Transfer to HC0V: 73%
07-02 23:27:35.041  5034  6048 I NearbyConnections: ClientProxy(22484637) reporting onPayloadTransferUpdate(HC0V, -9055268183681912153, IN_PROGRESS) [CONTEXT service_id=54 ]
07-02 23:27:35.041  5128  5128 V NearbyFragment: Transfer to HC0V: 74%
07-02 23:27:35.050  5034  6048 I NearbyConnections: ClientProxy(22484637) reporting onPayloadTransferUpdate(HC0V, -9055268183681912153, IN_PROGRESS) [CONTEXT service_id=54 ]
07-02 23:27:35.050  5128  5128 V NearbyFragment: Transfer to HC0V: 74%
07-02 23:27:35.055  5034  6048 I NearbyConnections: ClientProxy(22484637) reporting onPayloadTransferUpdate(HC0V, -9055268183681912153, IN_PROGRESS) [CONTEXT service_id=54 ]
07-02 23:27:35.055  5128  5128 V NearbyFragment: Transfer to HC0V: 75%
07-02 23:27:35.154  5034  6048 I NearbyConnections: ClientProxy(22484637) reporting onPayloadTransferUpdate(HC0V, -9055268183681912153, IN_PROGRESS) [CONTEXT service_id=54 ]
07-02 23:27:35.155  5128  5128 V NearbyFragment: Transfer to HC0V: 75%
07-02 23:27:35.164  5034  6048 I NearbyConnections: ClientProxy(22484637) reporting onPayloadTransferUpdate(HC0V, -9055268183681912153, IN_PROGRESS) [CONTEXT service_id=54 ]
07-02 23:27:35.165  5128  5128 V NearbyFragment: Transfer to HC0V: 75%
07-02 23:27:35.165  5034  5047 I gle.android.gm: Background concurrent copying GC freed 20282(746KB) AllocSpace objects, 369(24MB) LOS objects, 50% free, 17MB/35MB, paused 242us total 136.530ms
07-02 23:27:35.174  5034  6048 I NearbyConnections: ClientProxy(22484637) reporting onPayloadTransferUpdate(HC0V, -9055268183681912153, IN_PROGRESS) [CONTEXT service_id=54 ]
07-02 23:27:35.175  5128  5128 V NearbyFragment: Transfer to HC0V: 76%
07-02 23:27:35.180  5034  6048 I NearbyConnections: ClientProxy(22484637) reporting onPayloadTransferUpdate(HC0V, -9055268183681912153, IN_PROGRESS) [CONTEXT service_id=54 ]
07-02 23:27:35.181  5128  5128 V NearbyFragment: Transfer to HC0V: 76%
07-02 23:27:35.186  5034  6048 I NearbyConnections: ClientProxy(22484637) reporting onPayloadTransferUpdate(HC0V, -9055268183681912153, IN_PROGRESS) [CONTEXT service_id=54 ]
07-02 23:27:35.187  5128  5128 V NearbyFragment: Transfer to HC0V: 77%
07-02 23:27:35.193  5034  6048 I NearbyConnections: ClientProxy(22484637) reporting onPayloadTransferUpdate(HC0V, -9055268183681912153, IN_PROGRESS) [CONTEXT service_id=54 ]
07-02 23:27:35.194  5128  5128 V NearbyFragment: Transfer to HC0V: 77%
07-02 23:27:35.199  5034  6048 I NearbyConnections: ClientProxy(22484637) reporting onPayloadTransferUpdate(HC0V, -9055268183681912153, IN_PROGRESS) [CONTEXT service_id=54 ]
07-02 23:27:35.202  5128  5128 V NearbyFragment: Transfer to HC0V: 77%
07-02 23:27:35.207  9122  9187 D ScanRecord: Not a Multi Manu data
07-02 23:27:35.208  9122  9187 I chatty  : uid=1002(bluetooth) BT Service Call identical 10 lines
07-02 23:27:35.208  9122  9187 D ScanRecord: Not a Multi Manu data
07-02 23:27:35.208  9122  9187 D BtGatt.GattService: onScanResult to scannerId: 5- eventType=0x10, addressType=0, address=A6:5, primaryPhy=1, secondaryPhy=0, advertisingSid=0xff, txPower=127, rssi=-84, periodicAdvInt=0x0
07-02 23:27:35.209  8780  9113 D ScanRecord: Not a Multi Manu data
07-02 23:27:35.213  8780  9113 I [+10]oneconnect[1.7.50-21_01][CORE]: BleParserForVD.parseTvPacket - [Name][TV] Samsung 8 Series (55)[DeviceType]TV[Discover]_BLE[Services]None[Connected]false[TvStatus]-128[TvService]96[TvMirrorChannel]1[TvRegisteredDB][83, 91, 0, 0, 0, 0][TvYear]2016[TvOcfInfo]0[TvAcmStatus]0[ExTvStatus]0
07-02 23:27:35.278  3825  4067 I WifiVendorHal: getWifiLinkLayerStats(l.2973) before calling iface.getLinkLayerStats
07-02 23:27:35.278  3287  3287 I android.hardware.wifi@1.0-service: enter getLinkLayerStats
07-02 23:27:35.278  3287  3287 I android.hardware.wifi@1.0-service: enter getLinkLayerStatsInternal
07-02 23:27:35.289  3287  3287 I android.hardware.wifi@1.0-service: Successfully getLinkLayerStats.
07-02 23:27:35.290  3825  4067 I WifiVendorHal: getWifiLinkLayerStats(l.2973) after calling iface.getLinkLayerStats
07-02 23:27:35.442  5034  6048 I NearbyConnections: ClientProxy(22484637) reporting onPayloadTransferUpdate(HC0V, -9055268183681912153, IN_PROGRESS) [CONTEXT service_id=54 ]
07-02 23:27:35.443  5128  5128 V NearbyFragment: Transfer to HC0V: 78%
07-02 23:27:35.450  5034  6048 I NearbyConnections: ClientProxy(22484637) reporting onPayloadTransferUpdate(HC0V, -9055268183681912153, IN_PROGRESS) [CONTEXT service_id=54 ]
07-02 23:27:35.451  5128  5128 V NearbyFragment: Transfer to HC0V: 78%
07-02 23:27:35.460  5034  6048 I NearbyConnections: ClientProxy(22484637) reporting onPayloadTransferUpdate(HC0V, -9055268183681912153, IN_PROGRESS) [CONTEXT service_id=54 ]
07-02 23:27:35.461  5128  5128 V NearbyFragment: Transfer to HC0V: 79%
07-02 23:27:35.464  5034  6048 I NearbyConnections: ClientProxy(22484637) reporting onPayloadTransferUpdate(HC0V, -9055268183681912153, IN_PROGRESS) [CONTEXT service_id=54 ]
07-02 23:27:35.465  5128  5128 V NearbyFragment: Transfer to HC0V: 79%
07-02 23:27:35.470  5034  6048 I NearbyConnections: ClientProxy(22484637) reporting onPayloadTransferUpdate(HC0V, -9055268183681912153, IN_PROGRESS) [CONTEXT service_id=54 ]
07-02 23:27:35.470  5128  5128 V NearbyFragment: Transfer to HC0V: 79%
07-02 23:27:35.476  5128  5128 V NearbyFragment: Transfer to HC0V: 80%
07-02 23:27:35.477  5034  6048 I NearbyConnections: ClientProxy(22484637) reporting onPayloadTransferUpdate(HC0V, -9055268183681912153, IN_PROGRESS) [CONTEXT service_id=54 ]
07-02 23:27:35.481  5034  6048 I NearbyConnections: ClientProxy(22484637) reporting onPayloadTransferUpdate(HC0V, -9055268183681912153, IN_PROGRESS) [CONTEXT service_id=54 ]
07-02 23:27:35.482  5128  5128 V NearbyFragment: Transfer to HC0V: 80%
07-02 23:27:35.488  5034  6048 I NearbyConnections: ClientProxy(22484637) reporting onPayloadTransferUpdate(HC0V, -9055268183681912153, IN_PROGRESS) [CONTEXT service_id=54 ]
07-02 23:27:35.489  5128  5128 V NearbyFragment: Transfer to HC0V: 80%
07-02 23:27:35.493  5034  6048 I NearbyConnections: ClientProxy(22484637) reporting onPayloadTransferUpdate(HC0V, -9055268183681912153, IN_PROGRESS) [CONTEXT service_id=54 ]
07-02 23:27:35.493  5128  5128 V NearbyFragment: Transfer to HC0V: 81%
07-02 23:27:35.561  5034  6048 I NearbyConnections: ClientProxy(22484637) reporting onPayloadTransferUpdate(HC0V, -9055268183681912153, IN_PROGRESS) [CONTEXT service_id=54 ]
07-02 23:27:35.562  5128  5128 V NearbyFragment: Transfer to HC0V: 81%
07-02 23:27:35.568  5034  6048 I NearbyConnections: ClientProxy(22484637) reporting onPayloadTransferUpdate(HC0V, -9055268183681912153, IN_PROGRESS) [CONTEXT service_id=54 ]
07-02 23:27:35.569  5128  5128 V NearbyFragment: Transfer to HC0V: 82%
07-02 23:27:35.574  5034  6048 I NearbyConnections: ClientProxy(22484637) reporting onPayloadTransferUpdate(HC0V, -9055268183681912153, IN_PROGRESS) [CONTEXT service_id=54 ]
07-02 23:27:35.574  5128  5128 V NearbyFragment: Transfer to HC0V: 82%
07-02 23:27:35.579  5034  6048 I NearbyConnections: ClientProxy(22484637) reporting onPayloadTransferUpdate(HC0V, -9055268183681912153, IN_PROGRESS) [CONTEXT service_id=54 ]
07-02 23:27:35.580  5128  5128 V NearbyFragment: Transfer to HC0V: 82%
07-02 23:27:35.585  5034  6048 I NearbyConnections: ClientProxy(22484637) reporting onPayloadTransferUpdate(HC0V, -9055268183681912153, IN_PROGRESS) [CONTEXT service_id=54 ]
07-02 23:27:35.586  5128  5128 V NearbyFragment: Transfer to HC0V: 83%
07-02 23:27:35.590  5034  6048 I NearbyConnections: ClientProxy(22484637) reporting onPayloadTransferUpdate(HC0V, -9055268183681912153, IN_PROGRESS) [CONTEXT service_id=54 ]
07-02 23:27:35.591  5128  5128 V NearbyFragment: Transfer to HC0V: 83%
07-02 23:27:35.596  5034  6048 I NearbyConnections: ClientProxy(22484637) reporting onPayloadTransferUpdate(HC0V, -9055268183681912153, IN_PROGRESS) [CONTEXT service_id=54 ]
07-02 23:27:35.596  5128  5128 V NearbyFragment: Transfer to HC0V: 84%
07-02 23:27:35.601  5034  6048 I NearbyConnections: ClientProxy(22484637) reporting onPayloadTransferUpdate(HC0V, -9055268183681912153, IN_PROGRESS) [CONTEXT service_id=54 ]
07-02 23:27:35.602  5128  5128 V NearbyFragment: Transfer to HC0V: 84%
07-02 23:27:35.607  5034  6048 I NearbyConnections: ClientProxy(22484637) reporting onPayloadTransferUpdate(HC0V, -9055268183681912153, IN_PROGRESS) [CONTEXT service_id=54 ]
07-02 23:27:35.608  5128  5128 V NearbyFragment: Transfer to HC0V: 84%
07-02 23:27:35.612  5034  6048 I NearbyConnections: ClientProxy(22484637) reporting onPayloadTransferUpdate(HC0V, -9055268183681912153, IN_PROGRESS) [CONTEXT service_id=54 ]
07-02 23:27:35.613  5128  5128 V NearbyFragment: Transfer to HC0V: 85%
07-02 23:27:35.618  5034  6048 I NearbyConnections: ClientProxy(22484637) reporting onPayloadTransferUpdate(HC0V, -9055268183681912153, IN_PROGRESS) [CONTEXT service_id=54 ]
07-02 23:27:35.619  5128  5128 V NearbyFragment: Transfer to HC0V: 85%
07-02 23:27:35.624  5034  6048 I NearbyConnections: ClientProxy(22484637) reporting onPayloadTransferUpdate(HC0V, -9055268183681912153, IN_PROGRESS) [CONTEXT service_id=54 ]
07-02 23:27:35.625  5128  5128 V NearbyFragment: Transfer to HC0V: 86%
07-02 23:27:35.629  5034  6048 I NearbyConnections: ClientProxy(22484637) reporting onPayloadTransferUpdate(HC0V, -9055268183681912153, IN_PROGRESS) [CONTEXT service_id=54 ]
07-02 23:27:35.630  5128  5128 V NearbyFragment: Transfer to HC0V: 86%
07-02 23:27:35.634  5034  6048 I NearbyConnections: ClientProxy(22484637) reporting onPayloadTransferUpdate(HC0V, -9055268183681912153, IN_PROGRESS) [CONTEXT service_id=54 ]
07-02 23:27:35.635  5128  5128 V NearbyFragment: Transfer to HC0V: 86%
07-02 23:27:35.640  5034  6048 I NearbyConnections: ClientProxy(22484637) reporting onPayloadTransferUpdate(HC0V, -9055268183681912153, IN_PROGRESS) [CONTEXT service_id=54 ]
07-02 23:27:35.641  5128  5128 V NearbyFragment: Transfer to HC0V: 87%
07-02 23:27:35.643  3574  4120 D bauth_FPBAuthService: pcf : 0x1012, 0 ,2 ,0 ,0 ,0 ,2, 
07-02 23:27:35.643  3574  4120 D bauth_FPBAuthService: thread id : 2, preenroll_flag : 0, nd cnt : 1, cso : 0, et : 0
07-02 23:27:35.643  3574  4120 D bauth_FPBAuthService: FPBAuthService, 9983
07-02 23:27:35.645  5034  6048 I NearbyConnections: ClientProxy(22484637) reporting onPayloadTransferUpdate(HC0V, -9055268183681912153, IN_PROGRESS) [CONTEXT service_id=54 ]
07-02 23:27:35.645  5128  5128 V NearbyFragment: Transfer to HC0V: 87%
07-02 23:27:35.649  5034  6048 I NearbyConnections: ClientProxy(22484637) reporting onPayloadTransferUpdate(HC0V, -9055268183681912153, IN_PROGRESS) [CONTEXT service_id=54 ]
07-02 23:27:35.649  5128  5128 V NearbyFragment: Transfer to HC0V: 87%
07-02 23:27:35.652  5034  6048 I NearbyConnections: ClientProxy(22484637) reporting onPayloadTransferUpdate(HC0V, -9055268183681912153, IN_PROGRESS) [CONTEXT service_id=54 ]
07-02 23:27:35.653  5128  5128 V NearbyFragment: Transfer to HC0V: 88%
07-02 23:27:35.656  5034  6048 I NearbyConnections: ClientProxy(22484637) reporting onPayloadTransferUpdate(HC0V, -9055268183681912153, IN_PROGRESS) [CONTEXT service_id=54 ]
07-02 23:27:35.657  5128  5128 V NearbyFragment: Transfer to HC0V: 88%
07-02 23:27:35.660  5034  6048 I NearbyConnections: ClientProxy(22484637) reporting onPayloadTransferUpdate(HC0V, -9055268183681912153, IN_PROGRESS) [CONTEXT service_id=54 ]
07-02 23:27:35.661  5128  5128 V NearbyFragment: Transfer to HC0V: 89%
07-02 23:27:35.664  5034  6048 I NearbyConnections: ClientProxy(22484637) reporting onPayloadTransferUpdate(HC0V, -9055268183681912153, IN_PROGRESS) [CONTEXT service_id=54 ]
07-02 23:27:35.664  5128  5128 V NearbyFragment: Transfer to HC0V: 89%
07-02 23:27:35.727  5034  6048 I NearbyConnections: ClientProxy(22484637) reporting onPayloadTransferUpdate(HC0V, -9055268183681912153, IN_PROGRESS) [CONTEXT service_id=54 ]
07-02 23:27:35.728  5128  5128 V NearbyFragment: Transfer to HC0V: 89%
07-02 23:27:35.736  5034  6048 I NearbyConnections: ClientProxy(22484637) reporting onPayloadTransferUpdate(HC0V, -9055268183681912153, IN_PROGRESS) [CONTEXT service_id=54 ]
07-02 23:27:35.737  5128  5128 V NearbyFragment: Transfer to HC0V: 90%
07-02 23:27:35.740  5034  6048 I NearbyConnections: ClientProxy(22484637) reporting onPayloadTransferUpdate(HC0V, -9055268183681912153, IN_PROGRESS) [CONTEXT service_id=54 ]
07-02 23:27:35.741  5128  5128 V NearbyFragment: Transfer to HC0V: 90%
07-02 23:27:35.745  5034  6048 I NearbyConnections: ClientProxy(22484637) reporting onPayloadTransferUpdate(HC0V, -9055268183681912153, IN_PROGRESS) [CONTEXT service_id=54 ]
07-02 23:27:35.746  5128  5128 V NearbyFragment: Transfer to HC0V: 91%
07-02 23:27:35.749  5034  6048 I NearbyConnections: ClientProxy(22484637) reporting onPayloadTransferUpdate(HC0V, -9055268183681912153, IN_PROGRESS) [CONTEXT service_id=54 ]
07-02 23:27:35.750  5128  5128 V NearbyFragment: Transfer to HC0V: 91%
07-02 23:27:35.753  5034  6048 I NearbyConnections: ClientProxy(22484637) reporting onPayloadTransferUpdate(HC0V, -9055268183681912153, IN_PROGRESS) [CONTEXT service_id=54 ]
07-02 23:27:35.754  5128  5128 V NearbyFragment: Transfer to HC0V: 91%
07-02 23:27:35.758  5034  6048 I NearbyConnections: ClientProxy(22484637) reporting onPayloadTransferUpdate(HC0V, -9055268183681912153, IN_PROGRESS) [CONTEXT service_id=54 ]
07-02 23:27:35.759  5128  5128 V NearbyFragment: Transfer to HC0V: 92%
07-02 23:27:35.762  5034  6048 I NearbyConnections: ClientProxy(22484637) reporting onPayloadTransferUpdate(HC0V, -9055268183681912153, IN_PROGRESS) [CONTEXT service_id=54 ]
07-02 23:27:35.763  5128  5128 V NearbyFragment: Transfer to HC0V: 92%
07-02 23:27:35.766  5034  6048 I NearbyConnections: ClientProxy(22484637) reporting onPayloadTransferUpdate(HC0V, -9055268183681912153, IN_PROGRESS) [CONTEXT service_id=54 ]
07-02 23:27:35.767  5128  5128 V NearbyFragment: Transfer to HC0V: 93%
07-02 23:27:35.770  5034  6048 I NearbyConnections: ClientProxy(22484637) reporting onPayloadTransferUpdate(HC0V, -9055268183681912153, IN_PROGRESS) [CONTEXT service_id=54 ]
07-02 23:27:35.771  5128  5128 V NearbyFragment: Transfer to HC0V: 93%
07-02 23:27:35.773  5034  6048 I NearbyConnections: ClientProxy(22484637) reporting onPayloadTransferUpdate(HC0V, -9055268183681912153, IN_PROGRESS) [CONTEXT service_id=54 ]
07-02 23:27:35.774  5128  5128 V NearbyFragment: Transfer to HC0V: 93%
07-02 23:27:35.777  5034  6048 I NearbyConnections: ClientProxy(22484637) reporting onPayloadTransferUpdate(HC0V, -9055268183681912153, IN_PROGRESS) [CONTEXT service_id=54 ]
07-02 23:27:35.778  5128  5128 V NearbyFragment: Transfer to HC0V: 94%
07-02 23:27:35.780  5034  6048 I NearbyConnections: ClientProxy(22484637) reporting onPayloadTransferUpdate(HC0V, -9055268183681912153, IN_PROGRESS) [CONTEXT service_id=54 ]
07-02 23:27:35.783  5128  5128 V NearbyFragment: Transfer to HC0V: 94%
07-02 23:27:35.788  5034  6048 I NearbyConnections: ClientProxy(22484637) reporting onPayloadTransferUpdate(HC0V, -9055268183681912153, IN_PROGRESS) [CONTEXT service_id=54 ]
07-02 23:27:35.789  5128  5128 V NearbyFragment: Transfer to HC0V: 94%
07-02 23:27:35.794  5034  6048 I NearbyConnections: ClientProxy(22484637) reporting onPayloadTransferUpdate(HC0V, -9055268183681912153, IN_PROGRESS) [CONTEXT service_id=54 ]
07-02 23:27:35.794  5128  5128 V NearbyFragment: Transfer to HC0V: 95%
07-02 23:27:35.804  5128  5128 V NearbyFragment: Transfer to HC0V: 95%
07-02 23:27:35.803  5034  6048 I NearbyConnections: ClientProxy(22484637) reporting onPayloadTransferUpdate(HC0V, -9055268183681912153, IN_PROGRESS) [CONTEXT service_id=54 ]
07-02 23:27:35.812  5034  6048 I NearbyConnections: ClientProxy(22484637) reporting onPayloadTransferUpdate(HC0V, -9055268183681912153, IN_PROGRESS) [CONTEXT service_id=54 ]
07-02 23:27:35.813  5128  5128 V NearbyFragment: Transfer to HC0V: 96%
07-02 23:27:35.819  5034  6048 I NearbyConnections: ClientProxy(22484637) reporting onPayloadTransferUpdate(HC0V, -9055268183681912153, IN_PROGRESS) [CONTEXT service_id=54 ]
07-02 23:27:35.819  5128  5128 V NearbyFragment: Transfer to HC0V: 96%
07-02 23:27:35.826  5128  5128 V NearbyFragment: Transfer to HC0V: 96%
07-02 23:27:35.826  5034  6048 I NearbyConnections: ClientProxy(22484637) reporting onPayloadTransferUpdate(HC0V, -9055268183681912153, IN_PROGRESS) [CONTEXT service_id=54 ]
07-02 23:27:35.934  5034  6048 I NearbyConnections: ClientProxy(22484637) reporting onPayloadTransferUpdate(HC0V, -9055268183681912153, IN_PROGRESS) [CONTEXT service_id=54 ]
07-02 23:27:35.935  5128  5128 V NearbyFragment: Transfer to HC0V: 97%
07-02 23:27:35.938  5034  6048 I NearbyConnections: ClientProxy(22484637) reporting onPayloadTransferUpdate(HC0V, -9055268183681912153, IN_PROGRESS) [CONTEXT service_id=54 ]
07-02 23:27:35.939  5128  5128 V NearbyFragment: Transfer to HC0V: 97%
07-02 23:27:35.942  5128  5128 V NearbyFragment: Transfer to HC0V: 98%
07-02 23:27:35.942  5034  6048 I NearbyConnections: ClientProxy(22484637) reporting onPayloadTransferUpdate(HC0V, -9055268183681912153, IN_PROGRESS) [CONTEXT service_id=54 ]
07-02 23:27:35.946  5128  5128 V NearbyFragment: Transfer to HC0V: 98%
07-02 23:27:35.946  5034  6048 I NearbyConnections: ClientProxy(22484637) reporting onPayloadTransferUpdate(HC0V, -9055268183681912153, IN_PROGRESS) [CONTEXT service_id=54 ]
07-02 23:27:35.949  5034  6048 I NearbyConnections: ClientProxy(22484637) reporting onPayloadTransferUpdate(HC0V, -9055268183681912153, IN_PROGRESS) [CONTEXT service_id=54 ]
07-02 23:27:35.950  5128  5128 V NearbyFragment: Transfer to HC0V: 98%
07-02 23:27:35.953  5034  6048 I NearbyConnections: ClientProxy(22484637) reporting onPayloadTransferUpdate(HC0V, -9055268183681912153, IN_PROGRESS) [CONTEXT service_id=54 ]
07-02 23:27:35.954  5128  5128 V NearbyFragment: Transfer to HC0V: 99%
07-02 23:27:35.956  5034  6048 I NearbyConnections: ClientProxy(22484637) reporting onPayloadTransferUpdate(HC0V, -9055268183681912153, IN_PROGRESS) [CONTEXT service_id=54 ]
07-02 23:27:35.957  5128  5128 V NearbyFragment: Transfer to HC0V: 99%
07-02 23:27:35.958  9122  9187 D ScanRecord: Not a Multi Manu data
07-02 23:27:35.958  9122  9187 I chatty  : uid=1002(bluetooth) BT Service Call identical 10 lines
07-02 23:27:35.958  9122  9187 D ScanRecord: Not a Multi Manu data
07-02 23:27:35.959  9122  9187 D BtGatt.GattService: onScanResult to scannerId: 5- eventType=0x10, addressType=0, address=A6:5, primaryPhy=1, secondaryPhy=0, advertisingSid=0xff, txPower=127, rssi=-81, periodicAdvInt=0x0
07-02 23:27:35.959  8780  9113 D ScanRecord: Not a Multi Manu data
07-02 23:27:35.960  5034  6048 I NearbyConnections: ClientProxy(22484637) reporting onPayloadTransferUpdate(HC0V, -9055268183681912153, IN_PROGRESS) [CONTEXT service_id=54 ]
07-02 23:27:35.961  5034  6048 I NearbyConnections: ClientProxy(22484637) reporting onPayloadTransferUpdate(HC0V, -9055268183681912153, SUCCESS) [CONTEXT service_id=54 ]
07-02 23:27:35.961  5128  5128 V NearbyFragment: Transfer to HC0V: 100%
07-02 23:27:35.962  5128  5128 V NearbyFragment: Transfer to HC0V: 100%
07-02 23:27:35.966  8780  9113 I [+10]oneconnect[1.7.50-21_01][CORE]: BleParserForVD.parseTvPacket - [Name][TV] Samsung 8 Series (55)[DeviceType]TV[Discover]_BLE[Services]None[Connected]false[TvStatus]-128[TvService]96[TvMirrorChannel]1[TvRegisteredDB][83, 91, 0, 0, 0, 0][TvYear]2016[TvOcfInfo]0[TvAcmStatus]0[ExTvStatus]0
07-02 23:27:36.113  9122  9187 D ScanRecord: Not a Multi Manu data
07-02 23:27:36.113  9122  9187 I chatty  : uid=1002(bluetooth) BT Service Call identical 10 lines
07-02 23:27:36.113  9122  9187 D ScanRecord: Not a Multi Manu data
07-02 23:27:36.113  9122  9187 D BtGatt.GattService: onScanResult to scannerId: 5- eventType=0x10, addressType=0, address=A6:5, primaryPhy=1, secondaryPhy=0, advertisingSid=0xff, txPower=127, rssi=-82, periodicAdvInt=0x0
07-02 23:27:36.114  8780  9113 D ScanRecord: Not a Multi Manu data
07-02 23:27:36.120  8780  9113 I [+10]oneconnect[1.7.50-21_01][CORE]: BleParserForVD.parseTvPacket - [Name][TV] Samsung 8 Series (55)[DeviceType]TV[Discover]_BLE[Services]None[Connected]false[TvStatus]-128[TvService]96[TvMirrorChannel]1[TvRegisteredDB][83, 91, 0, 0, 0, 0][TvYear]2016[TvOcfInfo]0[TvAcmStatus]0[ExTvStatus]0
07-02 23:27:36.483  5034  6048 I NearbyConnections: ClientProxy(22484637) reporting onPayloadReceived(HC0V, -4927397003955303940) [CONTEXT service_id=54 ]
07-02 23:27:36.484  5034  6048 I NearbyConnections: ClientProxy(22484637) reporting onPayloadTransferUpdate(HC0V, -4927397003955303940, IN_PROGRESS) [CONTEXT service_id=54 ]
07-02 23:27:36.485  5128  5128 D NearbyFragment: onPayloadReceived(endpointId=HC0V, payload=com.google.android.gms.nearby.connection.Payload@bfb32d8)
07-02 23:27:36.486  5128  5128 D NearbyFragment: Endpoint{id=HC0V, name=Nexus 5X [34d8]} has finished downloading 20200312_193528!000.mp4
07-02 23:27:36.488  5128  5128 V NearbyFragment: nextTransfer with selected algorithm: best_or_local
07-02 23:27:36.497  5128  5128 V FileManager: External storage is readable
07-02 23:27:36.502  5128  5128 V FileManager: Created new directory: /storage/emulated/0/Movies/segment-sum/20200312_193528
07-02 23:27:36.504  5128  5128 D NearbyFragment: Summarising 20200312_193528!001.mp4
07-02 23:27:36.513  5128  5128 V NearbyFragment: Transfer to HC0V: 100%
07-02 23:27:36.522  5128  6163 V SummariserIntentService: onHandleIntent
07-02 23:27:36.524  5128  6163 D SummariserIntentService: /storage/emulated/0/Movies/segment/20200312_193528/20200312_193528!001.mp4
07-02 23:27:36.524  5128  6163 D SummariserIntentService: /storage/emulated/0/Movies/segment-sum/20200312_193528/20200312_193528!001.mp4
07-02 23:27:36.545  5034  6048 I NearbyConnections: ClientProxy(22484637) reporting onPayloadTransferUpdate(HC0V, -4927397003955303940, SUCCESS) [CONTEXT service_id=54 ]
07-02 23:27:36.545  5128  5128 V NearbyFragment: Transfer to HC0V: 100%
07-02 23:27:36.590  5128  5640 I mobile-ffmpeg: 
07-02 23:27:36.590  5128  5640 I chatty  : uid=10568(com.example.edgesum) identical 1 line
07-02 23:27:36.590  5128  5640 I mobile-ffmpeg: 
07-02 23:27:36.590  5128  5640 I mobile-ffmpeg: Input #0, mov,mp4,m4a,3gp,3g2,mj2, from '/storage/emulated/0/Movies/segment/20200312_193528/20200312_193528!001.mp4':
07-02 23:27:36.590  5128  5640 I mobile-ffmpeg: 
07-02 23:27:36.590  5128  5640 I chatty  : uid=10568(com.example.edgesum) identical 1 line
07-02 23:27:36.590  5128  5640 I mobile-ffmpeg: 
07-02 23:27:36.590  5128  5640 I mobile-ffmpeg:   Metadata:
07-02 23:27:36.590  5128  5640 I mobile-ffmpeg: 
07-02 23:27:36.590  5128  5640 I chatty  : uid=10568(com.example.edgesum) identical 1 line
07-02 23:27:36.590  5128  5640 I mobile-ffmpeg: 
07-02 23:27:36.590  5128  5640 I mobile-ffmpeg:     major_brand     : 
07-02 23:27:36.590  5128  5640 I mobile-ffmpeg: 
07-02 23:27:36.590  5128  5640 I chatty  : uid=10568(com.example.edgesum) identical 1 line
07-02 23:27:36.590  5128  5640 I mobile-ffmpeg: 
07-02 23:27:36.590  5128  5640 I mobile-ffmpeg: isom
07-02 23:27:36.591  5128  5640 I mobile-ffmpeg: 
07-02 23:27:36.591  5128  5640 I chatty  : uid=10568(com.example.edgesum) identical 1 line
07-02 23:27:36.591  5128  5640 I mobile-ffmpeg: 
07-02 23:27:36.591  5128  5640 I mobile-ffmpeg: 
07-02 23:27:36.591  5128  5640 I mobile-ffmpeg: 
07-02 23:27:36.591  5128  5640 I chatty  : uid=10568(com.example.edgesum) identical 1 line
07-02 23:27:36.591  5128  5640 I mobile-ffmpeg: 
07-02 23:27:36.591  5128  5640 I mobile-ffmpeg:     minor_version   : 
07-02 23:27:36.591  5128  5640 I mobile-ffmpeg: 
07-02 23:27:36.591  5128  5640 I chatty  : uid=10568(com.example.edgesum) identical 1 line
07-02 23:27:36.591  5128  5640 I mobile-ffmpeg: 
07-02 23:27:36.591  5128  5640 I mobile-ffmpeg: 512
07-02 23:27:36.591  5128  5640 I mobile-ffmpeg: 
07-02 23:27:36.591  5128  5640 I chatty  : uid=10568(com.example.edgesum) identical 1 line
07-02 23:27:36.591  5128  5640 I mobile-ffmpeg: 
07-02 23:27:36.591  5128  5640 I mobile-ffmpeg: 
07-02 23:27:36.591  5128  5640 I mobile-ffmpeg: 
07-02 23:27:36.591  5128  5640 I chatty  : uid=10568(com.example.edgesum) identical 1 line
07-02 23:27:36.591  5128  5640 I mobile-ffmpeg: 
07-02 23:27:36.591  5128  5640 I mobile-ffmpeg:     compatible_brands: 
07-02 23:27:36.591  5128  5640 I mobile-ffmpeg: 
07-02 23:27:36.591  5128  5640 I chatty  : uid=10568(com.example.edgesum) identical 1 line
07-02 23:27:36.591  5128  5640 I mobile-ffmpeg: 
07-02 23:27:36.591  5128  5640 I mobile-ffmpeg: isomiso2avc1mp41
07-02 23:27:36.592  5128  5640 I mobile-ffmpeg: 
07-02 23:27:36.592  5128  5640 I chatty  : uid=10568(com.example.edgesum) identical 1 line
07-02 23:27:36.592  5128  5640 I mobile-ffmpeg: 
07-02 23:27:36.592  5128  5640 I mobile-ffmpeg: 
07-02 23:27:36.592  5128  5640 I mobile-ffmpeg: 
07-02 23:27:36.592  5128  5640 I chatty  : uid=10568(com.example.edgesum) identical 1 line
07-02 23:27:36.592  5128  5640 I mobile-ffmpeg: 
07-02 23:27:36.592  5128  5640 I mobile-ffmpeg:     encoder         : 
07-02 23:27:36.592  5128  5640 I mobile-ffmpeg: 
07-02 23:27:36.592  5128  5640 I chatty  : uid=10568(com.example.edgesum) identical 1 line
07-02 23:27:36.592  5128  5640 I mobile-ffmpeg: 
07-02 23:27:36.592  5128  5640 I mobile-ffmpeg: Lavf58.28.101
07-02 23:27:36.592  5128  5640 I mobile-ffmpeg: 
07-02 23:27:36.592  5128  5640 I chatty  : uid=10568(com.example.edgesum) identical 1 line
07-02 23:27:36.592  5128  5640 I mobile-ffmpeg: 
07-02 23:27:36.592  5128  5640 I mobile-ffmpeg: 
07-02 23:27:36.592  5128  5640 I mobile-ffmpeg: 
07-02 23:27:36.592  5128  5640 I chatty  : uid=10568(com.example.edgesum) identical 1 line
07-02 23:27:36.592  5128  5640 I mobile-ffmpeg: 
07-02 23:27:36.593  5128  5640 I mobile-ffmpeg:   Duration: 
07-02 23:27:36.593  5128  5640 I mobile-ffmpeg: 
07-02 23:27:36.593  5128  5640 I chatty  : uid=10568(com.example.edgesum) identical 1 line
07-02 23:27:36.594  5128  5640 I mobile-ffmpeg: 
07-02 23:27:36.594  5128  5640 I mobile-ffmpeg: 00:00:16.01
07-02 23:27:36.594  5128  5640 I mobile-ffmpeg: 
07-02 23:27:36.594  5128  5640 I chatty  : uid=10568(com.example.edgesum) identical 1 line
07-02 23:27:36.594  5128  5640 I mobile-ffmpeg: 
07-02 23:27:36.594  5128  5640 I mobile-ffmpeg: , start: 
07-02 23:27:36.594  5128  5640 I mobile-ffmpeg: 
07-02 23:27:36.594  5128  5640 I chatty  : uid=10568(com.example.edgesum) identical 1 line
07-02 23:27:36.594  5128  5640 I mobile-ffmpeg: 
07-02 23:27:36.594  5128  5640 I mobile-ffmpeg: 0.000000
07-02 23:27:36.594  5128  5640 I mobile-ffmpeg: 
07-02 23:27:36.594  5128  5640 I chatty  : uid=10568(com.example.edgesum) identical 1 line
07-02 23:27:36.594  5128  5640 I mobile-ffmpeg: 
07-02 23:27:36.594  5128  5640 I mobile-ffmpeg: , bitrate: 
07-02 23:27:36.594  5128  5640 I mobile-ffmpeg: 
07-02 23:27:36.594  5128  5640 I chatty  : uid=10568(com.example.edgesum) identical 1 line
07-02 23:27:36.594  5128  5640 I mobile-ffmpeg: 
07-02 23:27:36.594  5128  5640 I mobile-ffmpeg: 8410 kb/s
07-02 23:27:36.594  5128  5640 I mobile-ffmpeg: 
07-02 23:27:36.594  5128  5640 I chatty  : uid=10568(com.example.edgesum) identical 1 line
07-02 23:27:36.594  5128  5640 I mobile-ffmpeg: 
07-02 23:27:36.594  5128  5640 I mobile-ffmpeg: 
07-02 23:27:36.594  5128  5640 I mobile-ffmpeg: 
07-02 23:27:36.594  5128  5640 I chatty  : uid=10568(com.example.edgesum) identical 1 line
07-02 23:27:36.594  5128  5640 I mobile-ffmpeg: 
07-02 23:27:36.595  5128  5640 I mobile-ffmpeg:     Stream #0:0
07-02 23:27:36.595  5128  5640 I mobile-ffmpeg: 
07-02 23:27:36.595  5128  5640 I chatty  : uid=10568(com.example.edgesum) identical 1 line
07-02 23:27:36.595  5128  5640 I mobile-ffmpeg: 
07-02 23:27:36.595  5128  5640 I mobile-ffmpeg: (eng)
07-02 23:27:36.595  5128  5640 I mobile-ffmpeg: 
07-02 23:27:36.595  5128  5640 I chatty  : uid=10568(com.example.edgesum) identical 1 line
07-02 23:27:36.595  5128  5640 I mobile-ffmpeg: 
07-02 23:27:36.595  5128  5640 I mobile-ffmpeg: : Video: h264 (avc1 / 0x31637661), yuvj420p(pc, bt709), 1280x720, 8358 kb/s
07-02 23:27:36.595  5128  5640 I mobile-ffmpeg: 
07-02 23:27:36.595  5128  5640 I chatty  : uid=10568(com.example.edgesum) identical 1 line
07-02 23:27:36.595  5128  5640 I mobile-ffmpeg: 
07-02 23:27:36.595  5128  5640 I mobile-ffmpeg: , 
07-02 23:27:36.595  5128  5640 I mobile-ffmpeg: 
07-02 23:27:36.595  5128  5640 I chatty  : uid=10568(com.example.edgesum) identical 1 line
07-02 23:27:36.595  5128  5640 I mobile-ffmpeg: 
07-02 23:27:36.595  5128  5640 I mobile-ffmpeg: 29.97 fps, 
07-02 23:27:36.595  5128  5640 I mobile-ffmpeg: 
07-02 23:27:36.595  5128  5640 I chatty  : uid=10568(com.example.edgesum) identical 1 line
07-02 23:27:36.595  5128  5640 I mobile-ffmpeg: 
07-02 23:27:36.595  5128  5640 I mobile-ffmpeg: 29.97 tbr, 
07-02 23:27:36.595  5128  5640 I mobile-ffmpeg: 
07-02 23:27:36.595  5128  5640 I chatty  : uid=10568(com.example.edgesum) identical 1 line
07-02 23:27:36.595  5128  5640 I mobile-ffmpeg: 
07-02 23:27:36.595  5128  5640 I mobile-ffmpeg: 16k tbn, 
07-02 23:27:36.596  5128  5640 I mobile-ffmpeg: 
07-02 23:27:36.596  5128  5640 I chatty  : uid=10568(com.example.edgesum) identical 1 line
07-02 23:27:36.597  5128  5640 I mobile-ffmpeg: 
07-02 23:27:36.597  5128  5640 I mobile-ffmpeg: 32k tbc
07-02 23:27:36.597  5128  5640 I mobile-ffmpeg: 
07-02 23:27:36.597  5128  5640 I chatty  : uid=10568(com.example.edgesum) identical 1 line
07-02 23:27:36.597  5128  5640 I mobile-ffmpeg: 
07-02 23:27:36.597  5128  5640 I mobile-ffmpeg:  (default)
07-02 23:27:36.597  5128  5640 I mobile-ffmpeg: 
07-02 23:27:36.597  5128  5640 I chatty  : uid=10568(com.example.edgesum) identical 1 line
07-02 23:27:36.597  5128  5640 I mobile-ffmpeg: 
07-02 23:27:36.597  5128  5640 I mobile-ffmpeg: 
07-02 23:27:36.597  5128  5640 I mobile-ffmpeg: 
07-02 23:27:36.597  5128  5640 I chatty  : uid=10568(com.example.edgesum) identical 1 line
07-02 23:27:36.597  5128  5640 I mobile-ffmpeg: 
07-02 23:27:36.597  5128  5640 I mobile-ffmpeg:     Metadata:
07-02 23:27:36.597  5128  5640 I mobile-ffmpeg: 
07-02 23:27:36.597  5128  5640 I chatty  : uid=10568(com.example.edgesum) identical 1 line
07-02 23:27:36.597  5128  5640 I mobile-ffmpeg: 
07-02 23:27:36.598  5128  5640 I mobile-ffmpeg:       handler_name    : 
07-02 23:27:36.598  5128  5640 I mobile-ffmpeg: 
07-02 23:27:36.598  5128  5640 I chatty  : uid=10568(com.example.edgesum) identical 1 line
07-02 23:27:36.598  5128  5640 I mobile-ffmpeg: 
07-02 23:27:36.598  5128  5640 I mobile-ffmpeg: PittaSoft Video Media Handler
07-02 23:27:36.598  5128  5640 I mobile-ffmpeg: 
