07-02 23:27:56.522  5128  5128 V NearbyFragment: Transfer to HC0V: 52%
07-02 23:27:56.524  5034  6250 I NearbyConnections: ClientProxy(22484637) reporting onPayloadTransferUpdate(HC0V, -7953902247767731423, IN_PROGRESS) [CONTEXT service_id=54 ]
07-02 23:27:56.525  5128  5128 V NearbyFragment: Transfer to HC0V: 52%
07-02 23:27:56.536  5034  6250 I NearbyConnections: ClientProxy(22484637) reporting onPayloadTransferUpdate(HC0V, -7953902247767731423, IN_PROGRESS) [CONTEXT service_id=54 ]
07-02 23:27:56.537  5128  5128 V NearbyFragment: Transfer to HC0V: 53%
07-02 23:27:56.542  5034  6250 I NearbyConnections: ClientProxy(22484637) reporting onPayloadTransferUpdate(HC0V, -7953902247767731423, IN_PROGRESS) [CONTEXT service_id=54 ]
07-02 23:27:56.543  5128  5128 V NearbyFragment: Transfer to HC0V: 53%
07-02 23:27:56.546  5034  6250 I NearbyConnections: ClientProxy(22484637) reporting onPayloadTransferUpdate(HC0V, -7953902247767731423, IN_PROGRESS) [CONTEXT service_id=54 ]
07-02 23:27:56.547  5128  5128 V NearbyFragment: Transfer to HC0V: 53%
07-02 23:27:56.549  5034  6250 I NearbyConnections: ClientProxy(22484637) reporting onPayloadTransferUpdate(HC0V, -7953902247767731423, IN_PROGRESS) [CONTEXT service_id=54 ]
07-02 23:27:56.550  5128  5128 V NearbyFragment: Transfer to HC0V: 54%
07-02 23:27:56.552  5034  6250 I NearbyConnections: ClientProxy(22484637) reporting onPayloadTransferUpdate(HC0V, -7953902247767731423, IN_PROGRESS) [CONTEXT service_id=54 ]
07-02 23:27:56.553  5128  5128 V NearbyFragment: Transfer to HC0V: 54%
07-02 23:27:56.559  5034  6250 I NearbyConnections: ClientProxy(22484637) reporting onPayloadTransferUpdate(HC0V, -7953902247767731423, IN_PROGRESS) [CONTEXT service_id=54 ]
07-02 23:27:56.559  5128  5128 V NearbyFragment: Transfer to HC0V: 54%
07-02 23:27:56.564  5034  6250 I NearbyConnections: ClientProxy(22484637) reporting onPayloadTransferUpdate(HC0V, -7953902247767731423, IN_PROGRESS) [CONTEXT service_id=54 ]
07-02 23:27:56.564  5128  5128 V NearbyFragment: Transfer to HC0V: 55%
07-02 23:27:56.567  3549  3621 D DnsProxyListener: DNSDBG::dns addrinfo af 2
07-02 23:27:56.567  5034  6250 I NearbyConnections: ClientProxy(22484637) reporting onPayloadTransferUpdate(HC0V, -7953902247767731423, IN_PROGRESS) [CONTEXT service_id=54 ]
07-02 23:27:56.568  5128  5128 V NearbyFragment: Transfer to HC0V: 55%
07-02 23:27:56.575  5034  6250 I NearbyConnections: ClientProxy(22484637) reporting onPayloadTransferUpdate(HC0V, -7953902247767731423, IN_PROGRESS) [CONTEXT service_id=54 ]
07-02 23:27:56.575  5128  5128 V NearbyFragment: Transfer to HC0V: 56%
07-02 23:27:56.580  5034  6250 I NearbyConnections: ClientProxy(22484637) reporting onPayloadTransferUpdate(HC0V, -7953902247767731423, IN_PROGRESS) [CONTEXT service_id=54 ]
07-02 23:27:56.581  5128  5128 V NearbyFragment: Transfer to HC0V: 56%
07-02 23:27:56.586  5034  6250 I NearbyConnections: ClientProxy(22484637) reporting onPayloadTransferUpdate(HC0V, -7953902247767731423, IN_PROGRESS) [CONTEXT service_id=54 ]
07-02 23:27:56.587  5128  5128 V NearbyFragment: Transfer to HC0V: 56%
07-02 23:27:56.592  5034  6250 I NearbyConnections: ClientProxy(22484637) reporting onPayloadTransferUpdate(HC0V, -7953902247767731423, IN_PROGRESS) [CONTEXT service_id=54 ]
07-02 23:27:56.593  5128  5128 V NearbyFragment: Transfer to HC0V: 57%
07-02 23:27:56.596  5034  6250 I NearbyConnections: ClientProxy(22484637) reporting onPayloadTransferUpdate(HC0V, -7953902247767731423, IN_PROGRESS) [CONTEXT service_id=54 ]
07-02 23:27:56.597  5128  5128 V NearbyFragment: Transfer to HC0V: 57%
07-02 23:27:56.603  5034  6250 I NearbyConnections: ClientProxy(22484637) reporting onPayloadTransferUpdate(HC0V, -7953902247767731423, IN_PROGRESS) [CONTEXT service_id=54 ]
07-02 23:27:56.603  5128  5128 V NearbyFragment: Transfer to HC0V: 58%
07-02 23:27:56.650  3574  4120 D bauth_FPBAuthService: pcf : 0x1012, 0 ,2 ,0 ,0 ,0 ,2, 
07-02 23:27:56.650  3574  4120 D bauth_FPBAuthService: thread id : 2, preenroll_flag : 0, nd cnt : 1, cso : 0, et : 0
07-02 23:27:56.650  3574  4120 D bauth_FPBAuthService: FPBAuthService, 9983
07-02 23:27:56.675  5034  6250 I NearbyConnections: ClientProxy(22484637) reporting onPayloadTransferUpdate(HC0V, -7953902247767731423, IN_PROGRESS) [CONTEXT service_id=54 ]
07-02 23:27:56.676  5128  5128 V NearbyFragment: Transfer to HC0V: 58%
07-02 23:27:56.680  5034  6250 I NearbyConnections: ClientProxy(22484637) reporting onPayloadTransferUpdate(HC0V, -7953902247767731423, IN_PROGRESS) [CONTEXT service_id=54 ]
07-02 23:27:56.681  5128  5128 V NearbyFragment: Transfer to HC0V: 58%
07-02 23:27:56.685  5034  6250 I NearbyConnections: ClientProxy(22484637) reporting onPayloadTransferUpdate(HC0V, -7953902247767731423, IN_PROGRESS) [CONTEXT service_id=54 ]
07-02 23:27:56.685  5128  5128 V NearbyFragment: Transfer to HC0V: 59%
07-02 23:27:56.687  5034  6250 I NearbyConnections: ClientProxy(22484637) reporting onPayloadTransferUpdate(HC0V, -7953902247767731423, IN_PROGRESS) [CONTEXT service_id=54 ]
07-02 23:27:56.688  5128  5128 V NearbyFragment: Transfer to HC0V: 59%
07-02 23:27:56.691  5034  6250 I NearbyConnections: ClientProxy(22484637) reporting onPayloadTransferUpdate(HC0V, -7953902247767731423, IN_PROGRESS) [CONTEXT service_id=54 ]
07-02 23:27:56.692  5128  5128 V NearbyFragment: Transfer to HC0V: 59%
07-02 23:27:56.695  5034  6250 I NearbyConnections: ClientProxy(22484637) reporting onPayloadTransferUpdate(HC0V, -7953902247767731423, IN_PROGRESS) [CONTEXT service_id=54 ]
07-02 23:27:56.695  5128  5128 V NearbyFragment: Transfer to HC0V: 60%
07-02 23:27:56.698  5034  6250 I NearbyConnections: ClientProxy(22484637) reporting onPayloadTransferUpdate(HC0V, -7953902247767731423, IN_PROGRESS) [CONTEXT service_id=54 ]
07-02 23:27:56.699  5128  5128 V NearbyFragment: Transfer to HC0V: 60%
07-02 23:27:56.700  5034  6250 I NearbyConnections: ClientProxy(22484637) reporting onPayloadTransferUpdate(HC0V, -7953902247767731423, IN_PROGRESS) [CONTEXT service_id=54 ]
07-02 23:27:56.701  5128  5128 V NearbyFragment: Transfer to HC0V: 61%
07-02 23:27:56.703  5034  6250 I NearbyConnections: ClientProxy(22484637) reporting onPayloadTransferUpdate(HC0V, -7953902247767731423, IN_PROGRESS) [CONTEXT service_id=54 ]
07-02 23:27:56.704  5128  5128 V NearbyFragment: Transfer to HC0V: 61%
07-02 23:27:56.707  5034  6250 I NearbyConnections: ClientProxy(22484637) reporting onPayloadTransferUpdate(HC0V, -7953902247767731423, IN_PROGRESS) [CONTEXT service_id=54 ]
07-02 23:27:56.707  5128  5128 V NearbyFragment: Transfer to HC0V: 61%
07-02 23:27:56.710  5034  6250 I NearbyConnections: ClientProxy(22484637) reporting onPayloadTransferUpdate(HC0V, -7953902247767731423, IN_PROGRESS) [CONTEXT service_id=54 ]
07-02 23:27:56.713  5034  6250 I NearbyConnections: ClientProxy(22484637) reporting onPayloadTransferUpdate(HC0V, -7953902247767731423, IN_PROGRESS) [CONTEXT service_id=54 ]
07-02 23:27:56.716  5128  5128 V NearbyFragment: Transfer to HC0V: 62%
07-02 23:27:56.717  5128  5128 V NearbyFragment: Transfer to HC0V: 62%
07-02 23:27:56.718  5034  6250 I NearbyConnections: ClientProxy(22484637) reporting onPayloadTransferUpdate(HC0V, -7953902247767731423, IN_PROGRESS) [CONTEXT service_id=54 ]
07-02 23:27:56.719  5128  5128 V NearbyFragment: Transfer to HC0V: 63%
07-02 23:27:56.780  9122  9187 D ScanRecord: Not a Multi Manu data
07-02 23:27:56.780  9122  9187 I chatty  : uid=1002(bluetooth) BT Service Call identical 10 lines
07-02 23:27:56.781  9122  9187 D ScanRecord: Not a Multi Manu data
07-02 23:27:56.781  9122  9187 D BtGatt.GattService: onScanResult to scannerId: 5- eventType=0x10, addressType=0, address=A6:5, primaryPhy=1, secondaryPhy=0, advertisingSid=0xff, txPower=127, rssi=-88, periodicAdvInt=0x0
07-02 23:27:56.782  8780  9113 D ScanRecord: Not a Multi Manu data
07-02 23:27:56.785  5128  5138 W System  : A resource failed to call close. 
07-02 23:27:56.790  5128  5138 I chatty  : uid=10568(com.example.edgesum) identical 12 lines
07-02 23:27:56.791  5128  5138 W System  : A resource failed to call close. 
07-02 23:27:56.791  8780  9113 I [+10]oneconnect[1.7.50-21_01][CORE]: BleParserForVD.parseTvPacket - [Name][TV] Samsung 8 Series (55)[DeviceType]TV[Discover]_BLE[Services]None[Connected]false[TvStatus]-128[TvService]96[TvMirrorChannel]1[TvRegisteredDB][83, 91, 0, 0, 0, 0][TvYear]2016[TvOcfInfo]0[TvAcmStatus]0[ExTvStatus]0
07-02 23:27:56.791  5128  5138 W System  : A resource failed to call close. 
07-02 23:27:56.792  5128  5138 I chatty  : uid=10568(com.example.edgesum) identical 2 lines
07-02 23:27:56.792  5128  5138 W System  : A resource failed to call close. 
07-02 23:27:56.973  5034  6250 I NearbyConnections: ClientProxy(22484637) reporting onPayloadTransferUpdate(HC0V, -7953902247767731423, IN_PROGRESS) [CONTEXT service_id=54 ]
07-02 23:27:56.974  5128  5128 V NearbyFragment: Transfer to HC0V: 63%
07-02 23:27:56.975  5034  6250 I NearbyConnections: ClientProxy(22484637) reporting onPayloadTransferUpdate(HC0V, -7953902247767731423, IN_PROGRESS) [CONTEXT service_id=54 ]
07-02 23:27:56.976  5128  5128 V NearbyFragment: Transfer to HC0V: 63%
07-02 23:27:56.978  5034  6250 I NearbyConnections: ClientProxy(22484637) reporting onPayloadTransferUpdate(HC0V, -7953902247767731423, IN_PROGRESS) [CONTEXT service_id=54 ]
07-02 23:27:56.978  5128  5128 V NearbyFragment: Transfer to HC0V: 64%
07-02 23:27:56.982  5034  6250 I NearbyConnections: ClientProxy(22484637) reporting onPayloadTransferUpdate(HC0V, -7953902247767731423, IN_PROGRESS) [CONTEXT service_id=54 ]
07-02 23:27:56.983  5128  5128 V NearbyFragment: Transfer to HC0V: 64%
07-02 23:27:56.988  5034  6250 I NearbyConnections: ClientProxy(22484637) reporting onPayloadTransferUpdate(HC0V, -7953902247767731423, IN_PROGRESS) [CONTEXT service_id=54 ]
07-02 23:27:56.989  5128  5128 V NearbyFragment: Transfer to HC0V: 64%
07-02 23:27:56.991  5034  6250 I NearbyConnections: ClientProxy(22484637) reporting onPayloadTransferUpdate(HC0V, -7953902247767731423, IN_PROGRESS) [CONTEXT service_id=54 ]
07-02 23:27:56.992  5128  5128 V NearbyFragment: Transfer to HC0V: 65%
07-02 23:27:56.997  5034  6250 I NearbyConnections: ClientProxy(22484637) reporting onPayloadTransferUpdate(HC0V, -7953902247767731423, IN_PROGRESS) [CONTEXT service_id=54 ]
07-02 23:27:56.998  5128  5128 V NearbyFragment: Transfer to HC0V: 65%
07-02 23:27:57.004  5034  6250 I NearbyConnections: ClientProxy(22484637) reporting onPayloadTransferUpdate(HC0V, -7953902247767731423, IN_PROGRESS) [CONTEXT service_id=54 ]
07-02 23:27:57.005  5128  5128 V NearbyFragment: Transfer to HC0V: 66%
07-02 23:27:57.012  5034  6250 I NearbyConnections: ClientProxy(22484637) reporting onPayloadTransferUpdate(HC0V, -7953902247767731423, IN_PROGRESS) [CONTEXT service_id=54 ]
07-02 23:27:57.014  5128  5128 V NearbyFragment: Transfer to HC0V: 66%
07-02 23:27:57.017  5034  6250 I NearbyConnections: ClientProxy(22484637) reporting onPayloadTransferUpdate(HC0V, -7953902247767731423, IN_PROGRESS) [CONTEXT service_id=54 ]
07-02 23:27:57.018  5128  5128 V NearbyFragment: Transfer to HC0V: 66%
07-02 23:27:57.022  5034  6250 I NearbyConnections: ClientProxy(22484637) reporting onPayloadTransferUpdate(HC0V, -7953902247767731423, IN_PROGRESS) [CONTEXT service_id=54 ]
07-02 23:27:57.023  5128  5128 V NearbyFragment: Transfer to HC0V: 67%
07-02 23:27:57.029  5034  6250 I NearbyConnections: ClientProxy(22484637) reporting onPayloadTransferUpdate(HC0V, -7953902247767731423, IN_PROGRESS) [CONTEXT service_id=54 ]
07-02 23:27:57.030  5128  5128 V NearbyFragment: Transfer to HC0V: 67%
07-02 23:27:57.033  5034  6250 I NearbyConnections: ClientProxy(22484637) reporting onPayloadTransferUpdate(HC0V, -7953902247767731423, IN_PROGRESS) [CONTEXT service_id=54 ]
07-02 23:27:57.034  5128  5128 V NearbyFragment: Transfer to HC0V: 68%
07-02 23:27:57.041  5034  6250 I NearbyConnections: ClientProxy(22484637) reporting onPayloadTransferUpdate(HC0V, -7953902247767731423, IN_PROGRESS) [CONTEXT service_id=54 ]
07-02 23:27:57.042  5128  5128 V NearbyFragment: Transfer to HC0V: 68%
07-02 23:27:57.108  5034  6250 I NearbyConnections: ClientProxy(22484637) reporting onPayloadTransferUpdate(HC0V, -7953902247767731423, IN_PROGRESS) [CONTEXT service_id=54 ]
07-02 23:27:57.109  5128  5128 V NearbyFragment: Transfer to HC0V: 68%
07-02 23:27:57.115  5034  6250 I NearbyConnections: ClientProxy(22484637) reporting onPayloadTransferUpdate(HC0V, -7953902247767731423, IN_PROGRESS) [CONTEXT service_id=54 ]
07-02 23:27:57.116  5128  5128 V NearbyFragment: Transfer to HC0V: 69%
07-02 23:27:57.122  5034  6250 I NearbyConnections: ClientProxy(22484637) reporting onPayloadTransferUpdate(HC0V, -7953902247767731423, IN_PROGRESS) [CONTEXT service_id=54 ]
07-02 23:27:57.123  5128  5128 V NearbyFragment: Transfer to HC0V: 69%
07-02 23:27:57.128  5034  6250 I NearbyConnections: ClientProxy(22484637) reporting onPayloadTransferUpdate(HC0V, -7953902247767731423, IN_PROGRESS) [CONTEXT service_id=54 ]
07-02 23:27:57.129  5128  5128 V NearbyFragment: Transfer to HC0V: 70%
07-02 23:27:57.140  5034  6250 I NearbyConnections: ClientProxy(22484637) reporting onPayloadTransferUpdate(HC0V, -7953902247767731423, IN_PROGRESS) [CONTEXT service_id=54 ]
07-02 23:27:57.141  5128  5128 V NearbyFragment: Transfer to HC0V: 70%
07-02 23:27:57.151  5034  5047 I gle.android.gm: Background concurrent copying GC freed 21229(738KB) AllocSpace objects, 455(30MB) LOS objects, 49% free, 22MB/44MB, paused 126us total 151.115ms
07-02 23:27:57.152  5034  6250 I NearbyConnections: ClientProxy(22484637) reporting onPayloadTransferUpdate(HC0V, -7953902247767731423, IN_PROGRESS) [CONTEXT service_id=54 ]
07-02 23:27:57.153  5128  5128 V NearbyFragment: Transfer to HC0V: 70%
07-02 23:27:57.155  5034  6250 I NearbyConnections: ClientProxy(22484637) reporting onPayloadTransferUpdate(HC0V, -7953902247767731423, IN_PROGRESS) [CONTEXT service_id=54 ]
07-02 23:27:57.155  5128  5128 V NearbyFragment: Transfer to HC0V: 71%
07-02 23:27:57.159  5034  6250 I NearbyConnections: ClientProxy(22484637) reporting onPayloadTransferUpdate(HC0V, -7953902247767731423, IN_PROGRESS) [CONTEXT service_id=54 ]
07-02 23:27:57.159  5128  5128 V NearbyFragment: Transfer to HC0V: 71%
07-02 23:27:57.161  5034  6250 I NearbyConnections: ClientProxy(22484637) reporting onPayloadTransferUpdate(HC0V, -7953902247767731423, IN_PROGRESS) [CONTEXT service_id=54 ]
07-02 23:27:57.162  5128  5128 V NearbyFragment: Transfer to HC0V: 71%
07-02 23:27:57.165  5034  6250 I NearbyConnections: ClientProxy(22484637) reporting onPayloadTransferUpdate(HC0V, -7953902247767731423, IN_PROGRESS) [CONTEXT service_id=54 ]
07-02 23:27:57.166  5128  5128 V NearbyFragment: Transfer to HC0V: 72%
07-02 23:27:57.170  5034  6250 I NearbyConnections: ClientProxy(22484637) reporting onPayloadTransferUpdate(HC0V, -7953902247767731423, IN_PROGRESS) [CONTEXT service_id=54 ]
07-02 23:27:57.170  5128  5128 V NearbyFragment: Transfer to HC0V: 72%
07-02 23:27:57.174  5034  6250 I NearbyConnections: ClientProxy(22484637) reporting onPayloadTransferUpdate(HC0V, -7953902247767731423, IN_PROGRESS) [CONTEXT service_id=54 ]
07-02 23:27:57.175  5128  5128 V NearbyFragment: Transfer to HC0V: 73%
07-02 23:27:57.176  5034  6250 I NearbyConnections: ClientProxy(22484637) reporting onPayloadTransferUpdate(HC0V, -7953902247767731423, IN_PROGRESS) [CONTEXT service_id=54 ]
07-02 23:27:57.177  5128  5128 V NearbyFragment: Transfer to HC0V: 73%
07-02 23:27:57.179  5034  6250 I NearbyConnections: ClientProxy(22484637) reporting onPayloadTransferUpdate(HC0V, -7953902247767731423, IN_PROGRESS) [CONTEXT service_id=54 ]
07-02 23:27:57.179  5128  5128 V NearbyFragment: Transfer to HC0V: 73%
07-02 23:27:57.181  5034  6250 I NearbyConnections: ClientProxy(22484637) reporting onPayloadTransferUpdate(HC0V, -7953902247767731423, IN_PROGRESS) [CONTEXT service_id=54 ]
07-02 23:27:57.182  5128  5128 V NearbyFragment: Transfer to HC0V: 74%
07-02 23:27:57.184  5034  6250 I NearbyConnections: ClientProxy(22484637) reporting onPayloadTransferUpdate(HC0V, -7953902247767731423, IN_PROGRESS) [CONTEXT service_id=54 ]
07-02 23:27:57.185  5128  5128 V NearbyFragment: Transfer to HC0V: 74%
07-02 23:27:57.191  5034  6250 I NearbyConnections: ClientProxy(22484637) reporting onPayloadTransferUpdate(HC0V, -7953902247767731423, IN_PROGRESS) [CONTEXT service_id=54 ]
07-02 23:27:57.191  5128  5128 V NearbyFragment: Transfer to HC0V: 75%
07-02 23:27:57.242  5034  6250 I NearbyConnections: ClientProxy(22484637) reporting onPayloadTransferUpdate(HC0V, -7953902247767731423, IN_PROGRESS) [CONTEXT service_id=54 ]
07-02 23:27:57.243  5128  5128 V NearbyFragment: Transfer to HC0V: 75%
07-02 23:27:57.245  5034  6250 I NearbyConnections: ClientProxy(22484637) reporting onPayloadTransferUpdate(HC0V, -7953902247767731423, IN_PROGRESS) [CONTEXT service_id=54 ]
07-02 23:27:57.245  5128  5128 V NearbyFragment: Transfer to HC0V: 75%
07-02 23:27:57.247  5034  6250 I NearbyConnections: ClientProxy(22484637) reporting onPayloadTransferUpdate(HC0V, -7953902247767731423, IN_PROGRESS) [CONTEXT service_id=54 ]
07-02 23:27:57.248  5128  5128 V NearbyFragment: Transfer to HC0V: 76%
07-02 23:27:57.249  5034  6250 I NearbyConnections: ClientProxy(22484637) reporting onPayloadTransferUpdate(HC0V, -7953902247767731423, IN_PROGRESS) [CONTEXT service_id=54 ]
07-02 23:27:57.250  5128  5128 V NearbyFragment: Transfer to HC0V: 76%
07-02 23:27:57.251  5034  6250 I NearbyConnections: ClientProxy(22484637) reporting onPayloadTransferUpdate(HC0V, -7953902247767731423, IN_PROGRESS) [CONTEXT service_id=54 ]
07-02 23:27:57.252  5128  5128 V NearbyFragment: Transfer to HC0V: 76%
07-02 23:27:57.254  5034  6250 I NearbyConnections: ClientProxy(22484637) reporting onPayloadTransferUpdate(HC0V, -7953902247767731423, IN_PROGRESS) [CONTEXT service_id=54 ]
07-02 23:27:57.254  5128  5128 V NearbyFragment: Transfer to HC0V: 77%
07-02 23:27:57.257  5034  6250 I NearbyConnections: ClientProxy(22484637) reporting onPayloadTransferUpdate(HC0V, -7953902247767731423, IN_PROGRESS) [CONTEXT service_id=54 ]
07-02 23:27:57.258  5128  5128 V NearbyFragment: Transfer to HC0V: 77%
07-02 23:27:57.259  5034  6250 I NearbyConnections: ClientProxy(22484637) reporting onPayloadTransferUpdate(HC0V, -7953902247767731423, IN_PROGRESS) [CONTEXT service_id=54 ]
07-02 23:27:57.260  5128  5128 V NearbyFragment: Transfer to HC0V: 78%
07-02 23:27:57.262  5034  6250 I NearbyConnections: ClientProxy(22484637) reporting onPayloadTransferUpdate(HC0V, -7953902247767731423, IN_PROGRESS) [CONTEXT service_id=54 ]
07-02 23:27:57.263  5128  5128 V NearbyFragment: Transfer to HC0V: 78%
07-02 23:27:57.265  5034  6250 I NearbyConnections: ClientProxy(22484637) reporting onPayloadTransferUpdate(HC0V, -7953902247767731423, IN_PROGRESS) [CONTEXT service_id=54 ]
07-02 23:27:57.265  5128  5128 V NearbyFragment: Transfer to HC0V: 78%
07-02 23:27:57.267  5034  6250 I NearbyConnections: ClientProxy(22484637) reporting onPayloadTransferUpdate(HC0V, -7953902247767731423, IN_PROGRESS) [CONTEXT service_id=54 ]
07-02 23:27:57.267  5128  5128 V NearbyFragment: Transfer to HC0V: 79%
07-02 23:27:57.335  5034  6250 I NearbyConnections: ClientProxy(22484637) reporting onPayloadTransferUpdate(HC0V, -7953902247767731423, IN_PROGRESS) [CONTEXT service_id=54 ]
07-02 23:27:57.336  5128  5128 V NearbyFragment: Transfer to HC0V: 79%
07-02 23:27:57.341  5034  6250 I NearbyConnections: ClientProxy(22484637) reporting onPayloadTransferUpdate(HC0V, -7953902247767731423, IN_PROGRESS) [CONTEXT service_id=54 ]
07-02 23:27:57.342  5128  5128 V NearbyFragment: Transfer to HC0V: 80%
07-02 23:27:57.344  5034  6250 I NearbyConnections: ClientProxy(22484637) reporting onPayloadTransferUpdate(HC0V, -7953902247767731423, IN_PROGRESS) [CONTEXT service_id=54 ]
07-02 23:27:57.345  5128  5128 V NearbyFragment: Transfer to HC0V: 80%
07-02 23:27:57.351  5034  6250 I NearbyConnections: ClientProxy(22484637) reporting onPayloadTransferUpdate(HC0V, -7953902247767731423, IN_PROGRESS) [CONTEXT service_id=54 ]
07-02 23:27:57.353  5128  5128 V NearbyFragment: Transfer to HC0V: 80%
07-02 23:27:57.355  5034  6250 I NearbyConnections: ClientProxy(22484637) reporting onPayloadTransferUpdate(HC0V, -7953902247767731423, IN_PROGRESS) [CONTEXT service_id=54 ]
07-02 23:27:57.355  5128  5128 V NearbyFragment: Transfer to HC0V: 81%
07-02 23:27:57.360  5034  6250 I NearbyConnections: ClientProxy(22484637) reporting onPayloadTransferUpdate(HC0V, -7953902247767731423, IN_PROGRESS) [CONTEXT service_id=54 ]
07-02 23:27:57.360  5128  5128 V NearbyFragment: Transfer to HC0V: 81%
07-02 23:27:57.363  5034  6250 I NearbyConnections: ClientProxy(22484637) reporting onPayloadTransferUpdate(HC0V, -7953902247767731423, IN_PROGRESS) [CONTEXT service_id=54 ]
07-02 23:27:57.364  5128  5128 V NearbyFragment: Transfer to HC0V: 82%
07-02 23:27:57.366  5034  6250 I NearbyConnections: ClientProxy(22484637) reporting onPayloadTransferUpdate(HC0V, -7953902247767731423, IN_PROGRESS) [CONTEXT service_id=54 ]
07-02 23:27:57.367  5128  5128 V NearbyFragment: Transfer to HC0V: 82%
07-02 23:27:57.370  5034  6250 I NearbyConnections: ClientProxy(22484637) reporting onPayloadTransferUpdate(HC0V, -7953902247767731423, IN_PROGRESS) [CONTEXT service_id=54 ]
07-02 23:27:57.371  5128  5128 V NearbyFragment: Transfer to HC0V: 82%
07-02 23:27:57.377  5034  6250 I NearbyConnections: ClientProxy(22484637) reporting onPayloadTransferUpdate(HC0V, -7953902247767731423, IN_PROGRESS) [CONTEXT service_id=54 ]
07-02 23:27:57.378  5128  5128 V NearbyFragment: Transfer to HC0V: 83%
07-02 23:27:57.382  5034  6250 I NearbyConnections: ClientProxy(22484637) reporting onPayloadTransferUpdate(HC0V, -7953902247767731423, IN_PROGRESS) [CONTEXT service_id=54 ]
07-02 23:27:57.382  5128  5128 V NearbyFragment: Transfer to HC0V: 83%
07-02 23:27:57.384  5034  6250 I NearbyConnections: ClientProxy(22484637) reporting onPayloadTransferUpdate(HC0V, -7953902247767731423, IN_PROGRESS) [CONTEXT service_id=54 ]
07-02 23:27:57.385  5128  5128 V NearbyFragment: Transfer to HC0V: 83%
07-02 23:27:57.391  5034  6250 I NearbyConnections: ClientProxy(22484637) reporting onPayloadTransferUpdate(HC0V, -7953902247767731423, IN_PROGRESS) [CONTEXT service_id=54 ]
07-02 23:27:57.392  5128  5128 V NearbyFragment: Transfer to HC0V: 84%
07-02 23:27:57.395  5034  6250 I NearbyConnections: ClientProxy(22484637) reporting onPayloadTransferUpdate(HC0V, -7953902247767731423, IN_PROGRESS) [CONTEXT service_id=54 ]
07-02 23:27:57.396  5128  5128 V NearbyFragment: Transfer to HC0V: 84%
07-02 23:27:57.514  5034  6250 I NearbyConnections: ClientProxy(22484637) reporting onPayloadTransferUpdate(HC0V, -7953902247767731423, IN_PROGRESS) [CONTEXT service_id=54 ]
07-02 23:27:57.516  5128  5128 V NearbyFragment: Transfer to HC0V: 85%
07-02 23:27:57.517  5034  6250 I NearbyConnections: ClientProxy(22484637) reporting onPayloadTransferUpdate(HC0V, -7953902247767731423, IN_PROGRESS) [CONTEXT service_id=54 ]
07-02 23:27:57.518  5128  5128 V NearbyFragment: Transfer to HC0V: 85%
07-02 23:27:57.522  5034  6250 I NearbyConnections: ClientProxy(22484637) reporting onPayloadTransferUpdate(HC0V, -7953902247767731423, IN_PROGRESS) [CONTEXT service_id=54 ]
07-02 23:27:57.523  5128  5128 V NearbyFragment: Transfer to HC0V: 85%
07-02 23:27:57.525  5034  6250 I NearbyConnections: ClientProxy(22484637) reporting onPayloadTransferUpdate(HC0V, -7953902247767731423, IN_PROGRESS) [CONTEXT service_id=54 ]
07-02 23:27:57.526  5128  5128 V NearbyFragment: Transfer to HC0V: 86%
07-02 23:27:57.530  5034  6250 I NearbyConnections: ClientProxy(22484637) reporting onPayloadTransferUpdate(HC0V, -7953902247767731423, IN_PROGRESS) [CONTEXT service_id=54 ]
07-02 23:27:57.531  5128  5128 V NearbyFragment: Transfer to HC0V: 86%
07-02 23:27:57.535  5034  6250 I NearbyConnections: ClientProxy(22484637) reporting onPayloadTransferUpdate(HC0V, -7953902247767731423, IN_PROGRESS) [CONTEXT service_id=54 ]
07-02 23:27:57.536  5128  5128 V NearbyFragment: Transfer to HC0V: 87%
07-02 23:27:57.538  5034  6250 I NearbyConnections: ClientProxy(22484637) reporting onPayloadTransferUpdate(HC0V, -7953902247767731423, IN_PROGRESS) [CONTEXT service_id=54 ]
07-02 23:27:57.539  5128  5128 V NearbyFragment: Transfer to HC0V: 87%
07-02 23:27:57.540  5034  6250 I NearbyConnections: ClientProxy(22484637) reporting onPayloadTransferUpdate(HC0V, -7953902247767731423, IN_PROGRESS) [CONTEXT service_id=54 ]
07-02 23:27:57.541  5128  5128 V NearbyFragment: Transfer to HC0V: 87%
07-02 23:27:57.543  5034  6250 I NearbyConnections: ClientProxy(22484637) reporting onPayloadTransferUpdate(HC0V, -7953902247767731423, IN_PROGRESS) [CONTEXT service_id=54 ]
07-02 23:27:57.544  5128  5128 V NearbyFragment: Transfer to HC0V: 88%
07-02 23:27:57.546  5034  6250 I NearbyConnections: ClientProxy(22484637) reporting onPayloadTransferUpdate(HC0V, -7953902247767731423, IN_PROGRESS) [CONTEXT service_id=54 ]
07-02 23:27:57.546  5128  5128 V NearbyFragment: Transfer to HC0V: 88%
07-02 23:27:57.548  5034  6250 I NearbyConnections: ClientProxy(22484637) reporting onPayloadTransferUpdate(HC0V, -7953902247767731423, IN_PROGRESS) [CONTEXT service_id=54 ]
07-02 23:27:57.550  5128  5128 V NearbyFragment: Transfer to HC0V: 88%
07-02 23:27:57.619  4898  4898 D io_stats: !@   8,0 r 616536 38565864 w 114138 6725520 d 7200 4858096 f 26731 27288 iot 277500 241363 th 307200 0 0 pt 0 inp 0 0 13346.649
07-02 23:27:57.651  3574  4120 D bauth_FPBAuthService: pcf : 0x1012, 0 ,2 ,0 ,0 ,0 ,2, 
07-02 23:27:57.651  3574  4120 D bauth_FPBAuthService: thread id : 2, preenroll_flag : 0, nd cnt : 1, cso : 0, et : 0
07-02 23:27:57.651  3574  4120 D bauth_FPBAuthService: FPBAuthService, 9983
07-02 23:27:57.784  5034  6250 I NearbyConnections: ClientProxy(22484637) reporting onPayloadTransferUpdate(HC0V, -7953902247767731423, IN_PROGRESS) [CONTEXT service_id=54 ]
07-02 23:27:57.785  5128  5128 V NearbyFragment: Transfer to HC0V: 89%
07-02 23:27:57.788  5034  6250 I NearbyConnections: ClientProxy(22484637) reporting onPayloadTransferUpdate(HC0V, -7953902247767731423, IN_PROGRESS) [CONTEXT service_id=54 ]
07-02 23:27:57.788  5128  5128 V NearbyFragment: Transfer to HC0V: 89%
07-02 23:27:57.791  5034  6250 I NearbyConnections: ClientProxy(22484637) reporting onPayloadTransferUpdate(HC0V, -7953902247767731423, IN_PROGRESS) [CONTEXT service_id=54 ]
07-02 23:27:57.791  5128  5128 V NearbyFragment: Transfer to HC0V: 90%
07-02 23:27:57.793  5034  6250 I NearbyConnections: ClientProxy(22484637) reporting onPayloadTransferUpdate(HC0V, -7953902247767731423, IN_PROGRESS) [CONTEXT service_id=54 ]
07-02 23:27:57.794  5128  5128 V NearbyFragment: Transfer to HC0V: 90%
07-02 23:27:57.800  5034  6250 I NearbyConnections: ClientProxy(22484637) reporting onPayloadTransferUpdate(HC0V, -7953902247767731423, IN_PROGRESS) [CONTEXT service_id=54 ]
07-02 23:27:57.800  5128  5128 V NearbyFragment: Transfer to HC0V: 90%
07-02 23:27:57.807  5034  6250 I NearbyConnections: ClientProxy(22484637) reporting onPayloadTransferUpdate(HC0V, -7953902247767731423, IN_PROGRESS) [CONTEXT service_id=54 ]
07-02 23:27:57.808  5128  5128 V NearbyFragment: Transfer to HC0V: 91%
07-02 23:27:57.810  5034  6250 I NearbyConnections: ClientProxy(22484637) reporting onPayloadTransferUpdate(HC0V, -7953902247767731423, IN_PROGRESS) [CONTEXT service_id=54 ]
07-02 23:27:57.811  5128  5128 V NearbyFragment: Transfer to HC0V: 91%
07-02 23:27:57.817  5034  6250 I NearbyConnections: ClientProxy(22484637) reporting onPayloadTransferUpdate(HC0V, -7953902247767731423, IN_PROGRESS) [CONTEXT service_id=54 ]
07-02 23:27:57.817  5128  5128 V NearbyFragment: Transfer to HC0V: 92%
07-02 23:27:57.821  5034  6250 I NearbyConnections: ClientProxy(22484637) reporting onPayloadTransferUpdate(HC0V, -7953902247767731423, IN_PROGRESS) [CONTEXT service_id=54 ]
07-02 23:27:57.822  5128  5128 V NearbyFragment: Transfer to HC0V: 92%
07-02 23:27:57.827  5034  6250 I NearbyConnections: ClientProxy(22484637) reporting onPayloadTransferUpdate(HC0V, -7953902247767731423, IN_PROGRESS) [CONTEXT service_id=54 ]
07-02 23:27:57.828  5128  5128 V NearbyFragment: Transfer to HC0V: 92%
07-02 23:27:57.831  5034  6250 I NearbyConnections: ClientProxy(22484637) reporting onPayloadTransferUpdate(HC0V, -7953902247767731423, IN_PROGRESS) [CONTEXT service_id=54 ]
07-02 23:27:57.832  5128  5128 V NearbyFragment: Transfer to HC0V: 93%
07-02 23:27:57.834  5034  6250 I NearbyConnections: ClientProxy(22484637) reporting onPayloadTransferUpdate(HC0V, -7953902247767731423, IN_PROGRESS) [CONTEXT service_id=54 ]
07-02 23:27:57.835  5128  5128 V NearbyFragment: Transfer to HC0V: 93%
07-02 23:27:57.837  5034  6250 I NearbyConnections: ClientProxy(22484637) reporting onPayloadTransferUpdate(HC0V, -7953902247767731423, IN_PROGRESS) [CONTEXT service_id=54 ]
07-02 23:27:57.838  5128  5128 V NearbyFragment: Transfer to HC0V: 94%
07-02 23:27:57.845  5034  6250 I NearbyConnections: ClientProxy(22484637) reporting onPayloadTransferUpdate(HC0V, -7953902247767731423, IN_PROGRESS) [CONTEXT service_id=54 ]
07-02 23:27:57.846  5128  5128 V NearbyFragment: Transfer to HC0V: 94%
07-02 23:27:57.850  5034  6250 I NearbyConnections: ClientProxy(22484637) reporting onPayloadTransferUpdate(HC0V, -7953902247767731423, IN_PROGRESS) [CONTEXT service_id=54 ]
07-02 23:27:57.851  5128  5128 V NearbyFragment: Transfer to HC0V: 94%
07-02 23:27:57.853  5034  6250 I NearbyConnections: ClientProxy(22484637) reporting onPayloadTransferUpdate(HC0V, -7953902247767731423, IN_PROGRESS) [CONTEXT service_id=54 ]
07-02 23:27:57.854  5128  5128 V NearbyFragment: Transfer to HC0V: 95%
07-02 23:27:57.856  5034  6250 I NearbyConnections: ClientProxy(22484637) reporting onPayloadTransferUpdate(HC0V, -7953902247767731423, IN_PROGRESS) [CONTEXT service_id=54 ]
07-02 23:27:57.857  5128  5128 V NearbyFragment: Transfer to HC0V: 95%
07-02 23:27:57.860  5034  6250 I NearbyConnections: ClientProxy(22484637) reporting onPayloadTransferUpdate(HC0V, -7953902247767731423, IN_PROGRESS) [CONTEXT service_id=54 ]
07-02 23:27:57.861  5128  5128 V NearbyFragment: Transfer to HC0V: 95%
07-02 23:27:57.863  5034  6250 I NearbyConnections: ClientProxy(22484637) reporting onPayloadTransferUpdate(HC0V, -7953902247767731423, IN_PROGRESS) [CONTEXT service_id=54 ]
07-02 23:27:57.864  5128  5128 V NearbyFragment: Transfer to HC0V: 96%
07-02 23:27:57.866  5034  6250 I NearbyConnections: ClientProxy(22484637) reporting onPayloadTransferUpdate(HC0V, -7953902247767731423, IN_PROGRESS) [CONTEXT service_id=54 ]
07-02 23:27:57.870  5128  5128 V NearbyFragment: Transfer to HC0V: 96%
07-02 23:27:57.870  5034  6250 I NearbyConnections: ClientProxy(22484637) reporting onPayloadTransferUpdate(HC0V, -7953902247767731423, IN_PROGRESS) [CONTEXT service_id=54 ]
07-02 23:27:57.871  5128  5128 V NearbyFragment: Transfer to HC0V: 97%
07-02 23:27:57.872  5034  6250 I NearbyConnections: ClientProxy(22484637) reporting onPayloadTransferUpdate(HC0V, -7953902247767731423, IN_PROGRESS) [CONTEXT service_id=54 ]
07-02 23:27:57.873  5128  5128 V NearbyFragment: Transfer to HC0V: 97%
07-02 23:27:57.880  5034  6250 I NearbyConnections: ClientProxy(22484637) reporting onPayloadTransferUpdate(HC0V, -7953902247767731423, IN_PROGRESS) [CONTEXT service_id=54 ]
07-02 23:27:57.881  5128  5128 V NearbyFragment: Transfer to HC0V: 97%
07-02 23:27:57.902  5226  5706 D SDHMS:s : SIOP:: AP:274(379,110) BAT:292(292,0) CHG:358(358,0) USB:285(285,0) PA:283(337,50) LRP:0(0,-999) ATC:0(0,-999) 
07-02 23:27:57.926  5034  6250 I NearbyConnections: ClientProxy(22484637) reporting onPayloadTransferUpdate(HC0V, -7953902247767731423, IN_PROGRESS) [CONTEXT service_id=54 ]
07-02 23:27:57.927  5128  5128 V NearbyFragment: Transfer to HC0V: 98%
07-02 23:27:57.933  5128  5128 V NearbyFragment: Transfer to HC0V: 98%
07-02 23:27:57.933  5034  6250 I NearbyConnections: ClientProxy(22484637) reporting onPayloadTransferUpdate(HC0V, -7953902247767731423, IN_PROGRESS) [CONTEXT service_id=54 ]
07-02 23:27:57.934  5034  6250 I NearbyConnections: ClientProxy(22484637) reporting onPayloadTransferUpdate(HC0V, -7953902247767731423, IN_PROGRESS) [CONTEXT service_id=54 ]
07-02 23:27:57.934  5128  5128 V NearbyFragment: Transfer to HC0V: 99%
07-02 23:27:57.934  5034  6250 I NearbyConnections: ClientProxy(22484637) reporting onPayloadTransferUpdate(HC0V, -7953902247767731423, IN_PROGRESS) [CONTEXT service_id=54 ]
07-02 23:27:57.936  5128  5128 V NearbyFragment: Transfer to HC0V: 99%
07-02 23:27:57.936  5034  6250 I NearbyConnections: ClientProxy(22484637) reporting onPayloadTransferUpdate(HC0V, -7953902247767731423, IN_PROGRESS) [CONTEXT service_id=54 ]
07-02 23:27:57.938  5128  5128 V NearbyFragment: Transfer to HC0V: 99%
07-02 23:27:57.939  5128  5128 V NearbyFragment: Transfer to HC0V: 100%
07-02 23:27:57.940  5034  6250 I NearbyConnections: ClientProxy(22484637) reporting onPayloadTransferUpdate(HC0V, -7953902247767731423, IN_PROGRESS) [CONTEXT service_id=54 ]
07-02 23:27:57.942  5128  5128 V NearbyFragment: Transfer to HC0V: 100%
07-02 23:27:57.943  5034  6250 I NearbyConnections: ClientProxy(22484637) reporting onPayloadTransferUpdate(HC0V, -7953902247767731423, SUCCESS) [CONTEXT service_id=54 ]
07-02 23:27:57.973  5034  5047 I gle.android.gm: Background concurrent copying GC freed 12003(411KB) AllocSpace objects, 239(15MB) LOS objects, 50% free, 22MB/45MB, paused 339us total 126.783ms
07-02 23:27:58.156  5034  6250 I NearbyConnections: ClientProxy(22484637) reporting onPayloadReceived(HC0V, -8952162801757884206) [CONTEXT service_id=54 ]
07-02 23:27:58.156  5034  6250 I NearbyConnections: ClientProxy(22484637) reporting onPayloadTransferUpdate(HC0V, -8952162801757884206, IN_PROGRESS) [CONTEXT service_id=54 ]
07-02 23:27:58.157  5128  5128 D NearbyFragment: onPayloadReceived(endpointId=HC0V, payload=com.google.android.gms.nearby.connection.Payload@1becbab)
07-02 23:27:58.158  5128  5128 D NearbyFragment: Endpoint{id=HC0V, name=Nexus 5X [34d8]} has finished downloading 20200312_193628!000.mp4
07-02 23:27:58.160  5128  5128 V NearbyFragment: nextTransfer with selected algorithm: best_or_local
07-02 23:27:58.168  5128  5128 V FileManager: External storage is readable
07-02 23:27:58.171  5128  5128 V FileManager: Created new directory: /storage/emulated/0/Movies/segment-sum/20200312_193628
07-02 23:27:58.173  5128  5128 D NearbyFragment: Summarising 20200312_193628!001.mp4
07-02 23:27:58.181  5034  6250 I NearbyConnections: ClientProxy(22484637) reporting onPayloadTransferUpdate(HC0V, -8952162801757884206, SUCCESS) [CONTEXT service_id=54 ]
07-02 23:27:58.182  5128  5128 V NearbyFragment: Transfer to HC0V: 100%
07-02 23:27:58.183  5128  5128 V NearbyFragment: Transfer to HC0V: 100%
07-02 23:27:58.191  5128  6254 V SummariserIntentService: onHandleIntent
07-02 23:27:58.191  5128  6254 D SummariserIntentService: /storage/emulated/0/Movies/segment/20200312_193628/20200312_193628!001.mp4
07-02 23:27:58.191  5128  6254 D SummariserIntentService: /storage/emulated/0/Movies/segment-sum/20200312_193628/20200312_193628!001.mp4
07-02 23:27:58.284  5128  5640 I mobile-ffmpeg: 
07-02 23:27:58.284  5128  5640 I chatty  : uid=10568(com.example.edgesum) identical 1 line
07-02 23:27:58.284  5128  5640 I mobile-ffmpeg: 
07-02 23:27:58.284  5128  5640 I mobile-ffmpeg: Input #0, mov,mp4,m4a,3gp,3g2,mj2, from '/storage/emulated/0/Movies/segment/20200312_193628/20200312_193628!001.mp4':
07-02 23:27:58.284  5128  5640 I mobile-ffmpeg: 
07-02 23:27:58.284  5128  5640 I chatty  : uid=10568(com.example.edgesum) identical 1 line
07-02 23:27:58.284  5128  5640 I mobile-ffmpeg: 
07-02 23:27:58.284  5128  5640 I mobile-ffmpeg:   Metadata:
07-02 23:27:58.284  5128  5640 I mobile-ffmpeg: 
07-02 23:27:58.284  5128  5640 I chatty  : uid=10568(com.example.edgesum) identical 1 line
07-02 23:27:58.284  5128  5640 I mobile-ffmpeg: 
07-02 23:27:58.284  5128  5640 I mobile-ffmpeg:     major_brand     : 
07-02 23:27:58.284  5128  5640 I mobile-ffmpeg: 
07-02 23:27:58.284  5128  5640 I chatty  : uid=10568(com.example.edgesum) identical 1 line
07-02 23:27:58.285  5128  5640 I mobile-ffmpeg: 
07-02 23:27:58.285  5128  5640 I mobile-ffmpeg: isom
07-02 23:27:58.285  5128  5640 I mobile-ffmpeg: 
07-02 23:27:58.285  5128  5640 I chatty  : uid=10568(com.example.edgesum) identical 1 line
07-02 23:27:58.285  5128  5640 I mobile-ffmpeg: 
07-02 23:27:58.285  5128  5640 I mobile-ffmpeg: 
07-02 23:27:58.285  5128  5640 I mobile-ffmpeg: 
07-02 23:27:58.285  5128  5640 I chatty  : uid=10568(com.example.edgesum) identical 1 line
07-02 23:27:58.285  5128  5640 I mobile-ffmpeg: 
07-02 23:27:58.285  5128  5640 I mobile-ffmpeg:     minor_version   : 
07-02 23:27:58.285  5128  5640 I mobile-ffmpeg: 
07-02 23:27:58.285  5128  5640 I chatty  : uid=10568(com.example.edgesum) identical 1 line
07-02 23:27:58.285  5128  5640 I mobile-ffmpeg: 
07-02 23:27:58.285  5128  5640 I mobile-ffmpeg: 512
07-02 23:27:58.285  5128  5640 I mobile-ffmpeg: 
07-02 23:27:58.285  5128  5640 I chatty  : uid=10568(com.example.edgesum) identical 1 line
07-02 23:27:58.285  5128  5640 I mobile-ffmpeg: 
07-02 23:27:58.285  5128  5640 I mobile-ffmpeg: 
07-02 23:27:58.285  5128  5640 I mobile-ffmpeg: 
07-02 23:27:58.285  5128  5640 I chatty  : uid=10568(com.example.edgesum) identical 1 line
07-02 23:27:58.285  5128  5640 I mobile-ffmpeg: 
07-02 23:27:58.285  5128  5640 I mobile-ffmpeg:     compatible_brands: 
07-02 23:27:58.285  5128  5640 I mobile-ffmpeg: 
07-02 23:27:58.285  5128  5640 I chatty  : uid=10568(com.example.edgesum) identical 1 line
07-02 23:27:58.285  5128  5640 I mobile-ffmpeg: 
07-02 23:27:58.285  5128  5640 I mobile-ffmpeg: isomiso2avc1mp41
07-02 23:27:58.285  5128  5640 I mobile-ffmpeg: 
07-02 23:27:58.285  5128  5640 I chatty  : uid=10568(com.example.edgesum) identical 1 line
07-02 23:27:58.285  5128  5640 I mobile-ffmpeg: 
07-02 23:27:58.285  5128  5640 I mobile-ffmpeg: 
07-02 23:27:58.285  5128  5640 I mobile-ffmpeg: 
07-02 23:27:58.285  5128  5640 I chatty  : uid=10568(com.example.edgesum) identical 1 line
07-02 23:27:58.286  5128  5640 I mobile-ffmpeg: 
07-02 23:27:58.286  5128  5640 I mobile-ffmpeg:     encoder         : 
07-02 23:27:58.286  5128  5640 I mobile-ffmpeg: 
07-02 23:27:58.286  5128  5640 I chatty  : uid=10568(com.example.edgesum) identical 1 line
07-02 23:27:58.286  5128  5640 I mobile-ffmpeg: 
07-02 23:27:58.286  5128  5640 I mobile-ffmpeg: Lavf58.28.101
07-02 23:27:58.286  5128  5640 I mobile-ffmpeg: 
07-02 23:27:58.286  5128  5640 I chatty  : uid=10568(com.example.edgesum) identical 1 line
07-02 23:27:58.286  5128  5640 I mobile-ffmpeg: 
07-02 23:27:58.286  5128  5640 I mobile-ffmpeg: 
07-02 23:27:58.286  5128  5640 I mobile-ffmpeg: 
07-02 23:27:58.286  5128  5640 I chatty  : uid=10568(com.example.edgesum) identical 1 line
07-02 23:27:58.286  5128  5640 I mobile-ffmpeg: 
07-02 23:27:58.286  5128  5640 I mobile-ffmpeg:   Duration: 
07-02 23:27:58.286  5128  5640 I mobile-ffmpeg: 
07-02 23:27:58.286  5128  5640 I chatty  : uid=10568(com.example.edgesum) identical 1 line
07-02 23:27:58.286  5128  5640 I mobile-ffmpeg: 
07-02 23:27:58.286  5128  5640 I mobile-ffmpeg: 00:00:16.01
07-02 23:27:58.286  5128  5640 I mobile-ffmpeg: 
07-02 23:27:58.286  5128  5640 I chatty  : uid=10568(com.example.edgesum) identical 1 line
07-02 23:27:58.286  5128  5640 I mobile-ffmpeg: 
07-02 23:27:58.286  5128  5640 I mobile-ffmpeg: , start: 
07-02 23:27:58.286  5128  5640 I mobile-ffmpeg: 
07-02 23:27:58.286  5128  5640 I chatty  : uid=10568(com.example.edgesum) identical 1 line
07-02 23:27:58.286  5128  5640 I mobile-ffmpeg: 
07-02 23:27:58.286  5128  5640 I mobile-ffmpeg: 0.000000
07-02 23:27:58.286  5128  5640 I mobile-ffmpeg: 
07-02 23:27:58.286  5128  5640 I chatty  : uid=10568(com.example.edgesum) identical 1 line
07-02 23:27:58.286  5128  5640 I mobile-ffmpeg: 
07-02 23:27:58.286  5128  5640 I mobile-ffmpeg: , bitrate: 
07-02 23:27:58.286  5128  5640 I mobile-ffmpeg: 
07-02 23:27:58.286  5128  5640 I chatty  : uid=10568(com.example.edgesum) identical 1 line
07-02 23:27:58.286  5128  5640 I mobile-ffmpeg: 
07-02 23:27:58.287  5128  5640 I mobile-ffmpeg: 8408 kb/s
07-02 23:27:58.287  5128  5640 I mobile-ffmpeg: 
07-02 23:27:58.287  5128  5640 I chatty  : uid=10568(com.example.edgesum) identical 1 line
07-02 23:27:58.287  5128  5640 I mobile-ffmpeg: 
07-02 23:27:58.287  5128  5640 I mobile-ffmpeg: 
07-02 23:27:58.287  5128  5640 I mobile-ffmpeg: 
07-02 23:27:58.287  5128  5640 I chatty  : uid=10568(com.example.edgesum) identical 1 line
07-02 23:27:58.287  5128  5640 I mobile-ffmpeg: 
07-02 23:27:58.287  5128  5640 I mobile-ffmpeg:     Stream #0:0
07-02 23:27:58.287  5128  5640 I mobile-ffmpeg: 
07-02 23:27:58.287  5128  5640 I chatty  : uid=10568(com.example.edgesum) identical 1 line
07-02 23:27:58.287  5128  5640 I mobile-ffmpeg: 
07-02 23:27:58.287  5128  5640 I mobile-ffmpeg: (eng)
07-02 23:27:58.287  5128  5640 I mobile-ffmpeg: 
07-02 23:27:58.287  5128  5640 I chatty  : uid=10568(com.example.edgesum) identical 1 line
07-02 23:27:58.287  5128  5640 I mobile-ffmpeg: 
07-02 23:27:58.287  5128  5640 I mobile-ffmpeg: : Video: h264 (avc1 / 0x31637661), yuvj420p(pc, bt709), 1280x720, 8356 kb/s
07-02 23:27:58.287  5128  5640 I mobile-ffmpeg: 
07-02 23:27:58.287  5128  5640 I chatty  : uid=10568(com.example.edgesum) identical 1 line
07-02 23:27:58.287  5128  5640 I mobile-ffmpeg: 
07-02 23:27:58.287  5128  5640 I mobile-ffmpeg: , 
07-02 23:27:58.287  5128  5640 I mobile-ffmpeg: 
07-02 23:27:58.287  5128  5640 I chatty  : uid=10568(com.example.edgesum) identical 1 line
07-02 23:27:58.287  5128  5640 I mobile-ffmpeg: 
07-02 23:27:58.287  5128  5640 I mobile-ffmpeg: 29.97 fps, 
07-02 23:27:58.287  5128  5640 I mobile-ffmpeg: 
07-02 23:27:58.287  5128  5640 I chatty  : uid=10568(com.example.edgesum) identical 1 line
07-02 23:27:58.287  5128  5640 I mobile-ffmpeg: 
07-02 23:27:58.287  5128  5640 I mobile-ffmpeg: 29.97 tbr, 
07-02 23:27:58.287  5128  5640 I mobile-ffmpeg: 
07-02 23:27:58.287  5128  5640 I chatty  : uid=10568(com.example.edgesum) identical 1 line
07-02 23:27:58.288  5128  5640 I mobile-ffmpeg: 
07-02 23:27:58.288  5128  5640 I mobile-ffmpeg: 16k tbn, 
07-02 23:27:58.288  5128  5640 I mobile-ffmpeg: 
07-02 23:27:58.288  5128  5640 I chatty  : uid=10568(com.example.edgesum) identical 1 line
07-02 23:27:58.288  5128  5640 I mobile-ffmpeg: 
07-02 23:27:58.288  5128  5640 I mobile-ffmpeg: 32k tbc
07-02 23:27:58.288  5128  5640 I mobile-ffmpeg: 
07-02 23:27:58.288  5128  5640 I chatty  : uid=10568(com.example.edgesum) identical 1 line
07-02 23:27:58.288  5128  5640 I mobile-ffmpeg: 
07-02 23:27:58.288  5128  5640 I mobile-ffmpeg:  (default)
07-02 23:27:58.288  5128  5640 I mobile-ffmpeg: 
07-02 23:27:58.288  5128  5640 I chatty  : uid=10568(com.example.edgesum) identical 1 line
07-02 23:27:58.288  5128  5640 I mobile-ffmpeg: 
07-02 23:27:58.288  5128  5640 I mobile-ffmpeg: 
07-02 23:27:58.288  5128  5640 I mobile-ffmpeg: 
07-02 23:27:58.288  5128  5640 I chatty  : uid=10568(com.example.edgesum) identical 1 line
07-02 23:27:58.288  5128  5640 I mobile-ffmpeg: 
07-02 23:27:58.289  5128  5640 I mobile-ffmpeg:     Metadata:
07-02 23:27:58.289  5128  5640 I mobile-ffmpeg: 
07-02 23:27:58.289  5128  5640 I chatty  : uid=10568(com.example.edgesum) identical 1 line
07-02 23:27:58.289  5128  5640 I mobile-ffmpeg: 
07-02 23:27:58.289  5128  5640 I mobile-ffmpeg:       handler_name    : 
07-02 23:27:58.289  5128  5640 I mobile-ffmpeg: 
07-02 23:27:58.289  5128  5640 I chatty  : uid=10568(com.example.edgesum) identical 1 line
07-02 23:27:58.289  5128  5640 I mobile-ffmpeg: 
07-02 23:27:58.289  5128  5640 I mobile-ffmpeg: PittaSoft Video Media Handler
07-02 23:27:58.289  5128  5640 I mobile-ffmpeg: 
07-02 23:27:58.289  5128  5640 I chatty  : uid=10568(com.example.edgesum) identical 1 line
07-02 23:27:58.289  5128  5640 I mobile-ffmpeg: 
07-02 23:27:58.289  5128  5640 I mobile-ffmpeg: 
07-02 23:27:58.289  5128  5640 I mobile-ffmpeg: 
07-02 23:27:58.289  5128  5640 I chatty  : uid=10568(com.example.edgesum) identical 1 line
07-02 23:27:58.289  5128  5640 I mobile-ffmpeg: 
07-02 23:27:58.289  5128  5640 I mobile-ffmpeg:     Stream #0:1
07-02 23:27:58.290  5128  5640 I mobile-ffmpeg: 
07-02 23:27:58.290  5128  5640 I chatty  : uid=10568(com.example.edgesum) identical 1 line
07-02 23:27:58.290  5128  5640 I mobile-ffmpeg: 
07-02 23:27:58.290  5128  5640 I mobile-ffmpeg: (eng)
07-02 23:27:58.290  5128  5640 I mobile-ffmpeg: 
07-02 23:27:58.290  5128  5640 I chatty  : uid=10568(com.example.edgesum) identical 1 line
07-02 23:27:58.290  5128  5640 I mobile-ffmpeg: 
07-02 23:27:58.290  5128  5640 I mobile-ffmpeg: : Audio: aac (mp4a / 0x6134706D), 16000 Hz, stereo, fltp, 47 kb/s
07-02 23:27:58.290  5128  5640 I mobile-ffmpeg: 
07-02 23:27:58.290  5128  5640 I chatty  : uid=10568(com.example.edgesum) identical 1 line
07-02 23:27:58.290  5128  5640 I mobile-ffmpeg: 
07-02 23:27:58.290  5128  5640 I mobile-ffmpeg:  (default)
07-02 23:27:58.290  5128  5640 I mobile-ffmpeg: 
07-02 23:27:58.290  5128  5640 I chatty  : uid=10568(com.example.edgesum) identical 1 line
07-02 23:27:58.290  5128  5640 I mobile-ffmpeg: 
07-02 23:27:58.290  5128  5640 I mobile-ffmpeg: 
07-02 23:27:58.290  5128  5640 I mobile-ffmpeg: 
07-02 23:27:58.290  5128  5640 I chatty  : uid=10568(com.example.edgesum) identical 1 line
07-02 23:27:58.290  5128  5640 I mobile-ffmpeg: 
07-02 23:27:58.290  5128  5640 I mobile-ffmpeg:     Metadata:
07-02 23:27:58.290  5128  5640 I mobile-ffmpeg: 
07-02 23:27:58.290  5128  5640 I chatty  : uid=10568(com.example.edgesum) identical 1 line
07-02 23:27:58.290  5128  5640 I mobile-ffmpeg: 
07-02 23:27:58.290  5128  5640 I mobile-ffmpeg:       handler_name    : 
07-02 23:27:58.290  5128  5640 I mobile-ffmpeg: 
07-02 23:27:58.290  5128  5640 I chatty  : uid=10568(com.example.edgesum) identical 1 line
07-02 23:27:58.290  5128  5640 I mobile-ffmpeg: 
07-02 23:27:58.291  5128  5640 I mobile-ffmpeg: PittaSoft Sound Media Handler
07-02 23:27:58.291  5128  5640 I mobile-ffmpeg: 
07-02 23:27:58.291  5128  5640 I chatty  : uid=10568(com.example.edgesum) identical 1 line
07-02 23:27:58.291  5128  5640 I mobile-ffmpeg: 
07-02 23:27:58.291  5128  5640 I mobile-ffmpeg: 
07-02 23:27:58.295  5128  5640 I mobile-ffmpeg: 
07-02 23:27:58.295  5128  5640 I chatty  : uid=10568(com.example.edgesum) identical 1 line
07-02 23:27:58.295  5128  5640 I mobile-ffmpeg: 
07-02 23:27:58.295  5128  5640 I mobile-ffmpeg: Stream mapping:
07-02 23:27:58.296  5128  5640 I mobile-ffmpeg: 
07-02 23:27:58.296  5128  5640 I chatty  : uid=10568(com.example.edgesum) identical 1 line
07-02 23:27:58.296  5128  5640 I mobile-ffmpeg: 
07-02 23:27:58.296  5128  5640 I mobile-ffmpeg:   Stream #0:0 -> #0:0
07-02 23:27:58.296  5128  5640 I mobile-ffmpeg: 
07-02 23:27:58.296  5128  5640 I chatty  : uid=10568(com.example.edgesum) identical 1 line
07-02 23:27:58.296  5128  5640 I mobile-ffmpeg: 
07-02 23:27:58.296  5128  5640 I mobile-ffmpeg:  (h264 (native) -> wrapped_avframe (native))
07-02 23:27:58.296  5128  5640 I mobile-ffmpeg: 
07-02 23:27:58.296  5128  5640 I chatty  : uid=10568(com.example.edgesum) identical 1 line
07-02 23:27:58.296  5128  5640 I mobile-ffmpeg: 
07-02 23:27:58.296  5128  5640 I mobile-ffmpeg: 
07-02 23:27:58.296  5128  5640 I mobile-ffmpeg: 
07-02 23:27:58.296  5128  5640 I chatty  : uid=10568(com.example.edgesum) identical 1 line
07-02 23:27:58.296  5128  5640 I mobile-ffmpeg: 
07-02 23:27:58.296  5128  5640 I mobile-ffmpeg:   Stream #0:1 -> #0:1
07-02 23:27:58.296  5128  5640 I mobile-ffmpeg: 
07-02 23:27:58.296  5128  5640 I chatty  : uid=10568(com.example.edgesum) identical 1 line
07-02 23:27:58.296  5128  5640 I mobile-ffmpeg: 
07-02 23:27:58.296  5128  5640 I mobile-ffmpeg:  (aac (native) -> pcm_s16le (native))
07-02 23:27:58.296  5128  5640 I mobile-ffmpeg: 
07-02 23:27:58.296  5128  5640 I chatty  : uid=10568(com.example.edgesum) identical 1 line
07-02 23:27:58.296  5128  5640 I mobile-ffmpeg: 
07-02 23:27:58.296  5128  5640 I mobile-ffmpeg: 
07-02 23:27:58.296  5128  5640 I mobile-ffmpeg: 
07-02 23:27:58.297  5128  5640 I chatty  : uid=10568(com.example.edgesum) identical 1 line
07-02 23:27:58.297  5128  5640 I mobile-ffmpeg: 
07-02 23:27:58.297  5128  5640 I mobile-ffmpeg: Press [q] to stop, [?] for help
07-02 23:27:58.297  5128  5640 I mobile-ffmpeg: 
07-02 23:27:58.297  5128  5640 I chatty  : uid=10568(com.example.edgesum) identical 1 line
07-02 23:27:58.297  5128  5640 I mobile-ffmpeg: 
07-02 23:27:58.297  5128  5640 I mobile-ffmpeg: frame=    0 fps=0.0 q=0.0 size=N/A time=-577014:32:22.77 bitrate=N/A speed=N/A    
07-02 23:27:58.355  5128  5640 I mobile-ffmpeg: 
07-02 23:27:58.355  5128  5640 I chatty  : uid=10568(com.example.edgesum) identical 1 line
07-02 23:27:58.355  5128  5640 I mobile-ffmpeg: 
07-02 23:27:58.355  5128  5640 I mobile-ffmpeg: Output #0, null, to 'pipe:':
07-02 23:27:58.355  5128  5640 I mobile-ffmpeg: 
07-02 23:27:58.355  5128  5640 I chatty  : uid=10568(com.example.edgesum) identical 1 line
07-02 23:27:58.355  5128  5640 I mobile-ffmpeg: 
07-02 23:27:58.355  5128  5640 I mobile-ffmpeg:   Metadata:
07-02 23:27:58.355  5128  5640 I mobile-ffmpeg: 
07-02 23:27:58.356  5128  5640 I chatty  : uid=10568(com.example.edgesum) identical 1 line
07-02 23:27:58.356  5128  5640 I mobile-ffmpeg: 
07-02 23:27:58.356  5128  5640 I mobile-ffmpeg:     major_brand     : 
07-02 23:27:58.356  5128  5640 I mobile-ffmpeg: 
07-02 23:27:58.356  5128  5640 I chatty  : uid=10568(com.example.edgesum) identical 1 line
07-02 23:27:58.356  5128  5640 I mobile-ffmpeg: 
07-02 23:27:58.356  5128  5640 I mobile-ffmpeg: isom
07-02 23:27:58.356  5128  5640 I mobile-ffmpeg: 
07-02 23:27:58.356  5128  5640 I chatty  : uid=10568(com.example.edgesum) identical 1 line
07-02 23:27:58.356  5128  5640 I mobile-ffmpeg: 
07-02 23:27:58.356  5128  5640 I mobile-ffmpeg: 
07-02 23:27:58.356  5128  5640 I mobile-ffmpeg: 
07-02 23:27:58.356  5128  5640 I chatty  : uid=10568(com.example.edgesum) identical 1 line
