07-01 19:06:53.414  2949 12476 I NearbyConnections: ClientProxy(132361732) reporting onPayloadTransferUpdate(yVI7, -4927826579794667968, IN_PROGRESS) [CONTEXT service_id=54 ]
07-01 19:06:53.416 12191 12191 V NearbyFragment: Transfer to yVI7: 71%
07-01 19:06:53.416  2949 12476 I NearbyConnections: ClientProxy(132361732) reporting onPayloadTransferUpdate(yVI7, -4927826579794667968, IN_PROGRESS) [CONTEXT service_id=54 ]
07-01 19:06:53.418 12191 12191 V NearbyFragment: Transfer to yVI7: 71%
07-01 19:06:53.419  2949 12476 I NearbyConnections: ClientProxy(132361732) reporting onPayloadTransferUpdate(yVI7, -4927826579794667968, IN_PROGRESS) [CONTEXT service_id=54 ]
07-01 19:06:53.420 12191 12191 V NearbyFragment: Transfer to yVI7: 71%
07-01 19:06:53.420  6030 12481 D NetworkSecurityConfig: No Network Security Config specified, using platform default
07-01 19:06:53.422  2949 12476 I NearbyConnections: ClientProxy(132361732) reporting onPayloadTransferUpdate(yVI7, -4927826579794667968, IN_PROGRESS) [CONTEXT service_id=54 ]
07-01 19:06:53.423 12191 12191 V NearbyFragment: Transfer to yVI7: 72%
07-01 19:06:53.424  2949 12476 I NearbyConnections: ClientProxy(132361732) reporting onPayloadTransferUpdate(yVI7, -4927826579794667968, IN_PROGRESS) [CONTEXT service_id=54 ]
07-01 19:06:53.425 12191 12191 V NearbyFragment: Transfer to yVI7: 72%
07-01 19:06:53.432  2949 12476 I NearbyConnections: ClientProxy(132361732) reporting onPayloadTransferUpdate(yVI7, -4927826579794667968, IN_PROGRESS) [CONTEXT service_id=54 ]
07-01 19:06:53.432  2949 12476 I chatty  : uid=10040(com.google.android.gms) identical 1 line
07-01 19:06:53.432  2949 12476 I NearbyConnections: ClientProxy(132361732) reporting onPayloadTransferUpdate(yVI7, -4927826579794667968, IN_PROGRESS) [CONTEXT service_id=54 ]
07-01 19:06:53.432 12191 12191 V NearbyFragment: Transfer to yVI7: 72%
07-01 19:06:53.434 12191 12191 V NearbyFragment: Transfer to yVI7: 73%
07-01 19:06:53.435 12191 12191 V NearbyFragment: Transfer to yVI7: 73%
07-01 19:06:53.435 12191 12191 V NearbyFragment: Transfer to yVI7: 74%
07-01 19:06:53.436  2949 12476 I NearbyConnections: ClientProxy(132361732) reporting onPayloadTransferUpdate(yVI7, -4927826579794667968, IN_PROGRESS) [CONTEXT service_id=54 ]
07-01 19:06:53.436  2949 12476 I NearbyConnections: ClientProxy(132361732) reporting onPayloadTransferUpdate(yVI7, -4927826579794667968, IN_PROGRESS) [CONTEXT service_id=54 ]
07-01 19:06:53.436 12191 12191 V NearbyFragment: Transfer to yVI7: 74%
07-01 19:06:53.437  2949 12476 I NearbyConnections: ClientProxy(132361732) reporting onPayloadTransferUpdate(yVI7, -4927826579794667968, IN_PROGRESS) [CONTEXT service_id=54 ]
07-01 19:06:53.438 12191 12191 V NearbyFragment: Transfer to yVI7: 74%
07-01 19:06:53.439  2949 12476 I NearbyConnections: ClientProxy(132361732) reporting onPayloadTransferUpdate(yVI7, -4927826579794667968, IN_PROGRESS) [CONTEXT service_id=54 ]
07-01 19:06:53.439 12191 12191 V NearbyFragment: Transfer to yVI7: 75%
07-01 19:06:53.440  2949 12476 I NearbyConnections: ClientProxy(132361732) reporting onPayloadTransferUpdate(yVI7, -4927826579794667968, IN_PROGRESS) [CONTEXT service_id=54 ]
07-01 19:06:53.441 12191 12191 V NearbyFragment: Transfer to yVI7: 75%
07-01 19:06:53.443  2949 12476 I NearbyConnections: ClientProxy(132361732) reporting onPayloadTransferUpdate(yVI7, -4927826579794667968, IN_PROGRESS) [CONTEXT service_id=54 ]
07-01 19:06:53.444 12191 12191 V NearbyFragment: Transfer to yVI7: 76%
07-01 19:06:53.445  2949 12476 I NearbyConnections: ClientProxy(132361732) reporting onPayloadTransferUpdate(yVI7, -4927826579794667968, IN_PROGRESS) [CONTEXT service_id=54 ]
07-01 19:06:53.447 12191 12191 V NearbyFragment: Transfer to yVI7: 76%
07-01 19:06:53.447  2949 12476 I NearbyConnections: ClientProxy(132361732) reporting onPayloadTransferUpdate(yVI7, -4927826579794667968, IN_PROGRESS) [CONTEXT service_id=54 ]
07-01 19:06:53.448 12191 12191 V NearbyFragment: Transfer to yVI7: 76%
07-01 19:06:53.449  2949 12476 I NearbyConnections: ClientProxy(132361732) reporting onPayloadTransferUpdate(yVI7, -4927826579794667968, IN_PROGRESS) [CONTEXT service_id=54 ]
07-01 19:06:53.449 12191 12191 V NearbyFragment: Transfer to yVI7: 77%
07-01 19:06:53.451 12191 12191 V NearbyFragment: Transfer to yVI7: 77%
07-01 19:06:53.453  2949 12476 I NearbyConnections: ClientProxy(132361732) reporting onPayloadTransferUpdate(yVI7, -4927826579794667968, IN_PROGRESS) [CONTEXT service_id=54 ]
07-01 19:06:53.455  2949 12476 I NearbyConnections: ClientProxy(132361732) reporting onPayloadTransferUpdate(yVI7, -4927826579794667968, IN_PROGRESS) [CONTEXT service_id=54 ]
07-01 19:06:53.456 12191 12191 V NearbyFragment: Transfer to yVI7: 78%
07-01 19:06:53.457  2949 12476 I NearbyConnections: ClientProxy(132361732) reporting onPayloadTransferUpdate(yVI7, -4927826579794667968, IN_PROGRESS) [CONTEXT service_id=54 ]
07-01 19:06:53.458 12191 12191 V NearbyFragment: Transfer to yVI7: 78%
07-01 19:06:53.462  2949 12476 I NearbyConnections: ClientProxy(132361732) reporting onPayloadTransferUpdate(yVI7, -4927826579794667968, IN_PROGRESS) [CONTEXT service_id=54 ]
07-01 19:06:53.462  2949 12476 I NearbyConnections: ClientProxy(132361732) reporting onPayloadTransferUpdate(yVI7, -4927826579794667968, IN_PROGRESS) [CONTEXT service_id=54 ]
07-01 19:06:53.462 12191 12191 V NearbyFragment: Transfer to yVI7: 78%
07-01 19:06:53.463 12191 12191 V NearbyFragment: Transfer to yVI7: 79%
07-01 19:06:53.465  2949 12476 I NearbyConnections: ClientProxy(132361732) reporting onPayloadTransferUpdate(yVI7, -4927826579794667968, IN_PROGRESS) [CONTEXT service_id=54 ]
07-01 19:06:53.466  2949 12476 I NearbyConnections: ClientProxy(132361732) reporting onPayloadTransferUpdate(yVI7, -4927826579794667968, IN_PROGRESS) [CONTEXT service_id=54 ]
07-01 19:06:53.466 12191 12191 V NearbyFragment: Transfer to yVI7: 79%
07-01 19:06:53.467 12191 12191 V NearbyFragment: Transfer to yVI7: 79%
07-01 19:06:53.470  2949 12476 I NearbyConnections: ClientProxy(132361732) reporting onPayloadTransferUpdate(yVI7, -4927826579794667968, IN_PROGRESS) [CONTEXT service_id=54 ]
07-01 19:06:53.470  2949 12476 I NearbyConnections: ClientProxy(132361732) reporting onPayloadTransferUpdate(yVI7, -4927826579794667968, IN_PROGRESS) [CONTEXT service_id=54 ]
07-01 19:06:53.470 12191 12191 V NearbyFragment: Transfer to yVI7: 80%
07-01 19:06:53.471 12191 12191 V NearbyFragment: Transfer to yVI7: 80%
07-01 19:06:53.626  2949 12476 I NearbyConnections: ClientProxy(132361732) reporting onPayloadTransferUpdate(yVI7, -4927826579794667968, IN_PROGRESS) [CONTEXT service_id=54 ]
07-01 19:06:53.627 12191 12191 V NearbyFragment: Transfer to yVI7: 81%
07-01 19:06:53.630  2949 12476 I NearbyConnections: ClientProxy(132361732) reporting onPayloadTransferUpdate(yVI7, -4927826579794667968, IN_PROGRESS) [CONTEXT service_id=54 ]
07-01 19:06:53.631 12191 12191 V NearbyFragment: Transfer to yVI7: 81%
07-01 19:06:53.634  2949 12476 I NearbyConnections: ClientProxy(132361732) reporting onPayloadTransferUpdate(yVI7, -4927826579794667968, IN_PROGRESS) [CONTEXT service_id=54 ]
07-01 19:06:53.635 12191 12191 V NearbyFragment: Transfer to yVI7: 81%
07-01 19:06:53.641  2949 12476 I NearbyConnections: ClientProxy(132361732) reporting onPayloadTransferUpdate(yVI7, -4927826579794667968, IN_PROGRESS) [CONTEXT service_id=54 ]
07-01 19:06:53.643 12191 12191 V NearbyFragment: Transfer to yVI7: 82%
07-01 19:06:53.645  2949 12476 I NearbyConnections: ClientProxy(132361732) reporting onPayloadTransferUpdate(yVI7, -4927826579794667968, IN_PROGRESS) [CONTEXT service_id=54 ]
07-01 19:06:53.647 12191 12191 V NearbyFragment: Transfer to yVI7: 82%
07-01 19:06:53.648  2949 12476 I NearbyConnections: ClientProxy(132361732) reporting onPayloadTransferUpdate(yVI7, -4927826579794667968, IN_PROGRESS) [CONTEXT service_id=54 ]
07-01 19:06:53.648 12191 12191 V NearbyFragment: Transfer to yVI7: 83%
07-01 19:06:53.650  2949 12476 I NearbyConnections: ClientProxy(132361732) reporting onPayloadTransferUpdate(yVI7, -4927826579794667968, IN_PROGRESS) [CONTEXT service_id=54 ]
07-01 19:06:53.650 12191 12191 V NearbyFragment: Transfer to yVI7: 83%
07-01 19:06:53.652  2949 12476 I NearbyConnections: ClientProxy(132361732) reporting onPayloadTransferUpdate(yVI7, -4927826579794667968, IN_PROGRESS) [CONTEXT service_id=54 ]
07-01 19:06:53.652 12191 12191 V NearbyFragment: Transfer to yVI7: 83%
07-01 19:06:53.654  2949 12476 I NearbyConnections: ClientProxy(132361732) reporting onPayloadTransferUpdate(yVI7, -4927826579794667968, IN_PROGRESS) [CONTEXT service_id=54 ]
07-01 19:06:53.655 12191 12191 V NearbyFragment: Transfer to yVI7: 84%
07-01 19:06:53.656  2949 12476 I NearbyConnections: ClientProxy(132361732) reporting onPayloadTransferUpdate(yVI7, -4927826579794667968, IN_PROGRESS) [CONTEXT service_id=54 ]
07-01 19:06:53.657 12191 12191 V NearbyFragment: Transfer to yVI7: 84%
07-01 19:06:53.659  2949 12476 I NearbyConnections: ClientProxy(132361732) reporting onPayloadTransferUpdate(yVI7, -4927826579794667968, IN_PROGRESS) [CONTEXT service_id=54 ]
07-01 19:06:53.659 12191 12191 V NearbyFragment: Transfer to yVI7: 85%
07-01 19:06:53.661 12191 12191 V NearbyFragment: Transfer to yVI7: 85%
07-01 19:06:53.665  2949 12476 I NearbyConnections: ClientProxy(132361732) reporting onPayloadTransferUpdate(yVI7, -4927826579794667968, IN_PROGRESS) [CONTEXT service_id=54 ]
07-01 19:06:53.665  2949 12476 I NearbyConnections: ClientProxy(132361732) reporting onPayloadTransferUpdate(yVI7, -4927826579794667968, IN_PROGRESS) [CONTEXT service_id=54 ]
07-01 19:06:53.666 12191 12191 V NearbyFragment: Transfer to yVI7: 85%
07-01 19:06:53.667  2949 12476 I NearbyConnections: ClientProxy(132361732) reporting onPayloadTransferUpdate(yVI7, -4927826579794667968, IN_PROGRESS) [CONTEXT service_id=54 ]
07-01 19:06:53.668 12191 12191 V NearbyFragment: Transfer to yVI7: 86%
07-01 19:06:53.669  2949 12476 I NearbyConnections: ClientProxy(132361732) reporting onPayloadTransferUpdate(yVI7, -4927826579794667968, IN_PROGRESS) [CONTEXT service_id=54 ]
07-01 19:06:53.670 12191 12191 V NearbyFragment: Transfer to yVI7: 86%
07-01 19:06:53.671  2949 12476 I NearbyConnections: ClientProxy(132361732) reporting onPayloadTransferUpdate(yVI7, -4927826579794667968, IN_PROGRESS) [CONTEXT service_id=54 ]
07-01 19:06:53.672 12191 12191 V NearbyFragment: Transfer to yVI7: 86%
07-01 19:06:53.673  2949 12476 I NearbyConnections: ClientProxy(132361732) reporting onPayloadTransferUpdate(yVI7, -4927826579794667968, IN_PROGRESS) [CONTEXT service_id=54 ]
07-01 19:06:53.674 12191 12191 V NearbyFragment: Transfer to yVI7: 87%
07-01 19:06:53.675  2949 12476 I NearbyConnections: ClientProxy(132361732) reporting onPayloadTransferUpdate(yVI7, -4927826579794667968, IN_PROGRESS) [CONTEXT service_id=54 ]
07-01 19:06:53.676 12191 12191 V NearbyFragment: Transfer to yVI7: 87%
07-01 19:06:53.677  2949 12476 I NearbyConnections: ClientProxy(132361732) reporting onPayloadTransferUpdate(yVI7, -4927826579794667968, IN_PROGRESS) [CONTEXT service_id=54 ]
07-01 19:06:53.678 12191 12191 V NearbyFragment: Transfer to yVI7: 88%
07-01 19:06:53.679  2949 12476 I NearbyConnections: ClientProxy(132361732) reporting onPayloadTransferUpdate(yVI7, -4927826579794667968, IN_PROGRESS) [CONTEXT service_id=54 ]
07-01 19:06:53.679 12191 12191 V NearbyFragment: Transfer to yVI7: 88%
07-01 19:06:53.681  2949 12476 I NearbyConnections: ClientProxy(132361732) reporting onPayloadTransferUpdate(yVI7, -4927826579794667968, IN_PROGRESS) [CONTEXT service_id=54 ]
07-01 19:06:53.681 12191 12191 V NearbyFragment: Transfer to yVI7: 88%
07-01 19:06:53.683  2949 12476 I NearbyConnections: ClientProxy(132361732) reporting onPayloadTransferUpdate(yVI7, -4927826579794667968, IN_PROGRESS) [CONTEXT service_id=54 ]
07-01 19:06:53.683 12191 12191 V NearbyFragment: Transfer to yVI7: 89%
07-01 19:06:53.685  2949 12476 I NearbyConnections: ClientProxy(132361732) reporting onPayloadTransferUpdate(yVI7, -4927826579794667968, IN_PROGRESS) [CONTEXT service_id=54 ]
07-01 19:06:53.685 12191 12191 V NearbyFragment: Transfer to yVI7: 89%
07-01 19:06:53.806  2949 12476 I NearbyConnections: ClientProxy(132361732) reporting onPayloadTransferUpdate(yVI7, -4927826579794667968, IN_PROGRESS) [CONTEXT service_id=54 ]
07-01 19:06:53.808 12191 12191 V NearbyFragment: Transfer to yVI7: 90%
07-01 19:06:53.811  2949 12476 I NearbyConnections: ClientProxy(132361732) reporting onPayloadTransferUpdate(yVI7, -4927826579794667968, IN_PROGRESS) [CONTEXT service_id=54 ]
07-01 19:06:53.811 12191 12191 V NearbyFragment: Transfer to yVI7: 90%
07-01 19:06:53.819  2949 12476 I NearbyConnections: ClientProxy(132361732) reporting onPayloadTransferUpdate(yVI7, -4927826579794667968, IN_PROGRESS) [CONTEXT service_id=54 ]
07-01 19:06:53.819 12191 12191 V NearbyFragment: Transfer to yVI7: 90%
07-01 19:06:53.824  2949 12476 I NearbyConnections: ClientProxy(132361732) reporting onPayloadTransferUpdate(yVI7, -4927826579794667968, IN_PROGRESS) [CONTEXT service_id=54 ]
07-01 19:06:53.827 12191 12191 V NearbyFragment: Transfer to yVI7: 91%
07-01 19:06:53.828  2949 12476 I NearbyConnections: ClientProxy(132361732) reporting onPayloadTransferUpdate(yVI7, -4927826579794667968, IN_PROGRESS) [CONTEXT service_id=54 ]
07-01 19:06:53.829 12191 12191 V NearbyFragment: Transfer to yVI7: 91%
07-01 19:06:53.831  2949 12476 I NearbyConnections: ClientProxy(132361732) reporting onPayloadTransferUpdate(yVI7, -4927826579794667968, IN_PROGRESS) [CONTEXT service_id=54 ]
07-01 19:06:53.831 12191 12191 V NearbyFragment: Transfer to yVI7: 92%
07-01 19:06:53.834  2949 12476 I NearbyConnections: ClientProxy(132361732) reporting onPayloadTransferUpdate(yVI7, -4927826579794667968, IN_PROGRESS) [CONTEXT service_id=54 ]
07-01 19:06:53.834 12191 12191 V NearbyFragment: Transfer to yVI7: 92%
07-01 19:06:53.837  2949 12476 I NearbyConnections: ClientProxy(132361732) reporting onPayloadTransferUpdate(yVI7, -4927826579794667968, IN_PROGRESS) [CONTEXT service_id=54 ]
07-01 19:06:53.838 12191 12191 V NearbyFragment: Transfer to yVI7: 92%
07-01 19:06:53.839  2949 12476 I NearbyConnections: ClientProxy(132361732) reporting onPayloadTransferUpdate(yVI7, -4927826579794667968, IN_PROGRESS) [CONTEXT service_id=54 ]
07-01 19:06:53.840 12191 12191 V NearbyFragment: Transfer to yVI7: 93%
07-01 19:06:53.842  2949 12476 I NearbyConnections: ClientProxy(132361732) reporting onPayloadTransferUpdate(yVI7, -4927826579794667968, IN_PROGRESS) [CONTEXT service_id=54 ]
07-01 19:06:53.843 12191 12191 V NearbyFragment: Transfer to yVI7: 93%
07-01 19:06:53.845  2949 12476 I NearbyConnections: ClientProxy(132361732) reporting onPayloadTransferUpdate(yVI7, -4927826579794667968, IN_PROGRESS) [CONTEXT service_id=54 ]
07-01 19:06:53.848 12191 12191 V NearbyFragment: Transfer to yVI7: 93%
07-01 19:06:53.851  2949 12476 I NearbyConnections: ClientProxy(132361732) reporting onPayloadTransferUpdate(yVI7, -4927826579794667968, IN_PROGRESS) [CONTEXT service_id=54 ]
07-01 19:06:53.852 12191 12191 V NearbyFragment: Transfer to yVI7: 94%
07-01 19:06:53.854  2949 12476 I NearbyConnections: ClientProxy(132361732) reporting onPayloadTransferUpdate(yVI7, -4927826579794667968, IN_PROGRESS) [CONTEXT service_id=54 ]
07-01 19:06:53.854 12191 12191 V NearbyFragment: Transfer to yVI7: 94%
07-01 19:06:53.856  2949 12476 I NearbyConnections: ClientProxy(132361732) reporting onPayloadTransferUpdate(yVI7, -4927826579794667968, IN_PROGRESS) [CONTEXT service_id=54 ]
07-01 19:06:53.857 12191 12191 V NearbyFragment: Transfer to yVI7: 95%
07-01 19:06:53.861  2949 12476 I NearbyConnections: ClientProxy(132361732) reporting onPayloadTransferUpdate(yVI7, -4927826579794667968, IN_PROGRESS) [CONTEXT service_id=54 ]
07-01 19:06:53.862 12191 12191 V NearbyFragment: Transfer to yVI7: 95%
07-01 19:06:53.866  2949 12476 I NearbyConnections: ClientProxy(132361732) reporting onPayloadTransferUpdate(yVI7, -4927826579794667968, IN_PROGRESS) [CONTEXT service_id=54 ]
07-01 19:06:53.867 12191 12191 V NearbyFragment: Transfer to yVI7: 95%
07-01 19:06:53.868  2949 12476 I NearbyConnections: ClientProxy(132361732) reporting onPayloadTransferUpdate(yVI7, -4927826579794667968, IN_PROGRESS) [CONTEXT service_id=54 ]
07-01 19:06:53.868 12191 12191 V NearbyFragment: Transfer to yVI7: 96%
07-01 19:06:53.870  2949 12476 I NearbyConnections: ClientProxy(132361732) reporting onPayloadTransferUpdate(yVI7, -4927826579794667968, IN_PROGRESS) [CONTEXT service_id=54 ]
07-01 19:06:53.871 12191 12191 V NearbyFragment: Transfer to yVI7: 96%
07-01 19:06:53.872  2949 12476 I NearbyConnections: ClientProxy(132361732) reporting onPayloadTransferUpdate(yVI7, -4927826579794667968, IN_PROGRESS) [CONTEXT service_id=54 ]
07-01 19:06:53.873 12191 12191 V NearbyFragment: Transfer to yVI7: 97%
07-01 19:06:53.874  2949 12476 I NearbyConnections: ClientProxy(132361732) reporting onPayloadTransferUpdate(yVI7, -4927826579794667968, IN_PROGRESS) [CONTEXT service_id=54 ]
07-01 19:06:53.874 12191 12191 V NearbyFragment: Transfer to yVI7: 97%
07-01 19:06:53.876  2949 12476 I NearbyConnections: ClientProxy(132361732) reporting onPayloadTransferUpdate(yVI7, -4927826579794667968, IN_PROGRESS) [CONTEXT service_id=54 ]
07-01 19:06:53.877 12191 12191 V NearbyFragment: Transfer to yVI7: 97%
07-01 19:06:53.878  2949 12476 I NearbyConnections: ClientProxy(132361732) reporting onPayloadTransferUpdate(yVI7, -4927826579794667968, IN_PROGRESS) [CONTEXT service_id=54 ]
07-01 19:06:53.879 12191 12191 V NearbyFragment: Transfer to yVI7: 98%
07-01 19:06:53.880  2949 12476 I NearbyConnections: ClientProxy(132361732) reporting onPayloadTransferUpdate(yVI7, -4927826579794667968, IN_PROGRESS) [CONTEXT service_id=54 ]
07-01 19:06:53.881 12191 12191 V NearbyFragment: Transfer to yVI7: 98%
07-01 19:06:53.883  2949 12476 I NearbyConnections: ClientProxy(132361732) reporting onPayloadTransferUpdate(yVI7, -4927826579794667968, IN_PROGRESS) [CONTEXT service_id=54 ]
07-01 19:06:53.883 12191 12191 V NearbyFragment: Transfer to yVI7: 98%
07-01 19:06:53.892  2949 12476 I NearbyConnections: ClientProxy(132361732) reporting onPayloadTransferUpdate(yVI7, -4927826579794667968, IN_PROGRESS) [CONTEXT service_id=54 ]
07-01 19:06:53.892 12191 12191 V NearbyFragment: Transfer to yVI7: 99%
07-01 19:06:53.894  2949 12476 I NearbyConnections: ClientProxy(132361732) reporting onPayloadTransferUpdate(yVI7, -4927826579794667968, IN_PROGRESS) [CONTEXT service_id=54 ]
07-01 19:06:53.894 12191 12191 V NearbyFragment: Transfer to yVI7: 99%
07-01 19:06:53.895  2949 12476 I NearbyConnections: ClientProxy(132361732) reporting onPayloadTransferUpdate(yVI7, -4927826579794667968, IN_PROGRESS) [CONTEXT service_id=54 ]
07-01 19:06:53.895 12191 12191 V NearbyFragment: Transfer to yVI7: 100%
07-01 19:06:53.896  2949 12476 I NearbyConnections: ClientProxy(132361732) reporting onPayloadTransferUpdate(yVI7, -4927826579794667968, SUCCESS) [CONTEXT service_id=54 ]
07-01 19:06:53.896 12191 12191 V NearbyFragment: Transfer to yVI7: 100%
07-01 19:06:54.148  2949 12477 I NearbyConnections: ClientProxy(132361732) reporting onPayloadReceived(yVI7, -6698821249455282959) [CONTEXT service_id=54 ]
07-01 19:06:54.149  2949 12477 I NearbyConnections: ClientProxy(132361732) reporting onPayloadTransferUpdate(yVI7, -6698821249455282959, IN_PROGRESS) [CONTEXT service_id=54 ]
07-01 19:06:54.152 12191 12191 D NearbyFragment: onPayloadReceived(endpointId=yVI7, payload=com.google.android.gms.nearby.connection.Payload@5941e32)
07-01 19:06:54.154 12191 12191 D NearbyFragment: Endpoint{id=yVI7, name=Galaxy S8 [2802]} has finished downloading 20200312_150744!000.mp4
07-01 19:06:54.157 12191 12191 V NearbyFragment: nextTransfer with selected algorithm: best_or_local
07-01 19:06:54.171 12191 12191 V FileManager: External storage is readable
07-01 19:06:54.173 12191 12191 V FileManager: Created new directory: /storage/emulated/0/Movies/segment-sum/20200312_150744
07-01 19:06:54.175 12191 12191 D NearbyFragment: Summarising 20200312_150744!001.mp4
07-01 19:06:54.195  2949 12477 I NearbyConnections: ClientProxy(132361732) reporting onPayloadTransferUpdate(yVI7, -6698821249455282959, SUCCESS) [CONTEXT service_id=54 ]
07-01 19:06:54.196  6030  6042 E SQLiteDatabase: Error inserting _data=/storage/emulated/0/Movies/segment/20200312_150744/20200312_150744!001.mp4 parent=7009 _display_name=20200312_150744!001.mp4 format=12299 description= title=20200312_150744!001 bucket_id=634356572 _size=16915850 date_added=1593594414 datetaken=1593594411000 date_modified=1593594411 mime_type=video/mp4 media_type=3 storage_id=65537 bucket_display_name=20200312_150744
07-01 19:06:54.196  6030  6042 E SQLiteDatabase: android.database.sqlite.SQLiteConstraintException: UNIQUE constraint failed: files._data (code 2067)
07-01 19:06:54.196  6030  6042 E SQLiteDatabase: 	at android.database.sqlite.SQLiteConnection.nativeExecuteForLastInsertedRowId(Native Method)
07-01 19:06:54.196  6030  6042 E SQLiteDatabase: 	at android.database.sqlite.SQLiteConnection.executeForLastInsertedRowId(SQLiteConnection.java:783)
07-01 19:06:54.196  6030  6042 E SQLiteDatabase: 	at android.database.sqlite.SQLiteSession.executeForLastInsertedRowId(SQLiteSession.java:788)
07-01 19:06:54.196  6030  6042 E SQLiteDatabase: 	at android.database.sqlite.SQLiteStatement.executeInsert(SQLiteStatement.java:86)
07-01 19:06:54.196  6030  6042 E SQLiteDatabase: 	at android.database.sqlite.SQLiteDatabase.insertWithOnConflict(SQLiteDatabase.java:1548)
07-01 19:06:54.196  6030  6042 E SQLiteDatabase: 	at android.database.sqlite.SQLiteDatabase.insert(SQLiteDatabase.java:1417)
07-01 19:06:54.196  6030  6042 E SQLiteDatabase: 	at com.android.providers.media.MediaProvider.insertFile(MediaProvider.java:2265)
07-01 19:06:54.196  6030  6042 E SQLiteDatabase: 	at com.android.providers.media.MediaProvider.insertInternal(MediaProvider.java:2585)
07-01 19:06:54.196  6030  6042 E SQLiteDatabase: 	at com.android.providers.media.MediaProvider.insert(MediaProvider.java:1897)
07-01 19:06:54.196  6030  6042 E SQLiteDatabase: 	at android.content.ContentProvider$Transport.insert(ContentProvider.java:266)
07-01 19:06:54.196  6030  6042 E SQLiteDatabase: 	at android.content.ContentProviderNative.onTransact(ContentProviderNative.java:152)
07-01 19:06:54.196  6030  6042 E SQLiteDatabase: 	at android.os.Binder.execTransact(Binder.java:697)
07-01 19:06:54.207 12191 12191 V VideoManager: videoFromCursor
07-01 19:06:54.211 12191 12191 V ProcessingVideosEventHandler: onAdd
07-01 19:06:54.212 12191 12191 V RawFootageEventHandler: onRemove
07-01 19:06:54.219 12191 12191 V NearbyFragment: Transfer to yVI7: 100%
07-01 19:06:54.220 12191 12191 V NearbyFragment: Transfer to yVI7: 100%
07-01 19:06:54.228 12191 12483 V SummariserIntentService: onHandleIntent
07-01 19:06:54.229 12191 12483 D SummariserIntentService: Video{id='7032', data='/storage/emulated/0/Movies/segment/20200312_150744/20200312_150744!001.mp4', name='20200312_150744!001.mp4', size=16915850, visible=true, mimeType='video/mp4'}
07-01 19:06:54.229 12191 12483 D SummariserIntentService: /storage/emulated/0/Movies/segment-sum/20200312_150744/20200312_150744!001.mp4
07-01 19:06:54.324 12191 12415 I mobile-ffmpeg:
07-01 19:06:54.324 12191 12415 I chatty  : uid=10100(com.example.edgesum) identical 1 line
07-01 19:06:54.324 12191 12415 I mobile-ffmpeg:
07-01 19:06:54.324 12191 12415 I mobile-ffmpeg: Input #0, mov,mp4,m4a,3gp,3g2,mj2, from '/storage/emulated/0/Movies/segment/20200312_150744/20200312_150744!001.mp4':
07-01 19:06:54.324 12191 12415 I mobile-ffmpeg:
07-01 19:06:54.324 12191 12415 I chatty  : uid=10100(com.example.edgesum) identical 1 line
07-01 19:06:54.324 12191 12415 I mobile-ffmpeg:
07-01 19:06:54.324 12191 12415 I mobile-ffmpeg:   Metadata:
07-01 19:06:54.324 12191 12415 I mobile-ffmpeg:
07-01 19:06:54.324 12191 12415 I chatty  : uid=10100(com.example.edgesum) identical 1 line
07-01 19:06:54.325 12191 12415 I mobile-ffmpeg:
07-01 19:06:54.325 12191 12415 I mobile-ffmpeg:     major_brand     :
07-01 19:06:54.325 12191 12415 I mobile-ffmpeg:
07-01 19:06:54.325 12191 12415 I chatty  : uid=10100(com.example.edgesum) identical 1 line
07-01 19:06:54.325 12191 12415 I mobile-ffmpeg:
07-01 19:06:54.325 12191 12415 I mobile-ffmpeg: isom
07-01 19:06:54.325 12191 12415 I mobile-ffmpeg:
07-01 19:06:54.325 12191 12415 I chatty  : uid=10100(com.example.edgesum) identical 1 line
07-01 19:06:54.325 12191 12415 I mobile-ffmpeg:
07-01 19:06:54.325 12191 12415 I mobile-ffmpeg:
07-01 19:06:54.325 12191 12415 I mobile-ffmpeg:
07-01 19:06:54.325 12191 12415 I chatty  : uid=10100(com.example.edgesum) identical 1 line
07-01 19:06:54.325 12191 12415 I mobile-ffmpeg:
07-01 19:06:54.325 12191 12415 I mobile-ffmpeg:     minor_version   :
07-01 19:06:54.325 12191 12415 I mobile-ffmpeg:
07-01 19:06:54.325 12191 12415 I chatty  : uid=10100(com.example.edgesum) identical 1 line
07-01 19:06:54.325 12191 12415 I mobile-ffmpeg:
07-01 19:06:54.325 12191 12415 I mobile-ffmpeg: 512
07-01 19:06:54.325 12191 12415 I mobile-ffmpeg:
07-01 19:06:54.325 12191 12415 I chatty  : uid=10100(com.example.edgesum) identical 1 line
07-01 19:06:54.325 12191 12415 I mobile-ffmpeg:
07-01 19:06:54.325 12191 12415 I mobile-ffmpeg:
07-01 19:06:54.325 12191 12415 I mobile-ffmpeg:
07-01 19:06:54.325 12191 12415 I chatty  : uid=10100(com.example.edgesum) identical 1 line
07-01 19:06:54.325 12191 12415 I mobile-ffmpeg:
07-01 19:06:54.325 12191 12415 I mobile-ffmpeg:     compatible_brands:
07-01 19:06:54.325 12191 12415 I mobile-ffmpeg:
07-01 19:06:54.325 12191 12415 I chatty  : uid=10100(com.example.edgesum) identical 1 line
07-01 19:06:54.326 12191 12415 I mobile-ffmpeg:
07-01 19:06:54.326 12191 12415 I mobile-ffmpeg: isomiso2avc1mp41
07-01 19:06:54.326 12191 12415 I mobile-ffmpeg:
07-01 19:06:54.326 12191 12415 I chatty  : uid=10100(com.example.edgesum) identical 1 line
07-01 19:06:54.326 12191 12415 I mobile-ffmpeg:
07-01 19:06:54.326 12191 12415 I mobile-ffmpeg:
07-01 19:06:54.326 12191 12415 I mobile-ffmpeg:
07-01 19:06:54.326 12191 12415 I chatty  : uid=10100(com.example.edgesum) identical 1 line
07-01 19:06:54.326 12191 12415 I mobile-ffmpeg:
07-01 19:06:54.326 12191 12415 I mobile-ffmpeg:     encoder         :
07-01 19:06:54.326 12191 12415 I mobile-ffmpeg:
07-01 19:06:54.326 12191 12415 I chatty  : uid=10100(com.example.edgesum) identical 1 line
07-01 19:06:54.326 12191 12415 I mobile-ffmpeg:
07-01 19:06:54.326 12191 12415 I mobile-ffmpeg: Lavf58.28.101
07-01 19:06:54.326 12191 12415 I mobile-ffmpeg:
07-01 19:06:54.326 12191 12415 I chatty  : uid=10100(com.example.edgesum) identical 1 line
07-01 19:06:54.326 12191 12415 I mobile-ffmpeg:
07-01 19:06:54.326 12191 12415 I mobile-ffmpeg:
07-01 19:06:54.326 12191 12415 I mobile-ffmpeg:
07-01 19:06:54.326 12191 12415 I chatty  : uid=10100(com.example.edgesum) identical 1 line
07-01 19:06:54.326 12191 12415 I mobile-ffmpeg:
07-01 19:06:54.326 12191 12415 I mobile-ffmpeg:   Duration:
07-01 19:06:54.326 12191 12415 I mobile-ffmpeg:
07-01 19:06:54.326 12191 12415 I chatty  : uid=10100(com.example.edgesum) identical 1 line
07-01 19:06:54.326 12191 12415 I mobile-ffmpeg:
07-01 19:06:54.326 12191 12415 I mobile-ffmpeg: 00:00:16.02
07-01 19:06:54.327 12191 12415 I mobile-ffmpeg:
07-01 19:06:54.327 12191 12415 I chatty  : uid=10100(com.example.edgesum) identical 1 line
07-01 19:06:54.327 12191 12415 I mobile-ffmpeg:
07-01 19:06:54.327 12191 12415 I mobile-ffmpeg: , start:
07-01 19:06:54.327 12191 12415 I mobile-ffmpeg:
07-01 19:06:54.327 12191 12415 I chatty  : uid=10100(com.example.edgesum) identical 1 line
07-01 19:06:54.327 12191 12415 I mobile-ffmpeg:
07-01 19:06:54.327 12191 12415 I mobile-ffmpeg: 0.000000
07-01 19:06:54.327 12191 12415 I mobile-ffmpeg:
07-01 19:06:54.327 12191 12415 I chatty  : uid=10100(com.example.edgesum) identical 1 line
07-01 19:06:54.327 12191 12415 I mobile-ffmpeg:
07-01 19:06:54.327 12191 12415 I mobile-ffmpeg: , bitrate:
07-01 19:06:54.327 12191 12415 I mobile-ffmpeg:
07-01 19:06:54.327 12191 12415 I chatty  : uid=10100(com.example.edgesum) identical 1 line
07-01 19:06:54.327 12191 12415 I mobile-ffmpeg:
07-01 19:06:54.327 12191 12415 I mobile-ffmpeg: 8450 kb/s
07-01 19:06:54.327 12191 12415 I mobile-ffmpeg:
07-01 19:06:54.327 12191 12415 I chatty  : uid=10100(com.example.edgesum) identical 1 line
07-01 19:06:54.327 12191 12415 I mobile-ffmpeg:
07-01 19:06:54.327 12191 12415 I mobile-ffmpeg:
07-01 19:06:54.327 12191 12415 I mobile-ffmpeg:
07-01 19:06:54.327 12191 12415 I chatty  : uid=10100(com.example.edgesum) identical 1 line
07-01 19:06:54.327 12191 12415 I mobile-ffmpeg:
07-01 19:06:54.327 12191 12415 I mobile-ffmpeg:     Stream #0:0
07-01 19:06:54.327 12191 12415 I mobile-ffmpeg:
07-01 19:06:54.327 12191 12415 I chatty  : uid=10100(com.example.edgesum) identical 1 line
07-01 19:06:54.327 12191 12415 I mobile-ffmpeg:
07-01 19:06:54.327 12191 12415 I mobile-ffmpeg: (eng)
07-01 19:06:54.328 12191 12415 I mobile-ffmpeg:
07-01 19:06:54.328 12191 12415 I chatty  : uid=10100(com.example.edgesum) identical 1 line
07-01 19:06:54.328 12191 12415 I mobile-ffmpeg:
07-01 19:06:54.328 12191 12415 I mobile-ffmpeg: : Video: h264 (avc1 / 0x31637661), yuvj420p(pc, bt709), 1280x720, 8398 kb/s
07-01 19:06:54.328 12191 12415 I mobile-ffmpeg:
07-01 19:06:54.328 12191 12415 I chatty  : uid=10100(com.example.edgesum) identical 1 line
07-01 19:06:54.328 12191 12415 I mobile-ffmpeg:
07-01 19:06:54.328 12191 12415 I mobile-ffmpeg: ,
07-01 19:06:54.328 12191 12415 I mobile-ffmpeg:
07-01 19:06:54.328 12191 12415 I chatty  : uid=10100(com.example.edgesum) identical 1 line
07-01 19:06:54.328 12191 12415 I mobile-ffmpeg:
07-01 19:06:54.328 12191 12415 I mobile-ffmpeg: 29.97 fps,
07-01 19:06:54.328 12191 12415 I mobile-ffmpeg:
07-01 19:06:54.328 12191 12415 I chatty  : uid=10100(com.example.edgesum) identical 1 line
07-01 19:06:54.328 12191 12415 I mobile-ffmpeg:
07-01 19:06:54.328 12191 12415 I mobile-ffmpeg: 29.97 tbr,
07-01 19:06:54.328 12191 12415 I mobile-ffmpeg:
07-01 19:06:54.328 12191 12415 I chatty  : uid=10100(com.example.edgesum) identical 1 line
07-01 19:06:54.328 12191 12415 I mobile-ffmpeg:
07-01 19:06:54.328 12191 12415 I mobile-ffmpeg: 16k tbn,
07-01 19:06:54.328 12191 12415 I mobile-ffmpeg:
07-01 19:06:54.328 12191 12415 I chatty  : uid=10100(com.example.edgesum) identical 1 line
07-01 19:06:54.328 12191 12415 I mobile-ffmpeg:
07-01 19:06:54.328 12191 12415 I mobile-ffmpeg: 32k tbc
07-01 19:06:54.328 12191 12415 I mobile-ffmpeg:
07-01 19:06:54.328 12191 12415 I chatty  : uid=10100(com.example.edgesum) identical 1 line
07-01 19:06:54.329 12191 12415 I mobile-ffmpeg:
07-01 19:06:54.329 12191 12415 I mobile-ffmpeg:  (default)
07-01 19:06:54.329 12191 12415 I mobile-ffmpeg:
07-01 19:06:54.329 12191 12415 I chatty  : uid=10100(com.example.edgesum) identical 1 line
07-01 19:06:54.329 12191 12415 I mobile-ffmpeg:
07-01 19:06:54.329 12191 12415 I mobile-ffmpeg:
07-01 19:06:54.329 12191 12415 I mobile-ffmpeg:
07-01 19:06:54.329 12191 12415 I chatty  : uid=10100(com.example.edgesum) identical 1 line
07-01 19:06:54.329 12191 12415 I mobile-ffmpeg:
07-01 19:06:54.329 12191 12415 I mobile-ffmpeg:     Metadata:
07-01 19:06:54.329 12191 12415 I mobile-ffmpeg:
07-01 19:06:54.329 12191 12415 I chatty  : uid=10100(com.example.edgesum) identical 1 line
07-01 19:06:54.329 12191 12415 I mobile-ffmpeg:
07-01 19:06:54.329 12191 12415 I mobile-ffmpeg:       handler_name    :
07-01 19:06:54.329 12191 12415 I mobile-ffmpeg:
07-01 19:06:54.329 12191 12415 I chatty  : uid=10100(com.example.edgesum) identical 1 line
07-01 19:06:54.329 12191 12415 I mobile-ffmpeg:
07-01 19:06:54.329 12191 12415 I mobile-ffmpeg: PittaSoft Video Media Handler
07-01 19:06:54.329 12191 12415 I mobile-ffmpeg:
07-01 19:06:54.329 12191 12415 I chatty  : uid=10100(com.example.edgesum) identical 1 line
07-01 19:06:54.329 12191 12415 I mobile-ffmpeg:
07-01 19:06:54.329 12191 12415 I mobile-ffmpeg:
07-01 19:06:54.329 12191 12415 I mobile-ffmpeg:
07-01 19:06:54.329 12191 12415 I chatty  : uid=10100(com.example.edgesum) identical 1 line
07-01 19:06:54.329 12191 12415 I mobile-ffmpeg:
07-01 19:06:54.329 12191 12415 I mobile-ffmpeg:     Stream #0:1
07-01 19:06:54.329 12191 12415 I mobile-ffmpeg:
07-01 19:06:54.329 12191 12415 I chatty  : uid=10100(com.example.edgesum) identical 1 line
07-01 19:06:54.330 12191 12415 I mobile-ffmpeg:
07-01 19:06:54.330 12191 12415 I mobile-ffmpeg: (eng)
07-01 19:06:54.330 12191 12415 I mobile-ffmpeg:
07-01 19:06:54.330 12191 12415 I chatty  : uid=10100(com.example.edgesum) identical 1 line
07-01 19:06:54.330 12191 12415 I mobile-ffmpeg:
07-01 19:06:54.330 12191 12415 I mobile-ffmpeg: : Audio: aac (mp4a / 0x6134706D), 16000 Hz, stereo, fltp, 47 kb/s
07-01 19:06:54.330 12191 12415 I mobile-ffmpeg:
07-01 19:06:54.330 12191 12415 I chatty  : uid=10100(com.example.edgesum) identical 1 line
07-01 19:06:54.330 12191 12415 I mobile-ffmpeg:
07-01 19:06:54.330 12191 12415 I mobile-ffmpeg:  (default)
07-01 19:06:54.330 12191 12415 I mobile-ffmpeg:
07-01 19:06:54.330 12191 12415 I chatty  : uid=10100(com.example.edgesum) identical 1 line
07-01 19:06:54.330 12191 12415 I mobile-ffmpeg:
07-01 19:06:54.330 12191 12415 I mobile-ffmpeg:
07-01 19:06:54.330 12191 12415 I mobile-ffmpeg:
07-01 19:06:54.330 12191 12415 I chatty  : uid=10100(com.example.edgesum) identical 1 line
07-01 19:06:54.330 12191 12415 I mobile-ffmpeg:
07-01 19:06:54.330 12191 12415 I mobile-ffmpeg:     Metadata:
07-01 19:06:54.330 12191 12415 I mobile-ffmpeg:
07-01 19:06:54.330 12191 12415 I chatty  : uid=10100(com.example.edgesum) identical 1 line
07-01 19:06:54.330 12191 12415 I mobile-ffmpeg:
07-01 19:06:54.330 12191 12415 I mobile-ffmpeg:       handler_name    :
07-01 19:06:54.330 12191 12415 I mobile-ffmpeg:
07-01 19:06:54.330 12191 12415 I chatty  : uid=10100(com.example.edgesum) identical 1 line
07-01 19:06:54.330 12191 12415 I mobile-ffmpeg:
07-01 19:06:54.330 12191 12415 I mobile-ffmpeg: PittaSoft Sound Media Handler
07-01 19:06:54.331 12191 12415 I mobile-ffmpeg:
07-01 19:06:54.331 12191 12415 I chatty  : uid=10100(com.example.edgesum) identical 1 line
07-01 19:06:54.331 12191 12415 I mobile-ffmpeg:
07-01 19:06:54.331 12191 12415 I mobile-ffmpeg:
07-01 19:06:54.331 12191 12415 I mobile-ffmpeg:
07-01 19:06:54.331 12191 12415 I chatty  : uid=10100(com.example.edgesum) identical 1 line
07-01 19:06:54.331 12191 12415 I mobile-ffmpeg:
07-01 19:06:54.331 12191 12415 I mobile-ffmpeg: Stream mapping:
07-01 19:06:54.331 12191 12415 I mobile-ffmpeg:
07-01 19:06:54.331 12191 12415 I chatty  : uid=10100(com.example.edgesum) identical 1 line
07-01 19:06:54.331 12191 12415 I mobile-ffmpeg:
07-01 19:06:54.331 12191 12415 I mobile-ffmpeg:   Stream #0:0 -> #0:0
07-01 19:06:54.331 12191 12415 I mobile-ffmpeg:
07-01 19:06:54.331 12191 12415 I chatty  : uid=10100(com.example.edgesum) identical 1 line
07-01 19:06:54.331 12191 12415 I mobile-ffmpeg:
07-01 19:06:54.331 12191 12415 I mobile-ffmpeg:  (h264 (native) -> wrapped_avframe (native))
07-01 19:06:54.331 12191 12415 I mobile-ffmpeg:
07-01 19:06:54.331 12191 12415 I chatty  : uid=10100(com.example.edgesum) identical 1 line
07-01 19:06:54.331 12191 12415 I mobile-ffmpeg:
07-01 19:06:54.331 12191 12415 I mobile-ffmpeg:
07-01 19:06:54.331 12191 12415 I mobile-ffmpeg:
07-01 19:06:54.331 12191 12415 I chatty  : uid=10100(com.example.edgesum) identical 1 line
07-01 19:06:54.331 12191 12415 I mobile-ffmpeg:
07-01 19:06:54.331 12191 12415 I mobile-ffmpeg:   Stream #0:1 -> #0:1
07-01 19:06:54.331 12191 12415 I mobile-ffmpeg:
07-01 19:06:54.332 12191 12415 I chatty  : uid=10100(com.example.edgesum) identical 1 line
07-01 19:06:54.332 12191 12415 I mobile-ffmpeg:
07-01 19:06:54.332 12191 12415 I mobile-ffmpeg:  (aac (native) -> pcm_s16le (native))
07-01 19:06:54.332 12191 12415 I mobile-ffmpeg:
07-01 19:06:54.332 12191 12415 I chatty  : uid=10100(com.example.edgesum) identical 1 line
07-01 19:06:54.332 12191 12415 I mobile-ffmpeg:
07-01 19:06:54.332 12191 12415 I mobile-ffmpeg:
07-01 19:06:54.332 12191 12415 I mobile-ffmpeg:
07-01 19:06:54.332 12191 12415 I chatty  : uid=10100(com.example.edgesum) identical 1 line
07-01 19:06:54.332 12191 12415 I mobile-ffmpeg:
07-01 19:06:54.332 12191 12415 I mobile-ffmpeg: Press [q] to stop, [?] for help
07-01 19:06:54.332 12191 12415 I mobile-ffmpeg:
07-01 19:06:54.332 12191 12415 I chatty  : uid=10100(com.example.edgesum) identical 1 line
07-01 19:06:54.332 12191 12415 I mobile-ffmpeg:
07-01 19:06:54.332 12191 12415 I mobile-ffmpeg: frame=    0 fps=0.0 q=0.0 size=N/A time=-577014:32:22.77 bitrate=N/A speed=N/A
07-01 19:06:54.382 12191 12415 I mobile-ffmpeg:
07-01 19:06:54.382 12191 12415 I chatty  : uid=10100(com.example.edgesum) identical 1 line
07-01 19:06:54.382 12191 12415 I mobile-ffmpeg:
07-01 19:06:54.382 12191 12415 I mobile-ffmpeg: Output #0, null, to 'pipe:':
07-01 19:06:54.382 12191 12415 I mobile-ffmpeg:
07-01 19:06:54.383 12191 12415 I chatty  : uid=10100(com.example.edgesum) identical 1 line
07-01 19:06:54.383 12191 12415 I mobile-ffmpeg:
07-01 19:06:54.383 12191 12415 I mobile-ffmpeg:   Metadata:
07-01 19:06:54.383 12191 12415 I mobile-ffmpeg:
07-01 19:06:54.383 12191 12415 I chatty  : uid=10100(com.example.edgesum) identical 1 line
07-01 19:06:54.383 12191 12415 I mobile-ffmpeg:
07-01 19:06:54.383 12191 12415 I mobile-ffmpeg:     major_brand     :
07-01 19:06:54.383 12191 12415 I mobile-ffmpeg:
07-01 19:06:54.383 12191 12415 I chatty  : uid=10100(com.example.edgesum) identical 1 line
07-01 19:06:54.383 12191 12415 I mobile-ffmpeg:
07-01 19:06:54.383 12191 12415 I mobile-ffmpeg: isom
07-01 19:06:54.383 12191 12415 I mobile-ffmpeg:
07-01 19:06:54.383 12191 12415 I chatty  : uid=10100(com.example.edgesum) identical 1 line
07-01 19:06:54.383 12191 12415 I mobile-ffmpeg:
07-01 19:06:54.383 12191 12415 I mobile-ffmpeg:
07-01 19:06:54.383 12191 12415 I mobile-ffmpeg:
07-01 19:06:54.383 12191 12415 I chatty  : uid=10100(com.example.edgesum) identical 1 line
07-01 19:06:54.383 12191 12415 I mobile-ffmpeg:
07-01 19:06:54.383 12191 12415 I mobile-ffmpeg:     minor_version   :
07-01 19:06:54.383 12191 12415 I mobile-ffmpeg:
07-01 19:06:54.383 12191 12415 I chatty  : uid=10100(com.example.edgesum) identical 1 line
07-01 19:06:54.383 12191 12415 I mobile-ffmpeg:
07-01 19:06:54.383 12191 12415 I mobile-ffmpeg: 512
07-01 19:06:54.383 12191 12415 I mobile-ffmpeg:
07-01 19:06:54.383 12191 12415 I chatty  : uid=10100(com.example.edgesum) identical 1 line
07-01 19:06:54.383 12191 12415 I mobile-ffmpeg:
07-01 19:06:54.383 12191 12415 I mobile-ffmpeg:
07-01 19:06:54.383 12191 12415 I mobile-ffmpeg:
07-01 19:06:54.383 12191 12415 I chatty  : uid=10100(com.example.edgesum) identical 1 line
07-01 19:06:54.384 12191 12415 I mobile-ffmpeg:
07-01 19:06:54.384 12191 12415 I mobile-ffmpeg:     compatible_brands:
07-01 19:06:54.384 12191 12415 I mobile-ffmpeg:
07-01 19:06:54.384 12191 12415 I chatty  : uid=10100(com.example.edgesum) identical 1 line
07-01 19:06:54.384 12191 12415 I mobile-ffmpeg:
07-01 19:06:54.384 12191 12415 I mobile-ffmpeg: isomiso2avc1mp41
07-01 19:06:54.384 12191 12415 I mobile-ffmpeg:
07-01 19:06:54.384 12191 12415 I chatty  : uid=10100(com.example.edgesum) identical 1 line
07-01 19:06:54.384 12191 12415 I mobile-ffmpeg:
07-01 19:06:54.384 12191 12415 I mobile-ffmpeg:
07-01 19:06:54.384 12191 12415 I mobile-ffmpeg:
07-01 19:06:54.384 12191 12415 I chatty  : uid=10100(com.example.edgesum) identical 1 line
07-01 19:06:54.384 12191 12415 I mobile-ffmpeg:
07-01 19:06:54.384 12191 12415 I mobile-ffmpeg:     encoder         :
07-01 19:06:54.384 12191 12415 I mobile-ffmpeg:
07-01 19:06:54.384 12191 12415 I chatty  : uid=10100(com.example.edgesum) identical 1 line
07-01 19:06:54.384 12191 12415 I mobile-ffmpeg:
07-01 19:06:54.384 12191 12415 I mobile-ffmpeg: Lavf58.28.101
07-01 19:06:54.384 12191 12415 I mobile-ffmpeg:
07-01 19:06:54.384 12191 12415 I chatty  : uid=10100(com.example.edgesum) identical 1 line
07-01 19:06:54.384 12191 12415 I mobile-ffmpeg:
07-01 19:06:54.384 12191 12415 I mobile-ffmpeg:
07-01 19:06:54.384 12191 12415 I mobile-ffmpeg:
07-01 19:06:54.384 12191 12415 I chatty  : uid=10100(com.example.edgesum) identical 1 line
07-01 19:06:54.384 12191 12415 I mobile-ffmpeg:
07-01 19:06:54.385 12191 12415 I mobile-ffmpeg:     Stream #0:0
07-01 19:06:54.385 12191 12415 I mobile-ffmpeg:
07-01 19:06:54.385 12191 12415 I chatty  : uid=10100(com.example.edgesum) identical 1 line
07-01 19:06:54.385 12191 12415 I mobile-ffmpeg:
07-01 19:06:54.385 12191 12415 I mobile-ffmpeg: (eng)
07-01 19:06:54.385 12191 12415 I mobile-ffmpeg:
07-01 19:06:54.385 12191 12415 I chatty  : uid=10100(com.example.edgesum) identical 1 line
07-01 19:06:54.385 12191 12415 I mobile-ffmpeg:
07-01 19:06:54.385 12191 12415 I mobile-ffmpeg: : Video: wrapped_avframe, yuvj420p, 1280x720, q=2-31, 200 kb/s
07-01 19:06:54.385 12191 12415 I mobile-ffmpeg:
07-01 19:06:54.385 12191 12415 I chatty  : uid=10100(com.example.edgesum) identical 1 line
07-01 19:06:54.385 12191 12415 I mobile-ffmpeg:
07-01 19:06:54.385 12191 12415 I mobile-ffmpeg: ,
07-01 19:06:54.385 12191 12415 I mobile-ffmpeg:
07-01 19:06:54.385 12191 12415 I chatty  : uid=10100(com.example.edgesum) identical 1 line
07-01 19:06:54.385 12191 12415 I mobile-ffmpeg:
07-01 19:06:54.385 12191 12415 I mobile-ffmpeg: 29.97 fps,
07-01 19:06:54.385 12191 12415 I mobile-ffmpeg:
07-01 19:06:54.385 12191 12415 I chatty  : uid=10100(com.example.edgesum) identical 1 line
07-01 19:06:54.385 12191 12415 I mobile-ffmpeg:
07-01 19:06:54.385 12191 12415 I mobile-ffmpeg: 29.97 tbn,
07-01 19:06:54.385 12191 12415 I mobile-ffmpeg:
07-01 19:06:54.385 12191 12415 I chatty  : uid=10100(com.example.edgesum) identical 1 line
07-01 19:06:54.385 12191 12415 I mobile-ffmpeg:
07-01 19:06:54.385 12191 12415 I mobile-ffmpeg: 29.97 tbc
07-01 19:06:54.385 12191 12415 I mobile-ffmpeg:
07-01 19:06:54.385 12191 12415 I chatty  : uid=10100(com.example.edgesum) identical 1 line
07-01 19:06:54.385 12191 12415 I mobile-ffmpeg:
07-01 19:06:54.385 12191 12415 I mobile-ffmpeg:  (default)
07-01 19:06:54.385 12191 12415 I mobile-ffmpeg:
07-01 19:06:54.386 12191 12415 I chatty  : uid=10100(com.example.edgesum) identical 1 line
07-01 19:06:54.386 12191 12415 I mobile-ffmpeg:
07-01 19:06:54.386 12191 12415 I mobile-ffmpeg:
07-01 19:06:54.386 12191 12415 I mobile-ffmpeg:
07-01 19:06:54.386 12191 12415 I chatty  : uid=10100(com.example.edgesum) identical 1 line
07-01 19:06:54.386 12191 12415 I mobile-ffmpeg:
07-01 19:06:54.386 12191 12415 I mobile-ffmpeg:     Metadata:
07-01 19:06:54.386 12191 12415 I mobile-ffmpeg:
07-01 19:06:54.386 12191 12415 I chatty  : uid=10100(com.example.edgesum) identical 1 line
07-01 19:06:54.386 12191 12415 I mobile-ffmpeg:
07-01 19:06:54.386 12191 12415 I mobile-ffmpeg:       handler_name    :
07-01 19:06:54.386 12191 12415 I mobile-ffmpeg:
07-01 19:06:54.386 12191 12415 I chatty  : uid=10100(com.example.edgesum) identical 1 line
07-01 19:06:54.386 12191 12415 I mobile-ffmpeg:
07-01 19:06:54.386 12191 12415 I mobile-ffmpeg: PittaSoft Video Media Handler
07-01 19:06:54.386 12191 12415 I mobile-ffmpeg:
07-01 19:06:54.386 12191 12415 I chatty  : uid=10100(com.example.edgesum) identical 1 line
07-01 19:06:54.386 12191 12415 I mobile-ffmpeg:
07-01 19:06:54.386 12191 12415 I mobile-ffmpeg:
07-01 19:06:54.386 12191 12415 I mobile-ffmpeg:
07-01 19:06:54.386 12191 12415 I chatty  : uid=10100(com.example.edgesum) identical 1 line
07-01 19:06:54.386 12191 12415 I mobile-ffmpeg:
07-01 19:06:54.386 12191 12415 I mobile-ffmpeg:       encoder         :
07-01 19:06:54.386 12191 12415 I mobile-ffmpeg:
07-01 19:06:54.386 12191 12415 I chatty  : uid=10100(com.example.edgesum) identical 1 line
07-01 19:06:54.386 12191 12415 I mobile-ffmpeg:
07-01 19:06:54.386 12191 12415 I mobile-ffmpeg: Lavc58.53.101 wrapped_avframe
07-01 19:06:54.386 12191 12415 I mobile-ffmpeg:
07-01 19:06:54.386 12191 12415 I chatty  : uid=10100(com.example.edgesum) identical 1 line
07-01 19:06:54.386 12191 12415 I mobile-ffmpeg:
07-01 19:06:54.386 12191 12415 I mobile-ffmpeg:
07-01 19:06:54.387 12191 12415 I mobile-ffmpeg:
07-01 19:06:54.387 12191 12415 I chatty  : uid=10100(com.example.edgesum) identical 1 line
07-01 19:06:54.387 12191 12415 I mobile-ffmpeg:
07-01 19:06:54.387 12191 12415 I mobile-ffmpeg:     Stream #0:1
07-01 19:06:54.387 12191 12415 I mobile-ffmpeg:
07-01 19:06:54.387 12191 12415 I chatty  : uid=10100(com.example.edgesum) identical 1 line
07-01 19:06:54.387 12191 12415 I mobile-ffmpeg:
07-01 19:06:54.387 12191 12415 I mobile-ffmpeg: (eng)
07-01 19:06:54.387 12191 12415 I mobile-ffmpeg:
07-01 19:06:54.387 12191 12415 I chatty  : uid=10100(com.example.edgesum) identical 1 line
07-01 19:06:54.387 12191 12415 I mobile-ffmpeg:
07-01 19:06:54.387 12191 12415 I mobile-ffmpeg: : Audio: pcm_s16le, 16000 Hz, stereo, s16, 512 kb/s
07-01 19:06:54.387 12191 12415 I mobile-ffmpeg:
07-01 19:06:54.387 12191 12415 I chatty  : uid=10100(com.example.edgesum) identical 1 line
07-01 19:06:54.387 12191 12415 I mobile-ffmpeg:
07-01 19:06:54.387 12191 12415 I mobile-ffmpeg:  (default)
07-01 19:06:54.387 12191 12415 I mobile-ffmpeg:
07-01 19:06:54.387 12191 12415 I chatty  : uid=10100(com.example.edgesum) identical 1 line
07-01 19:06:54.387 12191 12415 I mobile-ffmpeg:
07-01 19:06:54.387 12191 12415 I mobile-ffmpeg:
07-01 19:06:54.387 12191 12415 I mobile-ffmpeg:
07-01 19:06:54.387 12191 12415 I chatty  : uid=10100(com.example.edgesum) identical 1 line
07-01 19:06:54.387 12191 12415 I mobile-ffmpeg:
07-01 19:06:54.387 12191 12415 I mobile-ffmpeg:     Metadata:
07-01 19:06