07-02 01:34:14.114  3836  4524 D InputMethodManagerService: windowGainedFocus: destinationUserId (getCallingUid) = 0
07-02 01:34:14.114  3836  4524 D InputMethodManagerService: windowGainedFocus: currentUserId=0
07-02 01:34:14.114  3836  4524 D InputMethodManagerService: windowGainedFocus: mCurrentFocusedUserId=0
07-02 01:34:14.114  3836  4524 D InputMethodManagerService: windowGainedFocus : lock - currentUserId = 0 destinationUserId = 0
07-02 01:34:14.114  3836  4524 D InputMethodManagerService: windowGainedFocus : mCurrentFocusedUserId - 0 and mSecureKeypadEnabled - false, userSwitched - false
07-02 01:34:14.114  3836  4524 V InputMethodManagerService: windowGainedFocus : reason=WINDOW_FOCUS_GAIN client=android.os.BinderProxy@3c28acf inputContext=null missingMethods= attribute=android.view.inputmethod.EditorInfo@c82acc0 nm = pl.solidexplorer2 controlFlags=#100 softInputMode=#10 windowFlags=#81810100
07-02 01:34:14.114  3836  4524 V InputMethodManagerService: hideCurrentInputLocked : shouldHideSoftInput is false
07-02 01:34:14.115  3836  4524 D InputMethodManagerService: checkDisplayOfStartInputAndUpdateKeyboard display Id 0last 0
07-02 01:34:14.115  3836  4524 D InputMethodManagerService: setCurrentInputInfo - inputContext : null eidtorInfo : android.view.inputmethod.EditorInfo@c82acc0 missingMethods : 0
07-02 01:34:14.115  3836  4524 D InputTransport: Input channel constructed: fd=385
07-02 01:34:14.115  3836  4524 D InputTransport: Input channel destroyed: fd=385
07-02 01:34:14.115 20355 20355 D InputTransport: Input channel constructed: fd=75
07-02 01:34:14.115 20355 20355 D InputTransport: Input channel destroyed: fd=79
07-02 01:34:14.116  6522  6522 I InputMethodWrapper:  call dispatchStartInputWithToken
07-02 01:34:14.116  6522  6522 I InputMethodService: dispatchStartInputWithToken
07-02 01:34:14.118  6522  6522 D InputMethodService: checkDisplayOfStartInputAndUpdateKeyboard display Id 0last 0
07-02 01:34:14.120 20355 20355 D Solid Explorer: From: 368 to: 368
07-02 01:34:14.125 20355 20355 E ViewRootImpl: sendUserActionEvent() returned.
07-02 01:34:14.305  3836  3926 I WindowManager: reset, Reparenting to original parent, shouldDeferScheduleAnimation=false, destroyLeash=true, surface=Surface(name=d44a7ea pl.solidexplorer2/pl.solidexplorer.SolidExplorer)/@0x4e7888d, parent=Surface(name=AppWindowToken{958b54b token=Token{816061a ActivityRecord{98becc5 u0 pl.solidexplorer2/pl.solidexplorer.SolidExplorer t46}}})/@0xbf82822, parentNativeHandle=android.os.BinderProxy@c5ae85c, caller=com.android.server.wm.SurfaceAnimator.lambda$getFinishedCallback$0:94 com.android.server.wm.-$$Lambda$SurfaceAnimator$SIBia0mND666K8lMCPsoid8pUTI.run:4 com.android.server.wm.SurfaceAnimator.lambda$getFinishedCallback$1:101 com.android.server.wm.-$$Lambda$SurfaceAnimator$vdRZk66hQVbQCvVXEaQCT1kVmFc.onAnimationFinished:4 com.android.server.wm.LocalAnimationAdapter.lambda$startAnimation$0:65
07-02 01:34:14.306  3836  3926 D SurfaceControl: reparent is called, sc=Surface(name=d44a7ea pl.solidexplorer2/pl.solidexplorer.SolidExplorer)/@0x4e7888d, newParentHandle=android.os.BinderProxy@c5ae85c, transaction=android.view.SurfaceControl$Transaction@231ea53
07-02 01:34:14.306  3836  3926 D SurfaceControl: destroy(transaction), animation-leash is destroyed, sc=Surface(name=Surface(name=d44a7ea pl.solidexplorer2/pl.solidexplorer.SolidExplorer)/@0x4e7888d - animation-leash)/@0x7b32ea7, transaction=android.view.SurfaceControl$Transaction@231ea53, caller=com.android.server.wm.SurfaceAnimator.reset:335 com.android.server.wm.SurfaceAnimator.lambda$getFinishedCallback$0:94 com.android.server.wm.-$$Lambda$SurfaceAnimator$SIBia0mND666K8lMCPsoid8pUTI.run:4 com.android.server.wm.SurfaceAnimator.lambda$getFinishedCallback$1:101 com.android.server.wm.-$$Lambda$SurfaceAnimator$vdRZk66hQVbQCvVXEaQCT1kVmFc.onAnimationFinished:4 com.android.server.wm.LocalAnimationAdapter.lambda$startAnimation$0:65 com.android.server.wm.-$$Lambda$LocalAnimationAdapter$X--EomqUvw4qy89IeeTFTH7aCMo.run:4
07-02 01:34:14.307  3836  3926 E WindowManager: win=Window{d44a7ea u0 pl.solidexplorer2/pl.solidexplorer.SolidExplorer EXITING} destroySurfaces: appStopped=false win.mWindowRemovalAllowed=true win.mRemoveOnExit=true win.mViewVisibility=0 caller=com.android.server.wm.AppWindowToken.destroySurfaces:870 com.android.server.wm.AppWindowToken.destroySurfaces:851 com.android.server.wm.WindowState.onExitAnimationDone:5443 com.android.server.wm.WindowStateAnimator.onAnimationFinished:319 com.android.server.wm.WindowState.onAnimationFinished:5865 com.android.server.wm.-$$Lambda$yVRF8YoeNdTa8GR1wDStVsHu8xM.run:2 com.android.server.wm.SurfaceAnimator.lambda$getFinishedCallback$0:97
07-02 01:34:14.307  3836  3926 I WindowManager: Destroying surface Surface(name=pl.solidexplorer2/pl.solidexplorer.SolidExplorer[20355])/@0x120b851 called by com.android.server.wm.WindowStateAnimator.destroySurface:1880 com.android.server.wm.WindowStateAnimator.destroySurfaceLocked:838 com.android.server.wm.WindowState.destroySurfaceUnchecked:3847 com.android.server.wm.WindowState.destroySurface:3828 com.android.server.wm.AppWindowToken.destroySurfaces:870 com.android.server.wm.AppWindowToken.destroySurfaces:851 com.android.server.wm.WindowState.onExitAnimationDone:5443 com.android.server.wm.WindowStateAnimator.onAnimationFinished:319
07-02 01:34:14.308  3836  3926 D WindowManager: clearSavedLeashOnCommit, savedLeash=Surface(name=Surface(name=d44a7ea pl.solidexplorer2/pl.solidexplorer.SolidExplorer)/@0x4e7888d - animation-leash)/@0x7b32ea7, caller=com.android.server.wm.WindowContainer.removeImmediately:337 com.android.server.wm.WindowState.removeImmediately:2663 com.android.server.wm.WindowState.destroySurface:3831 com.android.server.wm.AppWindowToken.destroySurfaces:870 com.android.server.wm.AppWindowToken.destroySurfaces:851 com.android.server.wm.WindowState.onExitAnimationDone:5443
07-02 01:34:14.312  3301  3337 D Layer   : [d44a7ea pl.solidexplorer2/pl.solidexplorer.SolidExplorer#0]::reparent oldParent:[Surface(name=d44a7ea pl.solidexplorer2/pl.solidexplorer.SolidExplorer)/@0x4e7888d - animation-leash#0], newParent:[AppWindowToken{958b54b token=Token{816061a ActivityRecord{98becc5 u0 pl.solidexplorer2/pl.solidexplorer.SolidExplorer t46}}}#0]
07-02 01:34:14.321  3301  3301 I Layer   : id=1364 onRemoved pl.solidexplorer2/pl.solidexplorer.SolidExplorer[20355]#1
07-02 01:34:14.321  3301  3301 I Layer   : id=1368 onRemoved Surface(name=d44a7ea pl.solidexplorer2/pl.solidexplorer.SolidExplorer)/@0x4e7888d - animation-leash#0
07-02 01:34:14.321  3301  3301 I Layer   : id=1363 onRemoved d44a7ea pl.solidexplorer2/pl.solidexplorer.SolidExplorer#0
07-02 01:34:14.324  3836  3926 I WindowManager: reset, Reparenting to original parent, shouldDeferScheduleAnimation=false, destroyLeash=true, surface=Surface(name=Dim Layer for - Task=46)/@0xfd12089, parent=Surface(name=Task=46)/@0x12fa2b3, parentNativeHandle=android.os.BinderProxy@ada00eb, caller=com.android.server.wm.SurfaceAnimator.lambda$getFinishedCallback$0:94 com.android.server.wm.-$$Lambda$SurfaceAnimator$SIBia0mND666K8lMCPsoid8pUTI.run:4 com.android.server.wm.SurfaceAnimator.lambda$getFinishedCallback$1:101 com.android.server.wm.-$$Lambda$SurfaceAnimator$vdRZk66hQVbQCvVXEaQCT1kVmFc.onAnimationFinished:4 com.android.server.wm.LocalAnimationAdapter.lambda$startAnimation$0:65
07-02 01:34:14.324  3836  3926 D SurfaceControl: reparent is called, sc=Surface(name=Dim Layer for - Task=46)/@0xfd12089, newParentHandle=android.os.BinderProxy@ada00eb, transaction=android.view.SurfaceControl$Transaction@883f74a
07-02 01:34:14.325  3836  3926 D SurfaceControl: destroy(transaction), animation-leash is destroyed, sc=Surface(name=Surface(name=Dim Layer for - Task=46)/@0xfd12089 - animation-leash)/@0xa18aefd, transaction=android.view.SurfaceControl$Transaction@883f74a, caller=com.android.server.wm.SurfaceAnimator.reset:335 com.android.server.wm.SurfaceAnimator.lambda$getFinishedCallback$0:94 com.android.server.wm.-$$Lambda$SurfaceAnimator$SIBia0mND666K8lMCPsoid8pUTI.run:4 com.android.server.wm.SurfaceAnimator.lambda$getFinishedCallback$1:101 com.android.server.wm.-$$Lambda$SurfaceAnimator$vdRZk66hQVbQCvVXEaQCT1kVmFc.onAnimationFinished:4 com.android.server.wm.LocalAnimationAdapter.lambda$startAnimation$0:65 com.android.server.wm.-$$Lambda$LocalAnimationAdapter$X--EomqUvw4qy89IeeTFTH7aCMo.run:4
07-02 01:34:14.338  3301  3301 I Layer   : id=1369 onRemoved Surface(name=Dim Layer for - Task=46)/@0xfd12089 - animation-leash#0
07-02 01:34:14.338  3301  3301 I Layer   : id=1366 onRemoved Dim Layer for - Task=46#0
07-02 01:34:14.524  3836  4007 D InputReader: Input event(2): value=1 when=10486.548949
07-02 01:34:14.524  3836  4007 D InputReader: Input event(2): value=1 when=10486.548949
07-02 01:34:14.524  3836  4007 I InputReader: Touch event's action is 0x0 (deviceType=0) [pCnt=1, s=0.655 ] when=10486.548949
07-02 01:34:14.524  3836  4006 I InputDispatcher: Delivering touch to (4202): action: 0x4, displayId: 0, 'a2dba6c', toolType: 1
07-02 01:34:14.524  3836  4006 I InputDispatcher: Delivering touch to (4202): action: 0x4, displayId: 0, '106c8e9', toolType: 1
07-02 01:34:14.524  3836  4006 I clp-JNI : Add pinfo end.  0
07-02 01:34:14.525  3836  4006 I InputDispatcher: Delivering touch to (20355): action: 0x0, displayId: 0, 'b258b65', toolType: 1
07-02 01:34:14.525 20355 20355 D ViewRootImpl@af9f27[SolidExplorer]: ViewPostIme pointer 0
07-02 01:34:14.557  3836  5392 I AccessibilityManagerService: semIsAccessibilityServiceEnabled()
07-02 01:34:14.558  3836  5392 I chatty  : uid=1000(system) Binder:3836_14 identical 1 line
07-02 01:34:14.560  3836  5392 I AccessibilityManagerService: semIsAccessibilityServiceEnabled()
07-02 01:34:14.607  3836  4007 D InputReader: Input event(2): value=0 when=10486.632511
07-02 01:34:14.608  3836  4007 D InputReader: Input event(2): value=0 when=10486.632511
07-02 01:34:14.608  3836  4007 I InputReader: Touch event's action is 0x1 (deviceType=0) [pCnt=1, s=] when=10486.632511
07-02 01:34:14.608  3836  4006 I clp-JNI : Add pinfo.  (channel) b258b65 pl.solidexplorer2/pl.solidexplorer.SolidExplorer (server) (pkg) AppWindowToken{958b54b token=Token{816061a ActivityRecord{98becc5 u0 pl.solidexplorer2/pl.solidexplorer.SolidExplorer t46}}} 20355 10218 (action) 1
07-02 01:34:14.608  3836  4006 I clp-JNI : Add pinfo end.  1
07-02 01:34:14.608  3836  4006 I InputDispatcher: Delivering touch to (20355): action: 0x1, displayId: 0, 'b258b65', toolType: 1
07-02 01:34:14.610  3836  3836 D CustomFrequencyManagerService: acquireDVFSLockLocked : type : DVFS_MIN_LIMIT  frequency : 1261000  uid : 1000  pid : 3836  pkgName : SMOOTH_SCROLL@CPU_MIN@51
07-02 01:34:14.610  3836  3836 D CustomFrequencyManagerService: releaseDVFSLockLocked : Getting Lock type frm List : DVFS_MIN_LIMIT  frequency : 1261000  uid : 1000  pid : 3836  tag : SMOOTH_SCROLL@CPU_MIN@51
07-02 01:34:14.615  3836  3836 D GameManagerService: identifyGamePackage. pl.solidexplorer2
07-02 01:34:14.615  3836  3836 D GamePkgDataHelper: getGamePkgData(). pl.solidexplorer2
07-02 01:34:14.615  3836  3836 D CustomFrequencyManagerService: acquireDVFSLockLocked : type : DVFS_MIN_LIMIT  frequency : 858000  uid : 1000  pid : 3836  pkgName : GESTURE_DETECTED@CPU_MIN@54
07-02 01:34:14.617 20355 20355 D ViewRootImpl@af9f27[SolidExplorer]: ViewPostIme pointer 1
07-02 01:34:14.619  3836  3836 D GameManagerService: identifyGamePackage. pl.solidexplorer2
07-02 01:34:14.619  3836  3836 D GamePkgDataHelper: getGamePkgData(). pl.solidexplorer2
07-02 01:34:14.619  3836  3836 D CustomFrequencyManagerService: acquireDVFSLockLocked : type : DVFS_MIN_LIMIT  frequency : 858000  uid : 1000  pid : 3836  pkgName : GESTURE_DETECTED@CPU_MIN@54
07-02 01:34:14.770  3486  4116 D bauth_FPBAuthService: pcf : 0x1012, 0 ,2 ,0 ,0 ,0 ,2,
07-02 01:34:14.770  3486  4116 D bauth_FPBAuthService: thread id : 2, preenroll_flag : 0, nd cnt : 1, cso : 0, et : 0
07-02 01:34:14.770  3486  4116 D bauth_FPBAuthService: FPBAuthService, 9983
07-02 01:34:14.835  3836  4524 I WifiService: releaseWifiLock uid=10218
07-02 01:34:15.277  6069  6299 D ContactsProvider_EventLog: contents_sample_state: [CONTACT contacts(91) data(699) accounts({com.osp.app.signin (5)=3, vnd.sec.contact.phone (1)=29, com.google (29)=69}) accounts deleted({}) calls([logtype:100 cnt:692, logtype:200 cnt:10, logtype:300 cnt:490]) countryIso(AU) userId(0)  ]
07-02 01:34:15.277  6069  6299 D ContactsProvider_EventLog: contents_sample_state: [ agr({[29]=17, [3]=41, [1]=23, [3 ,1]=4, [39]=1, [3 ,29]=1, [3 ,1 ,1]=1, [3 ,5]=3})  ]
07-02 01:34:15.277  6069  6299 D ContactsProvider_EventLog: contents_sample_state: [ actCnt({android.process.acore(6069)=1, com.samsung.android.oneconnect:Core(9143)=1})  ]
07-02 01:34:15.277  6069  6299 D ContactsProvider_EventLog: contents_sample_state: [PROFILE contacts(0) data(0) accounts({})  ] [SAPROFILE contacts(1) data(13) accounts({vnd.sec.contact.phone (1)=1})  ]
07-02 01:34:15.277  6069  6299 D ContactsProvider_EventLog: contents_sample_state: [STORAGE Contacts(CE) Profile(CE) SAProfile(CE) CallLog(CE)  ]
07-02 01:34:15.384  3836  4007 D InputReader: Input event(2): value=1 when=10487.408969
07-02 01:34:15.384  3836  4007 D InputReader: Input event(2): value=1 when=10487.408969
07-02 01:34:15.384  3836  4007 I InputReader: Touch event's action is 0x0 (deviceType=0) [pCnt=1, s=0.656 ] when=10487.408969
07-02 01:34:15.385  3836  4006 I InputDispatcher: Delivering touch to (4202): action: 0x4, displayId: 0, 'a2dba6c', toolType: 1
07-02 01:34:15.385  3836  4006 I InputDispatcher: Delivering touch to (4202): action: 0x4, displayId: 0, '106c8e9', toolType: 1
07-02 01:34:15.385  3836  4006 I clp-JNI : Add pinfo end.  0
07-02 01:34:15.385  3836  4006 I InputDispatcher: Delivering touch to (20355): action: 0x0, displayId: 0, 'b258b65', toolType: 1
07-02 01:34:15.385 20355 20355 D ViewRootImpl@af9f27[SolidExplorer]: ViewPostIme pointer 0
07-02 01:34:15.468  3836  4007 D InputReader: Input event(2): value=0 when=10487.492208
07-02 01:34:15.468  3836  4007 D InputReader: Input event(2): value=0 when=10487.492208
07-02 01:34:15.468  3836  4007 I InputReader: Touch event's action is 0x1 (deviceType=0) [pCnt=1, s=] when=10487.492208
07-02 01:34:15.469  3836  4006 I clp-JNI : Add pinfo.  (channel) b258b65 pl.solidexplorer2/pl.solidexplorer.SolidExplorer (server) (pkg) AppWindowToken{958b54b token=Token{816061a ActivityRecord{98becc5 u0 pl.solidexplorer2/pl.solidexplorer.SolidExplorer t46}}} 20355 10218 (action) 1
07-02 01:34:15.469  3836  4006 I clp-JNI : Add pinfo end.  1
07-02 01:34:15.469  3836  4006 I InputDispatcher: Delivering touch to (20355): action: 0x1, displayId: 0, 'b258b65', toolType: 1
07-02 01:34:15.471 20355 20355 D ViewRootImpl@af9f27[SolidExplorer]: ViewPostIme pointer 1
07-02 01:34:15.507  3836  4524 D InputTransport: Input channel constructed: fd=385
07-02 01:34:15.507  3836  4524 D InputTransport: Input channel constructed: fd=391
07-02 01:34:15.508  3836  4524 V WindowManager: Changing focus from Window{b258b65 u0 pl.solidexplorer2/pl.solidexplorer.SolidExplorer} to Window{e23c0b5 u0 PopupWindow:9e192ab} Callers=com.android.server.wm.WindowManagerService.addWindow:1786 com.android.server.wm.Session.addToDisplayForTranslate:244 android.view.IWindowSession$Stub.onTransact:208 com.android.server.wm.Session.onTransact:186
07-02 01:34:15.508  3836  4524 D StatusBarManagerService: notifyRequestedSystemKey recent=false home=false
07-02 01:34:15.509  3836  3853 D WindowManager: setSystemUiVisibility: vis= 0x8008, fullscreenVis= 0x0, dockedVis= 0x0, win=Window{e23c0b5 u0 PopupWindow:9e192ab}
07-02 01:34:15.509  3836  4524 D InputDispatcher: Focus left window (20355): b258b65 0
07-02 01:34:15.509  3836  4524 D InputDispatcher: Focus entered window (20355): e23c0b5 0
07-02 01:34:15.509  3836  4524 D InputTransport: Input channel destroyed: fd=391
07-02 01:34:15.510  4202  4202 D LightBarController: onNavigationVisibilityChanged : vis = 8008, nbModeChanged = false navigationBarMode = 4
07-02 01:34:15.510  3836  5392 D SamsungPhoneWindowManager: adjustSystemUiVisibilityLw: vis=0x8008
07-02 01:34:15.510  3836  5392 D InputManager-JNI: setSystemUiVisibility dexmode: false changed: true displayid: 0 visibility: 0x8008 DD: 0x8008 OD: 0x0
07-02 01:34:15.511 20355 20355 D InputTransport: Input channel constructed: fd=78
07-02 01:34:15.511  3836  3864 D WindowManager: reportFocusChangedSerialized, focused=true, inTouchMode=true, win=Window{e23c0b5 u0 PopupWindow:9e192ab}
07-02 01:34:15.513 20355 20355 D ViewRootImpl@8b56ec6[PopupWindow:9e192ab]: setView = android.widget.PopupWindow$PopupDecorView{24ae87 V.E...... R.....I. 0,0-0,0} TM=true MM=false
07-02 01:34:15.514 20355 20375 W SolidExplorer: pl.solidexplorer.panel.explorer.Explorer$Observer$1#runBitchRun(Explorer.java:1535)
07-02 01:34:15.514 20355 20375 W SolidExplorer: Clearing removal list
07-02 01:34:15.520 20355 20355 V InputMethodManager: Not IME target window, ignoring
07-02 01:34:15.520 20355 20355 D ViewRootImpl@8b56ec6[PopupWindow:9e192ab]: dispatchAttachedToWindow
07-02 01:34:15.526  3836  5392 V WindowManager: Relayout Window{e23c0b5 u0 PopupWindow:9e192ab}: viewVisibility=0 req=440x620 {(272,36)(440x620) gr=TOP START CENTER DISPLAY_CLIP_VERTICAL sim={state=unchanged adjust=resize} ty=APPLICATION_SUB_PANEL fmt=TRANSLUCENT surfaceInsets=Rect(64, 64 - 64, 64) (manual)
07-02 01:34:15.526  3836  5392 V WindowManager:   fl=LAYOUT_NO_LIMITS ALT_FOCUSABLE_IM WATCH_OUTSIDE_TOUCH SPLIT_TOUCH HARDWARE_ACCELERATED FLAG_LAYOUT_ATTACHED_IN_DECOR
07-02 01:34:15.526  3836  5392 V WindowManager:   pfl=WILL_NOT_REPLACE_ON_RELAUNCH LAYOUT_CHILD_WINDOW_IN_PARENT_FRAME naviIconColor=0}
07-02 01:34:15.587  3836  5392 V WindowManager: Resize reasons for w=Window{e23c0b5 u0 PopupWindow:9e192ab}:  contentInsetsChanged=false [0,0][0,0] visibleInsetsChanged=false [0,0][0,0] stableInsetsChanged=true [0,12][0,0] outsetsChanged=false [0,0][0,0] surfaceResized=false configChanged=true dragResizingChanged=false reportOrientationChanged=false displayCutoutChanged=false nextForceRelayoutToClient=false
07-02 01:34:15.603  3836  5392 D WindowManager: makeSurface duration=3 name=PopupWindow:9e192ab[20355]
07-02 01:34:15.607 20355 20355 D ViewRootImpl@8b56ec6[PopupWindow:9e192ab]: Relayout returned: old=[0,48][720,1384] new=[272,36][712,656] result=0x7 surface={valid=true 486335119360} changed=true
07-02 01:34:15.613 20355 20400 D mali_winsys: EGLint new_window_surface(egl_winsys_display *, void *, EGLSurface, EGLConfig, egl_winsys_surface **, EGLBoolean) returns 0x3000
07-02 01:34:15.613 20355 20400 D OpenGLRenderer: eglCreateWindowSurface = 0x713bda9f80, 0x713bd50010
07-02 01:34:15.617  3836  3836 D CustomFrequencyManagerService: releaseDVFSLockLocked : Getting Lock type frm List : DVFS_MIN_LIMIT  frequency : 858000  uid : 1000  pid : 3836  tag : GESTURE_DETECTED@CPU_MIN@54
07-02 01:34:15.654 20355 20355 D AbsListView:  in onLayout changed
07-02 01:34:15.658 20355 20355 D ViewRootImpl@8b56ec6[PopupWindow:9e192ab]: MSG_WINDOW_FOCUS_CHANGED 1 1
07-02 01:34:15.659 20355 20355 V InputMethodManager: Not IME target window, ignoring
07-02 01:34:15.682  3836  4524 D WindowManager: finishDrawingWindow: Window{e23c0b5 u0 PopupWindow:9e192ab} mDrawState=DRAW_PENDING
07-02 01:34:15.684 20355 20355 D ViewRootImpl@8b56ec6[PopupWindow:9e192ab]: MSG_RESIZED: frame=Rect(272, 36 - 712, 656) ci=Rect(0, 0 - 0, 0) vi=Rect(0, 0 - 0, 0) or=1
07-02 01:34:15.684  3836  3926 I WindowManager: commitFinishDrawingLocked: mDrawState=READY_TO_SHOW Surface(name=PopupWindow:9e192ab[20355])/@0xaee634a
07-02 01:34:15.687  3836  3926 I WindowManager: commitFinishDrawingLocked: mDrawState=READY_TO_SHOW Surface(name=PopupWindow:9e192ab[20355])/@0xaee634a
07-02 01:34:15.687  3836  3926 V WindowManager: performShowLocked: mDrawState=HAS_DRAWN in Window{e23c0b5 u0 PopupWindow:9e192ab}
07-02 01:34:15.696  3836  4524 V WindowManager: Relayout Window{e23c0b5 u0 PopupWindow:9e192ab}: viewVisibility=0 req=440x620 {(272,36)(440x620) gr=TOP START CENTER DISPLAY_CLIP_VERTICAL sim={state=unchanged adjust=resize} ty=APPLICATION_SUB_PANEL fmt=TRANSLUCENT surfaceInsets=Rect(64, 64 - 64, 64) (manual)
07-02 01:34:15.696  3836  4524 V WindowManager:   fl=LAYOUT_NO_LIMITS ALT_FOCUSABLE_IM WATCH_OUTSIDE_TOUCH SPLIT_TOUCH HARDWARE_ACCELERATED FLAG_LAYOUT_ATTACHED_IN_DECOR
07-02 01:34:15.696  3836  4524 V WindowManager:   pfl=WILL_NOT_REPLACE_ON_RELAUNCH LAYOUT_CHILD_WINDOW_IN_PARENT_FRAME naviIconColor=0}
07-02 01:34:15.702 20355 20355 D ViewRootImpl@8b56ec6[PopupWindow:9e192ab]: Relayout returned: old=[272,36][712,656] new=[272,36][712,656] result=0x1 surface={valid=true 486335119360} changed=false
07-02 01:34:15.704  3836  3864 D WindowManager: reportFocusChangedSerialized, focused=false, inTouchMode=true, win=Window{b258b65 u0 pl.solidexplorer2/pl.solidexplorer.SolidExplorer}
07-02 01:34:15.724 20355 20355 D ViewRootImpl@af9f27[SolidExplorer]: MSG_WINDOW_FOCUS_CHANGED 0 1
07-02 01:34:15.724 20355 20355 D InputMethodManager: prepareNavigationBarInfo() DecorView@f641be7[SolidExplorer]
07-02 01:34:15.724 20355 20355 D InputMethodManager: getNavigationBarColor() -10263709
07-02 01:34:15.770  3486  4116 D bauth_FPBAuthService: pcf : 0x1012, 0 ,2 ,0 ,0 ,0 ,2,
07-02 01:34:15.770  3486  4116 D bauth_FPBAuthService: thread id : 2, preenroll_flag : 0, nd cnt : 1, cso : 0, et : 0
07-02 01:34:15.770  3486  4116 D bauth_FPBAuthService: FPBAuthService, 9983
07-02 01:34:15.909  3836  3845 I system_server: Background concurrent copying GC freed 399666(23MB) AllocSpace objects, 24(544KB) LOS objects, 31% free, 51MB/75MB, paused 475us total 384.251ms
07-02 01:34:15.911  3836  3842 W JavaBinder: BinderProxy is being destroyed but the application did not call unlinkToDeath to unlink all of its death recipients beforehand.  Releasing leaked death recipient: com.android.server.media.MediaSessionService$SessionManagerImpl$1
07-02 01:34:15.917  3836  3843 D SurfaceControl: finalize(protected), animation-leash is released by finalize, sc=Surface(name=Surface(name=Dim Layer for - Task=46)/@0xfd12089 - animation-leash)/@0xa18aefd, nativeObject=486628247776, caller=java.lang.Daemons$FinalizerDaemon.doFinalize:250 java.lang.Daemons$FinalizerDaemon.runInternal:237 java.lang.Daemons$Daemon.run:103 java.lang.Thread.run:764 <bottom of call stack> <bottom of call stack> <bottom of call stack>
07-02 01:34:15.917  3836  3843 D SurfaceControl: finalize(protected), animation-leash is released by finalize, sc=Surface(name=Surface(name=d44a7ea pl.solidexplorer2/pl.solidexplorer.SolidExplorer)/@0x4e7888d - animation-leash)/@0x7b32ea7, nativeObject=487367751232, caller=java.lang.Daemons$FinalizerDaemon.doFinalize:250 java.lang.Daemons$FinalizerDaemon.runInternal:237 java.lang.Daemons$Daemon.run:103 java.lang.Thread.run:764 <bottom of call stack> <bottom of call stack> <bottom of call stack>
07-02 01:34:15.918  3836  3843 D SurfaceControl: finalize(protected), animation-leash is released by finalize, sc=Surface(name=Surface(name=Dim Layer for - Task=46)/@0xfd12089 - animation-leash)/@0x6e6d8af, nativeObject=486281459360, caller=java.lang.Daemons$FinalizerDaemon.doFinalize:250 java.lang.Daemons$FinalizerDaemon.runInternal:237 java.lang.Daemons$Daemon.run:103 java.lang.Thread.run:764 <bottom of call stack> <bottom of call stack> <bottom of call stack>
07-02 01:34:15.918  3836  3843 D SurfaceControl: finalize(protected), animation-leash is released by finalize, sc=Surface(name=Surface(name=d44a7ea pl.solidexplorer2/pl.solidexplorer.SolidExplorer)/@0x4e7888d - animation-leash)/@0x3d83f90, nativeObject=486508457088, caller=java.lang.Daemons$FinalizerDaemon.doFinalize:250 java.lang.Daemons$FinalizerDaemon.runInternal:237 java.lang.Daemons$Daemon.run:103 java.lang.Thread.run:764 <bottom of call stack> <bottom of call stack> <bottom of call stack>
07-02 01:34:15.918  3836  3843 D SurfaceControl: finalize(protected), animation-leash is released by finalize, sc=Surface(name=Surface(name=dd998a6 SnapshotStartingWindow for taskId=46)/@0x57633d7 - animation-leash)/@0x1a3b2e2, nativeObject=486509756864, caller=java.lang.Daemons$FinalizerDaemon.doFinalize:250 java.lang.Daemons$FinalizerDaemon.runInternal:237 java.lang.Daemons$Daemon.run:103 java.lang.Thread.run:764 <bottom of call stack> <bottom of call stack> <bottom of call stack>
07-02 01:34:15.919  3836  3843 D SurfaceControl: finalize(protected), animation-leash is released by finalize, sc=Surface(name=Surface(name=9721158 com.android.systemui.ImageWallpaper)/@0x1b8524a - animation-leash)/@0xcc93039, nativeObject=486509758112, caller=java.lang.Daemons$FinalizerDaemon.doFinalize:250 java.lang.Daemons$FinalizerDaemon.runInternal:237 java.lang.Daemons$Daemon.run:103 java.lang.Thread.run:764 <bottom of call stack> <bottom of call stack> <bottom of call stack>
07-02 01:34:15.919  3836  3843 D SurfaceControl: finalize(protected), animation-leash is released by finalize, sc=Surface(name=Surface(name=AppWindowToken{958b54b token=Token{816061a ActivityRecord{98becc5 u0 pl.solidexplorer2/pl.solidexplorer.SolidExplorer t46}}})/@0xbf82822 - animation-leash)/@0x371167e, nativeObject=486508457184, caller=java.lang.Daemons$FinalizerDaemon.doFinalize:250 java.lang.Daemons$FinalizerDaemon.runInternal:237 java.lang.Daemons$Daemon.run:103 java.lang.Thread.run:764 <bottom of call stack> <bottom of call stack> <bottom of call stack>
07-02 01:34:15.919  3836  3843 D SurfaceControl: finalize(protected), animation-leash is released by finalize, sc=Surface(name=Surface(name=AppWindowToken{70286cf token=Token{fcddb2e ActivityRecord{92059a9 u0 com.sec.android.app.launcher/.activities.LauncherActivity t2}}})/@0xd00be0f - animation-leash)/@0xf7527df, nativeObject=485506838048, caller=java.lang.Daemons$FinalizerDaemon.doFinalize:250 java.lang.Daemons$FinalizerDaemon.runInternal:237 java.lang.Daemons$Daemon.run:103 java.lang.Thread.run:764 <bottom of call stack> <bottom of call stack> <bottom of call stack>
07-02 01:34:15.920  3836  3843 D SurfaceControl: finalize(protected), animation-leash is released by finalize, sc=Surface(name=Surface(name=9721158 com.android.systemui.ImageWallpaper)/@0x1b8524a - animation-leash)/@0xf890610, nativeObject=486508455072, caller=java.lang.Daemons$FinalizerDaemon.doFinalize:250 java.lang.Daemons$FinalizerDaemon.runInternal:237 java.lang.Daemons$Daemon.run:103 java.lang.Thread.run:764 <bottom of call stack> <bottom of call stack> <bottom of call stack>
07-02 01:34:15.920  3836  3843 D SurfaceControl: finalize(protected), animation-leash is released by finalize, sc=Surface(name=Surface(name=AppWindowToken{70286cf token=Token{fcddb2e ActivityRecord{92059a9 u0 com.sec.android.app.launcher/.activities.LauncherActivity t2}}})/@0xd00be0f - animation-leash)/@0xd90a509, nativeObject=486599634400, caller=java.lang.Daemons$FinalizerDaemon.doFinalize:250 java.lang.Daemons$FinalizerDaemon.runInternal:237 java.lang.Daemons$Daemon.run:103 java.lang.Thread.run:764 <bottom of call stack> <bottom of call stack> <bottom of call stack>
07-02 01:34:15.920  3836  3843 D SurfaceControl: finalize(protected), animation-leash is released by finalize, sc=Surface(name=Surface(name=AppWindowToken{3c6c9d token=Token{f779f74 ActivityRecord{8dd0b47 u0 com.example.edgesum/.page.main.MainActivity t47}}})/@0xabfe7d4 - animation-leash)/@0x6d5330e, nativeObject=487370725152, caller=java.lang.Daemons$FinalizerDaemon.doFinalize:250 java.lang.Daemons$FinalizerDaemon.runInternal:237 java.lang.Daemons$Daemon.run:103 java.lang.Thread.run:764 <bottom of call stack> <bottom of call stack> <bottom of call stack>
07-02 01:34:16.022  3836  4524 D WifiPermissionsUtil: canAccessScanResults: pkgName = com.sec.android.sdhms, uid = 1000
07-02 01:34:16.076  3836  4524 E BartenderActivityManager: BarTender: pid : 20254 cached=true abnormal=false kill=false stay=false release=false
07-02 01:34:16.401  3836  4007 D InputReader: Input event(2): value=1 when=10488.425635
07-02 01:34:16.401  3836  4007 D InputReader: Input event(2): value=1 when=10488.425635
07-02 01:34:16.401  3836  4007 I InputReader: Touch event's action is 0x0 (deviceType=0) [pCnt=1, s=0.657 ] when=10488.425635
07-02 01:34:16.402  3836  4006 I InputDispatcher: Delivering touch to (4202): action: 0x4, displayId: 0, 'a2dba6c', toolType: 1
07-02 01:34:16.403  3836  4006 I InputDispatcher: Delivering touch to (4202): action: 0x4, displayId: 0, '106c8e9', toolType: 1
07-02 01:34:16.403  3836  4006 I clp-JNI : Add pinfo end.  0
07-02 01:34:16.403  3836  4006 I InputDispatcher: Delivering touch to (20355): action: 0x0, displayId: 0, 'e23c0b5', toolType: 1
07-02 01:34:16.404 20355 20355 D ViewRootImpl@8b56ec6[PopupWindow:9e192ab]: ViewPostIme pointer 0
07-02 01:34:16.404  3836  4006 D PowerManagerService: [api] userActivityFromNative : 350 (event: 2 flags: 0) eventTime = 10488425
07-02 01:34:16.446  4890  4890 D io_stats: !@   8,0 r 996534 59105324 w 202755 6854256 d 12210 4927128 f 54617 55206 iot 427536 373042 th 307200 0 0 pt 0 inp 0 0 10488.470
07-02 01:34:16.458  3836  4007 D InputReader: Input event(2): value=0 when=10488.483281
07-02 01:34:16.458  3836  4007 D InputReader: Input event(2): value=0 when=10488.483281
07-02 01:34:16.458  3836  4007 I InputReader: Touch event's action is 0x1 (deviceType=0) [pCnt=1, s=] when=10488.483281
07-02 01:34:16.459  3836  4006 I clp-JNI : Add pinfo.  (channel) e23c0b5 PopupWindow:9e192ab (server) (pkg) AppWindowToken{958b54b token=Token{816061a ActivityRecord{98becc5 u0 pl.solidexplorer2/pl.solidexplorer.SolidExplorer t46}}} 20355 10218 (action) 1
07-02 01:34:16.459  3836  4006 I clp-JNI : Add pinfo end.  1
07-02 01:34:16.459  3836  4006 I InputDispatcher: Delivering touch to (20355): action: 0x1, displayId: 0, 'e23c0b5', toolType: 1
07-02 01:34:16.459 20355 20355 D ViewRootImpl@8b56ec6[PopupWindow:9e192ab]: ViewPostIme pointer 1
07-02 01:34:16.459 20355 20355 D AbsListView: onTouchUp() mTouchMode : 0
07-02 01:34:16.548  3836  4524 V WindowManager: Relayout Window{e23c0b5 u0 PopupWindow:9e192ab}: viewVisibility=0 req=440x620 {(272,36)(440x620) gr=TOP START CENTER DISPLAY_CLIP_VERTICAL sim={state=unchanged adjust=pan} ty=APPLICATION_SUB_PANEL fmt=TRANSLUCENT surfaceInsets=Rect(64, 64 - 64, 64) (manual)
07-02 01:34:16.548  3836  4524 V WindowManager:   fl=NOT_FOCUSABLE NOT_TOUCHABLE LAYOUT_NO_LIMITS WATCH_OUTSIDE_TOUCH SPLIT_TOUCH HARDWARE_ACCELERATED FLAG_LAYOUT_ATTACHED_IN_DECOR
07-02 01:34:16.548  3836  4524 V WindowManager:   pfl=WILL_NOT_REPLACE_ON_RELAUNCH LAYOUT_CHILD_WINDOW_IN_PARENT_FRAME naviIconColor=0}
07-02 01:34:16.553  3836  4524 V WindowManager: Changing focus from Window{e23c0b5 u0 PopupWindow:9e192ab} to Window{b258b65 u0 pl.solidexplorer2/pl.solidexplorer.SolidExplorer} Callers=com.android.server.wm.WindowManagerService.relayoutWindow:2558 com.android.server.wm.Session.relayoutForTranslate:302 android.view.IWindowSession$Stub.onTransact:518 com.android.server.wm.Session.onTransact:186
07-02 01:34:16.553  3836  4524 D StatusBarManagerService: notifyRequestedSystemKey recent=false home=false
07-02 01:34:16.554  3836  3853 D WindowManager: setSystemUiVisibility: vis= 0x8508, fullscreenVis= 0x0, dockedVis= 0x0, win=Window{b258b65 u0 pl.solidexplorer2/pl.solidexplorer.SolidExplorer}
07-02 01:34:16.554  3836  4524 D InputDispatcher: Focus left window (20355): e23c0b5 0
07-02 01:34:16.554  3836  4524 D InputDispatcher: Focus entered window (20355): b258b65 0
07-02 01:34:16.555  4202  4202 D LightBarController: onNavigationVisibilityChanged : vis = 8508, nbModeChanged = false navigationBarMode = 4
07-02 01:34:16.556 20355 20355 D ViewRootImpl@8b56ec6[PopupWindow:9e192ab]: Relayout returned: old=[272,36][712,656] new=[272,36][712,656] result=0x1 surface={valid=true 486335119360} changed=false
07-02 01:34:16.556  3836  3864 D WindowManager: reportFocusChangedSerialized, focused=true, inTouchMode=true, win=Window{b258b65 u0 pl.solidexplorer2/pl.solidexplorer.SolidExplorer}
07-02 01:34:16.556  3836  4500 D SamsungPhoneWindowManager: adjustSystemUiVisibilityLw: vis=0x8508
07-02 01:34:16.557  3836  4500 D InputManager-JNI: setSystemUiVisibility dexmode: false changed: true displayid: 0 visibility: 0x8508 DD: 0x8508 OD: 0x0
07-02 01:34:16.559  3836  3864 D WindowManager: reportFocusChangedSerialized, focused=false, inTouchMode=true, win=Window{e23c0b5 u0 PopupWindow:9e192ab}
07-02 01:34:16.571 20355 20355 D ViewRootImpl@af9f27[SolidExplorer]: MSG_WINDOW_FOCUS_CHANGED 1 1
07-02 01:34:16.573 20355 20355 D InputMethodManager: prepareNavigationBarInfo() DecorView@f641be7[SolidExplorer]
07-02 01:34:16.573 20355 20355 D InputMethodManager: getNavigationBarColor() -10263709
07-02 01:34:16.579  3836  4500 D InputMethodManagerService: startInputOrWindowGainedFocus : windowGainedFocus
07-02 01:34:16.579  3836  4500 D InputMethodManagerService: windowGainedFocus: destinationUserId (getCallingUid) = 0
07-02 01:34:16.579  3836  4500 D InputMethodManagerService: windowGainedFocus: currentUserId=0
07-02 01:34:16.579  3836  4500 D InputMethodManagerService: windowGainedFocus: mCurrentFocusedUserId=0
07-02 01:34:16.579  3836  4500 D InputMethodManagerService: windowGainedFocus : lock - currentUserId = 0 destinationUserId = 0
07-02 01:34:16.580  3836  4500 D InputMethodManagerService: windowGainedFocus : mCurrentFocusedUserId - 0 and mSecureKeypadEnabled - false, userSwitched - false
07-02 01:34:16.580  3836  4500 W InputMethodManagerService: Window already focused, ignoring focus gain of: com.android.internal.view.IInputMethodClient$Stub$Proxy@efd02bb attribute=null, token = android.os.BinderProxy@b3a5c5c
07-02 01:34:16.581 20355 20355 D ViewRootImpl@8b56ec6[PopupWindow:9e192ab]: MSG_WINDOW_FOCUS_CHANGED 0 1
07-02 01:34:16.746  3836  4500 D SyncManager: userId - 0 auto - true
07-02 01:34:16.757  3836  4524 D ConnectivityService: filterNetworkStateForUid() uid: 10030, pid: 4716
07-02 01:34:16.757  3836  4524 D ConnectivityService: isNetworkWithLinkPropertiesBlocked: uid=10030, vpn=DISCONNECTED,false
07-02 01:34:16.757  3836  4524 D ConnectivityService: filterNetworkStateForUid() uid: 10030, pid: 4716, networkInfo: [type: WIFI[], state: CONNECTED/CONNECTED, reason: (unspecified), extra: (none), failover: false, available: true, roaming: false]
07-02 01:34:16.763  3836  4524 D SamsungAlarmManager: Cancel Alarm calling from uid:10030 pid :4716 / op:PendingIntent{3153d8: PendingIntentRecord{7290ed com.google.android.gms broadcastIntent}}
07-02 01:34:16.765  3836  4524 I SamsungAlarmManager: setLocked to kernel - T:2 / 20200702T013539, SetElapsed=10571293, nowELAPSED=10488790
07-02 01:34:16.765  3836  4524 I SamsungAlarmManager: setLocked to kernel - T:3 / 20200702T013459, SetElapsed=10532024, nowELAPSED=10488790
07-02 01:34:16.769  5483 24353 E MediaProvider: Couldn't delete 7klwibgf7fvntblfd7(7Vwmrfk7ibo7)()((+*)_*.(-,+5vh,
07-02 01:34:16.770  3486  4116 D bauth_FPBAuthService: pcf : 0x1012, 0 ,2 ,0 ,0 ,0 ,2,
07-02 01:34:16.770  3486  4116 D bauth_FPBAuthService: thread id : 2, preenroll_flag : 0, nd cnt : 1, cso : 0, et : 0
07-02 01:34:16.770  3486  4116 D bauth_FPBAuthService: FPBAuthService, 9983
07-02 01:34:16.777  5483 24353 E MediaProvider: Couldn't delete 7klwibgf7fvntblfd7(7Vwmrfk7ibo7)()((+*)_*.(/,,5vh,
07-02 01:34:16.781  5483 24353 E MediaProvider: Couldn't delete 7klwibgf7fvntblfd7(7Vwmrfk7ibo7)()((+*)_*.(8,,5vh,
07-02 01:34:16.787  5483 24353 E MediaProvider: Couldn't delete 7klwibgf7fvntblfd7(7Vwmrfk7kfgvful7)()((+*)_*.(-,+7)()((+*)_*.(-,+"(((5vh,
07-02 01:34:16.793  5483 24353 E MediaProvider: Couldn't delete 7klwibgf7fvntblfd7(7Vwmrfk7kfgvful7)()((+*)_*.(-,+7)()((+*)_*.(-,+"((*5vh,
07-02 01:34:16.796  5483 24353 E MediaProvider: Couldn't delete 7klwibgf7fvntblfd7(7Vwmrfk7kfgvful7)()((+*)_*.(-,+7)()((+*)_*.(-,+"(()5vh,
07-02 01:34:16.802  5483 24353 E MediaProvider: Couldn't delete 7klwibgf7fvntblfd7(7Vwmrfk7kfgvful7)()((+*)_*.(-,+7)()((+*)_*.(-,+"((+5vh,
07-02 01:34:16.808  5483 24353 E MediaProvider: Couldn't delete 7klwibgf7fvntblfd7(7Vwmrfk7kfgvful7)()((+*)_*.(/,,7)()((+*)_*.(/,,"(((5vh,
07-02 01:34:16.813  5483 24353 E MediaProvider: Couldn't delete 7klwibgf7fvntblfd7(7Vwmrfk7kfgvful7)()((+*)_*.(/,,7)()((+*)_*.(/,,"((*5vh,
07-02 01:34:16.817  5483 24353 E MediaProvider: Couldn't delete 7klwibgf7fvntblfd7(7Vwmrfk7kfgvful7)()((+*)_*.(/,,7)()((+*)_*.(/,,"(()5vh,
07-02 01:34:16.821  5483 24353 E MediaProvider: Couldn't delete 7klwibgf7fvntblfd7(7Vwmrfk7kfgvful7)()((+*)_*.(/,,7)()((+*)_*.(/,,"((+5vh,
07-02 01:34:16.836  3836  4524 D SamsungAlarmManager: setInexact Intent (T:2/F:0/AC:false) 20200702T014439 - CU:10030/CP:4716
07-02 01:34:16.836  3836  4524 I SamsungAlarmManager: setLocked to kernel - T:2 / 20200702T013539, SetElapsed=10571293, nowELAPSED=10488860
07-02 01:34:16.836  3836  4524 I SamsungAlarmManager: setLocked to kernel - T:3 / 20200702T013500, SetElapsed=10532024, nowELAPSED=10488861
07-02 01:34:16.837  5483 24353 E MediaProvider: Couldn't delete 7klwibgf7fvntblfd7(7Vwmrfk7kfgvful7)()((+*)_*.(8,,7)()((+*)_*.(8,,"(((5vh,
07-02 01:34:16.842  5483 24353 E MediaProvider: Couldn't delete 7klwibgf7fvntblfd7(7Vwmrfk7kfgvful7)()((+*)_*.(8,,7)()((+*)_*.(8,,"((*5vh,
07-02 01:34:16.850  5483 24353 E MediaProvider: Couldn't delete 7klwibgf7fvntblfd7(7Vwmrfk7kfgvful7)()((+*)_*.(8,,7)()((+*)_*.(8,,"(()5vh,
07-02 01:34:16.854  5483 24353 E MediaProvider: Couldn't delete 7klwibgf7fvntblfd7(7Vwmrfk7kfgvful7)()((+*)_*.(8,,7)()((+*)_*.(8,,"((+5vh,
07-02 01:34:16.857  3836  4524 D ConnectivityService: filterNetworkStateForUid() uid: 10030, pid: 4716
07-02 01:34:16.857  3836  4524 D ConnectivityService: isNetworkWithLinkPropertiesBlocked: uid=10030, vpn=DISCONNECTED,false
07-02 01:34:16.857  3836  4524 D ConnectivityService: filterNetworkStateForUid() uid: 10030, pid: 4716, networkInfo: [type: WIFI[], state: CONNECTED/CONNECTED, reason: (unspecified), extra: (none), failover: false, available: true, roaming: false]
07-02 01:34:16.858  5483 24353 E MediaProvider: Couldn't delete 7klwibgf7fvntblfd7(7Vwmrfk7knvvbirkfd7)()((+*)_*.(/,,5vh,
07-02 01:34:16.861  3836  5550 D SamsungAlarmManager: Cancel Alarm calling from uid:10030 pid :4716 / op:PendingIntent{bd8516d: PendingIntentRecord{7290ed com.google.android.gms broadcastIntent}}
07-02 01:34:16.863  3301  3629 E BufferQueueProducer: [PopupWindow:9e192ab[20355]#0] disconnect: not connected (req=1)
07-02 01:34:16.863 20355 20400 W libEGL  : EGLNativeWindowType 0x713bd50010 disconnect failed
07-02 01:34:16.863 20355 20400 D OpenGLRenderer: eglDestroySurface = 0x713bda9f80, 0x713bd50000
07-02 01:34:16.864 20355 20400 D OpenGLRenderer: endAllActiveAnimators on 0x713bd52f00 (MenuPopupWindow$MenuDropDownListView) with handle 0x71776b0ce0
07-02 01:34:16.864 20355 20355 D ViewRootImpl@8b56ec6[PopupWindow:9e192ab]: dispatchDetachedFromWindow
07-02 01:34:16.864  3836  5550 I SamsungAlarmManager: setLocked to kernel - T:2 / 20200702T013539, SetElapsed=10571293, nowELAPSED=10488889
07-02 01:34:16.864  3836  5550 I SamsungAlarmManager: setLocked to kernel - T:3 / 20200702T013459, SetElapsed=10532024, nowELAPSED=10488889
07-02 01:34:16.864 20355 20355 D ViewRootImpl@8b56ec6[PopupWindow:9e192ab]: Surface release. android.view.ViewRootImpl.doDie:7979 android.view.ViewRootImpl.die:7947 android.view.WindowManagerGlobal.removeViewLocked:497 android.view.WindowManagerGlobal.removeView:435 android.view.WindowManagerImpl.removeViewImmediate:124 android.widget.PopupWindow.dismissImmediate:2242 android.widget.PopupWindow.access$200:118 android.widget.PopupWindow$3.onTransitionEnd:2181
07-02 01:34:16.865  3836  5550 V WindowManager: Remove Window{e23c0b5 u0 PopupWindow:9e192ab}: mSurfaceController=Surface(name=PopupWindow:9e192ab[20355])/@0xaee634a mAnimatingExit=false mRemoveOnExit=false mHasSurface=true surfaceShowing=true isAnimationSet=false app-animation=false mWillReplaceWindow=false inPendingTransaction=false mDisplayFrozen=false callers=com.android.server.wm.WindowState.removeIfPossible:2751 com.android.server.wm.WindowManagerService.removeWindow:1967 com.android.server.wm.Session.remove:268 android.view.IWindowSession$Stub.onTransact:347 com.android.server.wm.Session.onTransact:186 android.os.Binder.execTransact:739
07-02 01:34:16.866  3836  5550 I WindowManager: Destroying surface Surface(name=PopupWindow:9e192ab[20355])/@0xaee634a called by com.android.server.wm.WindowStateAnimator.destroySurface:1880 com.android.server.wm.WindowStateAnimator.destroySurfaceLocked:838 com.android.server.wm.WindowState.removeImmediately:2730 com.android.server.wm.WindowState.removeIfPossible:2880 com.android.server.wm.WindowState.removeIfPossible:2751 com.android.server.wm.WindowManagerService.removeWindow:1967 com.android.server.wm.Session.remove:268 android.view.IWindowSession$Stub.onTransact:347
07-02 01:34:16.869  3836  5550 D InputTransport: Input channel destroyed: fd=385
07-02 01:34:16.870 20355 20355 D InputTransport: Input channel destroyed: fd=78
07-02 01:34:16.872  3301  3301 I Layer   : id=1371 onRemoved PopupWindow:9e192ab[20355]#0
07-02 01:34:16.874  3301  3301 I Layer   : id=1370 onRemoved e23c0b5 PopupWindow:9e192ab#0
07-02 01:34:16.880  3836  4524 D SamsungAlarmManager: setInexact Intent (T:2/F:0/AC:false) 20200702T014847 - CU:10030/CP:4716
07-02 01:34:16.880  3836  4524 I SamsungAlarmManager: setLocked to kernel - T:2 / 20200702T013539, SetElapsed=10571293, nowELAPSED=10488905
07-02 01:34:16.881  3836  4524 I SamsungAlarmManager: setLocked to kernel - T:3 / 20200702T013500, SetElapsed=10532024, nowELAPSED=10488905
07-02 01:34:16.882  5483 24353 I CMHServiceInterface: binding to CMH
07-02 01:34:16.891  5483 24353 D CMHServiceInterface: Sending intent to CMH to delete: 16
07-02 01:34:16.893  7424  7424 I CMHService: [#CMH#] onCreate()
07-02 01:34:16.894  5483  5483 I CMHServiceInterface: CMHService connected
07-02 01:34:16.894  7424 20899 I Controller: [#CMH#] com.android.providers.media Delete
07-02 01:34:16.896  3836  5550 D SyncManager: userId - 0 auto - true
07-02 01:34:16.901  3836  5550 I chatty  : uid=1000(system) Binder:3836_17 identical 1 line
07-02 01:34:16.903  3836  4500 D ConnectivityService: filterNetworkStateForUid() uid: 10030, pid: 4716
07-02 01:34:16.904  3836  4500 D ConnectivityService: isNetworkWithLinkPropertiesBlocked: uid=10030, vpn=DISCONNECTED,false
07-02 01:34:16.904  3836  4500 D ConnectivityService: filterNetworkStateForUid() uid: 10030, pid: 4716, networkInfo: [type: WIFI[], state: CONNECTED/CONNECTED, reason: (unspecified), extra: (none), failover: false, available: true, roaming: false]
07-02 01:34:16.907  3836  4524 D SamsungAlarmManager: Cancel Alarm calling from uid:10030 pid :4716 / op:PendingIntent{eb59769: PendingIntentRecord{7290ed com.google.android.gms broadcastIntent}}
07-02 01:34:16.910  3836  4524 I SamsungAlarmManager: setLocked to kernel - T:2 / 20200702T013539, SetElapsed=10571293, nowELAPSED=10488934
07-02 01:34:16.910  3836  4524 I SamsungAlarmManager: setLocked to kernel - T:3 / 20200702T013500, SetElapsed=10532024, nowELAPSED=10488934
07-02 01:34:16.980  3836  4500 D SamsungAlarmManager: setInexact Intent (T:2/F:0/AC:false) 20200702T014439 - CU:10030/CP:4716
07-02 01:34:16.981  3836  4500 I SamsungAlarmManager: setLocked to kernel - T:2 / 20200702T013539, SetElapsed=10571293, nowELAPSED=10489005
07-02 01:34:16.981  3836  5550 D SyncManager: userId - 0 auto - true
07-02 01:34:16.984  3836  4500 I SamsungAlarmManager: setLocked to kernel - T:3 / 20200702T013459, SetElapsed=10532024, nowELAPSED=10489009
07-02 01:34:17.009  3836  4524 D ConnectivityService: filterNetworkStateForUid() uid: 10030, pid: 4716
07-02 01:34:17.010  3836  4524 D ConnectivityService: isNetworkWithLinkPropertiesBlocked: uid=10030, vpn=DISCONNECTED,false
07-02 01:34:17.010  3836  4524 D ConnectivityService: filterNetworkStateForUid() uid: 10030, pid: 4716, networkInfo: [type: WIFI[], state: CONNECTED/CONNECTED, reason: (unspecified), extra: (none), failover: false, available: true, roaming: false]
07-02 01:34:17.016  3836  4500 D SamsungAlarmManager: Cancel Alarm calling from uid:10030 pid :4716 / op:PendingIntent{d8e32fa: PendingIntentRecord{7290ed com.google.android.gms broadcastIntent}}
07-02 01:34:17.020  3836  4500 I SamsungAlarmManager: setLocked to kernel - T:2 / 20200702T013539, SetElapsed=10571293, nowELAPSED=10489045
07-02 01:34:17.020  3836  4500 I SamsungAlarmManager: setLocked to kernel - T:3 / 20200702T013459, SetElapsed=10532024, nowELAPSED=10489045
07-02 01:34:17.033  3836  5392 D SyncManager: userId - 0 auto - true
07-02 01:34:17.053  3836  4524 D SamsungAlarmManager: setInexact Intent (T:2/F:0/AC:false) 20200702T014439 - CU:10030/CP:4716
07-02 01:34:17.053  3836  4524 I SamsungAlarmManager: setLocked to kernel - T:2 / 20200702T013539, SetElapsed=10571293, nowELAPSED=10489078
07-02 01:34:17.054  3836  4524 I SamsungAlarmManager: setLocked to kernel - T:3 / 20200702T013500, SetElapsed=10532024, nowELAPSED=10489078
07-02 01:34:17.059  3836  5550 D SyncManager: userId - 0 auto - true
07-02 01:34:17.063  3836  4500 D ConnectivityService: filterNetworkStateForUid() uid: 10030, pid: 4716
07-02 01:34:17.063  3836  4500 D ConnectivityService: isNetworkWithLinkPropertiesBlocked: uid=10030, vpn=DISCONNECTED,false
07-02 01:34:17.063  3836  4500 D ConnectivityService: filterNetworkStateForUid() uid: 10030, pid: 4716, networkInfo: [type: WIFI[], state: CONNECTED/CONNECTED, reason: (unspecified), extra: (none), failover: false, available: true, roaming: false]
07-02 01:34:17.068  3836  5392 D SamsungAlarmManager: Cancel Alarm calling from uid:10030 pid :4716 / op:PendingIntent{7010ab: PendingIntentRecord{7290ed com.google.android.gms broadcastIntent}}
07-02 01:34:17.073  3836  5392 I SamsungAlarmManager: setLocked to kernel - T:2 / 20200702T013539, SetElapsed=10571293, nowELAPSED=10489097
07-02 01:34:17.073  3836  5392 I SamsungAlarmManager: setLocked to kernel - T:3 / 20200702T013500, SetElapsed=10532024, nowELAPSED=10489098
07-02 01:34:17.077  3836  4516 D SyncManager: userId - 0 auto - true
07-02 01:34:17.086  7424 20899 I Controller: [#CMH#]  Delete count  16
07-02 01:34:17.089  3836  4070 I WifiVendorHal: getWifiLinkLayerStats(l.2973) before calling iface.getLinkLayerStats
07-02 01:34:17.089  7424 20900 I ImagesRecommendationRebuilder: [#CMH#] Deleted ids count   16
07-02 01:34:17.089  7424 20900 I ImagesRecommendationRebuilder: [#CMH#] selectionForDeletion  recommendedimage IN (95677,95678,95679,95680,95681,95682,95683,95684,95685,95686,95687,95688,95689,95690,95691,95692)
07-02 01:34:17.091  3287  3287 I android.hardware.wifi@1.0-service: enter getLinkLayerStats
07-02 01:34:17.091  3287  3287 I android.hardware.wifi@1.0-service: enter getLinkLayerStatsInternal
07-02 01:34:17.095 19957 19957 I LPService: [#MLP#] onProcessNow()
07-02 01:34:17.096 19957 19957 I LPServiceController: [#MLP#] Number of media to delete  16
07-02 01:34:17.097 19957 19957 I BaseThreadPoolExecutor: [#MLP#] Task com.samsung.mlp.platform.framework.upgrade.UpgradeTask@893f086 is submitted
07-02 01:34:17.097 19957 19957 I LPServiceController: [#MLP#] Sending response for  32 with status 0
07-02 01:34:17.098 19735 19735 I StoryService: [StoryService] onProcessNow()
07-02 01:34:17.098 19735 19735 I ServiceController: [StoryService] Handling processNow for Media deletion
07-02 01:34:17.099 19957 20901 I UpgradeTask: [#MLP#] Upgrading mlp from version  1 to latest
07-02 01:34:17.099 19957 20901 I BaseThreadPoolExecutor: [#MLP#] afterExecute FutureTask
07-02 01:34:17.099 19735 19735 I ServiceController: [StoryService] delaying start for service start
07-02 01:34:17.103 19957 20901 I LPServiceController: [#MLP#] onTaskFinished  UpgradeTask
07-02 01:34:17.103 19957 20901 I LPServiceController: [#MLP#] Done with upgrading MLP
07-02 01:34:17.103  3836  5550 D SamsungAlarmManager: setInexact Intent (T:2/F:0/AC:false) 20200702T014439 - CU:10030/CP:4716
07-02 01:34:17.103 19957 20901 I BaseThreadPoolExecutor: [#MLP#] Task com.samsung.mlp.platform.framework.ItemFetchTask@dad9e9d is submitted
07-02 01:34:17.104  3836  5550 I SamsungAlarmManager: setLocked to kernel - T:2 / 20200702T013539, SetElapsed=10571293, nowELAPSED=10489128
07-02 01:34:17.104  3836  5550 I SamsungAlarmManager: setLocked to kernel - T:3 / 20200702T013500, SetElapsed=10532024, nowELAPSED=10489128
07-02 01:34:17.104 19957 20901 I ItemFetchTask: [#MLP#] Operation type  1 Value Delete
07-02 01:34:17.104 19957 20901 I ItemFetchTask: [#MLP#] Performing delete on items  16
07-02 01:34:17.104 19957 20901 I MediaLearningEngineAPI: [#MLP#] Media to process:  16
07-02 01:34:17.105 19957 20901 I OperationHandler: [#MLP#] Operation performing currently  Delete
07-02 01:34:17.105 19957 20901 I OperationHandler: [#MLP#] deletion started on instance count  16
07-02 01:34:17.106 19957 20901 I OperationHandler: [#MLP#] data not fetched properly
07-02 01:34:17.106 19957 20901 I GraphDataManager: [#MLP#] Operation status  false
07-02 01:34:17.106 19957 20901 I PreferenceCounter: [#MLP#] Performing  Delete operation on counters
07-02 01:34:17.107 19957 20901 I AttributeCounter: [#MLP#] Applying counter operation on  16 operation applied Delete
07-02 01:34:17.119 19957 20901 I chatty  : uid=5004(vendor_cmhservice) com.samsung.mlp identical 2 lines
07-02 01:34:17.120 19957 20901 I AttributeCounter: [#MLP#] Applying counter operation on  16 operation applied Delete
07-02 01:34:17.121 19957 20901 I CooccurrenceCounter: [#MLP#] Applying counter operation on  16 operation applied Delete
07-02 01:34:17.121 19957 20901 I PreferenceCounter: [#MLP#] Saving preference counters to store
07-02 01:34:17.123 19957 20901 I AttributeCounter: [#MLP#] Not required as preference values are loaded from store
07-02 01:34:17.123 19957 20901 I chatty  : uid=5004(vendor_cmhservice) com.samsung.mlp identical 2 lines
07-02 01:34:17.123 19957 20901 I AttributeCounter: [#MLP#] Not required as preference values are loaded from store
