07-02 01:33:47.167 20856 20856 E Zygote  : isWhitelistProcess - Process is Whitelisted
07-02 01:33:47.167  9391  9563 W bt_btif : bta_sys_event: Received unregistered event id 20
07-02 01:33:47.168  9391  9434 D BluetoothAdapterService: handleMessage() - Message: 1, profile : com.android.bluetooth.hid.HidDeviceService@63e46b1
07-02 01:33:47.168  9391  9434 D BluetoothAdapterService: handleMessage() - MESSAGE_PROFILE_SERVICE_STATE_CHANGED
07-02 01:33:47.168  9391  9434 D BluetoothAdapterService: handleMessage() - Message: 3, profile : com.android.bluetooth.hid.HidDeviceService@63e46b1
07-02 01:33:47.168  9391  9434 D BluetoothAdapterService: handleMessage() - MESSAGE_PROFILE_SERVICE_UNREGISTERED
07-02 01:33:47.168 20856 20856 E Zygote  : accessInfo : 1
07-02 01:33:47.169  3836  3854 I ActivityManager: Start proc 20856:com.example.edgesum/u0a568 for service com.example.edgesum/com.amazonaws.mobileconnectors.s3.transferutility.TransferService
07-02 01:33:47.172  9391  9391 I HeadsetService: cleanup
07-02 01:33:47.173  9391  9434 D BluetoothAdapterService: handleMessage() - Message: 1, profile : com.android.bluetooth.opp.BluetoothOppService@1631f04
07-02 01:33:47.173  9391  9434 D BluetoothAdapterService: handleMessage() - MESSAGE_PROFILE_SERVICE_STATE_CHANGED
07-02 01:33:47.173  9391  9434 D BluetoothAdapterService: handleMessage() - Message: 3, profile : com.android.bluetooth.opp.BluetoothOppService@1631f04
07-02 01:33:47.173  9391  9434 D BluetoothAdapterService: handleMessage() - MESSAGE_PROFILE_SERVICE_UNREGISTERED
07-02 01:33:47.173  9391  9444 D BluetoothActiveDeviceManager: handleMessage(MESSAGE_A2DP_ACTION_ACTIVE_DEVICE_CHANGED): device= null
07-02 01:33:47.174  9391  9391 V BluetoothPbapService: stop()
07-02 01:33:47.174  9391 20633 V BluetoothPbapService: Pbap Service closeService
07-02 01:33:47.174  9391 20633 D BluetoothSdpJni: sdpRemoveSdpRecordNative
07-02 01:33:47.174  9391 20633 D BluetoothSdpJni: SDP Remove record success - handle: 0
07-02 01:33:47.174  9391 20633 D ObexServerSockets4: shutdown(block = false)
07-02 01:33:47.176  9391  9434 D BluetoothAdapterService: handleMessage() - Message: 1, profile : com.android.bluetooth.pbap.BluetoothPbapService@e82a36e
07-02 01:33:47.176  9391  9434 D BluetoothAdapterService: handleMessage() - MESSAGE_PROFILE_SERVICE_STATE_CHANGED
07-02 01:33:47.176  9391  9434 D BluetoothAdapterService: handleMessage() - Message: 3, profile : com.android.bluetooth.pbap.BluetoothPbapService@e82a36e
07-02 01:33:47.176  9391  9434 D BluetoothAdapterService: handleMessage() - MESSAGE_PROFILE_SERVICE_UNREGISTERED
07-02 01:33:47.176  4202  4202 D PbapServerProfile: Bluetooth service disconnected
07-02 01:33:47.177 20856 20856 I example.edgesu: Late-enabling -Xcheck:jni
07-02 01:33:47.186  9391  9434 D BluetoothAdapterService: handleMessage() - Message: 1, profile : com.android.bluetooth.hearingaid.HearingAidService@4b9887a
07-02 01:33:47.186  9391  9434 D BluetoothAdapterService: handleMessage() - MESSAGE_PROFILE_SERVICE_STATE_CHANGED
07-02 01:33:47.186  9391  9434 D BluetoothAdapterService: handleMessage() - Message: 3, profile : com.android.bluetooth.hearingaid.HearingAidService@4b9887a
07-02 01:33:47.186  9391  9434 D BluetoothAdapterService: handleMessage() - MESSAGE_PROFILE_SERVICE_UNREGISTERED
07-02 01:33:47.188  9391  9433 I AdapterState: BLE_ON : entered
07-02 01:33:47.188  9391  9391 I A2dpService: cleanup()
07-02 01:33:47.188  9391  9391 D BluetoothHidHostService: Stopping Bluetooth HidHostService
07-02 01:33:47.188  9391  9391 W BluetoothHidHostServiceJni: Cleaning up Bluetooth HID Interface...
07-02 01:33:47.188  9391  9391 W BluetoothHidHostServiceJni: Cleaning up Bluetooth GID callback object
07-02 01:33:47.189  9391  9391 D BluetoothHidHostService: setHidHostService(): set to: null
07-02 01:33:47.189  9391  9391 W BluetoothHealthServiceJni: Cleaning up Bluetooth Health Interface...
07-02 01:33:47.189  9391  9433 D AdapterProperties: Setting state to BLE_ON
07-02 01:33:47.190  9391  9391 W BluetoothHealthServiceJni: Cleaning up Bluetooth Health object
07-02 01:33:47.190  9391  9433 D BluetoothAdapterService: updateAdapterState() - Broadcasting state BLE_ON to 1 receivers.
07-02 01:33:47.190  9391  9391 W BluetoothPanServiceJni: Cleaning up Bluetooth PAN Interface...
07-02 01:33:47.190  9391  9391 W BluetoothPanServiceJni: Cleaning up Bluetooth PAN callback object
07-02 01:33:47.190  3836  3863 D BluetoothManagerService: Broadcasting onBluetoothStateChange(false) to 44 receivers.
07-02 01:33:47.191  4202 25811 D BluetoothAdapter: onBluetoothStateChange: up=false
07-02 01:33:47.191  4202 25811 D BluetoothAdapter: Bluetooth is turned off, stop adv
07-02 01:33:47.191  5133  5179 D BluetoothAdapter: onBluetoothStateChange: up=false
07-02 01:33:47.191  3836  3863 D BluetoothManagerService: removeProxy
07-02 01:33:47.191  5133  5179 D BluetoothAdapter: Bluetooth is turned off, stop adv
07-02 01:33:47.192 19973 19995 D BluetoothAdapter: onBluetoothStateChange: up=false
07-02 01:33:47.192  4162  8045 D BluetoothAdapter: onBluetoothStateChange: up=false
07-02 01:33:47.192  4162  8045 D BluetoothAdapter: Bluetooth is turned off, stop adv
07-02 01:33:47.192 19973 19995 D BluetoothAdapter: Bluetooth is turned off, stop adv
07-02 01:33:47.192  3836  3863 D BluetoothManagerService: removeProxy
07-02 01:33:47.192  3836  3863 D BluetoothAdapter: onBluetoothStateChange: up=false
07-02 01:33:47.192  3836  3863 D BluetoothAdapter: Bluetooth is turned off, stop adv
07-02 01:33:47.193  3836  4184 D BluetoothManagerService: removeProxy
07-02 01:33:47.193  9143 20303 D BluetoothHidHost: onBluetoothStateChange: up=false
07-02 01:33:47.193  5560  7938 D BluetoothAdapter: onBluetoothStateChange: up=false
07-02 01:33:47.193  9143  9326 D BluetoothAdapter: onBluetoothStateChange: up=false
07-02 01:33:47.193  5560  7938 D BluetoothAdapter: Bluetooth is turned off, stop adv
07-02 01:33:47.194  3836  5457 D BluetoothManagerService: removeProxy
07-02 01:33:47.194  9926  9941 D BluetoothAdapter: onBluetoothStateChange: up=false
07-02 01:33:47.194  9926  9941 D BluetoothAdapter: Bluetooth is turned off, stop adv
07-02 01:33:47.195  4716  8125 D BluetoothAdapter: onBluetoothStateChange: up=false
07-02 01:33:47.195  5025  7853 D BluetoothAdapter: onBluetoothStateChange: up=false
07-02 01:33:47.195  5025  7853 D BluetoothAdapter: Bluetooth is turned off, stop adv
07-02 01:33:47.195  4716  8125 D BluetoothAdapter: Bluetooth is turned off, stop adv
07-02 01:33:47.195  5025  7853 D BluetoothLeAdvertiser: stop All Advertising :: standalone boolean value is = false
07-02 01:33:47.197  3836  3863 W ActivityManager: Stopping service due to app idle: u0a568 -3m31s943ms com.example.edgesum/com.amazonaws.mobileconnectors.s3.transferutility.TransferService
07-02 01:33:47.197 32148 32160 D BluetoothAdapter: onBluetoothStateChange: up=false
07-02 01:33:47.198 32148 32160 D BluetoothAdapter: Bluetooth is turned off, stop adv
07-02 01:33:47.198  9391  9391 W BtOppService: unregisterReceivers java.lang.IllegalArgumentException: Receiver not registered: com.android.bluetooth.opp.BluetoothOppService$3@bbf9ced
07-02 01:33:47.198  3836  4324 D BluetoothManagerService: removeProxy
07-02 01:33:47.199  3836  4324 D BluetoothManagerService: removeProxy : false
07-02 01:33:47.199  4532 23949 D BluetoothAdapter: onBluetoothStateChange: up=false
07-02 01:33:47.199  4532 23949 D BluetoothAdapter: Bluetooth is turned off, stop adv
07-02 01:33:47.199  9391  9391 V BluetoothOppManager: cleanUp...
07-02 01:33:47.199  3836  3863 D BluetoothManagerService: removeProxy
07-02 01:33:47.199  3836  3863 D BluetoothPan: onBluetoothStateChange on: false
07-02 01:33:47.201  4202  4223 D BluetoothMap: onBluetoothStateChange: up=false
07-02 01:33:47.202  9391 17340 D BluetoothAdapter: onBluetoothStateChange: up=false
07-02 01:33:47.202  5106 13421 D BluetoothAdapter: onBluetoothStateChange: up=false
07-02 01:33:47.202  5106 13421 D BluetoothAdapter: Bluetooth is turned off, stop adv
07-02 01:33:47.202 20102 20124 D BluetoothAdapter: onBluetoothStateChange: up=false
07-02 01:33:47.202 20102 20124 D BluetoothAdapter: Bluetooth is turned off, stop adv
07-02 01:33:47.203  4202 29930 D BluetoothPan: onBluetoothStateChange on: false
07-02 01:33:47.204 19824 19836 D BluetoothAdapter: onBluetoothStateChange: up=false
07-02 01:33:47.204  5089  6576 D BluetoothAdapter: onBluetoothStateChange: up=false
07-02 01:33:47.204  5089  6576 D BluetoothAdapter: Bluetooth is turned off, stop adv
07-02 01:33:47.204 19824 19836 D BluetoothAdapter: Bluetooth is turned off, stop adv
07-02 01:33:47.204 20096 20123 D BluetoothAdapter: onBluetoothStateChange: up=false
07-02 01:33:47.204 20096 20123 D BluetoothAdapter: Bluetooth is turned off, stop adv
07-02 01:33:47.206  3836  4521 D BluetoothManagerService: removeProxy
07-02 01:33:47.206  9336 31047 D BluetoothAdapter: onBluetoothStateChange: up=false
07-02 01:33:47.206  3836  3863 D BluetoothManagerService: removeProxy
07-02 01:33:47.206  3836  5386 D BluetoothManagerService: removeProxy
07-02 01:33:47.207  3836  4206 D BluetoothManagerService: removeProxy
07-02 01:33:47.207  9391  9433 D BluetoothAdapterService: Autoconnection is available
07-02 01:33:47.207  9391  9433 D BluetoothAdapterService: updateAdapterState prevState = 13newState = 15
07-02 01:33:47.209  4202  4222 D BluetoothSap: onBluetoothStateChange: up=false
07-02 01:33:47.209  4202  6544 D BluetoothHidHost: onBluetoothStateChange: up=false
07-02 01:33:47.211  3836  3863 D BluetoothManagerService: Intermediate off, back to LE only mode
07-02 01:33:47.212  3836  3836 I InputMethodManagerService: [BT Setting State] state = 10 prevState = 13
07-02 01:33:47.212  3836  3836 I InputMethodManagerService: [BT Setting on -> off] mBTKeyboardCount =0, KEYBOARD_BT(0)
07-02 01:33:47.212  3836  3836 I InputMethodManagerService: resetBTKeyboardState : keyboardState = 0
07-02 01:33:47.212  3836  3836 I AudioService: setBtScoActiveDevice: null -> null
07-02 01:33:47.212  3836  3836 I Telecom:SamsungBluetoothManager: state = 10
07-02 01:33:47.212  3836  3836 I Telecom:SamsungBluetoothManager: unregister BluetoothHeadset after STATE_OFF : null
07-02 01:33:47.213  4202  4340 V BluetoothEventManager: onReceive :: android.bluetooth.adapter.action.STATE_CHANGED
07-02 01:33:47.214  5089  5089 I GsaVoiceInteractionSrv: O received Intent { act=android.bluetooth.adapter.action.STATE_CHANGED flg=0x4000010 (has extras) }
07-02 01:33:47.214  9143  9143 I OIC_CA_LE_MONITOR: CaLeClientInterface - Network State Changed : status(10)
07-02 01:33:47.214  9143  9143 I OIC_CA_LE_CLIENT_1023: g_gattObjectList is removed
07-02 01:33:47.214  9143  9143 E OIC_CA_LE_SERVER: g_connectedDeviceList is null
07-02 01:33:47.214  9143  9143 E OIC_CA_LE_MONITOR: CALEServerRemoveAllDevices has failed
07-02 01:33:47.214  9143  9143 E UMUTEX  : oc_cond_signal: Invalid parameter
07-02 01:33:47.214  9143  9143 I chatty  : uid=10161 com.samsung.android.oneconnect:Core identical 4 lines
07-02 01:33:47.214  9143  9143 E UMUTEX  : oc_cond_signal: Invalid parameter
07-02 01:33:47.214  9143  9143 E UMUTEX  : oc_cond_free: Invalid parameter
07-02 01:33:47.214  9143  9143 I chatty  : uid=10161 com.samsung.android.oneconnect:Core identical 3 lines
07-02 01:33:47.214  9143  9143 E UMUTEX  : oc_cond_free: Invalid parameter
07-02 01:33:47.214  9143  9143 I OIC_CA_INF_CTR: IN application adapter changed callback [0x71630aa540]
07-02 01:33:47.214  9143  9143 I OIC_CA_INF_CTR: OUT application adapter changed callback [0x71630aa540]
07-02 01:33:47.214  9143  9143 I OIC_CA_INF_CTR: IN application adapter changed callback [0x71630aa600]
07-02 01:33:47.214  9143  9143 I OIC_CA_INF_CTR: OUT application adapter changed callback [0x71630aa600]
07-02 01:33:47.215  9143  9143 I OIC_CA_INF_CTR: IN application adapter changed callback [0x71630aa9a0]
07-02 01:33:47.215  9143  9143 I OIC_CAMANAGER: Before calling into application address space for adapterStateChanged
07-02 01:33:47.215  9143  9143 D OCF_CA_MANAGER[0.11.38]: octransport:2
07-02 01:33:47.215  9143  9143 I OCF_JNI[0.11.38]: JNI-OCFCLIENTMANAGER::onAdapaterStateChangedCb enter
07-02 01:33:47.215  9143  9143 I OCF_JNI[0.11.38]: JNI-LISTENERHOLDER::getListenerClass Enter
07-02 01:33:47.215  9143  9143 I OCF_JNI[0.11.38]: JNI-LISTENERHOLDER::getListenerClass Exit
07-02 01:33:47.215  9143  9143 I OCF_JNI[0.11.38]: JNI-OCFCLIENTMANAGER::onAdapaterStateChangedCb exit
07-02 01:33:47.215  9143  9143 I OIC_CAMANAGER: After calling into application address space for adapterStateChanged
07-02 01:33:47.215  9143  9143 I OIC_CA_INF_CTR: OUT application adapter changed callback [0x71630aa9a0]
07-02 01:33:47.215  9143  9143 I OIC_CA_MANAGER_LE: caManagerAdapterStateChangedCallback - state 10
07-02 01:33:47.215  4202  4340 D BluetoothEventManager: AdapterStateChangedHandler :: BluetoothAdapter.ACTION_STATE_CHANGED, state = 10
07-02 01:33:47.215  9143  9143 I [+10]oneconnect[1.7.47-22_02][CORE]: SepActionManager.updateConnectionState - netType:[BT], enabled:false, connected:false
07-02 01:33:47.216 20102 20102 I IC_DialogController[1.1.168]: onReceived :: BluetoothAdapter.ACTION_STATE_CHANGED, newState = 10, oldState = 13
07-02 01:33:47.216 20102 20102 I IC_Service[1.1.168]: onReceive() IcDeviceStateListener got: android.bluetooth.adapter.action.STATE_CHANGED
07-02 01:33:47.216 20102 20102 I IC_Service[1.1.168]: BT is turned OFF
07-02 01:33:47.216 20102 20102 I IC_Service[1.1.168]: unregisterServiceDiscoveryUUID :: close socket
07-02 01:33:47.216 20102 20102 D BluetoothSocket: close() this: android.bluetooth.BluetoothSocket@84f4d6e, channel: 4, mSocketIS: android.net.LocalSocketImpl$SocketInputStream@46fac0f, mSocketOS: android.net.LocalSocketImpl$SocketOutputStream@c93049cmSocket: android.net.LocalSocket@2a8aea5 impl:android.net.LocalSocketImpl@fa6d27a fd:java.io.FileDescriptor@284fa2b, mSocketState: LISTENING
07-02 01:33:47.217  3836  3852 W BroadcastQueue: Background execution not allowed: receiving Intent { act=android.bluetooth.adapter.action.STATE_CHANGED flg=0x4000010 (has extras) } to com.google.android.gms/.auth.easyunlock.authorization.BluetoothStateChangeReceiver
07-02 01:33:47.217  9391  9444 D BluetoothActiveDeviceManager: handleMessage(MESSAGE_ADAPTER_ACTION_STATE_CHANGED): newState=10
07-02 01:33:47.218  3836  5550 D WifiPermissionsUtil: canAccessScanResults: pkgName = com.sec.android.sdhms, uid = 1000
07-02 01:33:47.224  4202  4340 D BluetoothController: updateConnected = 0mConnectionState = 0
07-02 01:33:47.225  3836  3852 W BroadcastQueue: Background execution not allowed: receiving Intent { act=android.bluetooth.adapter.action.STATE_CHANGED flg=0x4000010 (has extras) } to com.google.android.gms/.auth.proximity.BluetoothServicesAdapterStateChangeReceiver
07-02 01:33:47.225  9391  9391 D DOWNLOADABLE_DB: onReceive of BR
07-02 01:33:47.225  9391  9391 D DOWNLOADABLE_DB: android.bluetooth.adapter.action.BLE_STATE_CHANGED
07-02 01:33:47.225  9391  9391 D BluetoothAdapterService: getAdapterService() - returning com.android.bluetooth.btservice.AdapterService@e31d036
07-02 01:33:47.225  9391  9391 D BluetoothAdapterService: getAdapterService() - returning com.android.bluetooth.btservice.AdapterService@e31d036
07-02 01:33:47.225  9391  9391 D BluetoothAdapterService: getDownloadableDbObject(): returning com.samsung.downloadabledb.BluetoothDownloadableDatabase@607e7c3
07-02 01:33:47.226  3836  3852 W BroadcastQueue: Background execution not allowed: receiving Intent { act=android.bluetooth.adapter.action.STATE_CHANGED flg=0x4000010 (has extras) } to com.google.android.gms/.chimera.GmsIntentOperationService$PersistentTrustedReceiver
07-02 01:33:47.226  9143  9143 D BluetoothAdapter: STATE_BLE_ON
07-02 01:33:47.232  9336  9336 D BeaconManager[9.0.16.0]: BleScanHelper.onReceive - action:com.samsung.bluetooth.adapter.action.BLE_STATE_CHANGED, state:15
07-02 01:33:47.233  9336  9336 D BeaconManager[9.0.16.0]: BleScanHelper.onReceive - BLE is on. Before:1
07-02 01:33:47.233  9336  9336 V BeaconManager[9.0.16.0]: BleScanHelper.startBleScan - startBleScan
07-02 01:33:47.233 20102 20102 I IC_Service[1.1.168]: onReceive() IcDeviceStateListener got: com.samsung.bluetooth.adapter.action.BLE_STATE_CHANGED
07-02 01:33:47.234  9143  9143 D BluetoothAdapter: STATE_BLE_ON
07-02 01:33:47.236  9336  9336 D BluetoothAdapter: STATE_BLE_ON
07-02 01:33:47.236  9336  9336 V BeaconManager[9.0.16.0]: BleScanHelper.startBleScan - mLeRadioState is NONE
07-02 01:33:47.236  9336  9336 D BluetoothAdapter: StandAloneBleMode=true
07-02 01:33:47.236  9391  9391 D DOWNLOADABLE_DB: onReceive of BR
07-02 01:33:47.237  9391  9391 D DOWNLOADABLE_DB: com.samsung.bluetooth.adapter.action.BLE_STATE_CHANGED
07-02 01:33:47.237  9391  9391 D BluetoothAdapterService: getAdapterService() - returning com.android.bluetooth.btservice.AdapterService@e31d036
07-02 01:33:47.237  9391  9391 D BluetoothAdapterService: getAdapterService() - returning com.android.bluetooth.btservice.AdapterService@e31d036
07-02 01:33:47.237  9391  9391 D BluetoothAdapterService: getDownloadableDbObject(): returning com.samsung.downloadabledb.BluetoothDownloadableDatabase@607e7c3
07-02 01:33:47.237  9336  9336 D BluetoothAdapter:  setting StandAloneBleMode=true
07-02 01:33:47.238  4716  4716 I TrustAgent: TAG: TrustAgent.Tracker. [BluetoothConnectionTracker] Bluetooth adapter off, revoking trust [CONTEXT service_id=84 ]
07-02 01:33:47.242  3836  5386 D SecContentProvider: query(), uri = 3 selection = isBLEAllowed
07-02 01:33:47.242  3836  5386 D SecContentProvider: called from android.uid.bcmgr:5006
07-02 01:33:47.246  3836  5386 D SecContentProvider: query(), uri = 3 selection = isBLEAllowed
07-02 01:33:47.246  3836  5386 D SecContentProvider: called from android.uid.bcmgr:5006
07-02 01:33:47.248  3836  5386 E BluetoothManagerService: Unable to handle updateBleAppCount
07-02 01:33:47.249  9336  9336 D BluetoothAdapter: STATE_BLE_ON
07-02 01:33:47.249  9336  9336 D BluetoothAdapter: enableRadio(): Bluetooth already enabled
07-02 01:33:47.249  9336  9366 D BeaconManager[9.0.16.0]: BleScanHelper.MSG_CALL_START_LESCAN - isFilterScanFailed/discovering:false/true
07-02 01:33:47.250  9336  9366 D BluetoothAdapter: STATE_BLE_ON
07-02 01:33:47.251  5025  6674 I Nearby  : Successfully shutdown executor BluetoothRadio.singleThreadOffloader. [CONTEXT service_id=49 ]
07-02 01:33:47.251  9336  9366 D BluetoothAdapter: appoCount is = 1 G/S = 3/2
07-02 01:33:47.251  5025  6674 I NearbyMediums: Bluetooth has shut down. [CONTEXT service_id=54 ]
07-02 01:33:47.252  9336  9366 I BeaconManager[9.0.16.0]: BleScanHelper.directStopLeScan - call BleScanner.stopScan()
07-02 01:33:47.252  5025  6674 I NearbyMediums: Initiating shutdown of WiFi. [CONTEXT service_id=54 ]
07-02 01:33:47.252  5025  6674 I Nearby  : Successfully shutdown executor WifiDirect.singleThreadOffloader. [CONTEXT service_id=49 ]
07-02 01:33:47.252  9336  9366 D BluetoothAdapter: STATE_BLE_ON
07-02 01:33:47.253  9336  9366 D BluetoothAdapter: appoCount is = 1 G/S = 3/2
07-02 01:33:47.253  9336  9366 D BluetoothLeScanner: Stop Scan with callback
07-02 01:33:47.253  4716  4716 I TrustAgent: TAG: TrustAgent. [GoogleTrustAgentChimeraService] Can provide trust state change to:false. [CONTEXT service_id=84 ]
07-02 01:33:47.253  5025  6674 I NearbyMediums: Can't stop WiFi Direct group because a WiFi Direct isn't hosted. [CONTEXT service_id=54 ]
07-02 01:33:47.253  4716  4716 I TrustAgent: TAG: TrustAgent. [GoogleTrustAgentChimeraService] setManagingTrust(false) [CONTEXT service_id=84 ]
07-02 01:33:47.253  5025  6674 I NearbyMediums: Can't stop accepting WiFi Direct connections because we are not currently accepting WiFi Direct connections. [CONTEXT service_id=54 ]
07-02 01:33:47.254  5025  6674 I Nearby  : Successfully shutdown executor WifiAwareNetworkManager.singleThreadOffloader. [CONTEXT service_id=49 ]
07-02 01:33:47.254  4202  4202 V KeyguardUpdateMonitor: onTrustChanged() false, id = 0
07-02 01:33:47.254  5025  6674 I Nearby  : Successfully shutdown executor L2ProtocolRunner.alarmExecutor. [CONTEXT service_id=49 ]
07-02 01:33:47.256  3836  4007 D InputReader: Input event(2): value=1 when=10459.281135
07-02 01:33:47.256  3836  4007 D InputReader: Input event(2): value=1 when=10459.281135
07-02 01:33:47.256  3836  4007 I InputReader: Touch event's action is 0x0 (deviceType=0) [pCnt=1, s=0.649 ] when=10459.281135
07-02 01:33:47.256  3836  4006 I InputDispatcher: Delivering touch to (4202): action: 0x4, displayId: 0, 'a2dba6c', toolType: 1
07-02 01:33:47.256  3836  4006 I InputDispatcher: Delivering touch to (4202): action: 0x4, displayId: 0, '106c8e9', toolType: 1
07-02 01:33:47.256  5025  6674 I Nearby  : Successfully shutdown executor L2ProtocolRunner.requestExecutor. [CONTEXT service_id=49 ]
07-02 01:33:47.257  3836  4006 I clp-JNI : Add pinfo end.  0
07-02 01:33:47.257  3836  4006 I InputDispatcher: Delivering touch to (5139): action: 0x0, displayId: 0, 'a1544aa', toolType: 1
07-02 01:33:47.257  3836  4006 I clp-JNI : Add pinfo end.  0
07-02 01:33:47.257  3836  4006 I InputDispatcher: Delivering touch to (4202): action: 0x0, displayId: 0, '9721158', toolType: 1
07-02 01:33:47.257  5139  5139 D ViewRootImpl@814674f[LauncherActivity]: ViewPostIme pointer 0
07-02 01:33:47.258  9391  9415 D BtGatt.ContextMap: remove() - id: 4
07-02 01:33:47.259  9391  9415 E BtGatt.ContextMap: remove() - removed: 4
07-02 01:33:47.259  5025  6674 I Nearby  : Successfully shutdown executor L2ProtocolRunner.acceptExecutor. [CONTEXT service_id=49 ]
07-02 01:33:47.261  4202  4202 D LockIcon: mCurrentState = 0, mLastState = 0, mDeviceInteractive = true, mLastDeviceInteractive = true, mScreenOn = true, mLastScreenOn = true,  force = false
07-02 01:33:47.262  5025  6674 I Nearby  : Successfully shutdown executor WifiAwareImpl.singleThreadOffloader. [CONTEXT service_id=49 ]
07-02 01:33:47.262  4202  4202 D KeyguardUpdateMonitor: updateAllBiometricsListeningState()com.android.keyguard.KeyguardUpdateMonitor.onTrustChanged:948
07-02 01:33:47.263  5025  6674 I Nearby  : Successfully shutdown executor DiscoverySessionTracker.alarmExecutor. [CONTEXT service_id=49 ]
07-02 01:33:47.263  5025  6674 I NearbyMediums: Can't release the WiFi Aware session because none was acquired. [CONTEXT service_id=54 ]
07-02 01:33:47.264  4202  4202 D KeyguardFingerPrint: shouldListenForFingerprint ( isFingerprintEnabled = false , mKeyguardIsVisible = false , mDeviceInteractive = true , mBouncer = false , mGoingToSleep = false , mSwitchingUser = false , mKeyguardUnlocking = false , mKeyguardGoingAway = false , mKeyguardShowing = false , mKeyguardOccluded = false
07-02 01:33:47.264  4202  4202 E KeyguardFingerPrint: updateFingerprintListeningState#mFingerprintRunningState=0 shouldListenForFingerprint=false
07-02 01:33:47.264  4202  4202 D KeyguardFingerPrint: stopListeningForFingerprint()
07-02 01:33:47.264  4716 11355 I NearbyDiscovery: FastPairHandler: Received action android.bluetooth.adapter.action.STATE_CHANGED [CONTEXT service_id=49 ]
07-02 01:33:47.265  5025  6674 I Nearby  : Successfully shutdown executor WifiAwareL2SocketManager.singleThreadOffloader. [CONTEXT service_id=49 ]
07-02 01:33:47.265  4716 11355 D BluetoothAdapter: STATE_BLE_ON
07-02 01:33:47.265  5025  6674 I Nearby  : Successfully shutdown executor WifiLan.singleThreadOffloader. [CONTEXT service_id=49 ]
07-02 01:33:47.266  4716 11355 D BluetoothAdapter: appoCount is = 1
07-02 01:33:47.268  4716 11355 I NearbyDiscovery: FastPairScanner2: isBleEnabled? bleEnabled:true, btEnabled:false, bleScanAvailable:true [CONTEXT service_id=49 ]
07-02 01:33:47.269  5025  6674 I Nearby  : Successfully shutdown executor WifiHotspot.singleThreadOffloader. [CONTEXT service_id=49 ]
07-02 01:33:47.270  5025  6674 I NearbyMediums: Can't stop accepting Wifi connections because it was never started. [CONTEXT service_id=54 ]
07-02 01:33:47.270  4716 11355 D BluetoothAdapter: STATE_BLE_ON
07-02 01:33:47.270  4716 11355 D BluetoothAdapter: appoCount is = 1
07-02 01:33:47.271  3836  5398 I ActivityManager: DSS on for com.example.edgesum and scale is 1.0
07-02 01:33:47.272  5025  6674 I NearbyMediums: Can't stop the Wifi hotspot because it was never turned on. [CONTEXT service_id=54 ]
07-02 01:33:47.272  5025  6674 I NearbyMediums: Cannot disconnect from the Wifi hotspot when it was never connected. [CONTEXT service_id=54 ]
07-02 01:33:47.276  4716  4716 D BluetoothAdapter: STATE_BLE_ON
07-02 01:33:47.276  4716  4716 D BluetoothAdapter: appoCount is = 1 G/S = 3/2
07-02 01:33:47.276  4716  4716 I BeaconBle: Resetting - new scanner available: true [CONTEXT service_id=111 ]
07-02 01:33:47.280  9391  9454 D BluetoothAdapter: STATE_BLE_ON
07-02 01:33:47.281  9391  9454 D BluetoothAdapter: appoCount is = 1 G/S = 3/2
07-02 01:33:47.281  4716  4716 I BeaconBle: ZERO_POWER is disabled. [CONTEXT service_id=111 ]
07-02 01:33:47.281  4716  4716 I BeaconBle: 'L' hardware scan: scan stopped, no powered clients [CONTEXT service_id=111 ]
07-02 01:33:47.282  9391  9454 D BluetoothAdapter: STATE_BLE_ON
07-02 01:33:47.282  9391  9454 D BluetoothAdapter: appoCount is = 1 G/S = 3/2
07-02 01:33:47.285  4716  4972 D BluetoothAdapter: disableBLE(): de-registering com.google.android.gms
07-02 01:33:47.285  3836  5398 D SecContentProvider: query(), uri = 3 selection = isBLEAllowed
07-02 01:33:47.285  3836  5398 D SecContentProvider: called from com.google.uid.shared:10030
07-02 01:33:47.286  9391  9461 E BtGatt.GattService: [GSIM LOG]: gsimLogHandler, msg: MESSAGE_SCAN_STOP, appName: android.uid.bcmgr, scannerId: 4, reportDelayMillis=0
07-02 01:33:47.286  3836  5398 D BluetoothManagerService: updateBleAppCount #DOWN | mBleAppCount: 3, mSappCount2, Using SS: false
07-02 01:33:47.287  3836  5398 D BluetoothManagerService: Broadcasting sendDisableBleCallback to 19 receivers.
07-02 01:33:47.287  9926  9941 D BluetoothAdapter: ondisableBLE
07-02 01:33:47.287  9926  9941 D BluetoothAdapter: There are no active google scan apps, stop scan
07-02 01:33:47.287  5560  7938 D BluetoothAdapter: ondisableBLE
07-02 01:33:47.288  5560  7938 D BluetoothAdapter: There are no active google scan apps, stop scan
07-02 01:33:47.288  3836  5398 D BluetoothAdapter: ondisableBLE
07-02 01:33:47.288  3836  5398 D BluetoothAdapter: There are no active google scan apps, stop scan
07-02 01:33:47.288  9143 20303 D BluetoothAdapter: ondisableBLE
07-02 01:33:47.288  4202  6544 D BluetoothAdapter: ondisableBLE
07-02 01:33:47.288  4202  6544 D BluetoothAdapter: There are no active google scan apps, stop scan
07-02 01:33:47.288  4532 23949 D BluetoothAdapter: ondisableBLE
07-02 01:33:47.288  4532 23949 D BluetoothAdapter: There are no active google scan apps, stop scan
07-02 01:33:47.288  4162 22839 D BluetoothAdapter: ondisableBLE
07-02 01:33:47.288  5106 13421 D BluetoothAdapter: ondisableBLE
07-02 01:33:47.288  4162 22839 D BluetoothAdapter: There are no active google scan apps, stop scan
07-02 01:33:47.288  5133  5163 D BluetoothAdapter: ondisableBLE
07-02 01:33:47.288  5106 13421 D BluetoothAdapter: There are no active google scan apps, stop scan
07-02 01:33:47.288  5133  5163 D BluetoothAdapter: There are no active google scan apps, stop scan
07-02 01:33:47.289 20096 20123 D BluetoothAdapter: ondisableBLE
07-02 01:33:47.289 20096 20123 D BluetoothAdapter: There are no active google scan apps, stop scan
07-02 01:33:47.289  5025  7853 D BluetoothAdapter: ondisableBLE
07-02 01:33:47.289  5025  7853 D BluetoothAdapter: There are no active google scan apps, stop scan
07-02 01:33:47.289  9336 31047 D BluetoothAdapter: ondisableBLE
07-02 01:33:47.290  5089  6576 D BluetoothAdapter: ondisableBLE
07-02 01:33:47.290  5089  6576 D BluetoothAdapter: There are no active google scan apps, stop scan
07-02 01:33:47.290  9391  9391 D DOWNLOADABLE_DB: onReceive of BR
07-02 01:33:47.290  9391  9391 D DOWNLOADABLE_DB: android.bluetooth.adapter.action.BLE_STATE_CHANGED
07-02 01:33:47.290  4716  8125 D BluetoothAdapter: ondisableBLE
07-02 01:33:47.290  9391  9391 D BluetoothAdapterService: getAdapterService() - returning com.android.bluetooth.btservice.AdapterService@e31d036
07-02 01:33:47.290  4716  8125 D BluetoothAdapter: There are no active google scan apps, stop scan
07-02 01:33:47.290 32148 32160 D BluetoothAdapter: ondisableBLE
07-02 01:33:47.290  9391  9391 D BluetoothAdapterService: getAdapterService() - returning com.android.bluetooth.btservice.AdapterService@e31d036
07-02 01:33:47.290  4716  8125 D BluetoothLeScanner: stopAllScan standalone boolean is value is = false
07-02 01:33:47.291  9391  9391 D BluetoothAdapterService: getDownloadableDbObject(): returning com.samsung.downloadabledb.BluetoothDownloadableDatabase@607e7c3
07-02 01:33:47.291  4716  4972 I BeaconBle: 'L' hardware scan: scan stopped, no clients [CONTEXT service_id=111 ]
07-02 01:33:47.291  4716  4972 I BeaconBle: Nearby requested to stop scan [CONTEXT service_id=111 ]
07-02 01:33:47.291 32148 32160 D BluetoothAdapter: There are no active google scan apps, stop scan
07-02 01:33:47.291 20102 20122 D BluetoothAdapter: ondisableBLE
07-02 01:33:47.291  4716  4972 I BeaconBle: Scan canceled successfully. [CONTEXT service_id=111 ]
07-02 01:33:47.291 20102 20122 D BluetoothAdapter: There are no active google scan apps, stop scan
07-02 01:33:47.292 20102 20122 D BluetoothLeScanner: stopAllScan standalone boolean is value is = false
07-02 01:33:47.292 20102 20122 D BluetoothLeScanner: Exting stopping all callback scans
07-02 01:33:47.292 19973 19995 D BluetoothAdapter: ondisableBLE
07-02 01:33:47.292 19973 19995 D BluetoothAdapter: There are no active google scan apps, stop scan
07-02 01:33:47.294  3836  5398 D SamsungAlarmManager: Cancel Alarm calling from uid:10030 pid :4716 / op:PendingIntent{4d4c12a: PendingIntentRecord{c1bdca3 com.google.android.gms broadcastIntent}}
07-02 01:33:47.294  5025  6674 I Nearby  : Successfully shutdown executor WifiRadio.singleThreadOffloader. [CONTEXT service_id=49 ]
07-02 01:33:47.294  5025  6674 I NearbyMediums: WiFi has shut down. [CONTEXT service_id=54 ]
07-02 01:33:47.295  5025  6674 I NearbyMediums: Initiating shutdown of NFC. [CONTEXT service_id=54 ]
07-02 01:33:47.295  9143  9143 I [+10]oneconnect[1.7.47-22_02][CORE]: BleAdvertiser.stopBroadcast - Stop BLE advertising
07-02 01:33:47.295  9391  9414 D BluetoothAdapter: ondisableBLE
07-02 01:33:47.295  9143  9143 W [+10]oneconnect[1.7.47-22_02][CORE]: SepBleHelper.mBroadcastReceiver - (off_state) recover Radio...[mLeRadioState]12 >> LE_RADIO_STATE_OFF
07-02 01:33:47.295 19824 19836 D BluetoothAdapter: ondisableBLE
07-02 01:33:47.295  4716  4716 D BluetoothAdapter: STATE_BLE_ON
07-02 01:33:47.295 19824 19836 D BluetoothAdapter: There are no active google scan apps, stop scan
07-02 01:33:47.295  9391 17340 E BtGatt.ContextMap: Context not found for uid 10161
07-02 01:33:47.296  4716  4716 D BluetoothAdapter: appoCount is = 0 G/S = 2/2
07-02 01:33:47.296 20102 20122 D BluetoothLeScanner: Exting stopping all pending intent scans
07-02 01:33:47.296  4716  4716 I BeaconBle: Resetting - new scanner available: false [CONTEXT service_id=111 ]
07-02 01:33:47.296  9391  9391 D DOWNLOADABLE_DB: onReceive of BR
07-02 01:33:47.296  9391  9391 D DOWNLOADABLE_DB: android.bluetooth.adapter.action.BLE_STATE_CHANGED
07-02 01:33:47.296  9391  9391 D BluetoothAdapterService: getAdapterService() - returning com.android.bluetooth.btservice.AdapterService@e31d036
07-02 01:33:47.296  9391  9391 D BluetoothAdapterService: getAdapterService() - returning com.android.bluetooth.btservice.AdapterService@e31d036
07-02 01:33:47.296  9391  9391 D BluetoothAdapterService: getDownloadableDbObject(): returning com.samsung.downloadabledb.BluetoothDownloadableDatabase@607e7c3
07-02 01:33:47.298  9391  9415 D BtGatt.ContextMap: remove() - id: 5
07-02 01:33:47.298  9391  9415 E BtGatt.ContextMap: remove() - removed: 5
07-02 01:33:47.299  5025  6674 I Nearby  : Successfully shutdown executor NearFieldCommunication.onLostExecutor. [CONTEXT service_id=49 ]
07-02 01:33:47.299  4716  8125 D BluetoothLeScanner: Exting stopping all callback scans
07-02 01:33:47.299  9391  9563 W bt_btm  : btm_ble_disable_resolving_list() rl_state = 0x12, rl_mask = 0x2, to_resume = 1
07-02 01:33:47.299  4716  4716 I BeaconBle: 'L' hardware scan: scan stopped, no clients [CONTEXT service_id=111 ]
07-02 01:33:47.299  5025  6674 I Nearby  : Successfully shutdown executor NearFieldCommunication.singleThreadOffloader. [CONTEXT service_id=49 ]
07-02 01:33:47.301  5025  6674 I NearbyMediums: NFC has shut down. [CONTEXT service_id=54 ]
07-02 01:33:47.301  9391  9415 E BtGatt.ContextMap: Context not found for uid 10030
07-02 01:33:47.301  4716  8125 D BluetoothLeScanner: Exting stopping all pending intent scans
07-02 01:33:47.303  9391  9461 E BtGatt.GattService: [GSIM LOG]: gsimLogHandler, msg: MESSAGE_SCAN_STOP, appName: com.google.uid.shared, scannerId: 5, reportDelayMillis=0
07-02 01:33:47.303  5025  6674 I NearbyMediums: Initiating shutdown of WebRTC. [CONTEXT service_id=54 ]
07-02 01:33:47.305  5025  6674 I Nearby  : Successfully shutdown executor WebRtc.singleThreadedSignalingOffloader. [CONTEXT service_id=49 ]
07-02 01:33:47.305  5025  6674 I Nearby  : Successfully shutdown executor WebRtc.multiThreadedSignalingOffloader. [CONTEXT service_id=49 ]
07-02 01:33:47.305  5025  6674 I Nearby  : Successfully shutdown executor WebRtc.restartTachyonReceiveMessagesExecutor. [CONTEXT service_id=49 ]
07-02 01:33:47.305  5025  6674 I NearbyMediums: WebRTC has shut down. [CONTEXT service_id=54 ]
07-02 01:33:47.306  5025  6674 I NearbyMediums: Initiating shutdown of UltraWideband. [CONTEXT service_id=54 ]
07-02 01:33:47.306  5025  6674 I NearbyMediums: UltraWideband has shut down. [CONTEXT service_id=54 ]
07-02 01:33:47.306  5025  6674 I Nearby  : Successfully shutdown executor MultiMediumDependencyManager.needsRetryExecutor. [CONTEXT service_id=49 ]
07-02 01:33:47.306  5025  6674 I NearbyConnections: MediumManager has shut down. [CONTEXT service_id=54 ]
07-02 01:33:47.306  3836  5398 D SamsungAlarmManager: Cancel Alarm calling from uid:10030 pid :4716 / op:PendingIntent{be694b8: PendingIntentRecord{c1bdca3 com.google.android.gms broadcastIntent}}
07-02 01:33:47.306  5025  6674 I NearbyConnections: OfflineServiceController has shut down. [CONTEXT service_id=54 ]
07-02 01:33:47.310  5025  6674 I NearbyConnections: Completed shutdown of ServiceControllerRouter ahpy@f34b514. [CONTEXT service_id=54 ]
07-02 01:33:47.313  4716  4716 I NearbyDiscovery: DiscoveryService created for ACTION_STATE_CHANGED. [CONTEXT service_id=49 ]
07-02 01:33:47.313  4716 11355 I NearbyDiscovery: FastPairHandler: Received action android.bluetooth.adapter.action.STATE_CHANGED [CONTEXT service_id=49 ]
07-02 01:33:47.315  4716 11355 D BluetoothAdapter: STATE_BLE_ON
07-02 01:33:47.315  4716  4716 I Fido    : [CableAuthenticatorChimeraService] Unregistering receiver.
07-02 01:33:47.316  3836  4206 D PackageManager: setEnabledSetting : userId = 0 packageName = com.google.android.gms cmp = com.google.android.gms.nearby.mediums.nearfieldcommunication.NfcAdvertisingService newState = 2 callingPackage = 10030/com.google.android.gms.persistent
07-02 01:33:47.316  4716  4716 I Fido    : [CableAuthenticatorChimeraService] Registering broadcast receiver.
07-02 01:33:47.317  4716  6618 I NearbyMediums: BluetoothAdapter's name was not set by Nearby Connections, ignoring call to restore device name [CONTEXT service_id=54 ]
07-02 01:33:47.318  3836  5386 D SamsungAlarmManager: Cancel Alarm calling from uid:10030 pid :4716 / op:PendingIntent{cc4464: PendingIntentRecord{c1bdca3 com.google.android.gms broadcastIntent}}
07-02 01:33:47.321  3836  5386 D SamsungAlarmManager: Cancel Alarm calling from uid:10030 pid :4716 / op:PendingIntent{d27c6cd: PendingIntentRecord{c1bdca3 com.google.android.gms broadcastIntent}}
07-02 01:33:47.321  4716 11355 D BluetoothAdapter: appoCount is = 0
07-02 01:33:47.323  3836  5386 D ConnectivityService: filterNetworkStateForUid() uid: 10030, pid: 4716
07-02 01:33:47.323  3836  5386 D ConnectivityService: isNetworkWithLinkPropertiesBlocked: uid=10030, vpn=DISCONNECTED,false
07-02 01:33:47.323  3836  5386 D ConnectivityService: filterNetworkStateForUid() uid: 10030, pid: 4716, networkInfo: [type: WIFI[], state: CONNECTED/CONNECTED, reason: (unspecified), extra: (none), failover: false, available: true, roaming: false]
07-02 01:33:47.323  4716 11355 I NearbyDiscovery: FastPairScanner2: isBleEnabled? bleEnabled:false, btEnabled:false, bleScanAvailable:true [CONTEXT service_id=49 ]
07-02 01:33:47.326  4716 11355 D BluetoothAdapter: STATE_BLE_ON
07-02 01:33:47.327  4716 11355 D BluetoothAdapter: appoCount is = 0
07-02 01:33:47.327  4716 11355 I NearbyDiscovery: FastPairScanner2: Stopping scan [CONTEXT service_id=49 ]
07-02 01:33:47.328  4716 11355 D BluetoothAdapter: STATE_BLE_ON
07-02 01:33:47.328  4716 11355 D BluetoothAdapter: appoCount is = 0 G/S = 2/2
07-02 01:33:47.328  4716 11355 D BluetoothLeScanner: stop scan is not allowed as BT is off
07-02 01:33:47.329  4716 11355 I NearbyDiscovery: Show notifications: 0 total, no changes since last shown, no-op. [CONTEXT service_id=49 ]
07-02 01:33:47.332  3836  4007 D InputReader: Input event(2): value=0 when=10459.357476
07-02 01:33:47.332  3836  4007 D InputReader: Input event(2): value=0 when=10459.357476
07-02 01:33:47.332  3836  4007 I InputReader: Touch event's action is 0x1 (deviceType=0) [pCnt=1, s=] when=10459.357476
07-02 01:33:47.333  3836  4006 I clp-JNI : Add pinfo.  (channel) a1544aa com.sec.android.app.launcher/com.sec.android.app.launcher.activities.LauncherActivity (server) (pkg) AppWindowToken{70286cf token=Token{fcddb2e ActivityRecord{92059a9 u0 com.sec.android.app.launcher/.activities.LauncherActivity t2}}} 5139 10086 (action) 1
07-02 01:33:47.333  3836  4006 I clp-JNI : Add pinfo end.  1
07-02 01:33:47.333  3836  4006 I InputDispatcher: Delivering touch to (5139): action: 0x1, displayId: 0, 'a1544aa', toolType: 1
07-02 01:33:47.333  3836  4006 I clp-JNI : Add pinfo.  (channel) 9721158 com.android.systemui.ImageWallpaper (server) (pkg) AppWindowToken{70286cf token=Token{fcddb2e ActivityRecord{92059a9 u0 com.sec.android.app.launcher/.activities.LauncherActivity t2}}} 4202 10003 (action) 1
07-02 01:33:47.333  3836  4006 I clp-JNI : Add pinfo end.  1
07-02 01:33:47.333  3836  4006 I InputDispatcher: Delivering touch to (4202): action: 0x1, displayId: 0, '9721158', toolType: 1
07-02 01:33:47.334  5139  5139 D ViewRootImpl@814674f[LauncherActivity]: ViewPostIme pointer 1
07-02 01:33:47.334  3836  3836 D CustomFrequencyManagerService: acquireDVFSLockLocked : type : DVFS_MIN_LIMIT  frequency : 1261000  uid : 1000  pid : 3836  pkgName : SMOOTH_SCROLL@CPU_MIN@51
07-02 01:33:47.336  3836  3836 D CustomFrequencyManagerService: releaseDVFSLockLocked : Getting Lock type frm List : DVFS_MIN_LIMIT  frequency : 1261000  uid : 1000  pid : 3836  tag : SMOOTH_SCROLL@CPU_MIN@51
07-02 01:33:47.339  3836  3836 D GameManagerService: identifyGamePackage. com.sec.android.app.launcher
07-02 01:33:47.339  3836  3836 D GamePkgDataHelper: getGamePkgData(). com.sec.android.app.launcher
07-02 01:33:47.339  3836  3836 D CustomFrequencyManagerService: acquireDVFSLockLocked : type : DVFS_MIN_LIMIT  frequency : 858000  uid : 1000  pid : 3836  pkgName : GESTURE_DETECTED@CPU_MIN@54
07-02 01:33:47.359  9336  9366 I BeaconManager[9.0.16.0]: BleScanHelper.startBleScan - Start filter Scan(SCREEN_ON)
07-02 01:33:47.360  9336  9366 D BeaconManager[9.0.16.0]: BleScanHelper.getMyScanPreferences - interval:3120, window:160
07-02 01:33:47.360  9336  9366 D BluetoothAdapter: STATE_BLE_ON
07-02 01:33:47.361  9336  9366 D BluetoothAdapter: appoCount is = 0 G/S = 2/2
07-02 01:33:47.361  9336  9366 D BluetoothAdapter: STATE_BLE_ON
07-02 01:33:47.361  9336  9366 D BluetoothAdapter: appoCount is = 0 G/S = 2/2
07-02 01:33:47.361  9336  9366 D BluetoothLeScanner: Start Scan with callback
07-02 01:33:47.362  9391 17340 D BtGatt.ContextMap: add() - appUid: 5006, appName: android.uid.bcmgr:5006
07-02 01:33:47.362  9391  9563 I bt_stack: [INFO:gatt_api.cc(955)] GATT_Register 916aa10b-de00-41f3-93af-fa0abbadd01d
07-02 01:33:47.362  9391  9563 I bt_stack: [INFO:gatt_api.cc(992)] allocated gatt_if=4
07-02 01:33:47.363  9336 31047 D BluetoothLeScanner: onScannerRegistered() - status=0 scannerId=4 mScannerId=0
07-02 01:33:47.364  9391 17340 D BluetoothAdapter: STATE_BLE_ON
07-02 01:33:47.364  9391 17340 D BluetoothAdapter: bleAppCnt is = 2
07-02 01:33:47.365  9391  9454 D BluetoothAdapter: STATE_BLE_ON
07-02 01:33:47.365  9391  9454 D BluetoothAdapter: appoCount is = 0 G/S = 2/2
07-02 01:33:47.367  9391  9461 E BtGatt.GattService: [GSIM LOG]: gsimLogHandler, msg: MESSAGE_SCAN_START, appName: android.uid.bcmgr, scannerId: 4, reportDelayMillis=0
07-02 01:33:47.367  9391  9454 D BluetoothAdapter: STATE_BLE_ON
07-02 01:33:47.367  9391  9454 D BluetoothAdapter: appoCount is = 0 G/S = 2/2
07-02 01:33:47.367  9391  9454 D BluetoothAdapter: STATE_BLE_ON
07-02 01:33:47.367  9391  9454 D BluetoothAdapter: appoCount is = 0 G/S = 2/2
07-02 01:33:47.369  9391  9454 D BtGatt.ScanManager: configureFilterParamter() : onFoundTimeout | onLostTimeout | onFoundCount | numOfTrackingEntries | scanFilterRssiThreshold | trackableScanFilterRssiThreshold | matchMode
07-02 01:33:47.369  9391  9454 D BtGatt.ScanManager: configureFilterParamter() : __________500__|________10000__|___________1__|___________________0__|___________________-128__|____________________________-128__|________1_
07-02 01:33:47.372  9391  9454 D BtGatt.ScanManager: configureFilterParamter() : onFoundTimeout | onLostTimeout | onFoundCount | numOfTrackingEntries | scanFilterRssiThreshold | trackableScanFilterRssiThreshold | matchMode
07-02 01:33:47.372  9391  9454 D BtGatt.ScanManager: configureFilterParamter() : __________500__|________10000__|___________1__|___________________0__|___________________-128__|____________________________-128__|________1_
07-02 01:33:47.375  9391  9454 D BtGatt.ScanManager: configureFilterParamter() : onFoundTimeout | onLostTimeout | onFoundCount | numOfTrackingEntries | scanFilterRssiThreshold | trackableScanFilterRssiThreshold | matchMode
07-02 01:33:47.375  9391  9454 D BtGatt.ScanManager: configureFilterParamter() : __________500__|________10000__|___________1__|___________________0__|___________________-128__|____________________________-128__|________1_
07-02 01:33:47.377  9391  9454 D BtGatt.ScanManager: configureFilterParamter() : onFoundTimeout | onLostTimeout | onFoundCount | numOfTrackingEntries | scanFilterRssiThreshold | trackableScanFilterRssiThreshold | matchMode
07-02 01:33:47.377  9391  9454 D BtGatt.ScanManager: configureFilterParamter() : __________500__|________10000__|___________1__|___________________0__|___________________-128__|____________________________-128__|________1_
07-02 01:33:47.379  9391  9454 D BtGatt.ScanManager: configureFilterParamter() : onFoundTimeout | onLostTimeout | onFoundCount | numOfTrackingEntries | scanFilterRssiThreshold | trackableScanFilterRssiThreshold | matchMode
07-02 01:33:47.379  9391  9454 D BtGatt.ScanManager: configureFilterParamter() : __________500__|________10000__|___________1__|___________________0__|___________________-128__|____________________________-128__|________1_
07-02 01:33:47.382  9391  9454 D BtGatt.ScanManager: configureFilterParamter() : onFoundTimeout | onLostTimeout | onFoundCount | numOfTrackingEntries | scanFilterRssiThreshold | trackableScanFilterRssiThreshold | matchMode
07-02 01:33:47.382  9391  9454 D BtGatt.ScanManager: configureFilterParamter() : __________500__|________10000__|___________1__|___________________0__|___________________-128__|____________________________-128__|________1_
07-02 01:33:47.386  9391  9454 D BtGatt.ScanManager: configureFilterParamter() : onFoundTimeout | onLostTimeout | onFoundCount | numOfTrackingEntries | scanFilterRssiThreshold | trackableScanFilterRssiThreshold | matchMode
07-02 01:33:47.386  9391  9454 D BtGatt.ScanManager: configureFilterParamter() : __________500__|________10000__|___________1__|___________________0__|___________________-128__|____________________________-128__|________1_
07-02 01:33:47.389  9391  9454 D BtGatt.ScanManager: configureFilterParamter() : onFoundTimeout | onLostTimeout | onFoundCount | numOfTrackingEntries | scanFilterRssiThreshold | trackableScanFilterRssiThreshold | matchMode
07-02 01:33:47.389  9391  9454 D BtGatt.ScanManager: configureFilterParamter() : __________500__|________10000__|___________1__|___________________0__|___________________-128__|____________________________-128__|________1_
07-02 01:33:47.391  9391  9454 D BtGatt.ScanManager: configureFilterParamter() : onFoundTimeout | onLostTimeout | onFoundCount | numOfTrackingEntries | scanFilterRssiThreshold | trackableScanFilterRssiThreshold | matchMode
07-02 01:33:47.391  9391  9454 D BtGatt.ScanManager: configureFilterParamter() : __________500__|________10000__|___________1__|___________________0__|___________________-128__|____________________________-128__|________1_
07-02 01:33:47.394  9391  9454 D BtGatt.ScanManager: configureFilterParamter() : onFoundTimeout | onLostTimeout | onFoundCount | numOfTrackingEntries | scanFilterRssiThreshold | trackableScanFilterRssiThreshold | matchMode
07-02 01:33:47.394  9391  9454 D BtGatt.ScanManager: configureFilterParamter() : __________500__|________10000__|___________1__|___________________0__|___________________-128__|____________________________-128__|________1_
07-02 01:33:47.396  9391  9454 D BtGatt.ScanManager: configureFilterParamter() : onFoundTimeout | onLostTimeout | onFoundCount | numOfTrackingEntries | scanFilterRssiThreshold | trackableScanFilterRssiThreshold | matchMode
07-02 01:33:47.396  9391  9454 D BtGatt.ScanManager: configureFilterParamter() : __________500__|________10000__|___________1__|___________________0__|___________________-128__|____________________________-128__|________1_
07-02 01:33:47.399  9391  9454 D BtGatt.ScanManager: configureFilterParamter() : onFoundTimeout | onLostTimeout | onFoundCount | numOfTrackingEntries | scanFilterRssiThreshold | trackableScanFilterRssiThreshold | matchMode
07-02 01:33:47.399  9391  9454 D BtGatt.ScanManager: configureFilterParamter() : __________500__|________10000__|___________1__|___________________0__|___________________-128__|____________________________-128__|________1_
07-02 01:33:47.401  9391  9454 E BtGatt.ScanManager: default value of curScanSetting 0 is choosen
07-02 01:33:47.402  9391  9563 W bt_btm  : btm_ble_enable_resolving_list() rl_state = 0x10, rl_mask = 0x2
07-02 01:33:47.402  9391  9454 D BtGatt.ScanManager: configureRegularScanParams() scan param set to 256 / 4992 (units)
07-02 01:33:47.402  9391  9563 W bt_btm  : btm_ble_disable_resolving_list() rl_state = 0x12, rl_mask = 0x2, to_resume = 1
07-02 01:33:47.402  9391  9563 W bt_btm  : btm_ble_enable_resolving_list() rl_state = 0x10, rl_mask = 0x2
07-02 01:33:47.436 20355 20375 W SolidExplorer: pl.solidexplorer.panel.explorer.Explorer$Observer$1#runBitchRun(Explorer.java:1530)
07-02 01:33:47.437 20355 20375 W SolidExplorer: Appending new entries: 1
07-02 01:33:47.481  3836  5386 D SamsungAlarmManager: Cancel Alarm calling from uid:10030 pid :4716 / op:PendingIntent{d59bbfc: PendingIntentRecord{c1bdca3 com.google.android.gms broadcastIntent}}
07-02 01:33:47.483  3836  5386 D SamsungAlarmManager: Cancel Alarm calling from uid:10030 pid :4716 / op:PendingIntent{7640285: PendingIntentRecord{c1bdca3 com.google.android.gms broadcastIntent}}
07-02 01:33:47.750  3486  4116 D bauth_FPBAuthService: pcf : 0x1012, 0 ,2 ,0 ,0 ,0 ,2,
07-02 01:33:47.751  3486  4116 D bauth_FPBAuthService: thread id : 2, preenroll_flag : 0, nd cnt : 1, cso : 0, et : 0
07-02 01:33:47.751  3486  4116 D bauth_FPBAuthService: FPBAuthService, 9983
07-02 01:33:47.872  5139  5139 D UserEvent:
07-02 01:33:47.872  5139  5139 D UserEvent: -----------------------------------------------------
07-02 01:33:47.872  5139  5139 D UserEvent: action:FLING direction=UP
07-02 01:33:47.872  5139  5139 D UserEvent:  Source child:TASK, packageHash=-287496199, componentHash=-1542611681, pageIdx=1, pkg=com.android.settings
07-02 01:33:47.872  5139  5139 D UserEvent:  Elapsed container 10459897 ms, session 10459897 ms, action 0 ms
07-02 01:33:47.872  5139  5139 D UserEvent:  isInLandscapeMode false
07-02 01:33:47.872  5139  5139 D UserEvent:  isInMultiWindowMode false
07-02 01:33:47.872  5139  5139 D UserEvent:
07-02 01:33:47.873  5139  5348 D SamsungAnalytics201007: user do not agree
07-02 01:33:47.873  5139  5348 I SAPrinter: sendEvent :{cd=null, t=ev, en=5105, pn=500, ts=1593617627873}
07-02 01:33:47.874  3836  3836 D Telecom:SamsungPrebindingServiceImpl: onTopActivityChanged : ComponentInfo{com.sec.android.app.launcher/com.sec.android.app.launcher.activities.LauncherActivity}
07-02 01:33:47.874  5139  5139 D DragLayer: DragLayer onMeasure, mIsNaviBarPositionChanged = false, mWillOrientationChange = false
07-02 01:33:47.880  3836  5386 I ActivityManager: Killing 18109:com.android.settings/1000 (adj 903): remove task
07-02 01:33:47.880  3836  3855 W libprocessgroup: kill(-18109, 9) failed: No such process
07-02 01:33:47.881  5139  5139 D TextView_AppWidget: onGlobalLayout(1), START, mTransformed=1:30, android.widget.TextClock{b481c31 V.ED..... ........ 0,0-226,140 #7f09014d app:id/clock_time}
07-02 01:33:47.882  5139  5139 D DragLayer: DragLayer dispatchDraw, mIsNaviBarPositionChanged = false, mWillOrientationChange = false
07-02 01:33:47.886  3836  3855 W libprocessgroup: kill(-18109, 9) failed: No such process
07-02 01:33:47.967  3836  3855 I chatty  : uid=1000(system) ActivityManager identical 15 lines
07-02 01:33:47.973  3836  3855 W libprocessgroup: kill(-18109, 9) failed: No such process
07-02 01:33:47.976  5139  5161 D RecentsTaskLoadPlan: lastReportedWindowingMode is not exist.
