07-02 01:34:19.142  3836  4500 I SamsungAlarmManager: setLocked to kernel - T:2 / 20200702T013539, SetElapsed=10571293, nowELAPSED=10491167
07-02 01:34:19.143  3836  4500 I SamsungAlarmManager: setLocked to kernel - T:3 / 20200702T013459, SetElapsed=10532024, nowELAPSED=10491167
07-02 01:34:19.150  3836  5392 D ConnectivityService: filterNetworkStateForUid() uid: 10030, pid: 4716
07-02 01:34:19.150  3836  5392 D ConnectivityService: isNetworkWithLinkPropertiesBlocked: uid=10030, vpn=DISCONNECTED,false
07-02 01:34:19.150  3836  5392 D ConnectivityService: filterNetworkStateForUid() uid: 10030, pid: 4716, networkInfo: [type: WIFI[], state: CONNECTED/CONNECTED, reason: (unspecified), extra: (none), failover: false, available: true, roaming: false]
07-02 01:34:19.154  3836  4206 D SyncManager: userId - 0 auto - true
07-02 01:34:19.162  3836  5392 D SamsungAlarmManager: Cancel Alarm calling from uid:10030 pid :4716 / op:PendingIntent{9b70f22: PendingIntentRecord{7290ed com.google.android.gms broadcastIntent}}
07-02 01:34:19.165  3836  5392 I SamsungAlarmManager: setLocked to kernel - T:2 / 20200702T013539, SetElapsed=10571293, nowELAPSED=10491190
07-02 01:34:19.165  3836  5392 I SamsungAlarmManager: setLocked to kernel - T:3 / 20200702T013459, SetElapsed=10532024, nowELAPSED=10491190
07-02 01:34:19.177  3836  5392 D SyncManager: userId - 0 auto - true
07-02 01:34:19.191  3836  5392 D SyncManager: userId - 0 auto - true
07-02 01:34:19.196  3836  4206 D SamsungAlarmManager: setInexact Intent (T:2/F:0/AC:false) 20200702T014439 - CU:10030/CP:4716
07-02 01:34:19.197  3836  4206 I SamsungAlarmManager: setLocked to kernel - T:2 / 20200702T013539, SetElapsed=10571293, nowELAPSED=10491221
07-02 01:34:19.197  3836  4206 I SamsungAlarmManager: setLocked to kernel - T:3 / 20200702T013459, SetElapsed=10532024, nowELAPSED=10491222
07-02 01:34:19.215  3836  4206 D ConnectivityService: filterNetworkStateForUid() uid: 10030, pid: 4716
07-02 01:34:19.215  3836  4206 D ConnectivityService: isNetworkWithLinkPropertiesBlocked: uid=10030, vpn=DISCONNECTED,false
07-02 01:34:19.216  3836  4206 D ConnectivityService: filterNetworkStateForUid() uid: 10030, pid: 4716, networkInfo: [type: WIFI[], state: CONNECTED/CONNECTED, reason: (unspecified), extra: (none), failover: false, available: true, roaming: false]
07-02 01:34:19.220  3836  4206 D SamsungAlarmManager: Cancel Alarm calling from uid:10030 pid :4716 / op:PendingIntent{fd9fdb3: PendingIntentRecord{7290ed com.google.android.gms broadcastIntent}}
07-02 01:34:19.223  3836  4206 I SamsungAlarmManager: setLocked to kernel - T:2 / 20200702T013539, SetElapsed=10571293, nowELAPSED=10491248
07-02 01:34:19.223  3836  4206 I SamsungAlarmManager: setLocked to kernel - T:3 / 20200702T013459, SetElapsed=10532024, nowELAPSED=10491248
07-02 01:34:19.246  3836  5550 D SyncManager: userId - 0 auto - true
07-02 01:34:19.309  3836  4500 D SamsungAlarmManager: setInexact Intent (T:2/F:0/AC:false) 20200702T014847 - CU:10030/CP:4716
07-02 01:34:19.310  3836  4500 I SamsungAlarmManager: setLocked to kernel - T:2 / 20200702T013539, SetElapsed=10571293, nowELAPSED=10491335
07-02 01:34:19.310  3836  4500 I SamsungAlarmManager: setLocked to kernel - T:3 / 20200702T013459, SetElapsed=10532024, nowELAPSED=10491335
07-02 01:34:19.317  3836  5550 D ConnectivityService: filterNetworkStateForUid() uid: 10030, pid: 4716
07-02 01:34:19.317  3836  5550 D ConnectivityService: isNetworkWithLinkPropertiesBlocked: uid=10030, vpn=DISCONNECTED,false
07-02 01:34:19.318  3836  5550 D ConnectivityService: filterNetworkStateForUid() uid: 10030, pid: 4716, networkInfo: [type: WIFI[], state: CONNECTED/CONNECTED, reason: (unspecified), extra: (none), failover: false, available: true, roaming: false]
07-02 01:34:19.325  3836  5550 D SamsungAlarmManager: Cancel Alarm calling from uid:10030 pid :4716 / op:PendingIntent{289629c: PendingIntentRecord{7290ed com.google.android.gms broadcastIntent}}
07-02 01:34:19.330  3836  5550 I SamsungAlarmManager: setLocked to kernel - T:2 / 20200702T013539, SetElapsed=10571293, nowELAPSED=10491355
07-02 01:34:19.330  3836  5550 I SamsungAlarmManager: setLocked to kernel - T:3 / 20200702T013459, SetElapsed=10532024, nowELAPSED=10491355
07-02 01:34:19.347  3836  4500 D SamsungAlarmManager: setInexact Intent (T:2/F:0/AC:false) 20200702T014439 - CU:10030/CP:4716
07-02 01:34:19.348  3836  4500 I SamsungAlarmManager: setLocked to kernel - T:2 / 20200702T013539, SetElapsed=10571293, nowELAPSED=10491372
07-02 01:34:19.348  3836  4500 I SamsungAlarmManager: setLocked to kernel - T:3 / 20200702T013500, SetElapsed=10532024, nowELAPSED=10491373
07-02 01:34:19.356  3836  4500 D ConnectivityService: filterNetworkStateForUid() uid: 10030, pid: 4716
07-02 01:34:19.356  3836  4500 D ConnectivityService: isNetworkWithLinkPropertiesBlocked: uid=10030, vpn=DISCONNECTED,false
07-02 01:34:19.356  3836  4500 D ConnectivityService: filterNetworkStateForUid() uid: 10030, pid: 4716, networkInfo: [type: WIFI[], state: CONNECTED/CONNECTED, reason: (unspecified), extra: (none), failover: false, available: true, roaming: false]
07-02 01:34:19.364  3836  4500 D SamsungAlarmManager: Cancel Alarm calling from uid:10030 pid :4716 / op:PendingIntent{132b4a5: PendingIntentRecord{7290ed com.google.android.gms broadcastIntent}}
07-02 01:34:19.367  3836  4500 I SamsungAlarmManager: setLocked to kernel - T:2 / 20200702T013539, SetElapsed=10571293, nowELAPSED=10491392
07-02 01:34:19.367  3836  4500 I SamsungAlarmManager: setLocked to kernel - T:3 / 20200702T013459, SetElapsed=10532024, nowELAPSED=10491392
07-02 01:34:19.383  3836  4500 D SamsungAlarmManager: setInexact Intent (T:2/F:0/AC:false) 20200702T014439 - CU:10030/CP:4716
07-02 01:34:19.384  3836  4500 I SamsungAlarmManager: setLocked to kernel - T:2 / 20200702T013539, SetElapsed=10571293, nowELAPSED=10491408
07-02 01:34:19.384  3836  4500 I SamsungAlarmManager: setLocked to kernel - T:3 / 20200702T013459, SetElapsed=10532024, nowELAPSED=10491409
07-02 01:34:19.391  3836  4516 D ConnectivityService: filterNetworkStateForUid() uid: 10030, pid: 4716
07-02 01:34:19.392  3836  4516 D ConnectivityService: isNetworkWithLinkPropertiesBlocked: uid=10030, vpn=DISCONNECTED,false
07-02 01:34:19.392  3836  4516 D ConnectivityService: filterNetworkStateForUid() uid: 10030, pid: 4716, networkInfo: [type: WIFI[], state: CONNECTED/CONNECTED, reason: (unspecified), extra: (none), failover: false, available: true, roaming: false]
07-02 01:34:19.396  3836  4516 D SamsungAlarmManager: Cancel Alarm calling from uid:10030 pid :4716 / op:PendingIntent{23f607a: PendingIntentRecord{7290ed com.google.android.gms broadcastIntent}}
07-02 01:34:19.399  3836  4516 I SamsungAlarmManager: setLocked to kernel - T:2 / 20200702T013539, SetElapsed=10571293, nowELAPSED=10491424
07-02 01:34:19.399  3836  4516 I SamsungAlarmManager: setLocked to kernel - T:3 / 20200702T013459, SetElapsed=10532024, nowELAPSED=10491424
07-02 01:34:19.416  3836  4516 D SamsungAlarmManager: setInexact Intent (T:2/F:0/AC:false) 20200702T014847 - CU:10030/CP:4716
07-02 01:34:19.417  3836  4516 I SamsungAlarmManager: setLocked to kernel - T:2 / 20200702T013539, SetElapsed=10571293, nowELAPSED=10491441
07-02 01:34:19.417  3836  4516 I SamsungAlarmManager: setLocked to kernel - T:3 / 20200702T013459, SetElapsed=10532024, nowELAPSED=10491442
07-02 01:34:19.463  3836  4516 D SyncManager: userId - 0 auto - true
07-02 01:34:19.465  3836  5550 D ConnectivityService: filterNetworkStateForUid() uid: 10030, pid: 4716
07-02 01:34:19.465  3836  5550 D ConnectivityService: isNetworkWithLinkPropertiesBlocked: uid=10030, vpn=DISCONNECTED,false
07-02 01:34:19.466  3836  5550 D ConnectivityService: filterNetworkStateForUid() uid: 10030, pid: 4716, networkInfo: [type: WIFI[], state: CONNECTED/CONNECTED, reason: (unspecified), extra: (none), failover: false, available: true, roaming: false]
07-02 01:34:19.467 20355 20897 W SolidExplorer: pl.solidexplorer.files.MediaScanner#remove(MediaScanner.java:159)
07-02 01:34:19.467 20355 20897 W SolidExplorer: Unable to delete files from media store. Where clause: _data LIKE '/storage/emulated/0/Movies/segment-sum/20200312_150643/%'
07-02 01:34:19.480  3836  4516 D SamsungAlarmManager: Cancel Alarm calling from uid:10030 pid :4716 / op:PendingIntent{cbd702b: PendingIntentRecord{7290ed com.google.android.gms broadcastIntent}}
07-02 01:34:19.484  3836  4516 I SamsungAlarmManager: setLocked to kernel - T:2 / 20200702T013539, SetElapsed=10571293, nowELAPSED=10491509
07-02 01:34:19.484  3836  4516 I SamsungAlarmManager: setLocked to kernel - T:3 / 20200702T013459, SetElapsed=10532024, nowELAPSED=10491509
07-02 01:34:19.492  3836  4516 D SyncManager: userId - 0 auto - true
07-02 01:34:19.506  3836  4500 D SyncManager: userId - 0 auto - true
07-02 01:34:19.519 20355 20375 W SolidExplorer: pl.solidexplorer.panel.explorer.Explorer$Observer$1#runBitchRun(Explorer.java:1535)
07-02 01:34:19.519 20355 20375 W SolidExplorer: Clearing removal list
07-02 01:34:19.522  3836  4516 D SyncManager: userId - 0 auto - true
07-02 01:34:19.538  3836  4500 D SyncManager: userId - 0 auto - true
07-02 01:34:19.542 20355 20897 W SolidExplorer: pl.solidexplorer.files.MediaScanner#remove(MediaScanner.java:159)
07-02 01:34:19.543 20355 20897 W SolidExplorer: Unable to delete files from media store. Where clause: _data='/storage/emulated/0/Movies/segment-sum/20200312_150643'
07-02 01:34:19.561  3836  5550 D SyncManager: userId - 0 auto - true
07-02 01:34:19.574  3836  5550 D SyncManager: userId - 0 auto - true
07-02 01:34:19.601  3836  4206 D SamsungAlarmManager: setInexact Intent (T:2/F:0/AC:false) 20200702T014439 - CU:10030/CP:4716
07-02 01:34:19.601  3836  4206 I SamsungAlarmManager: setLocked to kernel - T:2 / 20200702T013539, SetElapsed=10571293, nowELAPSED=10491626
07-02 01:34:19.602  3836  4206 I SamsungAlarmManager: setLocked to kernel - T:3 / 20200702T013500, SetElapsed=10532024, nowELAPSED=10491626
07-02 01:34:19.630  3836  4206 D ConnectivityService: filterNetworkStateForUid() uid: 10030, pid: 4716
07-02 01:34:19.630  3836  4206 D ConnectivityService: isNetworkWithLinkPropertiesBlocked: uid=10030, vpn=DISCONNECTED,false
07-02 01:34:19.630  3836  4206 D ConnectivityService: filterNetworkStateForUid() uid: 10030, pid: 4716, networkInfo: [type: WIFI[], state: CONNECTED/CONNECTED, reason: (unspecified), extra: (none), failover: false, available: true, roaming: false]
07-02 01:34:19.636  3836  4206 D SamsungAlarmManager: Cancel Alarm calling from uid:10030 pid :4716 / op:PendingIntent{2656934: PendingIntentRecord{7290ed com.google.android.gms broadcastIntent}}
07-02 01:34:19.639  3836  4206 I SamsungAlarmManager: setLocked to kernel - T:2 / 20200702T013539, SetElapsed=10571293, nowELAPSED=10491663
07-02 01:34:19.639  3836  4206 I SamsungAlarmManager: setLocked to kernel - T:3 / 20200702T013500, SetElapsed=10532024, nowELAPSED=10491664
07-02 01:34:19.656  3836  4206 D SamsungAlarmManager: setInexact Intent (T:2/F:0/AC:false) 20200702T014439 - CU:10030/CP:4716
07-02 01:34:19.656  3836  4206 I SamsungAlarmManager: setLocked to kernel - T:2 / 20200702T013539, SetElapsed=10571293, nowELAPSED=10491681
07-02 01:34:19.657  3836  4206 I SamsungAlarmManager: setLocked to kernel - T:3 / 20200702T013500, SetElapsed=10532024, nowELAPSED=10491682
07-02 01:34:19.660  3836  4516 D SyncManager: userId - 0 auto - true
07-02 01:34:19.662  3836  4516 D ConnectivityService: filterNetworkStateForUid() uid: 10030, pid: 4716
07-02 01:34:19.662  3836  4516 D ConnectivityService: isNetworkWithLinkPropertiesBlocked: uid=10030, vpn=DISCONNECTED,false
07-02 01:34:19.663  3836  4516 D ConnectivityService: filterNetworkStateForUid() uid: 10030, pid: 4716, networkInfo: [type: WIFI[], state: CONNECTED/CONNECTED, reason: (unspecified), extra: (none), failover: false, available: true, roaming: false]
07-02 01:34:19.677  3836  4206 D SamsungAlarmManager: Cancel Alarm calling from uid:10030 pid :4716 / op:PendingIntent{d73d35d: PendingIntentRecord{7290ed com.google.android.gms broadcastIntent}}
07-02 01:34:19.680  3836  4206 I SamsungAlarmManager: setLocked to kernel - T:2 / 20200702T013539, SetElapsed=10571293, nowELAPSED=10491705
07-02 01:34:19.681  3836  4206 I SamsungAlarmManager: setLocked to kernel - T:3 / 20200702T013500, SetElapsed=10532024, nowELAPSED=10491705
07-02 01:34:19.706  3836  4206 D SamsungAlarmManager: setInexact Intent (T:2/F:0/AC:false) 20200702T014439 - CU:10030/CP:4716
07-02 01:34:19.707  3836  4206 I SamsungAlarmManager: setLocked to kernel - T:2 / 20200702T013539, SetElapsed=10571293, nowELAPSED=10491731
07-02 01:34:19.707  3836  4206 I SamsungAlarmManager: setLocked to kernel - T:3 / 20200702T013459, SetElapsed=10532024, nowELAPSED=10491732
07-02 01:34:19.713  3836  4206 D ConnectivityService: filterNetworkStateForUid() uid: 10030, pid: 4716
07-02 01:34:19.713  3836  4206 D ConnectivityService: isNetworkWithLinkPropertiesBlocked: uid=10030, vpn=DISCONNECTED,false
07-02 01:34:19.713  3836  4206 D ConnectivityService: filterNetworkStateForUid() uid: 10030, pid: 4716, networkInfo: [type: WIFI[], state: CONNECTED/CONNECTED, reason: (unspecified), extra: (none), failover: false, available: true, roaming: false]
07-02 01:34:19.718  3836  4206 D SamsungAlarmManager: Cancel Alarm calling from uid:10030 pid :4716 / op:PendingIntent{ba584d2: PendingIntentRecord{7290ed com.google.android.gms broadcastIntent}}
07-02 01:34:19.721  3836  4206 I SamsungAlarmManager: setLocked to kernel - T:2 / 20200702T013539, SetElapsed=10571293, nowELAPSED=10491746
07-02 01:34:19.722  3836  4206 I SamsungAlarmManager: setLocked to kernel - T:3 / 20200702T013500, SetElapsed=10532024, nowELAPSED=10491746
07-02 01:34:19.739  3836  4500 D SamsungAlarmManager: setInexact Intent (T:2/F:0/AC:false) 20200702T014847 - CU:10030/CP:4716
07-02 01:34:19.740  3836  4500 I SamsungAlarmManager: setLocked to kernel - T:2 / 20200702T013539, SetElapsed=10571293, nowELAPSED=10491764
07-02 01:34:19.740  3836  4500 I SamsungAlarmManager: setLocked to kernel - T:3 / 20200702T013500, SetElapsed=10532024, nowELAPSED=10491765
07-02 01:34:19.771  3486  4116 D bauth_FPBAuthService: pcf : 0x1012, 0 ,2 ,0 ,0 ,0 ,2,
07-02 01:34:19.771  3486  4116 D bauth_FPBAuthService: thread id : 2, preenroll_flag : 0, nd cnt : 1, cso : 0, et : 0
07-02 01:34:19.771  3486  4116 D bauth_FPBAuthService: FPBAuthService, 9983
07-02 01:34:19.881  3836  4206 D SyncManager: userId - 0 auto - true
07-02 01:34:19.883  3836  4516 D ConnectivityService: filterNetworkStateForUid() uid: 10030, pid: 4716
07-02 01:34:19.883  3836  4516 D ConnectivityService: isNetworkWithLinkPropertiesBlocked: uid=10030, vpn=DISCONNECTED,false
07-02 01:34:19.883  3836  4516 D ConnectivityService: filterNetworkStateForUid() uid: 10030, pid: 4716, networkInfo: [type: WIFI[], state: CONNECTED/CONNECTED, reason: (unspecified), extra: (none), failover: false, available: true, roaming: false]
07-02 01:34:19.887 20355 20897 W SolidExplorer: pl.solidexplorer.files.MediaScanner#remove(MediaScanner.java:159)
07-02 01:34:19.888 20355 20897 W SolidExplorer: Unable to delete files from media store. Where clause: _data LIKE '/storage/emulated/0/Movies/segment-sum/20200312_150744/%'
07-02 01:34:19.891  3836  4516 D SamsungAlarmManager: Cancel Alarm calling from uid:10030 pid :4716 / op:PendingIntent{5db9a3: PendingIntentRecord{7290ed com.google.android.gms broadcastIntent}}
07-02 01:34:19.899  3836  4516 I SamsungAlarmManager: setLocked to kernel - T:2 / 20200702T013539, SetElapsed=10571293, nowELAPSED=10491924
07-02 01:34:19.900  3836  4516 I SamsungAlarmManager: setLocked to kernel - T:3 / 20200702T013459, SetElapsed=10532024, nowELAPSED=10491924
07-02 01:34:19.904  3836  4206 D SyncManager: userId - 0 auto - true
07-02 01:34:19.920  3836  4206 D SyncManager: userId - 0 auto - true
07-02 01:34:19.942  3836  4516 D SyncManager: userId - 0 auto - true
07-02 01:34:19.960  3836  4500 D SyncManager: userId - 0 auto - true
07-02 01:34:19.962 20355 20897 W SolidExplorer: pl.solidexplorer.files.MediaScanner#remove(MediaScanner.java:159)
07-02 01:34:19.962 20355 20897 W SolidExplorer: Unable to delete files from media store. Where clause: _data='/storage/emulated/0/Movies/segment-sum/20200312_150744'
07-02 01:34:19.993  3836  4500 D SyncManager: userId - 0 auto - true
07-02 01:34:20.016  3836  5550 D SyncManager: userId - 0 auto - true
07-02 01:34:20.022  3836  4206 D SamsungAlarmManager: setInexact Intent (T:2/F:0/AC:false) 20200702T014439 - CU:10030/CP:4716
07-02 01:34:20.022  3836  4206 I SamsungAlarmManager: setLocked to kernel - T:2 / 20200702T013539, SetElapsed=10571293, nowELAPSED=10492047
07-02 01:34:20.023  3836  4206 I SamsungAlarmManager: setLocked to kernel - T:3 / 20200702T013500, SetElapsed=10532024, nowELAPSED=10492047
07-02 01:34:20.035  3836  4524 D ConnectivityService: filterNetworkStateForUid() uid: 10030, pid: 4716
07-02 01:34:20.035  3836  4524 D ConnectivityService: isNetworkWithLinkPropertiesBlocked: uid=10030, vpn=DISCONNECTED,false
07-02 01:34:20.036  3836  4524 D ConnectivityService: filterNetworkStateForUid() uid: 10030, pid: 4716, networkInfo: [type: WIFI[], state: CONNECTED/CONNECTED, reason: (unspecified), extra: (none), failover: false, available: true, roaming: false]
07-02 01:34:20.049  3836  4516 D SamsungAlarmManager: Cancel Alarm calling from uid:10030 pid :4716 / op:PendingIntent{b8aacc: PendingIntentRecord{7290ed com.google.android.gms broadcastIntent}}
07-02 01:34:20.052  3836  4516 I SamsungAlarmManager: setLocked to kernel - T:2 / 20200702T013539, SetElapsed=10571293, nowELAPSED=10492076
07-02 01:34:20.053  3836  4516 I SamsungAlarmManager: setLocked to kernel - T:3 / 20200702T013459, SetElapsed=10532024, nowELAPSED=10492078
07-02 01:34:20.074  3836  4524 D SamsungAlarmManager: setInexact Intent (T:2/F:0/AC:false) 20200702T014439 - CU:10030/CP:4716
07-02 01:34:20.074  3836  4524 I SamsungAlarmManager: setLocked to kernel - T:2 / 20200702T013539, SetElapsed=10571293, nowELAPSED=10492099
07-02 01:34:20.074  3836  4524 I SamsungAlarmManager: setLocked to kernel - T:3 / 20200702T013459, SetElapsed=10532024, nowELAPSED=10492099
07-02 01:34:20.079  3836  4524 D ConnectivityService: filterNetworkStateForUid() uid: 10030, pid: 4716
07-02 01:34:20.079  3836  4524 D ConnectivityService: isNetworkWithLinkPropertiesBlocked: uid=10030, vpn=DISCONNECTED,false
07-02 01:34:20.079  3836  4524 D ConnectivityService: filterNetworkStateForUid() uid: 10030, pid: 4716, networkInfo: [type: WIFI[], state: CONNECTED/CONNECTED, reason: (unspecified), extra: (none), failover: false, available: true, roaming: false]
07-02 01:34:20.083  3836  4524 D SamsungAlarmManager: Cancel Alarm calling from uid:10030 pid :4716 / op:PendingIntent{8731115: PendingIntentRecord{7290ed com.google.android.gms broadcastIntent}}
07-02 01:34:20.086  3836  4524 I SamsungAlarmManager: setLocked to kernel - T:2 / 20200702T013539, SetElapsed=10571293, nowELAPSED=10492110
07-02 01:34:20.086  3836  4524 I SamsungAlarmManager: setLocked to kernel - T:3 / 20200702T013459, SetElapsed=10532024, nowELAPSED=10492111
07-02 01:34:20.089  3836  4516 D SyncManager: userId - 0 auto - true
07-02 01:34:20.102 19735 19773 I BaseThreadPoolExecutor: [StoryService] Task com.samsung.storyservice.framework.DataSyncTask@955f609 is submitted
07-02 01:34:20.102 19735 19773 I ServiceController: [StoryService] Sending response for  32 with status 0
07-02 01:34:20.104 19735 20906 I DataSyncTask: [StoryService] id list to delete is ::  [95679, 95686, 95687, 95677, 95688, 95678, 95689, 95682, 95683, 95684, 95685, 95690, 95680, 95691, 95681, 95692]
07-02 01:34:20.105 19735 20906 I DataSyncTask: [StoryService] Event update, Notification to Gallery
07-02 01:34:20.117  3836  4500 D SamsungAlarmManager: setInexact Intent (T:2/F:0/AC:false) 20200702T014847 - CU:10030/CP:4716
07-02 01:34:20.117  3836  4500 I SamsungAlarmManager: setLocked to kernel - T:2 / 20200702T013539, SetElapsed=10571293, nowELAPSED=10492142
07-02 01:34:20.118  3836  4500 I SamsungAlarmManager: setLocked to kernel - T:3 / 20200702T013500, SetElapsed=10532024, nowELAPSED=10492142
07-02 01:34:20.182  3836  4070 I WifiVendorHal: getWifiLinkLayerStats(l.2973) before calling iface.getLinkLayerStats
07-02 01:34:20.182  3287  3287 I android.hardware.wifi@1.0-service: enter getLinkLayerStats
07-02 01:34:20.182  3287  3287 I android.hardware.wifi@1.0-service: enter getLinkLayerStatsInternal
07-02 01:34:20.192 19735 20906 I BaseThreadPoolExecutor: [StoryService] Task com.samsung.storyservice.framework.ChannelGeneratorTask@301bf1a is submitted
07-02 01:34:20.193 19735 20906 I BaseThreadPoolExecutor: [StoryService] afterExecute FutureTask
07-02 01:34:20.200 19735 20907 I EventChannelGenerator: [StoryService] deleteLiveChannels() In
07-02 01:34:20.224  3287  3287 I android.hardware.wifi@1.0-service: Successfully getLinkLayerStats.
07-02 01:34:20.225  3836  4070 I WifiVendorHal: getWifiLinkLayerStats(l.2973) after calling iface.getLinkLayerStats
07-02 01:34:20.264 19735 20907 I CollageChannelGenerator: [StoryService] Applying delete operation on Collage channels..
07-02 01:34:20.286  3836  5392 D SyncManager: userId - 0 auto - true
07-02 01:34:20.289 20355 20897 W SolidExplorer: pl.solidexplorer.files.MediaScanner#remove(MediaScanner.java:159)
07-02 01:34:20.289 20355 20897 W SolidExplorer: Unable to delete files from media store. Where clause: _data LIKE '/storage/emulated/0/Movies/segment-sum/20200312_150844/%'
07-02 01:34:20.298  3836  4500 D ConnectivityService: filterNetworkStateForUid() uid: 10030, pid: 4716
07-02 01:34:20.298  3836  4500 D ConnectivityService: isNetworkWithLinkPropertiesBlocked: uid=10030, vpn=DISCONNECTED,false
07-02 01:34:20.299  3836  4500 D ConnectivityService: filterNetworkStateForUid() uid: 10030, pid: 4716, networkInfo: [type: WIFI[], state: CONNECTED/CONNECTED, reason: (unspecified), extra: (none), failover: false, available: true, roaming: false]
07-02 01:34:20.311  3836  5392 D SyncManager: userId - 0 auto - true
07-02 01:34:20.316 19735 20907 I ServiceUtils: [StoryService] Collage files delete
07-02 01:34:20.317 19735 20907 I ServiceUtils: [StoryService] No Collage thumbnails to delete
07-02 01:34:20.317 19735 20907 I ChannelBase: [StoryService] Applying delete operation on channels..
07-02 01:34:20.320  3836  4500 D SamsungAlarmManager: Cancel Alarm calling from uid:10030 pid :4716 / op:PendingIntent{370dc2a: PendingIntentRecord{7290ed com.google.android.gms broadcastIntent}}
07-02 01:34:20.326  3836  4500 I SamsungAlarmManager: setLocked to kernel - T:2 / 20200702T013539, SetElapsed=10571293, nowELAPSED=10492350
07-02 01:34:20.326  3836  4500 I SamsungAlarmManager: setLocked to kernel - T:3 / 20200702T013459, SetElapsed=10532024, nowELAPSED=10492351
07-02 01:34:20.330  3836  4524 D SyncManager: userId - 0 auto - true
07-02 01:34:20.344  3836  4516 D SyncManager: userId - 0 auto - true
07-02 01:34:20.366  3836  4524 D SyncManager: userId - 0 auto - true
07-02 01:34:20.369 20355 20897 W SolidExplorer: pl.solidexplorer.files.MediaScanner#remove(MediaScanner.java:159)
07-02 01:34:20.369 20355 20897 W SolidExplorer: Unable to delete files from media store. Where clause: _data='/storage/emulated/0/Movies/segment-sum/20200312_150844'
07-02 01:34:20.378  3836  5392 D SyncManager: userId - 0 auto - true
07-02 01:34:20.390  3836  4206 D SyncManager: userId - 0 auto - true
07-02 01:34:20.398 19735 20907 I AgifChannelGenerator: [StoryService] Applying delete operation on Agif channels..
07-02 01:34:20.421 19735 20907 I AgifChannelGenerator: [StoryService] Empty delete list for agif
07-02 01:34:20.429  3836  4500 D SamsungAlarmManager: setInexact Intent (T:2/F:0/AC:false) 20200702T014439 - CU:10030/CP:4716
07-02 01:34:20.429  3836  4500 I SamsungAlarmManager: setLocked to kernel - T:2 / 20200702T013539, SetElapsed=10571293, nowELAPSED=10492454
07-02 01:34:20.429  3836  4500 I SamsungAlarmManager: setLocked to kernel - T:3 / 20200702T013459, SetElapsed=10532024, nowELAPSED=10492454
07-02 01:34:20.435  3836  4516 D ConnectivityService: filterNetworkStateForUid() uid: 10030, pid: 4716
07-02 01:34:20.435  3836  4516 D ConnectivityService: isNetworkWithLinkPropertiesBlocked: uid=10030, vpn=DISCONNECTED,false
07-02 01:34:20.436  3836  4516 D ConnectivityService: filterNetworkStateForUid() uid: 10030, pid: 4716, networkInfo: [type: WIFI[], state: CONNECTED/CONNECTED, reason: (unspecified), extra: (none), failover: false, available: true, roaming: false]
07-02 01:34:20.446  3836  5392 D SamsungAlarmManager: Cancel Alarm calling from uid:10030 pid :4716 / op:PendingIntent{31890f6: PendingIntentRecord{7290ed com.google.android.gms broadcastIntent}}
07-02 01:34:20.448  3836  5392 I SamsungAlarmManager: setLocked to kernel - T:2 / 20200702T013539, SetElapsed=10571293, nowELAPSED=10492473
07-02 01:34:20.449  3836  5392 I SamsungAlarmManager: setLocked to kernel - T:3 / 20200702T013500, SetElapsed=10532024, nowELAPSED=10492473
07-02 01:34:20.457  3836  4206 D SyncManager: userId - 0 auto - true
07-02 01:34:20.462  3836  5550 E BartenderActivityManager: BarTender: pid : 6069 cached=true abnormal=false kill=false stay=false release=false
07-02 01:34:20.465  3836  5550 E BartenderActivityManager: BarTender: pid : 6790 cached=true abnormal=false kill=false stay=false release=false
07-02 01:34:20.485  3836  5392 D SamsungAlarmManager: setInexact Intent (T:2/F:0/AC:false) 20200702T014439 - CU:10030/CP:4716
07-02 01:34:20.486  3836  5392 I SamsungAlarmManager: setLocked to kernel - T:2 / 20200702T013539, SetElapsed=10571293, nowELAPSED=10492510
07-02 01:34:20.486  3836  5392 I SamsungAlarmManager: setLocked to kernel - T:3 / 20200702T013459, SetElapsed=10532024, nowELAPSED=10492511
07-02 01:34:20.491  3836  5392 D ConnectivityService: filterNetworkStateForUid() uid: 10030, pid: 4716
07-02 01:34:20.491  3836  5392 D ConnectivityService: isNetworkWithLinkPropertiesBlocked: uid=10030, vpn=DISCONNECTED,false
07-02 01:34:20.491  3836  5392 D ConnectivityService: filterNetworkStateForUid() uid: 10030, pid: 4716, networkInfo: [type: WIFI[], state: CONNECTED/CONNECTED, reason: (unspecified), extra: (none), failover: false, available: true, roaming: false]
07-02 01:34:20.495  3836  4500 D SamsungAlarmManager: Cancel Alarm calling from uid:10030 pid :4716 / op:PendingIntent{7cf8764: PendingIntentRecord{7290ed com.google.android.gms broadcastIntent}}
07-02 01:34:20.498  3836  4500 I SamsungAlarmManager: setLocked to kernel - T:2 / 20200702T013539, SetElapsed=10571293, nowELAPSED=10492522
07-02 01:34:20.498  3836  4500 I SamsungAlarmManager: setLocked to kernel - T:3 / 20200702T013459, SetElapsed=10532024, nowELAPSED=10492523
07-02 01:34:20.510 19735 20907 I ServiceUtils: [StoryService] Collage files delete
07-02 01:34:20.513 19735 20907 I ServiceUtils: [StoryService] No Collage thumbnails to delete
07-02 01:34:20.514 19735 20907 I ChannelBase: [StoryService] Applying delete operation on channels..
07-02 01:34:20.517  3836  4500 D SamsungAlarmManager: setInexact Intent (T:2/F:0/AC:false) 20200702T014439 - CU:10030/CP:4716
07-02 01:34:20.517  3836  4500 I SamsungAlarmManager: setLocked to kernel - T:2 / 20200702T013539, SetElapsed=10571293, nowELAPSED=10492542
07-02 01:34:20.518  3836  4500 I SamsungAlarmManager: setLocked to kernel - T:3 / 20200702T013459, SetElapsed=10532024, nowELAPSED=10492542
07-02 01:34:20.532  3836  4500 D ConnectivityService: filterNetworkStateForUid() uid: 10030, pid: 4716
07-02 01:34:20.532  3836  4500 D ConnectivityService: isNetworkWithLinkPropertiesBlocked: uid=10030, vpn=DISCONNECTED,false
07-02 01:34:20.533  3836  4500 D ConnectivityService: filterNetworkStateForUid() uid: 10030, pid: 4716, networkInfo: [type: WIFI[], state: CONNECTED/CONNECTED, reason: (unspecified), extra: (none), failover: false, available: true, roaming: false]
07-02 01:34:20.552  3836  4500 D SamsungAlarmManager: Cancel Alarm calling from uid:10030 pid :4716 / op:PendingIntent{9f54dcd: PendingIntentRecord{7290ed com.google.android.gms broadcastIntent}}
07-02 01:34:20.555  3836  4500 I SamsungAlarmManager: setLocked to kernel - T:2 / 20200702T013539, SetElapsed=10571293, nowELAPSED=10492580
07-02 01:34:20.556  3836  4500 I SamsungAlarmManager: setLocked to kernel - T:3 / 20200702T013459, SetElapsed=10532024, nowELAPSED=10492580
07-02 01:34:20.574  3836  4500 D SamsungAlarmManager: setInexact Intent (T:2/F:0/AC:false) 20200702T014439 - CU:10030/CP:4716
07-02 01:34:20.575  3836  4500 I SamsungAlarmManager: setLocked to kernel - T:2 / 20200702T013539, SetElapsed=10571293, nowELAPSED=10492600
07-02 01:34:20.575  3836  4500 I SamsungAlarmManager: setLocked to kernel - T:3 / 20200702T013459, SetElapsed=10532024, nowELAPSED=10492600
07-02 01:34:20.584  3836  5392 D ConnectivityService: filterNetworkStateForUid() uid: 10030, pid: 4716
07-02 01:34:20.584  3836  5392 D ConnectivityService: isNetworkWithLinkPropertiesBlocked: uid=10030, vpn=DISCONNECTED,false
07-02 01:34:20.584  3836  5392 D ConnectivityService: filterNetworkStateForUid() uid: 10030, pid: 4716, networkInfo: [type: WIFI[], state: CONNECTED/CONNECTED, reason: (unspecified), extra: (none), failover: false, available: true, roaming: false]
07-02 01:34:20.589  3836  5392 D SamsungAlarmManager: Cancel Alarm calling from uid:10030 pid :4716 / op:PendingIntent{4b4c682: PendingIntentRecord{7290ed com.google.android.gms broadcastIntent}}
07-02 01:34:20.590 19735 20907 I ChannelBase: [StoryService] Applying delete operation on channels..
07-02 01:34:20.592  3836  5392 I SamsungAlarmManager: setLocked to kernel - T:2 / 20200702T013539, SetElapsed=10571293, nowELAPSED=10492616
07-02 01:34:20.592  3836  5392 I SamsungAlarmManager: setLocked to kernel - T:3 / 20200702T013459, SetElapsed=10532024, nowELAPSED=10492617
07-02 01:34:20.610  3836  4500 D SamsungAlarmManager: setInexact Intent (T:2/F:0/AC:false) 20200702T014847 - CU:10030/CP:4716
07-02 01:34:20.611  3836  4500 I SamsungAlarmManager: setLocked to kernel - T:2 / 20200702T013539, SetElapsed=10571293, nowELAPSED=10492635
07-02 01:34:20.611  3836  4500 I SamsungAlarmManager: setLocked to kernel - T:3 / 20200702T013459, SetElapsed=10532024, nowELAPSED=10492636
07-02 01:34:20.678  3836  5398 D SyncManager: userId - 0 auto - true
07-02 01:34:20.682  3836  4500 D ConnectivityService: filterNetworkStateForUid() uid: 10030, pid: 4716
07-02 01:34:20.682  3836  4500 D ConnectivityService: isNetworkWithLinkPropertiesBlocked: uid=10030, vpn=DISCONNECTED,false
07-02 01:34:20.682  3836  4500 D ConnectivityService: filterNetworkStateForUid() uid: 10030, pid: 4716, networkInfo: [type: WIFI[], state: CONNECTED/CONNECTED, reason: (unspecified), extra: (none), failover: false, available: true, roaming: false]
07-02 01:34:20.682 20355 20897 W SolidExplorer: pl.solidexplorer.files.MediaScanner#remove(MediaScanner.java:159)
07-02 01:34:20.682 20355 20897 W SolidExplorer: Unable to delete files from media store. Where clause: _data LIKE '/storage/emulated/0/Movies/segment-sum/%'
07-02 01:34:20.685 19735 20907 I BaseThreadPoolExecutor: [StoryService] afterExecute FutureTask
07-02 01:34:20.685 19735 20907 I ServiceController: [StoryService] Sending response for  34 with status 35
07-02 01:34:20.694  3836  5398 D SyncManager: userId - 0 auto - true
07-02 01:34:20.699  3836  4500 D SamsungAlarmManager: Cancel Alarm calling from uid:10030 pid :4716 / op:PendingIntent{5193: PendingIntentRecord{7290ed com.google.android.gms broadcastIntent}}
07-02 01:34:20.705  3836  4500 I SamsungAlarmManager: setLocked to kernel - T:2 / 20200702T013539, SetElapsed=10571293, nowELAPSED=10492729
07-02 01:34:20.705  3836  4500 I SamsungAlarmManager: setLocked to kernel - T:3 / 20200702T013459, SetElapsed=10532024, nowELAPSED=10492730
07-02 01:34:20.710  3836  5392 D SyncManager: userId - 0 auto - true
07-02 01:34:20.724  3836  5398 D SyncManager: userId - 0 auto - true
07-02 01:34:20.749  3836  4500 D SyncManager: userId - 0 auto - true
07-02 01:34:20.752 20355 20897 W SolidExplorer: pl.solidexplorer.files.MediaScanner#remove(MediaScanner.java:159)
07-02 01:34:20.752 20355 20897 W SolidExplorer: Unable to delete files from media store. Where clause: _data='/storage/emulated/0/Movies/segment-sum'
07-02 01:34:20.771  3486  4116 D bauth_FPBAuthService: pcf : 0x1012, 0 ,2 ,0 ,0 ,0 ,2,
07-02 01:34:20.771  3486  4116 D bauth_FPBAuthService: thread id : 2, preenroll_flag : 0, nd cnt : 1, cso : 0, et : 0
07-02 01:34:20.771  3486  4116 D bauth_FPBAuthService: FPBAuthService, 9983
07-02 01:34:20.782  3836  4500 I WifiService: releaseWifiLock uid=10218
07-02 01:34:20.828  3836  4500 D SamsungAlarmManager: setInexact Intent (T:2/F:0/AC:false) 20200702T014439 - CU:10030/CP:4716
07-02 01:34:20.829  3836  4500 I SamsungAlarmManager: setLocked to kernel - T:2 / 20200702T013539, SetElapsed=10571293, nowELAPSED=10492854
07-02 01:34:20.832  3836  4500 I SamsungAlarmManager: setLocked to kernel - T:3 / 20200702T013500, SetElapsed=10532024, nowELAPSED=10492856
07-02 01:34:20.844  3836  5392 D ConnectivityService: filterNetworkStateForUid() uid: 10030, pid: 4716
07-02 01:34:20.844  3836  5392 D ConnectivityService: isNetworkWithLinkPropertiesBlocked: uid=10030, vpn=DISCONNECTED,false
07-02 01:34:20.844  3836  5392 D ConnectivityService: filterNetworkStateForUid() uid: 10030, pid: 4716, networkInfo: [type: WIFI[], state: CONNECTED/CONNECTED, reason: (unspecified), extra: (none), failover: false, available: true, roaming: false]
07-02 01:34:20.853  3836  5398 D SamsungAlarmManager: Cancel Alarm calling from uid:10030 pid :4716 / op:PendingIntent{3225efc: PendingIntentRecord{7290ed com.google.android.gms broadcastIntent}}
07-02 01:34:20.857  3836  5398 I SamsungAlarmManager: setLocked to kernel - T:2 / 20200702T013539, SetElapsed=10571293, nowELAPSED=10492882
07-02 01:34:20.858  3836  5398 I SamsungAlarmManager: setLocked to kernel - T:3 / 20200702T013459, SetElapsed=10532024, nowELAPSED=10492882
07-02 01:34:20.880  3836  5398 D SamsungAlarmManager: setInexact Intent (T:2/F:0/AC:false) 20200702T014439 - CU:10030/CP:4716
07-02 01:34:20.880  3836  5398 I SamsungAlarmManager: setLocked to kernel - T:2 / 20200702T013539, SetElapsed=10571293, nowELAPSED=10492905
07-02 01:34:20.880  3836  5398 I SamsungAlarmManager: setLocked to kernel - T:3 / 20200702T013459, SetElapsed=10532024, nowELAPSED=10492905
07-02 01:34:20.888  3836  4500 D ConnectivityService: filterNetworkStateForUid() uid: 10030, pid: 4716
07-02 01:34:20.888  3836  4500 D ConnectivityService: isNetworkWithLinkPropertiesBlocked: uid=10030, vpn=DISCONNECTED,false
07-02 01:34:20.888  3836  4500 D ConnectivityService: filterNetworkStateForUid() uid: 10030, pid: 4716, networkInfo: [type: WIFI[], state: CONNECTED/CONNECTED, reason: (unspecified), extra: (none), failover: false, available: true, roaming: false]
07-02 01:34:20.895  3836  4500 D SamsungAlarmManager: Cancel Alarm calling from uid:10030 pid :4716 / op:PendingIntent{17b6985: PendingIntentRecord{7290ed com.google.android.gms broadcastIntent}}
07-02 01:34:20.898  3836  4500 I SamsungAlarmManager: setLocked to kernel - T:2 / 20200702T013539, SetElapsed=10571293, nowELAPSED=10492922
07-02 01:34:20.898  3836  4500 I SamsungAlarmManager: setLocked to kernel - T:3 / 20200702T013500, SetElapsed=10532024, nowELAPSED=10492923
07-02 01:34:20.921  3836  4500 D SamsungAlarmManager: setInexact Intent (T:2/F:0/AC:false) 20200702T014847 - CU:10030/CP:4716
07-02 01:34:20.921  3836  4500 I SamsungAlarmManager: setLocked to kernel - T:2 / 20200702T013539, SetElapsed=10571293, nowELAPSED=10492946
07-02 01:34:20.921  3836  4500 I SamsungAlarmManager: setLocked to kernel - T:3 / 20200702T013459, SetElapsed=10532024, nowELAPSED=10492946
07-02 01:34:21.048 19646 19745 D SMUSIC-MusicSync-MusicSyncService: Intent { act=com.sec.android.app.music.action.LOCAL_SYNC_OPERATIONS (has extras) } enqueueWork syncOperations : [LOCAL_TRACK_DELETE, LOCAL_TRACK_INSERT, LOCAL_PLAYLIST_UPDATE], caller : sync operations : [LOCAL_TRACK_DELETE, LOCAL_TRACK_INSERT, LOCAL_PLAYLIST_UPDATE, LOCAL_DRM_DELETE, LOCAL_DRM_INSERT] from com.samsung.android.app.music.provider.b0.a(SyncComponent.kt:24) | app ver: 16.2.22.20
07-02 01:34:21.452  4890  4890 D io_stats: !@   8,0 r 996557 59105792 w 202896 6855820 d 12220 4954124 f 54625 55214 iot 427600 373081 th 307200 0 0 pt 0 inp 0 0 10493.474
07-02 01:34:21.522 20355 20375 W SolidExplorer: pl.solidexplorer.panel.explorer.Explorer$Observer$1#runBitchRun(Explorer.java:1535)
07-02 01:34:21.522 20355 20375 W SolidExplorer: Clearing removal list
07-02 01:34:21.772  3486  4116 D bauth_FPBAuthService: pcf : 0x1012, 0 ,2 ,0 ,0 ,0 ,2,
07-02 01:34:21.772  3486  4116 D bauth_FPBAuthService: thread id : 2, preenroll_flag : 0, nd cnt : 1, cso : 0, et : 0
07-02 01:34:21.772  3486  4116 D bauth_FPBAuthService: FPBAuthService, 9983
07-02 01:34:21.892  5483 14678 I CMHServiceInterface: unbinding from CMH
07-02 01:34:21.897  7424  7424 I CMHService: [#CMH#] onDestroy()
07-02 01:34:22.109  3836  4007 D InputReader: Input event(2): value=1 when=10494.133967
07-02 01:34:22.109  3836  4007 D InputReader: Input event(2): value=1 when=10494.133967
07-02 01:34:22.109  3836  4007 I InputReader: Touch event's action is 0x0 (deviceType=0) [pCnt=1, s=0.660 ] when=10494.133967
07-02 01:34:22.111  3836  4006 I InputDispatcher: Delivering touch to (4202): action: 0x4, displayId: 0, 'a2dba6c', toolType: 1
07-02 01:34:22.111  3836  4006 I InputDispatcher: Delivering touch to (4202): action: 0x4, displayId: 0, '106c8e9', toolType: 1
07-02 01:34:22.111  3836  4006 I clp-JNI : Add pinfo end.  0
07-02 01:34:22.111  3836  4006 I InputDispatcher: Delivering touch to (20355): action: 0x0, displayId: 0, 'b258b65', toolType: 1
07-02 01:34:22.112 20355 20355 D ViewRootImpl@af9f27[SolidExplorer]: ViewPostIme pointer 0
07-02 01:34:22.160  3836  4500 I AccessibilityManagerService: semIsAccessibilityServiceEnabled()
07-02 01:34:22.161  3836  4500 I chatty  : uid=1000(system) Binder:3836_9 identical 1 line
07-02 01:34:22.162  3836  4500 I AccessibilityManagerService: semIsAccessibilityServiceEnabled()
07-02 01:34:22.202  3836  4007 D InputReader: Input event(2): value=0 when=10494.226921
07-02 01:34:22.202  3836  4007 D InputReader: Input event(2): value=0 when=10494.226921
07-02 01:34:22.202  3836  4007 I InputReader: Touch event's action is 0x1 (deviceType=0) [pCnt=1, s=] when=10494.226921
07-02 01:34:22.202  3836  4006 I clp-JNI : Add pinfo.  (channel) b258b65 pl.solidexplorer2/pl.solidexplorer.SolidExplorer (server) (pkg) AppWindowToken{958b54b token=Token{816061a ActivityRecord{98becc5 u0 pl.solidexplorer2/pl.solidexplorer.SolidExplorer t46}}} 20355 10218 (action) 1
07-02 01:34:22.202  3836  4006 I clp-JNI : Add pinfo end.  1
07-02 01:34:22.202  3836  4006 I InputDispatcher: Delivering touch to (20355): action: 0x1, displayId: 0, 'b258b65', toolType: 1
07-02 01:34:22.204 20355 20355 D ViewRootImpl@af9f27[SolidExplorer]: ViewPostIme pointer 1
07-02 01:34:22.204  3836  3836 D CustomFrequencyManagerService: acquireDVFSLockLocked : type : DVFS_MIN_LIMIT  frequency : 1261000  uid : 1000  pid : 3836  pkgName : SMOOTH_SCROLL@CPU_MIN@51
07-02 01:34:22.206  3836  3836 D GameManagerService: identifyGamePackage. pl.solidexplorer2
07-02 01:34:22.207  3836  3836 D GamePkgDataHelper: getGamePkgData(). pl.solidexplorer2
07-02 01:34:22.207  3836  3836 D CustomFrequencyManagerService: acquireDVFSLockLocked : type : DVFS_MIN_LIMIT  frequency : 858000  uid : 1000  pid : 3836  pkgName : GESTURE_DETECTED@CPU_MIN@54
07-02 01:34:22.207  3836  3836 D CustomFrequencyManagerService: releaseDVFSLockLocked : Getting Lock type frm List : DVFS_MIN_LIMIT  frequency : 1261000  uid : 1000  pid : 3836  tag : SMOOTH_SCROLL@CPU_MIN@51
07-02 01:34:22.209  3836  3836 D GameManagerService: identifyGamePackage. pl.solidexplorer2
07-02 01:34:22.209  3836  3836 D GamePkgDataHelper: getGamePkgData(). pl.solidexplorer2
07-02 01:34:22.209  3836  3836 D CustomFrequencyManagerService: acquireDVFSLockLocked : type : DVFS_MIN_LIMIT  frequency : 858000  uid : 1000  pid : 3836  pkgName : GESTURE_DETECTED@CPU_MIN@54
07-02 01:34:22.772  3486  4116 D bauth_FPBAuthService: pcf : 0x1012, 0 ,2 ,0 ,0 ,0 ,2,
07-02 01:34:22.772  3486  4116 D bauth_FPBAuthService: thread id : 2, preenroll_flag : 0, nd cnt : 1, cso : 0, et : 0
07-02 01:34:22.772  3486  4116 D bauth_FPBAuthService: FPBAuthService, 9983
07-02 01:34:22.774  3836  5398 D SyncManager: userId - 0 auto - true
07-02 01:34:22.779  3836  5398 D ConnectivityService: filterNetworkStateForUid() uid: 10030, pid: 4716
07-02 01:34:22.779  3836  5398 D ConnectivityService: isNetworkWithLinkPropertiesBlocked: uid=10030, vpn=DISCONNECTED,false
07-02 01:34:22.779  3836  5398 D ConnectivityService: filterNetworkStateForUid() uid: 10030, pid: 4716, networkInfo: [type: WIFI[], state: CONNECTED/CONNECTED, reason: (unspecified), extra: (none), failover: false, available: true, roaming: false]
07-02 01:34:22.782  3836  5392 D SamsungAlarmManager: Cancel Alarm calling from uid:10030 pid :4716 / op:PendingIntent{d90a3da: PendingIntentRecord{7290ed com.google.android.gms broadcastIntent}}
07-02 01:34:22.782  3836  4500 D SyncManager: userId - 0 auto - true
07-02 01:34:22.785  3836  5392 I SamsungAlarmManager: setLocked to kernel - T:2 / 20200702T013539, SetElapsed=10571293, nowELAPSED=10494810
07-02 01:34:22.785  3836  5392 I SamsungAlarmManager: setLocked to kernel - T:3 / 20200702T013459, SetElapsed=10532024, nowELAPSED=10494810
07-02 01:34:22.816  3836  5398 D SyncManager: userId - 0 auto - true
07-02 01:34:22.824  3836  4500 D SyncManager: userId - 0 auto - true
07-02 01:34:22.825 20355 20897 W SolidExplorer: pl.solidexplorer.files.MediaScanner#remove(MediaScanner.java:159)
07-02 01:34:22.825 20355 20897 W SolidExplorer: Unable to delete files from media store. Where clause: _data='/storage/emulated/0/Download/nearby/20200312_150744!003.mp4' OR _data='/storage/emulated/0/Download/nearby/20200312_150844!000.mp4' OR _data='/storage/emulated/0/Download/nearby/-4757770169416821782'
07-02 01:34:22.842  3836  5550 D SamsungAlarmManager: setInexact Intent (T:2/F:0/AC:false) 20200702T014439 - CU:10030/CP:4716
07-02 01:34:22.843  3836  5550 I SamsungAlarmManager: setLocked to kernel - T:2 / 20200702T013539, SetElapsed=10571293, nowELAPSED=10494867
07-02 01:34:22.843  3836  5550 I SamsungAlarmManager: setLocked to kernel - T:3 / 20200702T013500, SetElapsed=10532024, nowELAPSED=10494867
07-02 01:34:22.849  3836  5392 D ConnectivityService: filterNetworkStateForUid() uid: 10030, pid: 4716
07-02 01:34:22.849  3836  5392 D ConnectivityService: isNetworkWithLinkPropertiesBlocked: uid=10030, vpn=DISCONNECTED,false
07-02 01:34:22.849  3836  5392 D ConnectivityService: filterNetworkStateForUid() uid: 10030, pid: 4716, networkInfo: [type: WIFI[], state: CONNECTED/CONNECTED, reason: (unspecified), extra: (none), failover: false, available: true, roaming: false]
07-02 01:34:22.854  3836  5392 D SamsungAlarmManager: Cancel Alarm calling from uid:10030 pid :4716 / op:PendingIntent{16523a6: PendingIntentRecord{7290ed com.google.android.gms broadcastIntent}}
07-02 01:34:22.856  3836  5392 I SamsungAlarmManager: setLocked to kernel - T:2 / 20200702T013539, SetElapsed=10571293, nowELAPSED=10494881
07-02 01:34:22.857  3836  5392 I SamsungAlarmManager: setLocked to kernel - T:3 / 20200702T013459, SetElapsed=10532024, nowELAPSED=10494881
07-02 01:34:22.867  3836  4516 D SamsungAlarmManager: setInexact Intent (T:2/F:0/AC:false) 20200702T014439 - CU:10030/CP:4716
07-02 01:34:22.867  3836  4516 I SamsungAlarmManager: setLocked to kernel - T:2 / 20200702T013539, SetElapsed=10571293, nowELAPSED=10494892
07-02 01:34:22.867  3836  4516 I SamsungAlarmManager: setLocked to kernel - T:3 / 20200702T013459, SetElapsed=10532024, nowELAPSED=10494892
07-02 01:34:22.869  3836  4516 D ConnectivityService: filterNetworkStateForUid() uid: 10030, pid: 4716
07-02 01:34:22.869  3836  4516 D ConnectivityService: isNetworkWithLinkPropertiesBlocked: uid=10030, vpn=DISCONNECTED,false
07-02 01:34:22.869  3836  4516 D ConnectivityService: filterNetworkStateForUid() uid: 10030, pid: 4716, networkInfo: [type: WIFI[], state: CONNECTED/CONNECTED, reason: (unspecified), extra: (none), failover: false, available: true, roaming: false]
07-02 01:34:22.871  3836  4516 D SamsungAlarmManager: Cancel Alarm calling from uid:10030 pid :4716 / op:PendingIntent{8d59194: PendingIntentRecord{7290ed com.google.android.gms broadcastIntent}}
07-02 01:34:22.873  3836  4516 I SamsungAlarmManager: setLocked to kernel - T:2 / 20200702T013539, SetElapsed=10571293, nowELAPSED=10494898
07-02 01:34:22.874  3836  4516 I SamsungAlarmManager: setLocked to kernel - T:3 / 20200702T013459, SetElapsed=10532024, nowELAPSED=10494898
07-02 01:34:22.884  3836  4516 D SamsungAlarmManager: setInexact Intent (T:2/F:0/AC:false) 20200702T014439 - CU:10030/CP:4716
07-02 01:34:22.884  3836  4516 I SamsungAlarmManager: setLocked to kernel - T:2 / 20200702T013539, SetElapsed=10571293, nowELAPSED=10494908
07-02 01:34:22.884  3836  4516 I SamsungAlarmManager: setLocked to kernel - T:3 / 20200702T013500, SetElapsed=10532024, nowELAPSED=10494908
07-02 01:34:22.893  3836  4516 D ConnectivityService: filterNetworkStateForUid() uid: 10030, pid: 4716
07-02 01:34:22.893  3836  4516 D ConnectivityService: isNetworkWithLinkPropertiesBlocked: uid=10030, vpn=DISCONNECTED,false
07-02 01:34:22.893  3836  4516 D ConnectivityService: filterNetworkStateForUid() uid: 10030, pid: 4716, networkInfo: [type: WIFI[], state: CONNECTED/CONNECTED, reason: (unspecified), extra: (none), failover: false, available: true, roaming: false]
07-02 01:34:22.895  3836  4516 D SamsungAlarmManager: Cancel Alarm calling from uid:10030 pid :4716 / op:PendingIntent{1c2443d: PendingIntentRecord{7290ed com.google.android.gms broadcastIntent}}
07-02 01:34:22.897  3836  4516 I SamsungAlarmManager: setLocked to kernel - T:2 / 20200702T013539, SetElapsed=10571293, nowELAPSED=10494922
07-02 01:34:22.898  3836  4516 I SamsungAlarmManager: setLocked to kernel - T:3 / 20200702T013459, SetElapsed=10532024, nowELAPSED=10494922
07-02 01:34:22.905  3836  4516 D SamsungAlarmManager: setInexact Intent (T:2/F:0/AC:false) 20200702T014847 - CU:10030/CP:4716
07-02 01:34:22.905  3836  4516 I SamsungAlarmManager: setLocked to kernel - T:2 / 20200702T013539, SetElapsed=10571293, nowELAPSED=10494929
07-02 01:34:22.905  3836  4516 I SamsungAlarmManager: setLocked to kernel - T:3 / 20200702T013500, SetElapsed=10532024, nowELAPSED=10494929
07-02 01:34:23.150  3836  3836 D CustomFrequencyManagerService: releaseDVFSLockLocked : Getting Lock type frm List : DVFS_MIN_LIMIT  frequency : 858000  uid : 1000  pid : 3836  tag : GESTURE_DETECTED@CPU_MIN@54
07-02 01:34:23.255  3836  4070 I WifiVendorHal: getWifiLinkLayerStats(l.2973) before calling iface.getLinkLayerStats
07-02 01:34:23.256  3287  3287 I android.hardware.wifi@1.0-service: enter getLinkLayerStats
07-02 01:34:23.256  3287  3287 I android.hardware.wifi@1.0-service: enter getLinkLayerStatsInternal
07-02 01:34:23.268  3287  3287 I android.hardware.wifi@1.0-service: Successfully getLinkLayerStats.
07-02 01:34:23.269  3836  4070 I WifiVendorHal: getWifiLinkLayerStats(l.2973) after calling iface.getLinkLayerStats
07-02 01:34:23.773  3486  4116 D bauth_FPBAuthService: pcf : 0x1012, 0 ,2 ,0 ,0 ,0 ,2,
07-02 01:34:23.773  3486  4116 D bauth_FPBAuthService: thread id : 2, preenroll_flag : 0, nd cnt : 1, cso : 0, et : 0
07-02 01:34:23.773  3486  4116 D bauth_FPBAuthService: FPBAuthService, 9983
07-02 01:34:24.774  3486  4116 D bauth_FPBAuthService: pcf : 0x1012, 0 ,2 ,0 ,0 ,0 ,2,
07-02 01:34:24.774  3486  4116 D bauth_FPBAuthService: thread id : 2, preenroll_flag : 0, nd cnt : 1, cso : 0, et : 0
07-02 01:34:24.774  3486  4116 D bauth_FPBAuthService: FPBAuthService, 9983
07-02 01:34:24.821 19646 19745 D SMUSIC-MusicSync-MusicSyncService: Intent { act=com.sec.android.app.music.action.LOCAL_SYNC_OPERATIONS (has extras) } enqueueWork syncOperations : [LOCAL_TRACK_DELETE, LOCAL_TRACK_INSERT, LOCAL_PLAYLIST_UPDATE], caller : sync operations : [LOCAL_TRACK_DELETE, LOCAL_TRACK_INSERT, LOCAL_PLAYLIST_UPDATE, LOCAL_DRM_DELETE, LOCAL_DRM_INSERT] from com.samsung.android.app.music.provider.b0.a(SyncComponent.kt:24) | app ver: 16.2.22.20
07-02 01:34:25.774  3486  4116 D bauth_FPBAuthService: pcf : 0x1012, 0 ,2 ,0 ,0 ,0 ,2,
07-02 01:34:25.775  3486  4116 D bauth_FPBAuthService: thread id : 2, preenroll_flag : 0, nd cnt : 1, cso : 0, et : 0
07-02 01:34:25.775  3486  4116 D bauth_FPBAuthService: FPBAuthService, 9983
07-02 01:34:26.076  3836  4500 D WifiPermissionsUtil: canAccessScanResults: pkgName = com.sec.android.sdhms, uid = 1000
07-02 01:34:26.314  3836  4070 I WifiVendorHal: getWifiLinkLayerStats(l.2973) before calling iface.getLinkLayerStats
07-02 01:34:26.315  3287  3287 I android.hardware.wifi@1.0-service: enter getLinkLayerStats
07-02 01:34:26.315  3287  3287 I android.hardware.wifi@1.0-service: enter getLinkLayerStatsInternal
07-02 01:34:26.363  3287  3287 I android.hardware.wifi@1.0-service: Successfully getLinkLayerStats.
07-02 01:34:26.365  3836  4070 I WifiVendorHal: getWifiLinkLayerStats(l.2973) after calling iface.getLinkLayerStats
07-02 01:34:26.458  4890  4890 D io_stats: !@   8,0 r 996557 59105792 w 202919 6856388 d 12220 4954124 f 54625 55214 iot 427604 373083 th 307200 0 0 pt 0 inp 0 0 10498.481
07-02 01:34:26.568  3453  3548 D DnsProxyListener: DNSDBG::dns addrinfo af 2
07-02 01:34:26.775  3486  4116 D bauth_FPBAuthService: pcf : 0x1012, 0 ,2 ,0 ,0 ,0 ,2,
07-02 01:34:26.775  3486  4116 D bauth_FPBAuthService: thread id : 2, preenroll_flag : 0, nd cnt : 1, cso : 0, et : 0
07-02 01:34:26.775  3486  4116 D bauth_FPBAuthService: FPBAuthService, 9983
07-02 01:34:27.760  3836  3977 D SensorHubManager: onGetSensorHubDataLocked: library(22) = 1, 1, 44, 1, 1, 1, 3, 85, 11, -102, 2, 0, 0, 0, 0, 0, 0, 0, 0, 0, 39, 49
