07-02 20:31:53.530  5034 23181 I NearbyConnections: ClientProxy(148670673) reporting onPayloadTransferUpdate(1NpN, -4934896791876713112, IN_PROGRESS) [CONTEXT service_id=54 ]
07-02 20:31:53.531 22478 22478 V NearbyFragment: Transfer to 1NpN: 71%
07-02 20:31:53.535 22478 22478 V NearbyFragment: Transfer to 1NpN: 71%
07-02 20:31:53.535  5034 23181 I NearbyConnections: ClientProxy(148670673) reporting onPayloadTransferUpdate(1NpN, -4934896791876713112, IN_PROGRESS) [CONTEXT service_id=54 ]
07-02 20:31:53.537  5034 23181 I NearbyConnections: ClientProxy(148670673) reporting onPayloadTransferUpdate(1NpN, -4934896791876713112, IN_PROGRESS) [CONTEXT service_id=54 ]
07-02 20:31:53.538 22478 22478 V NearbyFragment: Transfer to 1NpN: 72%
07-02 20:31:53.541  5034 23181 I NearbyConnections: ClientProxy(148670673) reporting onPayloadTransferUpdate(1NpN, -4934896791876713112, IN_PROGRESS) [CONTEXT service_id=54 ]
07-02 20:31:53.541 22478 22478 V NearbyFragment: Transfer to 1NpN: 72%
07-02 20:31:53.546  5034 23181 I NearbyConnections: ClientProxy(148670673) reporting onPayloadTransferUpdate(1NpN, -4934896791876713112, IN_PROGRESS) [CONTEXT service_id=54 ]
07-02 20:31:53.546 22478 22478 V NearbyFragment: Transfer to 1NpN: 72%
07-02 20:31:53.549  5034 23181 I NearbyConnections: ClientProxy(148670673) reporting onPayloadTransferUpdate(1NpN, -4934896791876713112, IN_PROGRESS) [CONTEXT service_id=54 ]
07-02 20:31:53.550 22478 22478 V NearbyFragment: Transfer to 1NpN: 73%
07-02 20:31:53.553  5034 23181 I NearbyConnections: ClientProxy(148670673) reporting onPayloadTransferUpdate(1NpN, -4934896791876713112, IN_PROGRESS) [CONTEXT service_id=54 ]
07-02 20:31:53.553 22478 22478 V NearbyFragment: Transfer to 1NpN: 73%
07-02 20:31:53.586  3574  4120 D bauth_FPBAuthService: pcf : 0x1012, 0 ,2 ,0 ,0 ,0 ,2,
07-02 20:31:53.586  3574  4120 D bauth_FPBAuthService: thread id : 2, preenroll_flag : 0, nd cnt : 1, cso : 0, et : 0
07-02 20:31:53.586  3574  4120 D bauth_FPBAuthService: FPBAuthService, 9983
07-02 20:31:54.497  5034 23181 I NearbyConnections: ClientProxy(148670673) reporting onPayloadTransferUpdate(1NpN, -4934896791876713112, IN_PROGRESS) [CONTEXT service_id=54 ]
07-02 20:31:54.497 22478 22478 V NearbyFragment: Transfer to 1NpN: 73%
07-02 20:31:54.500  5034 23181 I NearbyConnections: ClientProxy(148670673) reporting onPayloadTransferUpdate(1NpN, -4934896791876713112, IN_PROGRESS) [CONTEXT service_id=54 ]
07-02 20:31:54.501 22478 22478 V NearbyFragment: Transfer to 1NpN: 74%
07-02 20:31:54.506  5034 23181 I NearbyConnections: ClientProxy(148670673) reporting onPayloadTransferUpdate(1NpN, -4934896791876713112, IN_PROGRESS) [CONTEXT service_id=54 ]
07-02 20:31:54.506 22478 22478 V NearbyFragment: Transfer to 1NpN: 74%
07-02 20:31:54.511  5034 23181 I NearbyConnections: ClientProxy(148670673) reporting onPayloadTransferUpdate(1NpN, -4934896791876713112, IN_PROGRESS) [CONTEXT service_id=54 ]
07-02 20:31:54.513 22478 22478 V NearbyFragment: Transfer to 1NpN: 75%
07-02 20:31:54.517  5034 23181 I NearbyConnections: ClientProxy(148670673) reporting onPayloadTransferUpdate(1NpN, -4934896791876713112, IN_PROGRESS) [CONTEXT service_id=54 ]
07-02 20:31:54.518 22478 22478 V NearbyFragment: Transfer to 1NpN: 75%
07-02 20:31:54.525  5034 23181 I NearbyConnections: ClientProxy(148670673) reporting onPayloadTransferUpdate(1NpN, -4934896791876713112, IN_PROGRESS) [CONTEXT service_id=54 ]
07-02 20:31:54.526 22478 22478 V NearbyFragment: Transfer to 1NpN: 75%
07-02 20:31:54.531  5034 23181 I NearbyConnections: ClientProxy(148670673) reporting onPayloadTransferUpdate(1NpN, -4934896791876713112, IN_PROGRESS) [CONTEXT service_id=54 ]
07-02 20:31:54.531  3825  3976 D SensorHubManager: onGetSensorHubDataLocked: library(22) = 1, 1, 44, 1, 1, 1, 2, 66, 79, -113, 2, 0, 0, 0, 0, 0, 0, 0, 0, 0, 39, 51
07-02 20:31:54.531 22478 22478 V NearbyFragment: Transfer to 1NpN: 76%
07-02 20:31:54.532  3825  3977 D CAE     : onGetSensorHubData(SensorHubParserProvider.java:91) - onGetSensorHubData Event [event buffer len :22], AP_WAKEUP
07-02 20:31:54.532  3825  3977 I CAE     : parse(SensorHubParserProvider.java:192) - buffer size = 22
07-02 20:31:54.533  3825  3977 I CAE     : parse(SensorHubParserProvider.java:203) - 1, 1, 44, 1, 1, 1, 2, 66, 79, -113, 2, 0, 0, 0, 0, 0, 0, 0, 0, 0, 39, 51,
07-02 20:31:54.534  3825  3977 I CAE     : parse(SLMonitorRunner.java:301) - parse:4
07-02 20:31:54.534  3825  3977 D CAE     : parse(SLMonitorRunner.java:323) - dataSize:1
07-02 20:31:54.535  3825  3977 D CAE     : display(SLMonitorRunner.java:604) - ================= STEP_LEVEL_MONITOR =================
07-02 20:31:54.536  3825  3977 I CAE     : display(SLMonitorRunner.java:721) - DT=[1], DC=[1], TS=[1593685900175], ST=[SE], SC=[0], DI=[0.0], CA=[0.0], DU=[10035]
07-02 20:31:54.537  3825  3982 D SemContextService: Service.updateContext() : service = Step Level Monitor
07-02 20:31:54.538 15541 15541 D SemContextManager: onSemContextChanged() : event = Step Level Monitor
07-02 20:31:54.538 15541 18450 I Sensor[0x06]: [0x01] 33
07-02 20:31:54.538 15541 18450 I Sensor[0x04]: [0x01] 1593685900175[0x02] 0[0x03] 2[0x04] 10035
07-02 20:31:54.587  3574  4120 D bauth_FPBAuthService: pcf : 0x1012, 0 ,2 ,0 ,0 ,0 ,2,
07-02 20:31:54.587  3574  4120 D bauth_FPBAuthService: thread id : 2, preenroll_flag : 0, nd cnt : 1, cso : 0, et : 0
07-02 20:31:54.587  3574  4120 D bauth_FPBAuthService: FPBAuthService, 9983
07-02 20:31:53.092  3825  3851 I chatty  : uid=1000(system) android.bg identical 5 lines
07-02 20:31:53.092  3825  3851 I MDC     : (000000,80,0,1,4)
07-02 20:31:54.610  3825  4083 D ConnectivityService: updateCapabilities: oldCap = [ Transports: WIFI Capabilities: NOT_METERED&INTERNET&NOT_RESTRICTED&TRUSTED&NOT_VPN&NOT_ROAMING&FOREGROUND&NOT_CONGESTED&NOT_SUSPENDED Unwanted:  LinkUpBandwidth>=1048576Kbps LinkDnBandwidth>=1048576Kbps SignalStrength: -53 SSID: "Blackvue750S-F2560F"], newCap = [ Transports: WIFI Capabilities: NOT_METERED&INTERNET&NOT_RESTRICTED&TRUSTED&NOT_VPN&NOT_ROAMING&NOT_CONGESTED Unwanted:  LinkUpBandwidth>=1048576Kbps LinkDnBandwidth>=1048576Kbps SignalStrength: -64 SSID: "Blackvue750S-F2560F"]
07-02 20:31:54.611  3825  4083 D ConnectivityService: notifyType CALLBACK_CAP_CHANGED for NetworkAgentInfo [WIFI () - 602]
07-02 20:31:54.611  3825  4083 D ConnectivityService:  sending notification for NetworkRequest [ REQUEST id=1, [ Capabilities: INTERNET&NOT_RESTRICTED&TRUSTED&NOT_VPN Unwanted: ] ]
07-02 20:31:54.611  3825  4083 D ConnectivityService:  sending notification for NetworkRequest [ LISTEN id=3, [] ]
07-02 20:31:54.611  3825  4083 D ConnectivityService: sending notification CALLBACK_CAP_CHANGED for NetworkRequest [ LISTEN id=3, [] ]
07-02 20:31:54.611  3825  4083 D ConnectivityService:  sending notification for NetworkRequest [ LISTEN id=6, [ Transports: WIFI Capabilities: INTERNET&NOT_RESTRICTED&TRUSTED&NOT_VPN Unwanted: ] ]
07-02 20:31:54.611  3825  4083 D ConnectivityService: sending notification CALLBACK_CAP_CHANGED for NetworkRequest [ LISTEN id=6, [ Transports: WIFI Capabilities: INTERNET&NOT_RESTRICTED&TRUSTED&NOT_VPN Unwanted: ] ]
07-02 20:31:54.611  3825  4083 D ConnectivityService:  sending notification for NetworkRequest [ LISTEN id=7, [ Capabilities: NOT_RESTRICTED&TRUSTED&NOT_VPN Unwanted:  Uid: 1000] ]
07-02 20:31:54.611  3825  4083 D ConnectivityService: sending notification CALLBACK_CAP_CHANGED for NetworkRequest [ LISTEN id=7, [ Capabilities: NOT_RESTRICTED&TRUSTED&NOT_VPN Unwanted:  Uid: 1000] ]
07-02 20:31:54.611  3825  4083 D ConnectivityService:  sending notification for NetworkRequest [ TRACK_DEFAULT id=8, [ Capabilities: INTERNET&NOT_RESTRICTED&TRUSTED Unwanted:  Uid: 1000] ]
07-02 20:31:54.612  3825  4083 D ConnectivityService: sending notification CALLBACK_CAP_CHANGED for NetworkRequest [ TRACK_DEFAULT id=8, [ Capabilities: INTERNET&NOT_RESTRICTED&TRUSTED Unwanted:  Uid: 1000] ]
07-02 20:31:54.611  3825  4073 D ConnectivityService: Vpn: getActiveNetworkForUidInternal: 10030, false, false, DISCONNECTED
07-02 20:31:54.612  3825  4073 D ConnectivityService: isNetworkWithLinkPropertiesBlocked: uid=10030, vpn=DISCONNECTED,false
07-02 20:31:54.612  3825  4083 D ConnectivityService:  sending notification for NetworkRequest [ LISTEN id=10, [ Transports: WIFI Capabilities: NOT_VPN Unwanted: ] ]
07-02 20:31:54.612  3825  4083 D ConnectivityService: sending notification CALLBACK_CAP_CHANGED for NetworkRequest [ LISTEN id=10, [ Transports: WIFI Capabilities: NOT_VPN Unwanted: ] ]
07-02 20:31:54.612  3825  4073 D ConnectivityService: filterNetworkStateForUid() uid: 10030, pid: 3825
07-02 20:31:54.612  3825  4073 D ConnectivityService: isNetworkWithLinkPropertiesBlocked: uid=10030, vpn=DISCONNECTED,false
07-02 20:31:54.612  3825  4073 D ConnectivityService: filterNetworkStateForUid() uid: 10030, pid: 3825, networkInfo: [type: WIFI[], state: CONNECTED/CONNECTED, reason: (unspecified), extra: (none), failover: false, available: true, roaming: false]
07-02 20:31:54.612  3825  4073 D ConnectivityService: filterNetworkStateForUid() uid: 10030, pid: 3825
07-02 20:31:54.612  3825  4073 D ConnectivityService: isNetworkWithLinkPropertiesBlocked: uid=10030, vpn=DISCONNECTED,false
07-02 20:31:54.613  3825  4073 D ConnectivityService: filterNetworkStateForUid() uid: 10030, pid: 3825, networkInfo: [type: WIFI[], state: CONNECTED/CONNECTED, reason: (unspecified), extra: (none), failover: false, available: true, roaming: false]
07-02 20:31:54.613  3825  4073 D ConnectivityService: Vpn: getActiveNetworkForUidInternal: 10087, false, false, DISCONNECTED
07-02 20:31:54.613  3825  4073 D ConnectivityService: isNetworkWithLinkPropertiesBlocked: uid=10087, vpn=DISCONNECTED,false
07-02 20:31:54.613  3825  4073 D ConnectivityService: filterNetworkStateForUid() uid: 10030, pid: 3825
07-02 20:31:54.613  3825  4073 D ConnectivityService: isNetworkWithLinkPropertiesBlocked: uid=10030, vpn=DISCONNECTED,false
07-02 20:31:54.613  3825  4073 D ConnectivityService: filterNetworkStateForUid() uid: 10030, pid: 3825, networkInfo: [type: WIFI[], state: CONNECTED/CONNECTED, reason: (unspecified), extra: (none), failover: false, available: true, roaming: false]
07-02 20:31:54.613  3825  4073 D ConnectivityService: filterNetworkStateForUid() uid: 10030, pid: 3825
07-02 20:31:54.613  3825  4073 D ConnectivityService: isNetworkWithLinkPropertiesBlocked: uid=10030, vpn=DISCONNECTED,false
07-02 20:31:54.613  3825  4073 D ConnectivityService: filterNetworkStateForUid() uid: 10030, pid: 3825, networkInfo: [type: WIFI[], state: CONNECTED/CONNECTED, reason: (unspecified), extra: (none), failover: false, available: true, roaming: false]
07-02 20:31:54.614  3825  4073 D ConnectivityService: Vpn: getActiveNetworkForUidInternal: 10090, false, false, DISCONNECTED
07-02 20:31:54.614  3825  4073 D ConnectivityService: isNetworkWithLinkPropertiesBlocked: uid=10090, vpn=DISCONNECTED,false
07-02 20:31:54.614  3825  4073 D ConnectivityService: filterNetworkStateForUid() uid: 10090, pid: 3825
07-02 20:31:54.614  3825  4073 D ConnectivityService: isNetworkWithLinkPropertiesBlocked: uid=10090, vpn=DISCONNECTED,false
07-02 20:31:54.614  3825  4073 D ConnectivityService: filterNetworkStateForUid() uid: 10090, pid: 3825, networkInfo: [type: WIFI[], state: CONNECTED/CONNECTED, reason: (unspecified), extra: (none), failover: false, available: true, roaming: false]
07-02 20:31:54.614  3825  4073 D ConnectivityService: Vpn: getActiveNetworkForUidInternal: 10179, false, false, DISCONNECTED
07-02 20:31:54.614  3825  4073 D ConnectivityService: isNetworkWithLinkPropertiesBlocked: uid=10179, vpn=DISCONNECTED,false
07-02 20:31:54.614  3825  4083 D ConnectivityService:  sending notification for NetworkRequest [ TRACK_DEFAULT id=11, [ Capabilities: INTERNET&NOT_RESTRICTED&TRUSTED Unwanted:  Uid: 10003] ]
07-02 20:31:54.614  3825  4073 D ConnectivityService: Vpn: getActiveNetworkForUidInternal: 10272, false, false, DISCONNECTED
07-02 20:31:54.614  3825  4073 D ConnectivityService: isNetworkWithLinkPropertiesBlocked: uid=10272, vpn=DISCONNECTED,false
07-02 20:31:54.614  3825  4073 D ConnectivityService: Vpn: getActiveNetworkForUidInternal: 10272, false, false, DISCONNECTED
07-02 20:31:54.614  3825  4073 D ConnectivityService: isNetworkWithLinkPropertiesBlocked: uid=10272, vpn=DISCONNECTED,false
07-02 20:31:54.614  3825  4083 D ConnectivityService: sending notification CALLBACK_CAP_CHANGED for NetworkRequest [ TRACK_DEFAULT id=11, [ Capabilities: INTERNET&NOT_RESTRICTED&TRUSTED Unwanted:  Uid: 10003] ]
07-02 20:31:54.614  3825  4073 D ConnectivityService: Vpn: getActiveNetworkForUidInternal: 10191, false, false, DISCONNECTED
07-02 20:31:54.614  3825  4073 D ConnectivityService: isNetworkWithLinkPropertiesBlocked: uid=10191, vpn=DISCONNECTED,false
07-02 20:31:54.615  3825  4073 D ConnectivityService: filterNetworkStateForUid() uid: 10090, pid: 3825
07-02 20:31:54.615  3825  4073 D ConnectivityService: isNetworkWithLinkPropertiesBlocked: uid=10090, vpn=DISCONNECTED,false
07-02 20:31:54.615  3825  4073 D ConnectivityService: filterNetworkStateForUid() uid: 10090, pid: 3825, networkInfo: [type: WIFI[], state: CONNECTED/CONNECTED, reason: (unspecified), extra: (none), failover: false, available: true, roaming: false]
07-02 20:31:54.615  3825  4073 D ConnectivityService: filterNetworkStateForUid() uid: 10090, pid: 3825
07-02 20:31:54.615  3825  4073 D ConnectivityService: isNetworkWithLinkPropertiesBlocked: uid=10090, vpn=DISCONNECTED,false
07-02 20:31:54.615  3825  4073 D ConnectivityService: filterNetworkStateForUid() uid: 10090, pid: 3825, networkInfo: [type: WIFI[], state: CONNECTED/CONNECTED, reason: (unspecified), extra: (none), failover: false, available: true, roaming: false]
07-02 20:31:54.615  3825  4073 D ConnectivityService: filterNetworkStateForUid() uid: 10030, pid: 3825
07-02 20:31:54.615  3825  4073 D ConnectivityService: isNetworkWithLinkPropertiesBlocked: uid=10030, vpn=DISCONNECTED,false
07-02 20:31:54.615  3825  4083 D ConnectivityService:  sending notification for NetworkRequest [ LISTEN id=12, [ Transports: WIFI Capabilities: INTERNET&NOT_RESTRICTED&TRUSTED&NOT_VPN Unwanted:  Uid: 1000] ]
07-02 20:31:54.615  3825  4073 D ConnectivityService: filterNetworkStateForUid() uid: 10030, pid: 3825, networkInfo: [type: WIFI[], state: CONNECTED/CONNECTED, reason: (unspecified), extra: (none), failover: false, available: true, roaming: false]
07-02 20:31:54.615  3825  4073 D ConnectivityService: filterNetworkStateForUid() uid: 10030, pid: 3825
07-02 20:31:54.615  3825  4073 D ConnectivityService: isNetworkWithLinkPropertiesBlocked: uid=10030, vpn=DISCONNECTED,false
07-02 20:31:54.615  3825  4083 D ConnectivityService: sending notification CALLBACK_CAP_CHANGED for NetworkRequest [ LISTEN id=12, [ Transports: WIFI Capabilities: INTERNET&NOT_RESTRICTED&TRUSTED&NOT_VPN Unwanted:  Uid: 1000] ]
07-02 20:31:54.615  3825  4073 D ConnectivityService: filterNetworkStateForUid() uid: 10030, pid: 3825, networkInfo: [type: WIFI[], state: CONNECTED/CONNECTED, reason: (unspecified), extra: (none), failover: false, available: true, roaming: false]
07-02 20:31:54.615  3825  4073 D ConnectivityService: filterNetworkStateForUid() uid: 10030, pid: 3825
07-02 20:31:54.615  3825  4073 D ConnectivityService: isNetworkWithLinkPropertiesBlocked: uid=10030, vpn=DISCONNECTED,false
07-02 20:31:54.616  3825  4083 D ConnectivityService:  sending notification for NetworkRequest [ LISTEN id=13, [ Transports: WIFI Capabilities: INTERNET&NOT_RESTRICTED&TRUSTED&NOT_VPN Unwanted:  Uid: 1000] ]
07-02 20:31:54.616  3825  4073 D ConnectivityService: filterNetworkStateForUid() uid: 10030, pid: 3825, networkInfo: [type: WIFI[], state: CONNECTED/CONNECTED, reason: (unspecified), extra: (none), failover: false, available: true, roaming: false]
07-02 20:31:54.616  3825  4073 D ConnectivityService: filterNetworkStateForUid() uid: 10030, pid: 3825
07-02 20:31:54.616  3825  4073 D ConnectivityService: isNetworkWithLinkPropertiesBlocked: uid=10030, vpn=DISCONNECTED,false
07-02 20:31:54.616  3825  4083 D ConnectivityService: sending notification CALLBACK_CAP_CHANGED for NetworkRequest [ LISTEN id=13, [ Transports: WIFI Capabilities: INTERNET&NOT_RESTRICTED&TRUSTED&NOT_VPN Unwanted:  Uid: 1000] ]
07-02 20:31:54.616  3825  4073 D ConnectivityService: filterNetworkStateForUid() uid: 10030, pid: 3825, networkInfo: [type: WIFI[], state: CONNECTED/CONNECTED, reason: (unspecified), extra: (none), failover: false, available: true, roaming: false]
07-02 20:31:54.616  3825  4073 D ConnectivityService: Vpn: getActiveNetworkForUidInternal: 10420, false, false, DISCONNECTED
07-02 20:31:54.616  3825  4073 D ConnectivityService: isNetworkWithLinkPropertiesBlocked: uid=10420, vpn=DISCONNECTED,false
07-02 20:31:54.616  4201  4201 D SecStatusBarWifiView: updateState: WifiIconState(resId=2131232613, visible=true, activityId=0)
07-02 20:31:54.616  3825  4073 D ConnectivityService: filterNetworkStateForUid() uid: 10030, pid: 3825
07-02 20:31:54.616  3825  4073 D ConnectivityService: isNetworkWithLinkPropertiesBlocked: uid=10030, vpn=DISCONNECTED,false
07-02 20:31:54.616  3825  4083 D ConnectivityService:  sending notification for NetworkRequest [ LISTEN id=14, [] ]
07-02 20:31:54.616  3825  4073 D ConnectivityService: filterNetworkStateForUid() uid: 10030, pid: 3825, networkInfo: [type: WIFI[], state: CONNECTED/CONNECTED, reason: (unspecified), extra: (none), failover: false, available: true, roaming: false]
07-02 20:31:54.616  3825  4073 D ConnectivityService: filterNetworkStateForUid() uid: 10030, pid: 3825
07-02 20:31:54.617  3825  4073 D ConnectivityService: isNetworkWithLinkPropertiesBlocked: uid=10030, vpn=DISCONNECTED,false
07-02 20:31:54.617  3825  4073 D ConnectivityService: filterNetworkStateForUid() uid: 10030, pid: 3825, networkInfo: [type: WIFI[], state: CONNECTED/CONNECTED, reason: (unspecified), extra: (none), failover: false, available: true, roaming: false]
07-02 20:31:54.617  3825  4073 D ConnectivityService: filterNetworkStateForUid() uid: 10030, pid: 3825
07-02 20:31:54.617  3825  4083 D ConnectivityService: sending notification CALLBACK_CAP_CHANGED for NetworkRequest [ LISTEN id=14, [] ]
07-02 20:31:54.617  3825  4073 D ConnectivityService: isNetworkWithLinkPropertiesBlocked: uid=10030, vpn=DISCONNECTED,false
07-02 20:31:54.617  3825  4073 D ConnectivityService: filterNetworkStateForUid() uid: 10030, pid: 3825, networkInfo: [type: WIFI[], state: CONNECTED/CONNECTED, reason: (unspecified), extra: (none), failover: false, available: true, roaming: false]
07-02 20:31:54.617  3825  4073 D ConnectivityService: Vpn: getActiveNetworkForUidInternal: 10272, false, false, DISCONNECTED
07-02 20:31:54.617  3825  4073 D ConnectivityService: isNetworkWithLinkPropertiesBlocked: uid=10272, vpn=DISCONNECTED,false
07-02 20:31:54.617  3825  4073 D ConnectivityService: Vpn: getActiveNetworkForUidInternal: 10028, false, false, DISCONNECTED
07-02 20:31:54.617  3825  4073 D ConnectivityService: isNetworkWithLinkPropertiesBlocked: uid=10028, vpn=DISCONNECTED,false
07-02 20:31:54.617  3825  4073 D ConnectivityService: filterNetworkStateForUid() uid: 10028, pid: 3825
07-02 20:31:54.617  3825  4073 D ConnectivityService: isNetworkWithLinkPropertiesBlocked: uid=10028, vpn=DISCONNECTED,false
07-02 20:31:54.618  3825  4073 D ConnectivityService: filterNetworkStateForUid() uid: 10028, pid: 3825, networkInfo: [type: WIFI[], state: CONNECTED/CONNECTED, reason: (unspecified), extra: (none), failover: false, available: true, roaming: false]
07-02 20:31:54.618  3825  4073 D ConnectivityService: filterNetworkStateForUid() uid: 10090, pid: 3825
07-02 20:31:54.618  3825  4073 D ConnectivityService: isNetworkWithLinkPropertiesBlocked: uid=10090, vpn=DISCONNECTED,false
07-02 20:31:54.618  3825  4073 D ConnectivityService: filterNetworkStateForUid() uid: 10090, pid: 3825, networkInfo: [type: WIFI[], state: CONNECTED/CONNECTED, reason: (unspecified), extra: (none), failover: false, available: true, roaming: false]
07-02 20:31:54.618  3825  4073 D ConnectivityService: Vpn: getActiveNetworkForUidInternal: 10172, false, false, DISCONNECTED
07-02 20:31:54.618  3825  4073 D ConnectivityService: isNetworkWithLinkPropertiesBlocked: uid=10172, vpn=DISCONNECTED,false
07-02 20:31:54.618  3825  4073 D ConnectivityService: filterNetworkStateForUid() uid: 10090, pid: 3825
07-02 20:31:54.618  3825  4073 D ConnectivityService: isNetworkWithLinkPropertiesBlocked: uid=10090, vpn=DISCONNECTED,false
07-02 20:31:54.618  3825  4083 D ConnectivityService:  sending notification for NetworkRequest [ LISTEN id=17, [ Capabilities: NOT_RESTRICTED Unwanted:  Uid: 10030] ]
07-02 20:31:54.618  3825  4073 D ConnectivityService: filterNetworkStateForUid() uid: 10090, pid: 3825, networkInfo: [type: WIFI[], state: CONNECTED/CONNECTED, reason: (unspecified), extra: (none), failover: false, available: true, roaming: false]
07-02 20:31:54.618  3825  4073 D ConnectivityService: Vpn: getActiveNetworkForUidInternal: 10149, false, false, DISCONNECTED
07-02 20:31:54.618  3825  4073 D ConnectivityService: isNetworkWithLinkPropertiesBlocked: uid=10149, vpn=DISCONNECTED,false
07-02 20:31:54.618  3825  4083 D ConnectivityService: sending notification CALLBACK_CAP_CHANGED for NetworkRequest [ LISTEN id=17, [ Capabilities: NOT_RESTRICTED Unwanted:  Uid: 10030] ]
07-02 20:31:54.618  3825  4073 D ConnectivityService: Vpn: getActiveNetworkForUidInternal: 10420, false, false, DISCONNECTED
07-02 20:31:54.618  3825  4073 D ConnectivityService: isNetworkWithLinkPropertiesBlocked: uid=10420, vpn=DISCONNECTED,false
07-02 20:31:54.619  3825  4073 D ConnectivityService: Vpn: getActiveNetworkForUidInternal: 10188, false, false, DISCONNECTED
07-02 20:31:54.619  3825  4073 D ConnectivityService: isNetworkWithLinkPropertiesBlocked: uid=10188, vpn=DISCONNECTED,false
07-02 20:31:54.619  3825  4073 D ConnectivityService: filterNetworkStateForUid() uid: 10090, pid: 3825
07-02 20:31:54.619  3825  4073 D ConnectivityService: isNetworkWithLinkPropertiesBlocked: uid=10090, vpn=DISCONNECTED,false
07-02 20:31:54.619  3825  4083 D ConnectivityService:  sending notification for NetworkRequest [ TRACK_DEFAULT id=23, [ Capabilities: INTERNET&NOT_RESTRICTED&TRUSTED Unwanted:  Uid: 10090] ]
07-02 20:31:54.619  3825  4073 D ConnectivityService: filterNetworkStateForUid() uid: 10090, pid: 3825, networkInfo: [type: WIFI[], state: CONNECTED/CONNECTED, reason: (unspecified), extra: (none), failover: false, available: true, roaming: false]
07-02 20:31:54.619  3825  4073 D ConnectivityService: Vpn: getActiveNetworkForUidInternal: 1000, false, false, DISCONNECTED
07-02 20:31:54.619  3825  4073 D ConnectivityService: filterNetworkStateForUid() uid: 1000, pid: 3825
07-02 20:31:54.619  3825  4083 D ConnectivityService: sending notification CALLBACK_CAP_CHANGED for NetworkRequest [ TRACK_DEFAULT id=23, [ Capabilities: INTERNET&NOT_RESTRICTED&TRUSTED Unwanted:  Uid: 10090] ]
07-02 20:31:54.619  3825  4073 D ConnectivityService: filterNetworkStateForUid() uid: 1000, pid: 3825, networkInfo: [type: WIFI[], state: CONNECTED/CONNECTED, reason: (unspecified), extra: (none), failover: false, available: true, roaming: false]
07-02 20:31:54.619  3825  4073 D ConnectivityService: filterNetworkStateForUid() uid: 10030, pid: 3825
07-02 20:31:54.619  3825  4073 D ConnectivityService: isNetworkWithLinkPropertiesBlocked: uid=10030, vpn=DISCONNECTED,false
07-02 20:31:54.619  3825  4073 D ConnectivityService: filterNetworkStateForUid() uid: 10030, pid: 3825, networkInfo: [type: WIFI[], state: CONNECTED/CONNECTED, reason: (unspecified), extra: (none), failover: false, available: true, roaming: false]
07-02 20:31:54.619  3825  4073 D ConnectivityService: Vpn: getActiveNetworkForUidInternal: 10244, false, false, DISCONNECTED
07-02 20:31:54.619  3825  4073 D ConnectivityService: isNetworkWithLinkPropertiesBlocked: uid=10244, vpn=DISCONNECTED,false
07-02 20:31:54.619  3825  4083 D ConnectivityService:  sending notification for NetworkRequest [ LISTEN id=24, [ Capabilities: INTERNET&NOT_RESTRICTED&TRUSTED Unwanted:  Uid: 10090] ]
07-02 20:31:54.619  3825  4073 D ConnectivityService: Vpn: getActiveNetworkForUidInternal: 10234, false, false, DISCONNECTED
07-02 20:31:54.620  3825  4073 D ConnectivityService: isNetworkWithLinkPropertiesBlocked: uid=10234, vpn=DISCONNECTED,false
07-02 20:31:54.620  3825  4083 D ConnectivityService: sending notification CALLBACK_CAP_CHANGED for NetworkRequest [ LISTEN id=24, [ Capabilities: INTERNET&NOT_RESTRICTED&TRUSTED Unwanted:  Uid: 10090] ]
07-02 20:31:54.620  3825  4073 D ConnectivityService: filterNetworkStateForUid() uid: 10090, pid: 3825
07-02 20:31:54.620  3825  4073 D ConnectivityService: isNetworkWithLinkPropertiesBlocked: uid=10090, vpn=DISCONNECTED,false
07-02 20:31:54.620  3825  4073 D ConnectivityService: filterNetworkStateForUid() uid: 10090, pid: 3825, networkInfo: [type: WIFI[], state: CONNECTED/CONNECTED, reason: (unspecified), extra: (none), failover: false, available: true, roaming: false]
07-02 20:31:54.620  3825  4073 D ConnectivityService: filterNetworkStateForUid() uid: 10030, pid: 3825
07-02 20:31:54.620  3825  4073 D ConnectivityService: isNetworkWithLinkPropertiesBlocked: uid=10030, vpn=DISCONNECTED,false
07-02 20:31:54.620  3825  4083 D ConnectivityService:  sending notification for NetworkRequest [ LISTEN id=32, [ Capabilities: INTERNET&NOT_RESTRICTED&TRUSTED&NOT_VPN&FOREGROUND Unwanted:  Uid: 10272] ]
07-02 20:31:54.620  3825  4073 D ConnectivityService: filterNetworkStateForUid() uid: 10030, pid: 3825, networkInfo: [type: WIFI[], state: CONNECTED/CONNECTED, reason: (unspecified), extra: (none), failover: false, available: true, roaming: false]
07-02 20:31:54.620  3825  4073 D ConnectivityService: Vpn: getActiveNetworkForUidInternal: 10239, false, false, DISCONNECTED
07-02 20:31:54.620  3825  4073 D ConnectivityService: isNetworkWithLinkPropertiesBlocked: uid=10239, vpn=DISCONNECTED,false
07-02 20:31:54.620  3825  4083 D ConnectivityService: sending notification CALLBACK_CAP_CHANGED for NetworkRequest [ LISTEN id=32, [ Capabilities: INTERNET&NOT_RESTRICTED&TRUSTED&NOT_VPN&FOREGROUND Unwanted:  Uid: 10272] ]
07-02 20:31:54.620  3825  4073 D ConnectivityService: filterNetworkStateForUid() uid: 10090, pid: 3825
07-02 20:31:54.620  3825  4073 D ConnectivityService: isNetworkWithLinkPropertiesBlocked: uid=10090, vpn=DISCONNECTED,false
07-02 20:31:54.620  3825  4073 D ConnectivityService: filterNetworkStateForUid() uid: 10090, pid: 3825, networkInfo: [type: WIFI[], state: CONNECTED/CONNECTED, reason: (unspecified), extra: (none), failover: false, available: true, roaming: false]
07-02 20:31:54.620  3825  4073 D ConnectivityService: filterNetworkStateForUid() uid: 10030, pid: 3825
07-02 20:31:54.620  3825  4073 D ConnectivityService: isNetworkWithLinkPropertiesBlocked: uid=10030, vpn=DISCONNECTED,false
07-02 20:31:54.621  3825  4073 D ConnectivityService: filterNetworkStateForUid() uid: 10030, pid: 3825, networkInfo: [type: WIFI[], state: CONNECTED/CONNECTED, reason: (unspecified), extra: (none), failover: false, available: true, roaming: false]
07-02 20:31:54.621  3825  4073 D ConnectivityService: Vpn: getActiveNetworkForUidInternal: 10257, false, false, DISCONNECTED
07-02 20:31:54.621  3825  4073 D ConnectivityService: isNetworkWithLinkPropertiesBlocked: uid=10257, vpn=DISCONNECTED,false
07-02 20:31:54.621  3825  4083 D ConnectivityService:  sending notification for NetworkRequest [ LISTEN id=33, [ Transports: WIFI Capabilities: NOT_RESTRICTED&TRUSTED&NOT_VPN Unwanted:  Uid: 10161] ]
07-02 20:31:54.621  3825  4073 D ConnectivityService: filterNetworkStateForUid() uid: 10028, pid: 3825
07-02 20:31:54.621  3825  4073 D ConnectivityService: isNetworkWithLinkPropertiesBlocked: uid=10028, vpn=DISCONNECTED,false
07-02 20:31:54.621  3825  4083 D ConnectivityService: sending notification CALLBACK_CAP_CHANGED for NetworkRequest [ LISTEN id=33, [ Transports: WIFI Capabilities: NOT_RESTRICTED&TRUSTED&NOT_VPN Unwanted:  Uid: 10161] ]
07-02 20:31:54.621  3825  4073 D ConnectivityService: filterNetworkStateForUid() uid: 10028, pid: 3825, networkInfo: [type: WIFI[], state: CONNECTED/CONNECTED, reason: (unspecified), extra: (none), failover: false, available: true, roaming: false]
07-02 20:31:54.621  3825  4073 D ConnectivityService: filterNetworkStateForUid() uid: 10030, pid: 3825
07-02 20:31:54.621  3825  4073 D ConnectivityService: isNetworkWithLinkPropertiesBlocked: uid=10030, vpn=DISCONNECTED,false
07-02 20:31:54.621  3825  4073 D ConnectivityService: filterNetworkStateForUid() uid: 10030, pid: 3825, networkInfo: [type: WIFI[], state: CONNECTED/CONNECTED, reason: (unspecified), extra: (none), failover: false, available: true, roaming: false]
07-02 20:31:54.621  3825  4073 D ConnectivityService: filterNetworkStateForUid() uid: 10030, pid: 3825
07-02 20:31:54.621  3825  4073 D ConnectivityService: isNetworkWithLinkPropertiesBlocked: uid=10030, vpn=DISCONNECTED,false
07-02 20:31:54.621  3825  4073 D ConnectivityService: filterNetworkStateForUid() uid: 10030, pid: 3825, networkInfo: [type: WIFI[], state: CONNECTED/CONNECTED, reason: (unspecified), extra: (none), failover: false, available: true, roaming: false]
07-02 20:31:54.621  3825  4073 D ConnectivityService: Vpn: getActiveNetworkForUidInternal: 10051, false, false, DISCONNECTED
07-02 20:31:54.621  3825  4073 D ConnectivityService: isNetworkWithLinkPropertiesBlocked: uid=10051, vpn=DISCONNECTED,false
07-02 20:31:54.621  3825  4083 D ConnectivityService:  sending notification for NetworkRequest [ LISTEN id=34, [ Transports: CELLULAR|WIFI Capabilities: NOT_RESTRICTED&TRUSTED&NOT_VPN Unwanted:  Uid: 10161] ]
07-02 20:31:54.621  3825  4073 D ConnectivityService: filterNetworkStateForUid() uid: 10051, pid: 3825
07-02 20:31:54.621  3825  4073 D ConnectivityService: isNetworkWithLinkPropertiesBlocked: uid=10051, vpn=DISCONNECTED,false
07-02 20:31:54.622  3825  4073 D ConnectivityService: filterNetworkStateForUid() uid: 10051, pid: 3825, networkInfo: [type: WIFI[], state: CONNECTED/CONNECTED, reason: (unspecified), extra: (none), failover: false, available: true, roaming: false]
07-02 20:31:54.622  3825  4073 D ConnectivityService: filterNetworkStateForUid() uid: 10030, pid: 3825
07-02 20:31:54.622  3825  4083 D ConnectivityService: sending notification CALLBACK_CAP_CHANGED for NetworkRequest [ LISTEN id=34, [ Transports: CELLULAR|WIFI Capabilities: NOT_RESTRICTED&TRUSTED&NOT_VPN Unwanted:  Uid: 10161] ]
07-02 20:31:54.622  3825  4073 D ConnectivityService: isNetworkWithLinkPropertiesBlocked: uid=10030, vpn=DISCONNECTED,false
07-02 20:31:54.622  3825  4073 D ConnectivityService: filterNetworkStateForUid() uid: 10030, pid: 3825, networkInfo: [type: WIFI[], state: CONNECTED/CONNECTED, reason: (unspecified), extra: (none), failover: false, available: true, roaming: false]
07-02 20:31:54.622  3825  4073 D ConnectivityService: filterNetworkStateForUid() uid: 10030, pid: 3825
07-02 20:31:54.622  3825  4073 D ConnectivityService: isNetworkWithLinkPropertiesBlocked: uid=10030, vpn=DISCONNECTED,false
07-02 20:31:54.622  3825  4073 D ConnectivityService: filterNetworkStateForUid() uid: 10030, pid: 3825, networkInfo: [type: WIFI[], state: CONNECTED/CONNECTED, reason: (unspecified), extra: (none), failover: false, available: true, roaming: false]
07-02 20:31:54.622  3825  4073 D ConnectivityService: Vpn: getActiveNetworkForUidInternal: 5017, false, false, DISCONNECTED
07-02 20:31:54.622  3825  4073 D ConnectivityService: filterNetworkStateForUid() uid: 5017, pid: 3825
07-02 20:31:54.622  3825  4073 D ConnectivityService: filterNetworkStateForUid() uid: 5017, pid: 3825, networkInfo: [type: WIFI[], state: CONNECTED/CONNECTED, reason: (unspecified), extra: (none), failover: false, available: true, roaming: false]
07-02 20:31:54.622  3825  4083 D ConnectivityService:  sending notification for NetworkRequest [ TRACK_DEFAULT id=36, [ Capabilities: INTERNET&NOT_RESTRICTED&TRUSTED Unwanted:  Uid: 10161] ]
07-02 20:31:54.622  3825  4073 D ConnectivityService: filterNetworkStateForUid() uid: 10030, pid: 3825
07-02 20:31:54.622  3825  4073 D ConnectivityService: isNetworkWithLinkPropertiesBlocked: uid=10030, vpn=DISCONNECTED,false
07-02 20:31:54.622  3825  4073 D ConnectivityService: filterNetworkStateForUid() uid: 10030, pid: 3825, networkInfo: [type: WIFI[], state: CONNECTED/CONNECTED, reason: (unspecified), extra: (none), failover: false, available: true, roaming: false]
07-02 20:31:54.622  3825  4073 D ConnectivityService: Vpn: getActiveNetworkForUidInternal: 10179, false, false, DISCONNECTED
07-02 20:31:54.622  3825  4073 D ConnectivityService: isNetworkWithLinkPropertiesBlocked: uid=10179, vpn=DISCONNECTED,false
07-02 20:31:54.622  3825  4073 D ConnectivityService: filterNetworkStateForUid() uid: 1000, pid: 3825
07-02 20:31:54.622  3825  4083 D ConnectivityService: sending notification CALLBACK_CAP_CHANGED for NetworkRequest [ TRACK_DEFAULT id=36, [ Capabilities: INTERNET&NOT_RESTRICTED&TRUSTED Unwanted:  Uid: 10161] ]
07-02 20:31:54.622  3825  4073 D ConnectivityService: filterNetworkStateForUid() uid: 1000, pid: 3825, networkInfo: [type: WIFI[], state: CONNECTED/CONNECTED, reason: (unspecified), extra: (none), failover: false, available: true, roaming: false]
07-02 20:31:54.622  3825  4073 D ConnectivityService: Vpn: getActiveNetworkForUidInternal: 5009, false, false, DISCONNECTED
07-02 20:31:54.622  3825  4073 D ConnectivityService: filterNetworkStateForUid() uid: 5009, pid: 3825
07-02 20:31:54.622  3825  4073 D ConnectivityService: filterNetworkStateForUid() uid: 5009, pid: 3825, networkInfo: [type: WIFI[], state: CONNECTED/CONNECTED, reason: (unspecified), extra: (none), failover: false, available: true, roaming: false]
07-02 20:31:54.622  3825  4073 D ConnectivityService: filterNetworkStateForUid() uid: 10090, pid: 3825
07-02 20:31:54.622  3825  4073 D ConnectivityService: isNetworkWithLinkPropertiesBlocked: uid=10090, vpn=DISCONNECTED,false
07-02 20:31:54.623  3825  4073 D ConnectivityService: filterNetworkStateForUid() uid: 10090, pid: 3825, networkInfo: [type: WIFI[], state: CONNECTED/CONNECTED, reason: (unspecified), extra: (none), failover: false, available: true, roaming: false]
07-02 20:31:54.623  3825  4073 D ConnectivityService: filterNetworkStateForUid() uid: 10090, pid: 3825
07-02 20:31:54.623  3825  4073 D ConnectivityService: isNetworkWithLinkPropertiesBlocked: uid=10090, vpn=DISCONNECTED,false
07-02 20:31:54.623  3825  4083 D ConnectivityService:  sending notification for NetworkRequest [ LISTEN id=37, [ Transports: WIFI Capabilities: NOT_RESTRICTED&TRUSTED&NOT_VPN Unwanted:  Uid: 10161] ]
07-02 20:31:54.623  3825  4073 D ConnectivityService: filterNetworkStateForUid() uid: 10090, pid: 3825, networkInfo: [type: WIFI[], state: CONNECTED/CONNECTED, reason: (unspecified), extra: (none), failover: false, available: true, roaming: false]
07-02 20:31:54.623  3825  4073 D ConnectivityService: filterNetworkStateForUid() uid: 1000, pid: 3825
07-02 20:31:54.623  3825  4073 D ConnectivityService: filterNetworkStateForUid() uid: 1000, pid: 3825, networkInfo: [type: WIFI[], state: CONNECTED/CONNECTED, reason: (unspecified), extra: (none), failover: false, available: true, roaming: false]
07-02 20:31:54.623  3825  4083 D ConnectivityService: sending notification CALLBACK_CAP_CHANGED for NetworkRequest [ LISTEN id=37, [ Transports: WIFI Capabilities: NOT_RESTRICTED&TRUSTED&NOT_VPN Unwanted:  Uid: 10161] ]
07-02 20:31:54.623  3825  4073 D ConnectivityService: filterNetworkStateForUid() uid: 10030, pid: 3825
07-02 20:31:54.623  3825  4073 D ConnectivityService: isNetworkWithLinkPropertiesBlocked: uid=10030, vpn=DISCONNECTED,false
07-02 20:31:54.623  3825  4073 D ConnectivityService: filterNetworkStateForUid() uid: 10030, pid: 3825, networkInfo: [type: WIFI[], state: CONNECTED/CONNECTED, reason: (unspecified), extra: (none), failover: false, available: true, roaming: false]
07-02 20:31:54.623  3825  4073 D ConnectivityService: Vpn: getActiveNetworkForUidInternal: 10061, false, false, DISCONNECTED
07-02 20:31:54.623  3825  4073 D ConnectivityService: isNetworkWithLinkPropertiesBlocked: uid=10061, vpn=DISCONNECTED,false
07-02 20:31:54.623  3825  4073 D ConnectivityService: filterNetworkStateForUid() uid: 10061, pid: 3825
07-02 20:31:54.623  3825  4073 D ConnectivityService: isNetworkWithLinkPropertiesBlocked: uid=10061, vpn=DISCONNECTED,false
07-02 20:31:54.623  3825  4073 D ConnectivityService: filterNetworkStateForUid() uid: 10061, pid: 3825, networkInfo: [type: WIFI[], state: CONNECTED/CONNECTED, reason: (unspecified), extra: (none), failover: false, available: true, roaming: false]
07-02 20:31:54.623  3825  4083 D ConnectivityService:  sending notification for NetworkRequest [ LISTEN id=39, [ Transports: CELLULAR|WIFI Capabilities: NOT_RESTRICTED&TRUSTED&NOT_VPN Unwanted:  Uid: 10161] ]
07-02 20:31:54.623  3825  4073 D ConnectivityService: Vpn: getActiveNetworkForUidInternal: 10063, false, false, DISCONNECTED
07-02 20:31:54.623  3825  4073 D ConnectivityService: isNetworkWithLinkPropertiesBlocked: uid=10063, vpn=DISCONNECTED,false
07-02 20:31:54.623  3825  4073 D ConnectivityService: filterNetworkStateForUid() uid: 10090, pid: 3825
07-02 20:31:54.623  3825  4073 D ConnectivityService: isNetworkWithLinkPropertiesBlocked: uid=10090, vpn=DISCONNECTED,false
07-02 20:31:54.623  3825  4073 D ConnectivityService: filterNetworkStateForUid() uid: 10090, pid: 3825, networkInfo: [type: WIFI[], state: CONNECTED/CONNECTED, reason: (unspecified), extra: (none), failover: false, available: true, roaming: false]
07-02 20:31:54.623  3825  4073 D ConnectivityService: Vpn: getActiveNetworkForUidInternal: 10420, false, false, DISCONNECTED
07-02 20:31:54.623  3825  4083 D ConnectivityService: sending notification CALLBACK_CAP_CHANGED for NetworkRequest [ LISTEN id=39, [ Transports: CELLULAR|WIFI Capabilities: NOT_RESTRICTED&TRUSTED&NOT_VPN Unwanted:  Uid: 10161] ]
07-02 20:31:54.623  3825  4073 D ConnectivityService: isNetworkWithLinkPropertiesBlocked: uid=10420, vpn=DISCONNECTED,false
07-02 20:31:54.624  3825  4073 D ConnectivityService: filterNetworkStateForUid() uid: 10051, pid: 3825
07-02 20:31:54.624  3825  4073 D ConnectivityService: isNetworkWithLinkPropertiesBlocked: uid=10051, vpn=DISCONNECTED,false
07-02 20:31:54.624  3825  4073 D ConnectivityService: filterNetworkStateForUid() uid: 10051, pid: 3825, networkInfo: [type: WIFI[], state: CONNECTED/CONNECTED, reason: (unspecified), extra: (none), failover: false, available: true, roaming: false]
07-02 20:31:54.624  3825  4073 D ConnectivityService: filterNetworkStateForUid() uid: 10030, pid: 3825
07-02 20:31:54.624  3825  4073 D ConnectivityService: isNetworkWithLinkPropertiesBlocked: uid=10030, vpn=DISCONNECTED,false
07-02 20:31:54.624  3825  4073 D ConnectivityService: filterNetworkStateForUid() uid: 10030, pid: 3825, networkInfo: [type: WIFI[], state: CONNECTED/CONNECTED, reason: (unspecified), extra: (none), failover: false, available: true, roaming: false]
07-02 20:31:54.624  3825  4083 D ConnectivityService:  sending notification for NetworkRequest [ TRACK_DEFAULT id=86, [ Capabilities: INTERNET&NOT_RESTRICTED&TRUSTED Unwanted:  Uid: 10051] ]
07-02 20:31:54.624  3825  4073 D ConnectivityService: filterNetworkStateForUid() uid: 10030, pid: 3825
07-02 20:31:54.624  3825  4073 D ConnectivityService: isNetworkWithLinkPropertiesBlocked: uid=10030, vpn=DISCONNECTED,false
07-02 20:31:54.624  3825  4073 D ConnectivityService: filterNetworkStateForUid() uid: 10030, pid: 3825, networkInfo: [type: WIFI[], state: CONNECTED/CONNECTED, reason: (unspecified), extra: (none), failover: false, available: true, roaming: false]
07-02 20:31:54.624  3825  4073 D ConnectivityService: Vpn: getActiveNetworkForUidInternal: 10179, false, false, DISCONNECTED
07-02 20:31:54.624  3825  4073 D ConnectivityService: isNetworkWithLinkPropertiesBlocked: uid=10179, vpn=DISCONNECTED,false
07-02 20:31:54.624  3825  4083 D ConnectivityService: sending notification CALLBACK_CAP_CHANGED for NetworkRequest [ TRACK_DEFAULT id=86, [ Capabilities: INTERNET&NOT_RESTRICTED&TRUSTED Unwanted:  Uid: 10051] ]
07-02 20:31:54.624  3825  4073 D ConnectivityService: Vpn: getActiveNetworkForUidInternal: 10234, false, false, DISCONNECTED
07-02 20:31:54.624  3825  4073 D ConnectivityService: isNetworkWithLinkPropertiesBlocked: uid=10234, vpn=DISCONNECTED,false
07-02 20:31:54.624  3825  4073 D ConnectivityService: filterNetworkStateForUid() uid: 1000, pid: 3825
07-02 20:31:54.625  3825  4073 D ConnectivityService: filterNetworkStateForUid() uid: 1000, pid: 3825, networkInfo: [type: WIFI[], state: CONNECTED/CONNECTED, reason: (unspecified), extra: (none), failover: false, available: true, roaming: false]
07-02 20:31:54.625  3825  4073 D ConnectivityService: filterNetworkStateForUid() uid: 10030, pid: 3825
07-02 20:31:54.625  3825  4073 D ConnectivityService: isNetworkWithLinkPropertiesBlocked: uid=10030, vpn=DISCONNECTED,false
07-02 20:31:54.625  3825  4073 D ConnectivityService: filterNetworkStateForUid() uid: 10030, pid: 3825, networkInfo: [type: WIFI[], state: CONNECTED/CONNECTED, reason: (unspecified), extra: (none), failover: false, available: true, roaming: false]
07-02 20:31:54.625  3825  4073 D ConnectivityService: Vpn: getActiveNetworkForUidInternal: 10189, false, false, DISCONNECTED
07-02 20:31:54.625  3825  4073 D ConnectivityService: isNetworkWithLinkPropertiesBlocked: uid=10189, vpn=DISCONNECTED,false
07-02 20:31:54.625  3825  4073 D ConnectivityService: filterNetworkStateForUid() uid: 10030, pid: 3825
07-02 20:31:54.625  3825  4083 D ConnectivityService:  sending notification for NetworkRequest [ LISTEN id=87, [ Capabilities: INTERNET&NOT_RESTRICTED&TRUSTED Unwanted:  Uid: 10051] ]
07-02 20:31:54.625  3825  4073 D ConnectivityService: isNetworkWithLinkPropertiesBlocked: uid=10030, vpn=DISCONNECTED,false
07-02 20:31:54.625  3825  4073 D ConnectivityService: filterNetworkStateForUid() uid: 10030, pid: 3825, networkInfo: [type: WIFI[], state: CONNECTED/CONNECTED, reason: (unspecified), extra: (none), failover: false, available: true, roaming: false]
07-02 20:31:54.625  3825  4073 D ConnectivityService: filterNetworkStateForUid() uid: 10090, pid: 3825
07-02 20:31:54.625  3825  4073 D ConnectivityService: isNetworkWithLinkPropertiesBlocked: uid=10090, vpn=DISCONNECTED,false
07-02 20:31:54.625  3825  4083 D ConnectivityService: sending notification CALLBACK_CAP_CHANGED for NetworkRequest [ LISTEN id=87, [ Capabilities: INTERNET&NOT_RESTRICTED&TRUSTED Unwanted:  Uid: 10051] ]
07-02 20:31:54.625  3825  4073 D ConnectivityService: filterNetworkStateForUid() uid: 10090, pid: 3825, networkInfo: [type: WIFI[], state: CONNECTED/CONNECTED, reason: (unspecified), extra: (none), failover: false, available: true, roaming: false]
07-02 20:31:54.625  3825  4073 D ConnectivityService: filterNetworkStateForUid() uid: 10090, pid: 3825
07-02 20:31:54.625  3825  4073 D ConnectivityService: isNetworkWithLinkPropertiesBlocked: uid=10090, vpn=DISCONNECTED,false
07-02 20:31:54.626  3825  4073 D ConnectivityService: filterNetworkStateForUid() uid: 10090, pid: 3825, networkInfo: [type: WIFI[], state: CONNECTED/CONNECTED, reason: (unspecified), extra: (none), failover: false, available: true, roaming: false]
07-02 20:31:54.626  3825  4073 D ConnectivityService: Vpn: getActiveNetworkForUidInternal: 10192, false, false, DISCONNECTED
07-02 20:31:54.626  3825  4073 D ConnectivityService: isNetworkWithLinkPropertiesBlocked: uid=10192, vpn=DISCONNECTED,false
07-02 20:31:54.626  3825  4530 D ConnectivityService: filterNetworkStateForUid() uid: 10090, pid: 5134
07-02 20:31:54.626  3825  4530 D ConnectivityService: isNetworkWithLinkPropertiesBlocked: uid=10090, vpn=DISCONNECTED,false
07-02 20:31:54.626  3825  4073 D ConnectivityService: filterNetworkStateForUid() uid: 10192, pid: 3825
07-02 20:31:54.626  3825  4073 D ConnectivityService: isNetworkWithLinkPropertiesBlocked: uid=10192, vpn=DISCONNECTED,false
07-02 20:31:54.626  3825  4073 D ConnectivityService: filterNetworkStateForUid() uid: 10192, pid: 3825, networkInfo: [type: WIFI[], state: CONNECTED/CONNECTED, reason: (unspecified), extra: (none), failover: false, available: true, roaming: false]
07-02 20:31:54.626  3825  4073 D ConnectivityService: Vpn: getActiveNetworkForUidInternal: 10420, false, false, DISCONNECTED
07-02 20:31:54.626  3825  4073 D ConnectivityService: isNetworkWithLinkPropertiesBlocked: uid=10420, vpn=DISCONNECTED,false
07-02 20:31:54.626  3825  4073 D ConnectivityService: Vpn: getActiveNetworkForUidInternal: 10234, false, false, DISCONNECTED
07-02 20:31:54.626  3825  4073 D ConnectivityService: isNetworkWithLinkPropertiesBlocked: uid=10234, vpn=DISCONNECTED,false
07-02 20:31:54.626  3825  4530 D ConnectivityService: filterNetworkStateForUid() uid: 10090, pid: 5134, networkInfo: [type: WIFI[], state: CONNECTED/CONNECTED, reason: (unspecified), extra: (none), failover: false, available: true, roaming: false]
07-02 20:31:54.626  3825  4073 D ConnectivityService: filterNetworkStateForUid() uid: 10030, pid: 3825
07-02 20:31:54.626  3825  4073 D ConnectivityService: isNetworkWithLinkPropertiesBlocked: uid=10030, vpn=DISCONNECTED,false
07-02 20:31:54.626  3825  4073 D ConnectivityService: filterNetworkStateForUid() uid: 10030, pid: 3825, networkInfo: [type: WIFI[], state: CONNECTED/CONNECTED, reason: (unspecified), extra: (none), failover: false, available: true, roaming: false]
07-02 20:31:54.626  3825  4073 D ConnectivityService: filterNetworkStateForUid() uid: 10030, pid: 3825
07-02 20:31:54.626  3825  4073 D ConnectivityService: isNetworkWithLinkPropertiesBlocked: uid=10030, vpn=DISCONNECTED,false
07-02 20:31:54.626  3825  4073 D ConnectivityService: filterNetworkStateForUid() uid: 10030, pid: 3825, networkInfo: [type: WIFI[], state: CONNECTED/CONNECTED, reason: (unspecified), extra: (none), failover: false, available: true, roaming: false]
07-02 20:31:54.626  3825  4073 D ConnectivityService: filterNetworkStateForUid() uid: 10030, pid: 3825
07-02 20:31:54.626  3825  4073 D ConnectivityService: isNetworkWithLinkPropertiesBlocked: uid=10030, vpn=DISCONNECTED,false
07-02 20:31:54.627  3825  4073 D ConnectivityService: filterNetworkStateForUid() uid: 10030, pid: 3825, networkInfo: [type: WIFI[], state: CONNECTED/CONNECTED, reason: (unspecified), extra: (none), failover: false, available: true, roaming: false]
07-02 20:31:54.627  3825  4073 D ConnectivityService: Vpn: getActiveNetworkForUidInternal: 10221, false, false, DISCONNECTED
07-02 20:31:54.627  3825  4073 D ConnectivityService: isNetworkWithLinkPropertiesBlocked: uid=10221, vpn=DISCONNECTED,false
07-02 20:31:54.627  3825  4073 D ConnectivityService: filterNetworkStateForUid() uid: 10030, pid: 3825
07-02 20:31:54.627  3825  4073 D ConnectivityService: isNetworkWithLinkPropertiesBlocked: uid=10030, vpn=DISCONNECTED,false
07-02 20:31:54.627  3825  4073 D ConnectivityService: filterNetworkStateForUid() uid: 10030, pid: 3825, networkInfo: [type: WIFI[], state: CONNECTED/CONNECTED, reason: (unspecified), extra: (none), failover: false, available: true, roaming: false]
07-02 20:31:54.627  3825  4073 D ConnectivityService: filterNetworkStateForUid() uid: 10030, pid: 3825
07-02 20:31:54.627  3825  4530 D ConnectivityService: filterNetworkStateForUid() uid: 10051, pid: 19563
07-02 20:31:54.627  3825  4073 D ConnectivityService: isNetworkWithLinkPropertiesBlocked: uid=10030, vpn=DISCONNECTED,false
07-02 20:31:54.627  3825  4530 D ConnectivityService: isNetworkWithLinkPropertiesBlocked: uid=10051, vpn=DISCONNECTED,false
07-02 20:31:54.627  3825  4073 D ConnectivityService: filterNetworkStateForUid() uid: 10030, pid: 3825, networkInfo: [type: WIFI[], state: CONNECTED/CONNECTED, reason: (unspecified), extra: (none), failover: false, available: true, roaming: false]
07-02 20:31:54.627  3825  4073 D ConnectivityService: Vpn: getActiveNetworkForUidInternal: 10268, false, false, DISCONNECTED
07-02 20:31:54.627  3825  4073 D ConnectivityService: isNetworkWithLinkPropertiesBlocked: uid=10268, vpn=DISCONNECTED,false
07-02 20:31:54.627  3825  4073 D ConnectivityService: filterNetworkStateForUid() uid: 10268, pid: 3825
07-02 20:31:54.627  3825  4073 D ConnectivityService: isNetworkWithLinkPropertiesBlocked: uid=10268, vpn=DISCONNECTED,false
07-02 20:31:54.627  3825  4073 D ConnectivityService: filterNetworkStateForUid() uid: 10268, pid: 3825, networkInfo: [type: WIFI[], state: CONNECTED/CONNECTED, reason: (unspecified), extra: (none), failover: false, available: true, roaming: false]
07-02 20:31:54.627  3825  4530 D ConnectivityService: filterNetworkStateForUid() uid: 10051, pid: 19563, networkInfo: [type: WIFI[], state: CONNECTED/CONNECTED, reason: (unspecified), extra: (none), failover: false, available: true, roaming: false]
07-02 20:31:54.627  3825  4073 D ConnectivityService: Vpn: getActiveNetworkForUidInternal: 10250, false, false, DISCONNECTED
07-02 20:31:54.627  3825  4073 D ConnectivityService: isNetworkWithLinkPropertiesBlocked: uid=10250, vpn=DISCONNECTED,false
07-02 20:31:54.627  3825  4073 D ConnectivityService: filterNetworkStateForUid() uid: 10030, pid: 3825
07-02 20:31:54.627  3825  4073 D ConnectivityService: isNetworkWithLinkPropertiesBlocked: uid=10030, vpn=DISCONNECTED,false
07-02 20:31:54.627  3825  4073 D ConnectivityService: filterNetworkStateForUid() uid: 10030, pid: 3825, networkInfo: [type: WIFI[], state: CONNECTED/CONNECTED, reason: (unspecified), extra: (none), failover: false, available: true, roaming: false]
07-02 20:31:54.627  3825  4073 D ConnectivityService: filterNetworkStateForUid() uid: 10090, pid: 3825
07-02 20:31:54.627  3825  4073 D ConnectivityService: isNetworkWithLinkPropertiesBlocked: uid=10090, vpn=DISCONNECTED,false
07-02 20:31:54.628  3825  4073 D ConnectivityService: filterNetworkStateForUid() uid: 10090, pid: 3825, networkInfo: [type: WIFI[], state: CONNECTED/CONNECTED, reason: (unspecified), extra: (none), failover: false, available: true, roaming: false]
