07-02 01:34:27.762  3836  3978 D CAE     : onGetSensorHubData(SensorHubParserProvider.java:91) - onGetSensorHubData Event [event buffer len :22], AP_WAKEUP
07-02 01:34:27.763  3836  3978 I CAE     : parse(SensorHubParserProvider.java:192) - buffer size = 22
07-02 01:34:27.764  3836  3978 I CAE     : parse(SensorHubParserProvider.java:203) - 1, 1, 44, 1, 1, 1, 3, 85, 11, -102, 2, 0, 0, 0, 0, 0, 0, 0, 0, 0, 39, 49,
07-02 01:34:27.766  3836  3978 I CAE     : parse(SLMonitorRunner.java:301) - parse:4
07-02 01:34:27.767  3836  3978 D CAE     : parse(SLMonitorRunner.java:323) - dataSize:1
07-02 01:34:27.769  3836  3978 D CAE     : display(SLMonitorRunner.java:604) - ================= STEP_LEVEL_MONITOR =================
07-02 01:34:27.770  3836  3978 I CAE     : display(SLMonitorRunner.java:721) - DT=[1], DC=[1], TS=[1593617505178], ST=[SE], SC=[0], DI=[0.0], CA=[0.0], DU=[10033]
07-02 01:34:27.773  3836  3983 D SemContextService: Service.updateContext() : service = Step Level Monitor
07-02 01:34:27.776  3486  4116 D bauth_FPBAuthService: pcf : 0x1012, 0 ,2 ,0 ,0 ,0 ,2,
07-02 01:34:27.776  3486  4116 D bauth_FPBAuthService: thread id : 2, preenroll_flag : 0, nd cnt : 1, cso : 0, et : 0
07-02 01:34:27.776  3486  4116 D bauth_FPBAuthService: FPBAuthService, 9983
07-02 01:34:27.777  9926  9926 D SemContextManager: onSemContextChanged() : event = Step Level Monitor
07-02 01:34:27.777  9926 18332 I Sensor[0x06]: [0x01] 33
07-02 01:34:27.778  9926 18332 I Sensor[0x04]: [0x01] 1593617505178[0x02] 0[0x03] 2[0x04] 10033
07-02 01:34:28.460 20102 20102 I [+10]oneconnect[1.7.47-22_02][BEACON_MANAGER_CONTROL_SERVICE]: BeaconManagerControlService.mStopRunnable -
07-02 01:34:28.469 20102 20102 I [+10]oneconnect[1.7.47-22_02][BEACON_MANAGER_CONTROL_SERVICE]: BeaconManagerControlService.onDestroy -
07-02 01:34:28.501 20102 20102 I [+10]oneconnect[1.7.47-22_02][BEACON_MANAGER_CONTROL_SERVICE]: ProcessUtil.setProcessImportant - [myPid]20102 >> [isForeground]false
07-02 01:34:28.504 20102 20102 I [+10]oneconnect[1.7.47-22_02][BEACON_MANAGER_CONTROL_SERVICE]: BluetoothSppHelper.terminate -
07-02 01:34:28.507 20102 20102 I [+10]oneconnect[1.7.47-22_02][BEACON_MANAGER_CONTROL_SERVICE]: BeaconManagerControlService.disconnectIntelligentContinuityService -
07-02 01:34:28.512 20102 20102 I [+10]oneconnect[1.7.47-22_02][BEACON_MANAGER_CONTROL_SERVICE]: BeaconManagerControlService.disconnectQcService -
07-02 01:34:28.516  9143  9143 I [+10]oneconnect[1.7.47-22_02][CORE]: QcService.onUnbind - BoundCount:0
07-02 01:34:28.516  9143  9143 I [+10]oneconnect[1.7.47-22_02][CORE]: QcService.printCaller - callerName:BEACON_CONTROL_SERVICE
07-02 01:34:28.517  9143  9143 I [+10]oneconnect[1.7.47-22_02][CORE]: QcManager.restoreAll - ref: 0 >> 0
07-02 01:34:28.518 20102 20102 I [+10]oneconnect[1.7.47-22_02][BEACON_MANAGER_CONTROL_SERVICE]: EasySetupHistoryUtil.clearOutDatedEasySetupBlackList - 1593617668
07-02 01:34:28.776  3486  4116 D bauth_FPBAuthService: pcf : 0x1012, 0 ,2 ,0 ,0 ,0 ,2,
07-02 01:34:28.777  3486  4116 D bauth_FPBAuthService: thread id : 2, preenroll_flag : 0, nd cnt : 1, cso : 0, et : 0
07-02 01:34:28.777  3486  4116 D bauth_FPBAuthService: FPBAuthService, 9983
07-02 01:34:28.906  5133  5462 D SDHMS:s : SIOP:: AP:196(306,110) BAT:259(259,0) CHG:294(294,0) USB:253(253,0) PA:228(280,50) LRP:0(0,-999) ATC:0(0,-999)
07-02 01:34:29.018  3299  5408 V APM_AudioPolicyManager: getAudioPolicyConfig: audioParam;outDevice
07-02 01:34:29.018  3299  5408 V APM_AudioPolicyManager: getNewOutputDevice() selected device 0
07-02 01:34:29.018  3299  5408 V APM_AudioPolicyManager: ### curdevice : 2
07-02 01:34:29.404  3836  4070 I WifiVendorHal: getWifiLinkLayerStats(l.2973) before calling iface.getLinkLayerStats
07-02 01:34:29.405  3287  3287 I android.hardware.wifi@1.0-service: enter getLinkLayerStats
07-02 01:34:29.405  3287  3287 I android.hardware.wifi@1.0-service: enter getLinkLayerStatsInternal
07-02 01:34:29.449  3287  3287 I android.hardware.wifi@1.0-service: Successfully getLinkLayerStats.
07-02 01:34:29.451  3836  4070 I WifiVendorHal: getWifiLinkLayerStats(l.2973) after calling iface.getLinkLayerStats
07-02 01:34:29.525 20102 20102 I [+10]oneconnect[1.7.47-22_02][BEACON_MANAGER_CONTROL_SERVICE]: BeaconManagerControlService.onDestroy - --
07-02 01:34:29.526 20102 20102 I Process : Sending signal. PID: 20102 SIG: 9
07-02 01:34:29.589  3836  4206 I ActivityManager: Process com.samsung.android.oneconnect:BeaconManagerControlService (pid 20102) has died: fore SVC (657,1282)
07-02 01:34:29.590  3836  3855 W libprocessgroup: kill(-20102, 9) failed: No such process
07-02 01:34:29.591  3434  3434 I Zygote  : Process 20102 exited due to signal (9)
07-02 01:34:29.593  4532 23949 D ForegroundUtils: could not check pending caller
07-02 01:34:29.596  3836  3855 W libprocessgroup: kill(-20102, 9) failed: No such process
07-02 01:34:29.596  3836  3855 I libprocessgroup: Successfully killed process cgroup uid 10161 pid 20102 in 6ms
07-02 01:34:29.702  3836  4007 D InputReader: Input event(2): value=1 when=10501.727093
07-02 01:34:29.703  3836  4007 D InputReader: Input event(2): value=1 when=10501.727093
07-02 01:34:29.703  3836  4007 I InputReader: Touch event's action is 0x0 (deviceType=0) [pCnt=1, s=0.661 ] when=10501.727093
07-02 01:34:29.704  3836  4006 I InputDispatcher: Delivering touch to (4202): action: 0x4, displayId: 0, 'a2dba6c', toolType: 1
07-02 01:34:29.704  3836  4006 I InputDispatcher: Delivering touch to (4202): action: 0x4, displayId: 0, '106c8e9', toolType: 1
07-02 01:34:29.704  3836  4006 I clp-JNI : Add pinfo end.  0
07-02 01:34:29.704  3836  4006 I InputDispatcher: Delivering touch to (20355): action: 0x0, displayId: 0, 'b258b65', toolType: 1
07-02 01:34:29.705 20355 20355 D ViewRootImpl@af9f27[SolidExplorer]: ViewPostIme pointer 0
07-02 01:34:29.776  3836  4206 I AccessibilityManagerService: semIsAccessibilityServiceEnabled()
07-02 01:34:29.777  3486  4116 D bauth_FPBAuthService: pcf : 0x1012, 0 ,2 ,0 ,0 ,0 ,2,
07-02 01:34:29.777  3836  4206 I AccessibilityManagerService: semIsAccessibilityServiceEnabled()
07-02 01:34:29.777  3486  4116 D bauth_FPBAuthService: thread id : 2, preenroll_flag : 0, nd cnt : 1, cso : 0, et : 0
07-02 01:34:29.777  3486  4116 D bauth_FPBAuthService: FPBAuthService, 9983
07-02 01:34:29.778  3836  4206 I AccessibilityManagerService: semIsAccessibilityServiceEnabled()
07-02 01:34:29.794  3836  4007 D InputReader: Input event(2): value=0 when=10501.819050
07-02 01:34:29.794  3836  4007 D InputReader: Input event(2): value=0 when=10501.819050
07-02 01:34:29.794  3836  4007 I InputReader: Touch event's action is 0x1 (deviceType=0) [pCnt=1, s=] when=10501.819050
07-02 01:34:29.795  3836  4006 I clp-JNI : Add pinfo.  (channel) b258b65 pl.solidexplorer2/pl.solidexplorer.SolidExplorer (server) (pkg) AppWindowToken{958b54b token=Token{816061a ActivityRecord{98becc5 u0 pl.solidexplorer2/pl.solidexplorer.SolidExplorer t46}}} 20355 10218 (action) 1
07-02 01:34:29.795  3836  4006 I clp-JNI : Add pinfo end.  1
07-02 01:34:29.795  3836  4006 I InputDispatcher: Delivering touch to (20355): action: 0x1, displayId: 0, 'b258b65', toolType: 1
07-02 01:34:29.795 20355 20355 D ViewRootImpl@af9f27[SolidExplorer]: ViewPostIme pointer 1
07-02 01:34:29.798  3836  3836 D GameManagerService: identifyGamePackage. pl.solidexplorer2
07-02 01:34:29.798  3836  3836 D GamePkgDataHelper: getGamePkgData(). pl.solidexplorer2
07-02 01:34:29.799  3836  3836 D CustomFrequencyManagerService: acquireDVFSLockLocked : type : DVFS_MIN_LIMIT  frequency : 858000  uid : 1000  pid : 3836  pkgName : GESTURE_DETECTED@CPU_MIN@54
07-02 01:34:29.800  3836  3836 D CustomFrequencyManagerService: acquireDVFSLockLocked : type : DVFS_MIN_LIMIT  frequency : 1261000  uid : 1000  pid : 3836  pkgName : SMOOTH_SCROLL@CPU_MIN@51
07-02 01:34:29.801  3836  3836 D CustomFrequencyManagerService: releaseDVFSLockLocked : Getting Lock type frm List : DVFS_MIN_LIMIT  frequency : 1261000  uid : 1000  pid : 3836  tag : SMOOTH_SCROLL@CPU_MIN@51
07-02 01:34:29.803  3836  3836 D GameManagerService: identifyGamePackage. pl.solidexplorer2
07-02 01:34:29.803  3836  3836 D GamePkgDataHelper: getGamePkgData(). pl.solidexplorer2
07-02 01:34:29.803  3836  3836 D CustomFrequencyManagerService: acquireDVFSLockLocked : type : DVFS_MIN_LIMIT  frequency : 858000  uid : 1000  pid : 3836  pkgName : GESTURE_DETECTED@CPU_MIN@54
07-02 01:34:30.293  3836  4007 D InputReader: Input event(2): value=1 when=10502.317626
07-02 01:34:30.293  3836  4007 D InputReader: Input event(2): value=1 when=10502.317626
07-02 01:34:30.293  3836  4007 I InputReader: Touch event's action is 0x0 (deviceType=0) [pCnt=1, s=0.662 ] when=10502.317626
07-02 01:34:30.293  3836  4006 I InputDispatcher: Delivering touch to (4202): action: 0x4, displayId: 0, 'a2dba6c', toolType: 1
07-02 01:34:30.293  3836  4006 I InputDispatcher: Delivering touch to (4202): action: 0x4, displayId: 0, '106c8e9', toolType: 1
07-02 01:34:30.293  3836  4006 I clp-JNI : Add pinfo end.  0
07-02 01:34:30.293  3836  4006 I InputDispatcher: Delivering touch to (20355): action: 0x0, displayId: 0, 'b258b65', toolType: 1
07-02 01:34:30.293 20355 20355 D ViewRootImpl@af9f27[SolidExplorer]: ViewPostIme pointer 0
07-02 01:34:30.359  3836  4206 I AccessibilityManagerService: semIsAccessibilityServiceEnabled()
07-02 01:34:30.360  3836  4206 I chatty  : uid=1000(system) Binder:3836_5 identical 1 line
07-02 01:34:30.361  3836  4206 I AccessibilityManagerService: semIsAccessibilityServiceEnabled()
07-02 01:34:30.411  3836  4007 D InputReader: Input event(2): value=0 when=10502.435791
07-02 01:34:30.411  3836  4007 D InputReader: Input event(2): value=0 when=10502.435791
07-02 01:34:30.411  3836  4007 I InputReader: Touch event's action is 0x1 (deviceType=0) [pCnt=1, s=] when=10502.435791
07-02 01:34:30.411  3836  4006 I clp-JNI : Add pinfo.  (channel) b258b65 pl.solidexplorer2/pl.solidexplorer.SolidExplorer (server) (pkg) AppWindowToken{958b54b token=Token{816061a ActivityRecord{98becc5 u0 pl.solidexplorer2/pl.solidexplorer.SolidExplorer t46}}} 20355 10218 (action) 1
07-02 01:34:30.411  3836  4006 I clp-JNI : Add pinfo end.  1
07-02 01:34:30.411  3836  4006 I InputDispatcher: Delivering touch to (20355): action: 0x1, displayId: 0, 'b258b65', toolType: 1
07-02 01:34:30.412 20355 20355 D ViewRootImpl@af9f27[SolidExplorer]: ViewPostIme pointer 1
07-02 01:34:30.415  3836  3836 D GameManagerService: identifyGamePackage. pl.solidexplorer2
07-02 01:34:30.415  3836  3836 D GamePkgDataHelper: getGamePkgData(). pl.solidexplorer2
07-02 01:34:30.415  3836  3836 D CustomFrequencyManagerService: acquireDVFSLockLocked : type : DVFS_MIN_LIMIT  frequency : 858000  uid : 1000  pid : 3836  pkgName : GESTURE_DETECTED@CPU_MIN@54
07-02 01:34:30.416  3836  3836 D CustomFrequencyManagerService: acquireDVFSLockLocked : type : DVFS_MIN_LIMIT  frequency : 1261000  uid : 1000  pid : 3836  pkgName : SMOOTH_SCROLL@CPU_MIN@51
07-02 01:34:30.417  3836  3836 D CustomFrequencyManagerService: releaseDVFSLockLocked : Getting Lock type frm List : DVFS_MIN_LIMIT  frequency : 1261000  uid : 1000  pid : 3836  tag : SMOOTH_SCROLL@CPU_MIN@51
07-02 01:34:30.418  3836  3836 D GameManagerService: identifyGamePackage. pl.solidexplorer2
07-02 01:34:30.418  3836  3836 D GamePkgDataHelper: getGamePkgData(). pl.solidexplorer2
07-02 01:34:30.419  3836  3836 D CustomFrequencyManagerService: acquireDVFSLockLocked : type : DVFS_MIN_LIMIT  frequency : 858000  uid : 1000  pid : 3836  pkgName : GESTURE_DETECTED@CPU_MIN@54
07-02 01:34:30.778  3486  4116 D bauth_FPBAuthService: pcf : 0x1012, 0 ,2 ,0 ,0 ,0 ,2,
07-02 01:34:30.778  3486  4116 D bauth_FPBAuthService: thread id : 2, preenroll_flag : 0, nd cnt : 1, cso : 0, et : 0
07-02 01:34:30.778  3486  4116 D bauth_FPBAuthService: FPBAuthService, 9983
07-02 01:34:31.461  4890  4890 D io_stats: !@   8,0 r 996565 59105976 w 202921 6856476 d 12221 4954128 f 54626 55215 iot 427616 373088 th 307200 0 0 pt 0 inp 0 0 10503.485
07-02 01:34:31.469  3836  3836 D CustomFrequencyManagerService: releaseDVFSLockLocked : Getting Lock type frm List : DVFS_MIN_LIMIT  frequency : 858000  uid : 1000  pid : 3836  tag : GESTURE_DETECTED@CPU_MIN@54
07-02 01:34:31.779  3486  4116 D bauth_FPBAuthService: pcf : 0x1012, 0 ,2 ,0 ,0 ,0 ,2,
07-02 01:34:31.779  3486  4116 D bauth_FPBAuthService: thread id : 2, preenroll_flag : 0, nd cnt : 1, cso : 0, et : 0
07-02 01:34:31.779  3486  4116 D bauth_FPBAuthService: FPBAuthService, 9983
07-02 01:34:32.484  3836  4070 I WifiVendorHal: getWifiLinkLayerStats(l.2973) before calling iface.getLinkLayerStats
07-02 01:34:32.486  3287  3287 I android.hardware.wifi@1.0-service: enter getLinkLayerStats
07-02 01:34:32.486  3287  3287 I android.hardware.wifi@1.0-service: enter getLinkLayerStatsInternal
07-02 01:34:32.524  3287  3287 I android.hardware.wifi@1.0-service: Successfully getLinkLayerStats.
07-02 01:34:32.526  3836  4070 I WifiVendorHal: getWifiLinkLayerStats(l.2973) after calling iface.getLinkLayerStats
07-02 01:34:32.780  3486  4116 D bauth_FPBAuthService: pcf : 0x1012, 0 ,2 ,0 ,0 ,0 ,2,
07-02 01:34:32.780  3486  4116 D bauth_FPBAuthService: thread id : 2, preenroll_flag : 0, nd cnt : 1, cso : 0, et : 0
07-02 01:34:32.780  3486  4116 D bauth_FPBAuthService: FPBAuthService, 9983
07-02 01:34:33.581 19629 19785 I PlayCommon: [4806] PlayEventLogger.uploadEventsImpl: Preparing logs for uploading
07-02 01:34:33.584  3836  4206 D ConnectivityService: filterNetworkStateForUid() uid: 10192, pid: 19629
07-02 01:34:33.584  3836  4206 D ConnectivityService: isNetworkWithLinkPropertiesBlocked: uid=10192, vpn=DISCONNECTED,false
07-02 01:34:33.585  3836  4206 D ConnectivityService: filterNetworkStateForUid() uid: 10192, pid: 19629, networkInfo: [type: WIFI[], state: CONNECTED/CONNECTED, reason: (unspecified), extra: (none), failover: false, available: true, roaming: false]
07-02 01:34:33.585  3836  4206 D ConnectivityService: Returning UNBLOCKED NetworkInfo to uid=10192
07-02 01:34:33.637 19629 19785 I PlayCommon: [4806] ServerTimestampFetcher.makeServerTimestampConnection: Connecting to server for timestamp: https://play.googleapis.com/play/log/timestamp
07-02 01:34:33.642 19629 19785 I System.out: (HTTPLog)-Static: isSBSettingEnabled false
07-02 01:34:33.642 19629 19785 I System.out: (HTTPLog)-Static: isSBSettingEnabled false
07-02 01:34:33.658  3453  3548 D DnsProxyListener: DNSDBG::dns addrinfo af 2
07-02 01:34:33.781  3486  4116 D bauth_FPBAuthService: pcf : 0x1012, 0 ,2 ,0 ,0 ,0 ,2,
07-02 01:34:33.781  3486  4116 D bauth_FPBAuthService: thread id : 2, preenroll_flag : 0, nd cnt : 1, cso : 0, et : 0
07-02 01:34:33.781  3486  4116 D bauth_FPBAuthService: FPBAuthService, 9983
07-02 01:34:34.781  3486  4116 D bauth_FPBAuthService: pcf : 0x1012, 0 ,2 ,0 ,0 ,0 ,2,
07-02 01:34:34.781  3486  4116 D bauth_FPBAuthService: thread id : 2, preenroll_flag : 0, nd cnt : 1, cso : 0, et : 0
07-02 01:34:34.782  3486  4116 D bauth_FPBAuthService: FPBAuthService, 9983
07-02 01:34:35.556  3836  4070 I WifiVendorHal: getWifiLinkLayerStats(l.2973) before calling iface.getLinkLayerStats
07-02 01:34:35.557  3287  3287 I android.hardware.wifi@1.0-service: enter getLinkLayerStats
07-02 01:34:35.557  3287  3287 I android.hardware.wifi@1.0-service: enter getLinkLayerStatsInternal
07-02 01:34:35.596  3287  3287 I android.hardware.wifi@1.0-service: Successfully getLinkLayerStats.
07-02 01:34:35.598  3836  4070 I WifiVendorHal: getWifiLinkLayerStats(l.2973) after calling iface.getLinkLayerStats
07-02 01:34:35.782  3486  4116 D bauth_FPBAuthService: pcf : 0x1012, 0 ,2 ,0 ,0 ,0 ,2,
07-02 01:34:35.782  3486  4116 D bauth_FPBAuthService: thread id : 2, preenroll_flag : 0, nd cnt : 1, cso : 0, et : 0
07-02 01:34:35.782  3486  4116 D bauth_FPBAuthService: FPBAuthService, 9983
07-02 01:34:36.094  3836  4206 D WifiPermissionsUtil: canAccessScanResults: pkgName = com.sec.android.sdhms, uid = 1000
07-02 01:34:36.467  4890  4890 D io_stats: !@   8,0 r 996651 59107788 w 202941 6856556 d 12221 4954128 f 54626 55215 iot 427680 373139 th 307200 0 0 pt 0 inp 0 0 10508.490
07-02 01:34:36.586  4716 20910 W cjzv    : [{0}] Failed to resolve name. status={1}
07-02 01:34:36.587  3836  3862 D ConnectivityService: filterNetworkStateForUid() uid: 1000, pid: 3836
07-02 01:34:36.588  3836  3862 D ConnectivityService: filterNetworkStateForUid() uid: 1000, pid: 3836, networkInfo: [type: WIFI[], state: CONNECTED/CONNECTED, reason: (unspecified), extra: (none), failover: false, available: true, roaming: false]
07-02 01:34:36.618  3836  3862 D NetworkManagement: ReportBigdata failReason = 255 failServer = 0
07-02 01:34:36.619  3836  3862 I chatty  : uid=1000(system) android.fg identical 1 line
07-02 01:34:36.619  3836  3862 D NetworkManagement: ReportBigdata failReason = 255 failServer = 0
07-02 01:34:36.620  3836  3862 W ContextImpl: Calling a method in the system process without a qualified user: android.app.ContextImpl.sendBroadcast:1067 com.android.server.NetworkManagementService$NetdCallbackReceiver.onEvent:1268 com.android.server.NativeDaemonConnector.handleMessage:160 android.os.Handler.dispatchMessage:102 android.os.Looper.loop:214
07-02 01:34:36.622  3836  3862 D NetworkManagement: ReportBigdata totalSuccess = 3
07-02 01:34:36.624  3836  3836 D MDC     : onReceive com.samsung.intent.action.BIG_DATA_MOBILE_DATA
07-02 01:34:36.624  3836  3836 D MDC     : category = DNSE
07-02 01:34:36.625  3836  3851 I MDC     : addDnsData
07-02 01:34:36.625  3836  3851 I MDC     : mDnsList.size: 13
07-02 01:34:36.625  3836  3851 I MDC     : Dns is full. just return
07-02 01:34:36.712  3836  4007 D InputReader: Input event(2): value=1 when=10508.736266
07-02 01:34:36.712  3836  4007 D InputReader: Input event(2): value=1 when=10508.736266
07-02 01:34:36.712  3836  4007 I InputReader: Touch event's action is 0x0 (deviceType=0) [pCnt=1, s=0.663 ] when=10508.736266
07-02 01:34:36.713  3836  4006 I clp-JNI : Add pinfo end.  0
07-02 01:34:36.713  3836  4006 I InputDispatcher: Delivering touch to (4202): action: 0x0, displayId: 0, 'a2dba6c', toolType: 1
07-02 01:34:36.714  4202  4202 D ViewRootImpl@6bbad4c[NavigationBar]: ViewPostIme pointer 0
07-02 01:34:36.716  5139 20295 D TouchInteractionService: onPreMotionEvent : 2
07-02 01:34:36.718  3836  4206 D InputDispatcher: Inject key (4202): action=0, eventTime=10508740000000
07-02 01:34:36.718  3836  4206 D InputManager-JNI: !@interceptKeyBeforeQueueing(0), action=0, interactive=true
07-02 01:34:36.721  3836  4206 D API test: getContainerInfo: value is
07-02 01:34:36.721  3836  4206 D SamsungPhoneWindowManager: sec interceptKeyTq home s_result=1
07-02 01:34:36.721  3836  4206 D WindowManager: interceptKeyTq s_result=1
07-02 01:34:36.721  3836  4206 D InputManager-JNI: !@handleInterceptActions(0), action=0, wmActions=1
07-02 01:34:36.726  3836  4006 I Telecom:SamsungTelecomServiceImpl: isRinging - callingPackage : android
07-02 01:34:36.727  3836  4006 D API test: getContainerInfo: value is
07-02 01:34:36.727  3836  4006 D RestrictionPolicy: isHomeKeyEnabled :true
07-02 01:34:36.729  3836  4006 D API test: getContainerInfo: value is
07-02 01:34:36.729  3836  4006 D RestrictionPolicy: isHomeKeyEnabled :true
07-02 01:34:36.744  3836  4007 D InputReader: Input event(2): value=0 when=10508.769155
07-02 01:34:36.744  3836  4007 D InputReader: Input event(2): value=0 when=10508.769155
07-02 01:34:36.744  3836  4007 I InputReader: Touch event's action is 0x1 (deviceType=0) [pCnt=1, s=] when=10508.769155
07-02 01:34:36.745  3836  4006 I clp-JNI : Add pinfo.  (channel) a2dba6c NavigationBar (server) (pkg) AppWindowToken{958b54b token=Token{816061a ActivityRecord{98becc5 u0 pl.solidexplorer2/pl.solidexplorer.SolidExplorer t46}}} 4202 10003 (action) 1
07-02 01:34:36.745  3836  4006 I clp-JNI : Add pinfo end.  1
07-02 01:34:36.745  3836  4006 I InputDispatcher: Delivering touch to (4202): action: 0x1, displayId: 0, 'a2dba6c', toolType: 1
07-02 01:34:36.745  4202  4202 D ViewRootImpl@6bbad4c[NavigationBar]: ViewPostIme pointer 1
07-02 01:34:36.747  3836  4206 D InputDispatcher: Inject key (4202): action=1, eventTime=10508770000000
07-02 01:34:36.747  3836  4206 D InputManager-JNI: !@interceptKeyBeforeQueueing(0), action=1, interactive=true
07-02 01:34:36.749  3836  4206 D API test: getContainerInfo: value is
07-02 01:34:36.749  3836  4206 D SamsungPhoneWindowManager: sec interceptKeyTq home s_result=1
07-02 01:34:36.749  3836  4206 D WindowManager: interceptKeyTq s_result=1
07-02 01:34:36.750  3836  4206 D SamsungPhoneWindowManager: f.b. a=false hd=true eme=false ksno = false id=-1
07-02 01:34:36.750  3836  4206 D SamsungPhoneWindowManager: haptic disabled by policy
07-02 01:34:36.750  3836  4206 D InputManager-JNI: !@handleInterceptActions(0), action=1, wmActions=1
07-02 01:34:36.752  3836  4006 I Telecom:SamsungTelecomServiceImpl: isRinging - callingPackage : android
07-02 01:34:36.752  3836  4006 D API test: getContainerInfo: value is
07-02 01:34:36.753  3836  4006 D RestrictionPolicy: isHomeKeyEnabled :true
07-02 01:34:36.755  3836  4006 D VoIPInterfaceManager: isVoIPRinging()...
07-02 01:34:36.755  3836  4006 D VoIPInterfaceManager: isVoIPRunningAndDeregi()...
07-02 01:34:36.755  3836  4006 D VoIPInterfaceManager: Not exist call session
07-02 01:34:36.755  3836  4006 D API test: getContainerInfo: value is
07-02 01:34:36.755  3836  4006 D RestrictionPolicy: isHomeKeyEnabled :true
07-02 01:34:36.761  3836  3836 D InputMethodManagerService: isImeSwitcherDisabledPackage : false
07-02 01:34:36.761  3836  3836 D InputMethodManagerService: DESKTOP MODE! : 2
07-02 01:34:36.762  3836  3836 D InputMethodManagerService: NOT IN KNOX DESKTOP MODE!
07-02 01:34:36.762  3836  3836 D InputMethodManagerService: updateSystemUiLocked 0
07-02 01:34:36.762  3836  4006 D PowerManagerService: [api] userActivity : event: 0 flags: 0 (uid: 1000 pid: 3836) eventTime = 10508787
07-02 01:34:36.762  4202  4340 D LocationControllerImpl: onReceive() = android.intent.action.CLOSE_SYSTEM_DIALOGS
07-02 01:34:36.762  4202  4391 D vol.VolumeDialogControl: onReceive ACTION_CLOSE_SYSTEM_DIALOGS
07-02 01:34:36.764  4202  4202 D KeyguardUpdateMonitor: received broadcast android.intent.action.CLOSE_SYSTEM_DIALOGS
07-02 01:34:36.765  4202  4202 I PanelView: can't collapse, true, false, false, false
07-02 01:34:36.765  4202  4202 V StatusBar: mStatusBarWindow: com.android.systemui.statusbar.phone.StatusBarWindowView{4ab3cf9 V.ED..... ........ 0,0-720,48} canPanelBeCollapsed(): false
07-02 01:34:36.765  4202  4202 I PanelView: can't collapse, true, false, false, false
07-02 01:34:36.765  4202  4202 D PopupUI.PopupUI: PopupUIReceiver.onReceive() action : android.intent.action.CLOSE_SYSTEM_DIALOGS
07-02 01:34:36.766  3836  4006 D CustomFrequencyManagerService: acquireDVFSLockLocked : type : DVFS_MIN_LIMIT  frequency : 2314000  uid : 1000  pid : 3836  pkgName : AMS_APP_HOME@CPU_MIN@17
07-02 01:34:36.767  4202  4202 D vol.SecVolumeDialogImpl: dismissH reason: 2
07-02 01:34:36.768  3836  4006 D ActivityManagerPerformance: AMP_acquire() HOME
07-02 01:34:36.768  3836  4006 D SamsungPhoneWindowManager: startDockOrHome
07-02 01:34:36.768  3836  4006 D CustomFrequencyManagerService: acquireDVFSLockLocked : type : DVFS_MIN_LIMIT  frequency : 1469000  uid : 1000  pid : 3836  pkgName : HOME_BOOSTER@1
07-02 01:34:36.771  3836  4006 I ActivityManager: START u0 {act=android.intent.action.MAIN typ=null flg=0x10200000 cmp=ComponentInfo{com.sec.android.app.launcher/com.sec.android.app.launcher.activities.LauncherActivity}} from uid 1000
07-02 01:34:36.773  3836  4006 D ActivityManager: [PIP] Update supportsEnterPipOnTaskSwitch(moveTaskToFrontLocked
07-02 01:34:36.776  3836  4006 V ActivityManager: Scheduling idle now: forceIdle=trueimmediate=true
07-02 01:34:36.779  3836  4006 V WindowManager: Setting visibility of Window{a1544aa u0 com.sec.android.app.launcher/com.sec.android.app.launcher.activities.LauncherActivity}: true, caller=com.android.server.wm.WindowContainer.sendAppVisibilityToClients:623 com.android.server.wm.AppWindowToken.setClientHidden:460 com.android.server.wm.AppWindowContainerController.setVisibility:440 com.android.server.am.ActivityRecord.setVisibility:1893 com.android.server.am.ActivityStack.resumeTopActivityInnerLocked:3077
07-02 01:34:36.779  3836  4006 D InputDispatcher: Focused application set to: 70286cf
07-02 01:34:36.780  3836  4006 V WindowManager: Changing focus from Window{b258b65 u0 pl.solidexplorer2/pl.solidexplorer.SolidExplorer} to null Callers=com.android.server.wm.WindowManagerService.setFocusedApp:3162 com.android.server.am.ActivityManagerService.setResumedActivityUncheckLocked:4454 com.android.server.am.ActivityStack.onActivityStateChanged:560 com.android.server.am.TaskRecord.onActivityStateChanged:2165
07-02 01:34:36.780  3836  4006 D InputDispatcher: Focus left window (20355): b258b65 0
07-02 01:34:36.782  3486  4116 D bauth_FPBAuthService: pcf : 0x1012, 0 ,2 ,0 ,0 ,0 ,2,
07-02 01:34:36.782  3486  4116 D bauth_FPBAuthService: thread id : 2, preenroll_flag : 0, nd cnt : 1, cso : 0, et : 0
07-02 01:34:36.782  3486  4116 D bauth_FPBAuthService: FPBAuthService, 9983
07-02 01:34:36.785  3836  4006 V WindowOrientationListener: getProposedRotation :-1
07-02 01:34:36.785  3836  4006 V WindowManager: rotationForOrientationLw(orient=5, last=0); user=1  sensorRotation=-1 mLidState=-1 mDockMode=0 mHdmiPlugged=false
07-02 01:34:36.785  3836  3864 D WindowManager: reportFocusChangedSerialized, focused=false, inTouchMode=true, win=Window{b258b65 u0 pl.solidexplorer2/pl.solidexplorer.SolidExplorer}
07-02 01:34:36.786 20355 20355 D ViewRootImpl@af9f27[SolidExplorer]: MSG_WINDOW_FOCUS_CHANGED 0 1
07-02 01:34:36.786 20355 20355 D InputMethodManager: prepareNavigationBarInfo() DecorView@f641be7[SolidExplorer]
07-02 01:34:36.786 20355 20355 D InputMethodManager: getNavigationBarColor() -10263709
07-02 01:34:36.786  3836  4006 D GamePkgDataHelper: getSosPolicy(). com.sec.android.app.launcher
07-02 01:34:36.786  3836  4006 D GameManagerService: noteResumeComponent(), resumeComponent: com.sec.android.app.launcher
07-02 01:34:36.786  3836  4157 D GameManagerService: handleForegroundChange(). pkgName: com.sec.android.app.launcher, clsName: com.android.launcher3.infra.activity.Launcher,FgActivityName:com.sec.android.app.launcher/com.android.launcher3.infra.activity.Launcher
07-02 01:34:36.786  3836  4157 D GameManagerService:   handleForegroundChange(). set mFgApp: com.sec.android.app.launcher
07-02 01:34:36.786  3836  4157 D GameManagerService: notifyResumePause(). pkg: com.sec.android.app.launcher, type: 4, isMinimized: false, isTunableApp: false
07-02 01:34:36.786  3836  4157 D GameManagerService:   notifyResumePause(). unexpected mPrevNotiType: -1
07-02 01:34:36.786  3836  4206 D GamePkgDataHelper: getGamePkgDataIncServer(). com.sec.android.app.launcher
07-02 01:34:36.787  3836  5398 D GameManagerService: identifyGamePackage. null
07-02 01:34:36.788  3836  4006 D MARsPolicyManager: onPackageResumedFG pkgName = com.sec.android.app.launcher, userId = 0
07-02 01:34:36.791  3836  4006 I MultiPhoneWindowManager: updateImeTargetFreeformTaskId: taskId=-1 displayId=0
07-02 01:34:36.791  3836  4006 I MultiPhoneWindowManager: minimizeAllFreeformTasks: displayId=0
07-02 01:34:36.791  3836  3836 D CS_HdrController: updateMultiWindowState : 0
07-02 01:34:36.791  3836 20922 I CLP     : Check pinfo.  startActivity android 16317 1000
07-02 01:34:36.791  3836 20922 D clp-JNI : Input no pinfo.  Null for android 16317 1000
07-02 01:34:36.791  3836 20922 I CLP     : Check pinfo.  startActivity android 3836 1000
07-02 01:34:36.791  3836 20922 D clp-JNI : Input no pinfo.  Null for android 3836 1000
07-02 01:34:36.791  3836 20922 I CLP     : Check pinfo sender.  android 16317 1000
07-02 01:34:36.791  3836 20922 I CLP     : Check pinfo sender.  android 3836 1000
07-02 01:34:36.792  5139  5139 I Launcher: onWindowVisibilityChanged : false
07-02 01:34:36.797  3836  4206 V WindowManager: Relayout Window{a1544aa u0 com.sec.android.app.launcher/com.sec.android.app.launcher.activities.LauncherActivity}: viewVisibility=4 req=720x1480 {(0,0)(fillxfill) sim={adjust=nothing forwardNavigation} layoutInDisplayCutoutMode=always ty=BASE_APPLICATION fmt=TRANSPARENT wanim=0x10302ec
07-02 01:34:36.797  3836  4206 V WindowManager:   fl=LAYOUT_IN_SCREEN FULLSCREEN FORCE_NOT_FULLSCREEN LAYOUT_INSET_DECOR SHOW_WALLPAPER SPLIT_TOUCH HARDWARE_ACCELERATED DRAWS_SYSTEM_BAR_BACKGROUNDS
07-02 01:34:36.797  3836  4206 V WindowManager:   pfl=FORCE_DRAW_STATUS_BAR_BACKGROUND
07-02 01:34:36.797  3836  4206 V WindowManager:   vsysui=LAYOUT_STABLE LAYOUT_HIDE_NAVIGATION LAYOUT_FULLSCREEN dimDuration=100 naviIconColor=0}
07-02 01:34:36.797  3836  5398 D GamePkgDataHelper: getSosPolicy(). com.sec.android.app.launcher
07-02 01:34:36.799  3836  4280 D GameManagerService: identifyGamePackage. com.sec.android.app.launcher
07-02 01:34:36.799  3836  4280 D GamePkgDataHelper: getGamePkgData(). com.sec.android.app.launcher
07-02 01:34:36.799  5139  5139 D ViewRootImpl@814674f[LauncherActivity]: Relayout returned: old=[0,0][720,1480] new=[0,0][720,1480] result=0x1 surface={valid=false 0} changed=false
07-02 01:34:36.799  5139  5139 D Launcher: onNewIntent
07-02 01:34:36.799 20355 20355 D ViewRootImpl@af9f27[SolidExplorer]: setWindowStopped(true) old=false
07-02 01:34:36.800  5139  5139 D Launcher: handleFromHomeKey : alreadyOnHome(false) fromHomeKey(true) isCarMode(false)
07-02 01:34:36.800  5139  5139 D ViewRootImpl@814674f[LauncherActivity]: setWindowStopped(false) old=true
07-02 01:34:36.800  5139  5139 D TrayManager: TrayManagerImp:resetMoving() mMoved: false
07-02 01:34:36.800  5139  5139 D TrayManager: TrayManagerImp:setTrayTranslationY() current: Overground dest: Underground
07-02 01:34:36.800  5139  5139 D TrayManager: send changed offset. sender: Overground current: Overground dest: Underground
07-02 01:34:36.801  5139  5139 D HomeContainer: setAlpha : 1.0 visibility : 0
07-02 01:34:36.804  3836  3836 D MdnieScenarioControlService: MultiWindowState : false
07-02 01:34:36.804  4532 23949 D ForegroundUtils: could not check pending caller
07-02 01:34:36.804  3836  3836 D Telecom:SamsungPrebindingServiceImpl: onTopActivityChanged : ComponentInfo{com.sec.android.app.launcher/com.sec.android.app.launcher.activities.LauncherActivity}
07-02 01:34:36.804  3836  3853 D CodecSolution: isMaxAspectPackageEx: com.sec.android.app.launcher : true(2)
07-02 01:34:36.805  5139  5139 D ViewRootImpl@814674f[LauncherActivity]: setWindowStopped(false) old=false
07-02 01:34:36.805  5139  5139 V Launcher: Launcher.onResume()
07-02 01:34:36.805  5139  5139 D Launcher: !@Boot_DEBUG: Launcher.onResume()
07-02 01:34:36.806  3836  4324 D GameManagerService: identifyGamePackage. com.sec.android.app.launcher
07-02 01:34:36.806  3836  4324 D GamePkgDataHelper: getGamePkgData(). com.sec.android.app.launcher
07-02 01:34:36.815  5139  5139 D ExternalMethodQueue: Getting and clearing EXTERNAL_METHOD_LIST: null
07-02 01:34:36.815  5139  5139 D ExternalRequestQueue: Getting and clearing EXTERNAL_REQUEST_LIST: 0
07-02 01:34:36.815  5560  6411 W SessionLifecycleManager: Handover failed. Creating new session controller.
07-02 01:34:36.817  5560  6411 E PBSessionCacheImpl: sessionId[24454732208932161] not persisted.
07-02 01:34:36.818  5560  6411 I WorkerManager: Releasing worker: [service]/[27]/[com.google.android.apps.gsa.search.core.service.bx]
07-02 01:34:36.818  5560  6411 I WorkerManager: Releasing worker: [service]/[27]/[com.google.android.apps.gsa.search.core.service.bx]
07-02 01:34:36.818  5560 18493 I PBSessionCacheImpl: Deleted sessionId[24454732208932161] from persistence.
07-02 01:34:36.818  5560  6411 I WorkerManager: Releasing worker: [searchboxroot]/[24]/[com.google.android.apps.gsa.staticplugins.searchboxroot.y]
07-02 01:34:36.818  5560  6411 I chatty  : uid=10090(com.google.android.googlequicksearchbox) EventBus0 identical 2 lines
07-02 01:34:36.818  5560  6411 I WorkerManager: Releasing worker: [searchboxroot]/[24]/[com.google.android.apps.gsa.staticplugins.searchboxroot.y]
07-02 01:34:36.818  5560  6411 I WorkerManager: Releasing worker: [actions]/[1]/[com.google.android.apps.gsa.staticplugins.actions.p]
07-02 01:34:36.819  5560  6411 I chatty  : uid=10090(com.google.android.googlequicksearchbox) EventBus0 identical 2 lines
07-02 01:34:36.819  5560  6411 I WorkerManager: Releasing worker: [actions]/[1]/[com.google.android.apps.gsa.staticplugins.actions.p]
07-02 01:34:36.819  5560  6411 I WorkerManager: Releasing worker: [searchboxroot]/[24]/[com.google.android.apps.gsa.staticplugins.searchboxroot.y]
07-02 01:34:36.820  5560  6411 I chatty  : uid=10090(com.google.android.googlequicksearchbox) EventBus0 identical 2 lines
07-02 01:34:36.820  5560  6411 I WorkerManager: Releasing worker: [searchboxroot]/[24]/[com.google.android.apps.gsa.staticplugins.searchboxroot.y]
07-02 01:34:36.820  5139  5139 D PageOverlayMover: isMoving : false
07-02 01:34:36.820  5560  6411 I WorkerManager: Releasing worker: [actions]/[1]/[com.google.android.apps.gsa.staticplugins.actions.p]
07-02 01:34:36.820  5560  6411 I WorkerManager: Releasing worker: [actions]/[1]/[com.google.android.apps.gsa.staticplugins.actions.p]
07-02 01:34:36.820  5139  5139 D Launcher.HomeStage: onResume HomeContainer current alpha = 1.0
07-02 01:34:36.820  5139  5139 D StageManager: onResume. topStage: com.android.launcher3.infra.stage.HomeStage@4eb4457 alpha: 1.0 visibility: 0
07-02 01:34:36.820  5139  5139 D AppsDataRepository: updateAppIcons start :
07-02 01:34:36.820  5560  6411 I WorkerManager: Releasing worker: [actions]/[1]/[com.google.android.apps.gsa.staticplugins.actions.p]
07-02 01:34:36.820  3301  3337 E BufferQueueProducer: [pl.solidexplorer2/pl.solidexplorer.SolidExplorer[20355]#0] disconnect: not connected (req=1)
07-02 01:34:36.820  5560  6411 I WorkerManager: Releasing worker: [actions]/[1]/[com.google.android.apps.gsa.staticplugins.actions.p]
07-02 01:34:36.820  5139  5139 D AppsDataRepository: updateItemsAndContents items size: 178, screenType: 0
07-02 01:34:36.820 20355 20400 W libEGL  : EGLNativeWindowType 0x7179620010 disconnect failed
07-02 01:34:36.820 20355 20400 D OpenGLRenderer: eglDestroySurface = 0x716173ec80, 0x7179620000
07-02 01:34:36.820  5560  6411 I WorkerManager: Releasing worker: [actions]/[1]/[com.google.android.apps.gsa.staticplugins.actions.p]
07-02 01:34:36.821  5560  6411 I WorkerManager: Releasing worker: [actions]/[1]/[com.google.android.apps.gsa.staticplugins.actions.p]
07-02 01:34:36.821  5139  5139 D AppsDataRepository: no change items 178
07-02 01:34:36.821  5139  5139 D AppsDataRepository: updateItemsAndContents items size: 0, screenType: 1
07-02 01:34:36.821  5139  5139 D AppsDataRepository: no change items 0
07-02 01:34:36.821  5139  5139 D AppsPresenter: AppsEvent update [15]
07-02 01:34:36.821  5139  5139 D AppsPresenter: AppsEvent update [5]
07-02 01:34:36.821  5139  5139 D AppsDataRepository: notifyUpdate end :
07-02 01:34:36.821  3836  4280 D ConnectivityService: filterNetworkStateForUid() uid: 10090, pid: 5560
07-02 01:34:36.821  3836  4280 D ConnectivityService: isNetworkWithLinkPropertiesBlocked: uid=10090, vpn=DISCONNECTED,false
07-02 01:34:36.821  5139  5139 D WallpaperScrollUtils: setupWallpaperScroller
07-02 01:34:36.821  5139  5139 D WallpaperScrollUtils: WallpaperTiltSettingEnabled : false
07-02 01:34:36.821  5139  5139 D Notification.Badge: setNotificationsChangedListener
07-02 01:34:36.821  3836  4280 D ConnectivityService: filterNetworkStateForUid() uid: 10090, pid: 5560, networkInfo: [type: WIFI[], state: CONNECTED/CONNECTED, reason: (unspecified), extra: (none), failover: false, available: true, roaming: false]
07-02 01:34:36.822  3836  4280 D ConnectivityService: Vpn: getActiveNetworkForUidInternal: 10090, false, false, DISCONNECTED
07-02 01:34:36.822  3836  4280 D ConnectivityService: isNetworkWithLinkPropertiesBlocked: uid=10090, vpn=DISCONNECTED,false
07-02 01:34:36.823  5139  5139 D Notification.Badge: [filtered] shouldBeFilteredOut().mTempRanking.canShowBadge[false], [sbn : StatusBarNotification(pkg=android user=UserHandle{-1} id=27 tag=null key=-1|android|27|null|1000: Notification(channel=USB pri=0 contentView=null vibrate=null sound=null tick defaults=0x0 flags=0x2 color=0xff607d8b vis=PUBLIC semFlags=0x0 semPriority=0 semMissedCount=0))]
07-02 01:34:36.823  5139  5249 D Notification.Badge: LauncherModel:onNotificationFullRefresh() : [0], IconType : [0]
07-02 01:34:36.824  3836  4524 V WindowManager: Relayout Window{b258b65 u0 pl.solidexplorer2/pl.solidexplorer.SolidExplorer}: viewVisibility=4 req=720x1480 {(0,0)(fillxfill) sim={adjust=resize forwardNavigation} ty=BASE_APPLICATION wanim=0x10302fe
07-02 01:34:36.824  3836  4524 V WindowManager:   fl=LAYOUT_IN_SCREEN LAYOUT_INSET_DECOR SPLIT_TOUCH HARDWARE_ACCELERATED DRAWS_SYSTEM_BAR_BACKGROUNDS
07-02 01:34:36.824  3836  4524 V WindowManager:   pfl=FORCE_DRAW_STATUS_BAR_BACKGROUND
07-02 01:34:36.824  3836  4524 V WindowManager:   vsysui=LAYOUT_STABLE LAYOUT_FULLSCREEN naviIconColor=0}
07-02 01:34:36.825  5139  5139 D MultiSelectPanel: updateTextViewPosition() isLandDisplay[false], isWrapContent[false]
07-02 01:34:36.826  5139  5139 D MultiSelectPanel: updateTextViewPosition() isLandDisplay[false], isWrapContent[false]
07-02 01:34:36.827  3836  4007 D InputReader: Input event(2): value=1 when=10508.852594
07-02 01:34:36.828  3836  4007 D InputReader: Input event(2): value=1 when=10508.852594
07-02 01:34:36.828  3836  4007 I InputReader: Touch event's action is 0x0 (deviceType=0) [pCnt=1, s=0.664 ] when=10508.852594
07-02 01:34:36.828  5560  6411 I WorkerManager: Releasing worker: [legacyui]/[63]/[com.google.android.apps.gsa.staticplugins.bz.a]
07-02 01:34:36.828  3836  4006 I clp-JNI : Add pinfo end.  0
07-02 01:34:36.828  3836  4006 I InputDispatcher: Delivering touch to (4202): action: 0x0, displayId: 0, 'a2dba6c', toolType: 1
07-02 01:34:36.828  5560  6411 I WorkerManager: Releasing worker: [legacyui]/[63]/[com.google.android.apps.gsa.staticplugins.bz.a]
07-02 01:34:36.828  4202  4202 D ViewRootImpl@6bbad4c[NavigationBar]: ViewPostIme pointer 0
07-02 01:34:36.828  5560  6411 I WorkerManager: Releasing worker: [searchplate]/[26]/[com.google.android.apps.gsa.staticplugins.dw.c]
07-02 01:34:36.829  5560  6411 I chatty  : uid=10090(com.google.android.googlequicksearchbox) EventBus0 identical 5 lines
07-02 01:34:36.829  5560  6411 I WorkerManager: Releasing worker: [searchplate]/[26]/[com.google.android.apps.gsa.staticplugins.dw.c]
07-02 01:34:36.829  5139  5161 D TouchInteractionService: onPreMotionEvent : 2
07-02 01:34:36.829  5560  6411 I WorkerManager: Releasing worker: [searchplate]/[26]/[com.google.android.apps.gsa.staticplugins.dw.c]
07-02 01:34:36.829  5560  6411 I chatty  : uid=10090(com.google.android.googlequicksearchbox) EventBus0 identical 1 line
07-02 01:34:36.829  5560  6411 I WorkerManager: Releasing worker: [searchplate]/[26]/[com.google.android.apps.gsa.staticplugins.dw.c]
07-02 01:34:36.830  5560  6411 I WorkerManager: Releasing worker: [conversation]/[44]/[com.google.android.apps.gsa.staticplugins.ai.a]
07-02 01:34:36.830  5560  6411 I WorkerManager: Releasing worker: [conversation]/[44]/[com.google.android.apps.gsa.staticplugins.ai.a]
07-02 01:34:36.830  5560  6411 I WorkerManager: Releasing worker: [message]/[68]/[com.google.android.apps.gsa.staticplugins.messages.n]
07-02 01:34:36.830  5560  6411 I WorkerManager: Releasing worker: [message]/[68]/[com.google.android.apps.gsa.staticplugins.messages.n]
07-02 01:34:36.830  5560  6411 I WorkerManager: Releasing worker: [context]/[50]/[com.google.android.apps.gsa.staticplugins.ah.g]
07-02 01:34:36.830  5560  6411 I WorkerManager: Releasing worker: [context]/[50]/[com.google.android.apps.gsa.staticplugins.ah.g]
07-02 01:34:36.830  5560  6411 I WorkerManager: Releasing worker: [actionvelogging]/[2]/[com.google.android.apps.gsa.staticplugins.b.d]
07-02 01:34:36.830  5560  6411 I WorkerManager: Releasing worker: [actionvelogging]/[2]/[com.google.android.apps.gsa.staticplugins.b.d]
07-02 01:34:36.830  5560  6411 I WorkerManager: Releasing worker: [sharedmicrodetection]/[17]/[com.google.android.apps.gsa.staticplugins.microdetection.aj]
07-02 01:34:36.830  5560  6411 I WorkerManager: Releasing worker: [sharedmicrodetection]/[17]/[com.google.android.apps.gsa.staticplugins.microdetection.aj]
07-02 01:34:36.831  3836  4280 D InputDispatcher: Inject key (4202): action=0, eventTime=10508854000000
07-02 01:34:36.831  3836  4280 D InputManager-JNI: !@interceptKeyBeforeQueueing(0), action=0, interactive=true
07-02 01:34:36.831  3836  5398 D ConnectivityService: filterNetworkStateForUid() uid: 10090, pid: 5560
07-02 01:34:36.831  3836  5398 D ConnectivityService: isNetworkWithLinkPropertiesBlocked: uid=10090, vpn=DISCONNECTED,false
07-02 01:34:36.831  3836  3836 D GameManagerService: identifyGamePackage. com.sec.android.app.launcher
07-02 01:34:36.831  3836  3836 D GamePkgDataHelper: getGamePkgData(). com.sec.android.app.launcher
07-02 01:34:36.831  3836  5398 D ConnectivityService: filterNetworkStateForUid() uid: 10090, pid: 5560, networkInfo: [type: WIFI[], state: CONNECTED/CONNECTED, reason: (unspecified), extra: (none), failover: false, available: true, roaming: false]
07-02 01:34:36.831  3836  3836 D CustomFrequencyManagerService: acquireDVFSLockLocked : type : DVFS_MIN_LIMIT  frequency : 858000  uid : 1000  pid : 3836  pkgName : GESTURE_DETECTED@CPU_MIN@54
07-02 01:34:36.831  3836  5398 D ConnectivityService: Vpn: getActiveNetworkForUidInternal: 10090, false, false, DISCONNECTED
07-02 01:34:36.831  3836  5398 D ConnectivityService: isNetworkWithLinkPropertiesBlocked: uid=10090, vpn=DISCONNECTED,false
07-02 01:34:36.832 20355 20355 D ViewRootImpl@af9f27[SolidExplorer]: Relayout returned: old=[0,0][720,1480] new=[0,0][720,1480] result=0x5 surface={valid=false 0} changed=true
07-02 01:34:36.832  3836  4280 D API test: getContainerInfo: value is
07-02 01:34:36.832  3836  4280 D SamsungPhoneWindowManager: sec interceptKeyTq home s_result=1
07-02 01:34:36.832  3836  4280 D WindowManager: interceptKeyTq s_result=1
07-02 01:34:36.832  3836  4280 D InputManager-JNI: !@handleInterceptActions(0), action=0, wmActions=1
07-02 01:34:36.832  3836  4006 D PowerManagerService: [api] userActivityFromNative : 360 (event: 1 flags: 0) eventTime = 10508854
07-02 01:34:36.834  5560  6411 I WorkerManager: Releasing worker: [networkmonitor]/[39]/[com.google.android.apps.gsa.staticplugins.cm.i]
07-02 01:34:36.834  5560  6411 I WorkerManager: Releasing worker: [networkmonitor]/[39]/[com.google.android.apps.gsa.staticplugins.cm.i]
07-02 01:34:36.834  5560  6411 I WorkerManager: Releasing worker: [audio]/[4]/[com.google.android.apps.gsa.staticplugins.n.n]
07-02 01:34:36.834  3836  4006 I Telecom:SamsungTelecomServiceImpl: isRinging - callingPackage : android
07-02 01:34:36.834  5560  6411 I chatty  : uid=10090(com.google.android.googlequicksearchbox) EventBus0 identical 2 lines
07-02 01:34:36.835  5560  6411 I WorkerManager: Releasing worker: [audio]/[4]/[com.google.android.apps.gsa.staticplugins.n.n]
07-02 01:34:36.835  5560  6411 I WorkerManager: Releasing worker: [progress]/[379]/[com.google.android.apps.gsa.staticplugins.dc.a]
07-02 01:34:36.835  5560  6411 I WorkerManager: Releasing worker: [progress]/[379]/[com.google.android.apps.gsa.staticplugins.dc.a]
07-02 01:34:36.835  4532 23949 D ForegroundUtils: could not check pending caller
07-02 01:34:36.835  5560  6411 I WorkerManager: Releasing worker: [sharebear]/[124]/[com.google.android.apps.gsa.staticplugins.sharebear.r]
07-02 01:34:36.835  3836  3853 D CodecSolution: isMaxAspectPackageEx: com.sec.android.app.launcher : true(2)
07-02 01:34:36.835  5560  6411 I WorkerManager: Releasing worker: [sharebear]/[124]/[com.google.android.apps.gsa.staticplugins.sharebear.r]
07-02 01:34:36.835  3836  4006 D API test: getContainerInfo: value is
07-02 01:34:36.835  3836  4006 D RestrictionPolicy: isHomeKeyEnabled :true
07-02 01:34:36.835  5560  6411 I WorkerManager: Releasing worker: [logo_header]/[71]/[com.google.android.apps.gsa.staticplugins.cb.a]
07-02 01:34:36.835  5560  6411 I WorkerManager: Releasing worker: [logo_header]/[71]/[com.google.android.apps.gsa.staticplugins.cb.a]
07-02 01:34:36.836  3836  4006 D API test: getContainerInfo: value is
07-02 01:34:36.836  3836  4006 D RestrictionPolicy: isHomeKeyEnabled :true
07-02 01:34:36.836  5560  6411 I WorkerManager: Releasing worker: [sharebear]/[124]/[com.google.android.apps.gsa.staticplugins.sharebear.r]
07-02 01:34:36.836  5560  6411 I WorkerManager: Releasing worker: [sharebear]/[124]/[com.google.android.apps.gsa.staticplugins.sharebear.r]
07-02 01:34:36.843  5139  5139 D FolderIconView: mLastUpdateOrientation = 1
07-02 01:34:36.844  5139  5139 D TouchInteractionService: Landscape? false
07-02 01:34:36.844  5139  5139 D TouchInteractionService: Skip ACTION_MOVE. dist=-0.36132812 TouchSlop=16
07-02 01:34:36.844  5139  5139 I Launcher: onWindowVisibilityChanged : true
07-02 01:34:36.845  5139  5139 D TextView_AppWidget: setText(1), START, text=1:34, android.widget.TextClock{b481c31 V.ED..... ........ 0,0-226,140 #7f09014d app:id/clock_time}
07-02 01:34:36.845  5139  5139 D TextView_AppWidget: checkForRelayout(), mText=1:34, android.widget.TextClock{b481c31 V.ED..... ........ 0,0-226,140 #7f09014d app:id/clock_time}
07-02 01:34:36.846  5139  5139 D DragLayer: DragLayer onMeasure, mIsNaviBarPositionChanged = false, mWillOrientationChange = false
07-02 01:34:36.846  5139  5139 D LauncherWidgetHostView: setResizeScaleResult() 681/ 217 scaleToResize = 0.98237884(widget id = 2) c4cce27 0,0-681,217
07-02 01:34:36.846  5139  5139 D TextView_AppWidget: onMeasure(1), START, mTransformed=1:34, android.widget.TextClock{b481c31 V.ED..... ......ID 0,0-226,140 #7f09014d app:id/clock_time}
07-02 01:34:36.846  5139  5139 D TextView_AppWidget: onMeasure(3), mTransformed=1:34, width=226, android.widget.TextClock{b481c31 V.ED..... ......ID 0,0-226,140 #7f09014d app:id/clock_time}
07-02 01:34:36.846  5139  5139 D TextView_AppWidget: onMeasure(5), END, mTransformed=1:34, width=226, android.widget.TextClock{b481c31 V.ED..... ......ID 0,0-226,140 #7f09014d app:id/clock_time}
07-02 01:34:36.846  5139  5139 D TextView_AppWidget: onMeasure(1), START, mTransformed=1:34, android.widget.TextClock{b481c31 V.ED..... ......ID 0,0-226,140 #7f09014d app:id/clock_time}
07-02 01:34:36.846  5139  5139 D TextView_AppWidget: onMeasure(5), END, mTransformed=1:34, width=226, android.widget.TextClock{b481c31 V.ED..... ......ID 0,0-226,140 #7f09014d app:id/clock_time}
07-02 01:34:36.849  3836  4280 V WindowManager: Relayout Window{a1544aa u0 com.sec.android.app.launcher/com.sec.android.app.launcher.activities.LauncherActivity}: viewVisibility=0 req=720x1480 {(0,0)(fillxfill) sim={adjust=nothing forwardNavigation} layoutInDisplayCutoutMode=always ty=BASE_APPLICATION fmt=TRANSPARENT wanim=0x10302ec
07-02 01:34:36.849  3836  4280 V WindowManager:   fl=LAYOUT_IN_SCREEN FULLSCREEN FORCE_NOT_FULLSCREEN LAYOUT_INSET_DECOR SHOW_WALLPAPER SPLIT_TOUCH HARDWARE_ACCELERATED DRAWS_SYSTEM_BAR_BACKGROUNDS
07-02 01:34:36.849  3836  4280 V WindowManager:   pfl=FORCE_DRAW_STATUS_BAR_BACKGROUND
07-02 01:34:36.849  3836  4280 V WindowManager:   vsysui=LAYOUT_STABLE LAYOUT_HIDE_NAVIGATION LAYOUT_FULLSCREEN dimDuration=100 naviIconColor=0}
07-02 01:34:36.852  3836  4280 D WindowManager: makeSurface duration=1 name=com.sec.android.app.launcher/com.sec.android.app.launcher.activities.LauncherActivity[5139]
07-02 01:34:36.852  3836  4280 V WindowManager: Changing focus from null to Window{a1544aa u0 com.sec.android.app.launcher/com.sec.android.app.launcher.activities.LauncherActivity} Callers=com.android.server.wm.WindowManagerService.relayoutWindow:2558 com.android.server.wm.Session.relayoutForTranslate:302 android.view.IWindowSession$Stub.onTransact:518 com.android.server.wm.Session.onTransact:186
07-02 01:34:36.852  3836  4280 D StatusBarManagerService: notifyRequestedSystemKey recent=false home=false
07-02 01:34:36.852  3836  3853 D WindowManager: setSystemUiVisibility: vis= 0x8708, fullscreenVis= 0x0, dockedVis= 0x0, win=Window{a1544aa u0 com.sec.android.app.launcher/com.sec.android.app.launcher.activities.LauncherActivity}
07-02 01:34:36.853  4202  4202 D LightBarController: onNavigationVisibilityChanged : vis = 8708, nbModeChanged = false navigationBarMode = 4
07-02 01:34:36.853  3836  4280 D InputDispatcher: Focus entered window (5139): a1544aa 0
07-02 01:34:36.853  3836  5398 D SamsungPhoneWindowManager: adjustSystemUiVisibilityLw: vis=0x8708
07-02 01:34:36.853  3836  5398 D InputManager-JNI: setSystemUiVisibility dexmode: false changed: true displayid: 0 visibility: 0x8708 DD: 0x8708 OD: 0x0
07-02 01:34:36.854  5139  5139 D ViewRootImpl@814674f[LauncherActivity]: Relayout returned: old=[0,0][720,1480] new=[0,0][720,1480] result=0x7 surface={valid=true 484944183296} changed=true
07-02 01:34:36.854  3836  3864 D WindowManager: reportFocusChangedSerialized, focused=true, inTouchMode=true, win=Window{a1544aa u0 com.sec.android.app.launcher/com.sec.android.app.launcher.activities.LauncherActivity}
07-02 01:34:36.858  5139  5717 D mali_winsys: EGLint new_window_surface(egl_winsys_display *, void *, EGLSurface, EGLConfig, egl_winsys_surface **, EGLBoolean) returns 0x3000
07-02 01:34:36.858  5139  5717 D OpenGLRenderer: eglCreateWindowSurface = 0x71606cbe80, 0x70e8ed0010
07-02 01:34:36.858  5139  5139 D TextView_AppWidget: onGlobalLayout(1), START, mTransformed=1:34, android.widget.TextClock{b481c31 V.ED..... ......ID 0,0-226,140 #7f09014d app:id/clock_time}
07-02 01:34:36.858  5139  5139 I LauncherWidgetHostView: reinflateWidgetsIfNecessary, Not required: 2
07-02 01:34:36.859  5139  5139 D Launcher.Utilities: updateSpayHandler true currentDefaultPage : true
07-02 01:34:36.859  5139  5139 D ViewRootImpl@814674f[LauncherActivity]: MSG_WINDOW_FOCUS_CHANGED 1 1
