07-02 21:49:02.036 26638 26638 D NearbyFragment: onPayloadReceived(endpointId=HC0V, payload=com.google.android.gms.nearby.connection.Payload@b1c7787)
07-02 21:49:02.037 26638 26638 D NearbyFragment: Endpoint{id=HC0V, name=Nexus 5X [34d8]} has finished downloading 20200312_193628!002.mp4
07-02 21:49:02.037 26638 26638 V NearbyFragment: nextTransfer with selected algorithm: best_or_local
07-02 21:49:02.045 26638 26638 V FileManager: External storage is readable
07-02 21:49:02.045 26638 26638 V FileManager: Directory already exists: /storage/emulated/0/Movies/segment-sum/20200312_193628
07-02 21:49:02.046 26638 26638 D NearbyFragment: Summarising 20200312_193628!003.mp4
07-02 21:49:02.047 26638 26638 V VideoManager: Retrieving video from /storage/emulated/0/Movies/segment/20200312_193628/20200312_193628!003.mp4
07-02 21:49:02.060 26638 26638 V VideoManager: videoFromCursor
07-02 21:49:02.068 26638 26638 V NearbyFragment: Transfer to HC0V: 100%
07-02 21:49:02.070 26638 28403 V SummariserIntentService: onHandleIntent
07-02 21:49:02.071 26638 28403 D SummariserIntentService: Video{id='137570', data='/storage/emulated/0/Movies/segment/20200312_193628/20200312_193628!003.mp4', name='20200312_193628!003.mp4', size=12749496, visible=true, mimeType='video/mp4'}
07-02 21:49:02.071 26638 28403 D SummariserIntentService: /storage/emulated/0/Movies/segment-sum/20200312_193628/20200312_193628!003.mp4
07-02 21:49:02.117 26638 27663 I mobile-ffmpeg: 
07-02 21:49:02.117 26638 27663 I chatty  : uid=10568(com.example.edgesum) identical 1 line
07-02 21:49:02.117 26638 27663 I mobile-ffmpeg: 
07-02 21:49:02.117 26638 27663 I mobile-ffmpeg: Input #0, mov,mp4,m4a,3gp,3g2,mj2, from '/storage/emulated/0/Movies/segment/20200312_193628/20200312_193628!003.mp4':
07-02 21:49:02.117 26638 27663 I mobile-ffmpeg: 
07-02 21:49:02.117 26638 27663 I chatty  : uid=10568(com.example.edgesum) identical 1 line
07-02 21:49:02.117 26638 27663 I mobile-ffmpeg: 
07-02 21:49:02.117 26638 27663 I mobile-ffmpeg:   Metadata:
07-02 21:49:02.117 26638 27663 I mobile-ffmpeg: 
07-02 21:49:02.117 26638 27663 I chatty  : uid=10568(com.example.edgesum) identical 1 line
07-02 21:49:02.117 26638 27663 I mobile-ffmpeg: 
07-02 21:49:02.117 26638 27663 I mobile-ffmpeg:     major_brand     : 
07-02 21:49:02.117 26638 27663 I mobile-ffmpeg: 
07-02 21:49:02.117 26638 27663 I chatty  : uid=10568(com.example.edgesum) identical 1 line
07-02 21:49:02.117 26638 27663 I mobile-ffmpeg: 
07-02 21:49:02.117 26638 27663 I mobile-ffmpeg: isom
07-02 21:49:02.117 26638 27663 I mobile-ffmpeg: 
07-02 21:49:02.117 26638 27663 I chatty  : uid=10568(com.example.edgesum) identical 1 line
07-02 21:49:02.117 26638 27663 I mobile-ffmpeg: 
07-02 21:49:02.117 26638 27663 I mobile-ffmpeg: 
07-02 21:49:02.117 26638 27663 I mobile-ffmpeg: 
07-02 21:49:02.117 26638 27663 I chatty  : uid=10568(com.example.edgesum) identical 1 line
07-02 21:49:02.117 26638 27663 I mobile-ffmpeg: 
07-02 21:49:02.117 26638 27663 I mobile-ffmpeg:     minor_version   : 
07-02 21:49:02.117 26638 27663 I mobile-ffmpeg: 
07-02 21:49:02.117 26638 27663 I chatty  : uid=10568(com.example.edgesum) identical 1 line
07-02 21:49:02.117 26638 27663 I mobile-ffmpeg: 
07-02 21:49:02.117 26638 27663 I mobile-ffmpeg: 512
07-02 21:49:02.118 26638 27663 I mobile-ffmpeg: 
07-02 21:49:02.118 26638 27663 I chatty  : uid=10568(com.example.edgesum) identical 1 line
07-02 21:49:02.118 26638 27663 I mobile-ffmpeg: 
07-02 21:49:02.118 26638 27663 I mobile-ffmpeg: 
07-02 21:49:02.118 26638 27663 I mobile-ffmpeg: 
07-02 21:49:02.118 26638 27663 I chatty  : uid=10568(com.example.edgesum) identical 1 line
07-02 21:49:02.118 26638 27663 I mobile-ffmpeg: 
07-02 21:49:02.118 26638 27663 I mobile-ffmpeg:     compatible_brands: 
07-02 21:49:02.118 26638 27663 I mobile-ffmpeg: 
07-02 21:49:02.118 26638 27663 I chatty  : uid=10568(com.example.edgesum) identical 1 line
07-02 21:49:02.118 26638 27663 I mobile-ffmpeg: 
07-02 21:49:02.118 26638 27663 I mobile-ffmpeg: isomiso2avc1mp41
07-02 21:49:02.118 26638 27663 I mobile-ffmpeg: 
07-02 21:49:02.118 26638 27663 I chatty  : uid=10568(com.example.edgesum) identical 1 line
07-02 21:49:02.118 26638 27663 I mobile-ffmpeg: 
07-02 21:49:02.118 26638 27663 I mobile-ffmpeg: 
07-02 21:49:02.118 26638 27663 I mobile-ffmpeg: 
07-02 21:49:02.118 26638 27663 I chatty  : uid=10568(com.example.edgesum) identical 1 line
07-02 21:49:02.118 26638 27663 I mobile-ffmpeg: 
07-02 21:49:02.118 26638 27663 I mobile-ffmpeg:     encoder         : 
07-02 21:49:02.118 26638 27663 I mobile-ffmpeg: 
07-02 21:49:02.118 26638 27663 I chatty  : uid=10568(com.example.edgesum) identical 1 line
07-02 21:49:02.118 26638 27663 I mobile-ffmpeg: 
07-02 21:49:02.118 26638 27663 I mobile-ffmpeg: Lavf58.28.101
07-02 21:49:02.118 26638 27663 I mobile-ffmpeg: 
07-02 21:49:02.118 26638 27663 I chatty  : uid=10568(com.example.edgesum) identical 1 line
07-02 21:49:02.118 26638 27663 I mobile-ffmpeg: 
07-02 21:49:02.118 26638 27663 I mobile-ffmpeg: 
07-02 21:49:02.118 26638 27663 I mobile-ffmpeg: 
07-02 21:49:02.118 26638 27663 I chatty  : uid=10568(com.example.edgesum) identical 1 line
07-02 21:49:02.118 26638 27663 I mobile-ffmpeg: 
07-02 21:49:02.118 26638 27663 I mobile-ffmpeg:   Duration: 
07-02 21:49:02.118 26638 27663 I mobile-ffmpeg: 
07-02 21:49:02.119 26638 27663 I chatty  : uid=10568(com.example.edgesum) identical 1 line
07-02 21:49:02.119 26638 27663 I mobile-ffmpeg: 
07-02 21:49:02.119 26638 27663 I mobile-ffmpeg: 00:00:12.03
07-02 21:49:02.119 26638 27663 I mobile-ffmpeg: 
07-02 21:49:02.119 26638 27663 I chatty  : uid=10568(com.example.edgesum) identical 1 line
07-02 21:49:02.119 26638 27663 I mobile-ffmpeg: 
07-02 21:49:02.119 26638 27663 I mobile-ffmpeg: , start: 
07-02 21:49:02.119 26638 27663 I mobile-ffmpeg: 
07-02 21:49:02.119 26638 27663 I chatty  : uid=10568(com.example.edgesum) identical 1 line
07-02 21:49:02.119 26638 27663 I mobile-ffmpeg: 
07-02 21:49:02.119 26638 27663 I mobile-ffmpeg: 0.000000
07-02 21:49:02.119 26638 27663 I mobile-ffmpeg: 
07-02 21:49:02.119 26638 27663 I chatty  : uid=10568(com.example.edgesum) identical 1 line
07-02 21:49:02.119 26638 27663 I mobile-ffmpeg: 
07-02 21:49:02.119 26638 27663 I mobile-ffmpeg: , bitrate: 
07-02 21:49:02.119 26638 27663 I mobile-ffmpeg: 
07-02 21:49:02.119 26638 27663 I chatty  : uid=10568(com.example.edgesum) identical 1 line
07-02 21:49:02.119 26638 27663 I mobile-ffmpeg: 
07-02 21:49:02.120 26638 27663 I mobile-ffmpeg: 8477 kb/s
07-02 21:49:02.120 26638 27663 I mobile-ffmpeg: 
07-02 21:49:02.120 26638 27663 I chatty  : uid=10568(com.example.edgesum) identical 1 line
07-02 21:49:02.120 26638 27663 I mobile-ffmpeg: 
07-02 21:49:02.120 26638 27663 I mobile-ffmpeg: 
07-02 21:49:02.120 26638 27663 I mobile-ffmpeg: 
07-02 21:49:02.120 26638 27663 I chatty  : uid=10568(com.example.edgesum) identical 1 line
07-02 21:49:02.120 26638 27663 I mobile-ffmpeg: 
07-02 21:49:02.120 26638 27663 I mobile-ffmpeg:     Stream #0:0
07-02 21:49:02.120 26638 27663 I mobile-ffmpeg: 
07-02 21:49:02.120 26638 27663 I chatty  : uid=10568(com.example.edgesum) identical 1 line
07-02 21:49:02.120 26638 27663 I mobile-ffmpeg: 
07-02 21:49:02.120 26638 27663 I mobile-ffmpeg: (eng)
07-02 21:49:02.120 26638 27663 I mobile-ffmpeg: 
07-02 21:49:02.120 26638 27663 I chatty  : uid=10568(com.example.edgesum) identical 1 line
07-02 21:49:02.120 26638 27663 I mobile-ffmpeg: 
07-02 21:49:02.120 26638 27663 I mobile-ffmpeg: : Video: h264 (avc1 / 0x31637661), yuvj420p(pc, bt709), 1280x720, 8440 kb/s
07-02 21:49:02.120 26638 27663 I mobile-ffmpeg: 
07-02 21:49:02.120 26638 27663 I chatty  : uid=10568(com.example.edgesum) identical 1 line
07-02 21:49:02.120 26638 27663 I mobile-ffmpeg: 
07-02 21:49:02.120 26638 27663 I mobile-ffmpeg: , 
07-02 21:49:02.120 26638 27663 I mobile-ffmpeg: 
07-02 21:49:02.120 26638 27663 I chatty  : uid=10568(com.example.edgesum) identical 1 line
07-02 21:49:02.120 26638 27663 I mobile-ffmpeg: 
07-02 21:49:02.120 26638 27663 I mobile-ffmpeg: 29.98 fps, 
07-02 21:49:02.120 26638 27663 I mobile-ffmpeg: 
07-02 21:49:02.120 26638 27663 I chatty  : uid=10568(com.example.edgesum) identical 1 line
07-02 21:49:02.120 26638 27663 I mobile-ffmpeg: 
07-02 21:49:02.120 26638 27663 I mobile-ffmpeg: 29.97 tbr, 
07-02 21:49:02.120 26638 27663 I mobile-ffmpeg: 
07-02 21:49:02.120 26638 27663 I chatty  : uid=10568(com.example.edgesum) identical 1 line
07-02 21:49:02.121 26638 27663 I mobile-ffmpeg: 
07-02 21:49:02.121 26638 27663 I mobile-ffmpeg: 16k tbn, 
07-02 21:49:02.121 26638 27663 I mobile-ffmpeg: 
07-02 21:49:02.121 26638 27663 I chatty  : uid=10568(com.example.edgesum) identical 1 line
07-02 21:49:02.121 26638 27663 I mobile-ffmpeg: 
07-02 21:49:02.121 26638 27663 I mobile-ffmpeg: 32k tbc
07-02 21:49:02.121 26638 27663 I mobile-ffmpeg: 
07-02 21:49:02.121 26638 27663 I chatty  : uid=10568(com.example.edgesum) identical 1 line
07-02 21:49:02.121 26638 27663 I mobile-ffmpeg: 
07-02 21:49:02.121 26638 27663 I mobile-ffmpeg:  (default)
07-02 21:49:02.121 26638 27663 I mobile-ffmpeg: 
07-02 21:49:02.121 26638 27663 I chatty  : uid=10568(com.example.edgesum) identical 1 line
07-02 21:49:02.121 26638 27663 I mobile-ffmpeg: 
07-02 21:49:02.121 26638 27663 I mobile-ffmpeg: 
07-02 21:49:02.121 26638 27663 I mobile-ffmpeg: 
07-02 21:49:02.121 26638 27663 I chatty  : uid=10568(com.example.edgesum) identical 1 line
07-02 21:49:02.121 26638 27663 I mobile-ffmpeg: 
07-02 21:49:02.121 26638 27663 I mobile-ffmpeg:     Metadata:
07-02 21:49:02.121 26638 27663 I mobile-ffmpeg: 
07-02 21:49:02.121 26638 27663 I chatty  : uid=10568(com.example.edgesum) identical 1 line
07-02 21:49:02.121 26638 27663 I mobile-ffmpeg: 
07-02 21:49:02.121 26638 27663 I mobile-ffmpeg:       handler_name    : 
07-02 21:49:02.121 26638 27663 I mobile-ffmpeg: 
07-02 21:49:02.121 26638 27663 I chatty  : uid=10568(com.example.edgesum) identical 1 line
07-02 21:49:02.121 26638 27663 I mobile-ffmpeg: 
07-02 21:49:02.121 26638 27663 I mobile-ffmpeg: PittaSoft Video Media Handler
07-02 21:49:02.121 26638 27663 I mobile-ffmpeg: 
07-02 21:49:02.122 26638 27663 I chatty  : uid=10568(com.example.edgesum) identical 1 line
07-02 21:49:02.122 26638 27663 I mobile-ffmpeg: 
07-02 21:49:02.122 26638 27663 I mobile-ffmpeg: 
07-02 21:49:02.122 26638 27663 I mobile-ffmpeg: 
07-02 21:49:02.122 26638 27663 I chatty  : uid=10568(com.example.edgesum) identical 1 line
07-02 21:49:02.122 26638 27663 I mobile-ffmpeg: 
07-02 21:49:02.122 26638 27663 I mobile-ffmpeg:     Stream #0:1
07-02 21:49:02.122 26638 27663 I mobile-ffmpeg: 
07-02 21:49:02.122 26638 27663 I chatty  : uid=10568(com.example.edgesum) identical 1 line
07-02 21:49:02.122 26638 27663 I mobile-ffmpeg: 
07-02 21:49:02.122 26638 27663 I mobile-ffmpeg: (eng)
07-02 21:49:02.122 26638 27663 I mobile-ffmpeg: 
07-02 21:49:02.122 26638 27663 I chatty  : uid=10568(com.example.edgesum) identical 1 line
07-02 21:49:02.122 26638 27663 I mobile-ffmpeg: 
07-02 21:49:02.122 26638 27663 I mobile-ffmpeg: : Audio: aac (mp4a / 0x6134706D), 16000 Hz, stereo, fltp, 47 kb/s
07-02 21:49:02.122 26638 27663 I mobile-ffmpeg: 
07-02 21:49:02.122 26638 27663 I chatty  : uid=10568(com.example.edgesum) identical 1 line
07-02 21:49:02.122 26638 27663 I mobile-ffmpeg: 
07-02 21:49:02.122 26638 27663 I mobile-ffmpeg:  (default)
07-02 21:49:02.122 26638 27663 I mobile-ffmpeg: 
07-02 21:49:02.122 26638 27663 I chatty  : uid=10568(com.example.edgesum) identical 1 line
07-02 21:49:02.122 26638 27663 I mobile-ffmpeg: 
07-02 21:49:02.122 26638 27663 I mobile-ffmpeg: 
07-02 21:49:02.122 26638 27663 I mobile-ffmpeg: 
07-02 21:49:02.122 26638 27663 I chatty  : uid=10568(com.example.edgesum) identical 1 line
07-02 21:49:02.122 26638 27663 I mobile-ffmpeg: 
07-02 21:49:02.122 26638 27663 I mobile-ffmpeg:     Metadata:
07-02 21:49:02.122 26638 27663 I mobile-ffmpeg: 
07-02 21:49:02.122 26638 27663 I chatty  : uid=10568(com.example.edgesum) identical 1 line
07-02 21:49:02.122 26638 27663 I mobile-ffmpeg: 
07-02 21:49:02.122 26638 27663 I mobile-ffmpeg:       handler_name    : 
07-02 21:49:02.122 26638 27663 I mobile-ffmpeg: 
07-02 21:49:02.122 26638 27663 I chatty  : uid=10568(com.example.edgesum) identical 1 line
07-02 21:49:02.122 26638 27663 I mobile-ffmpeg: 
07-02 21:49:02.123 26638 27663 I mobile-ffmpeg: PittaSoft Sound Media Handler
07-02 21:49:02.123 26638 27663 I mobile-ffmpeg: 
07-02 21:49:02.123 26638 27663 I chatty  : uid=10568(com.example.edgesum) identical 1 line
07-02 21:49:02.123 26638 27663 I mobile-ffmpeg: 
07-02 21:49:02.123 26638 27663 I mobile-ffmpeg: 
07-02 21:49:02.123 26638 27663 I mobile-ffmpeg: 
07-02 21:49:02.123 26638 27663 I chatty  : uid=10568(com.example.edgesum) identical 1 line
07-02 21:49:02.123 26638 27663 I mobile-ffmpeg: 
07-02 21:49:02.123 26638 27663 I mobile-ffmpeg: Stream mapping:
07-02 21:49:02.123 26638 27663 I mobile-ffmpeg: 
07-02 21:49:02.124 26638 27663 I chatty  : uid=10568(com.example.edgesum) identical 1 line
07-02 21:49:02.124 26638 27663 I mobile-ffmpeg: 
07-02 21:49:02.124 26638 27663 I mobile-ffmpeg:   Stream #0:0 -> #0:0
07-02 21:49:02.124 26638 27663 I mobile-ffmpeg: 
07-02 21:49:02.124 26638 27663 I chatty  : uid=10568(com.example.edgesum) identical 1 line
07-02 21:49:02.124 26638 27663 I mobile-ffmpeg: 
07-02 21:49:02.124 26638 27663 I mobile-ffmpeg:  (h264 (native) -> wrapped_avframe (native))
07-02 21:49:02.124 26638 27663 I mobile-ffmpeg: 
07-02 21:49:02.124 26638 27663 I chatty  : uid=10568(com.example.edgesum) identical 1 line
07-02 21:49:02.124 26638 27663 I mobile-ffmpeg: 
07-02 21:49:02.124 26638 27663 I mobile-ffmpeg: 
07-02 21:49:02.124 26638 27663 I mobile-ffmpeg: 
07-02 21:49:02.124 26638 27663 I chatty  : uid=10568(com.example.edgesum) identical 1 line
07-02 21:49:02.124 26638 27663 I mobile-ffmpeg: 
07-02 21:49:02.124 26638 27663 I mobile-ffmpeg:   Stream #0:1 -> #0:1
07-02 21:49:02.124 26638 27663 I mobile-ffmpeg: 
07-02 21:49:02.124 26638 27663 I chatty  : uid=10568(com.example.edgesum) identical 1 line
07-02 21:49:02.124 26638 27663 I mobile-ffmpeg: 
07-02 21:49:02.124 26638 27663 I mobile-ffmpeg:  (aac (native) -> pcm_s16le (native))
07-02 21:49:02.124 26638 27663 I mobile-ffmpeg: 
07-02 21:49:02.124 26638 27663 I chatty  : uid=10568(com.example.edgesum) identical 1 line
07-02 21:49:02.124 26638 27663 I mobile-ffmpeg: 
07-02 21:49:02.124 26638 27663 I mobile-ffmpeg: 
07-02 21:49:02.124 26638 27663 I mobile-ffmpeg: 
07-02 21:49:02.124 26638 27663 I chatty  : uid=10568(com.example.edgesum) identical 1 line
07-02 21:49:02.125 26638 27663 I mobile-ffmpeg: 
07-02 21:49:02.125 26638 27663 I mobile-ffmpeg: Press [q] to stop, [?] for help
07-02 21:49:02.125 26638 27663 I mobile-ffmpeg: 
07-02 21:49:02.125 26638 27663 I chatty  : uid=10568(com.example.edgesum) identical 1 line
07-02 21:49:02.125 26638 27663 I mobile-ffmpeg: 
07-02 21:49:02.125 26638 27663 I mobile-ffmpeg: frame=    0 fps=0.0 q=0.0 size=N/A time=-577014:32:22.77 bitrate=N/A speed=N/A    
07-02 21:49:02.138  9122  9187 D ScanRecord: Not a Multi Manu data
07-02 21:49:02.139  9122  9187 I chatty  : uid=1002(bluetooth) BT Service Call identical 10 lines
07-02 21:49:02.139  9122  9187 D ScanRecord: Not a Multi Manu data
07-02 21:49:02.139  9122  9187 D BtGatt.GattService: onScanResult to scannerId: 5- eventType=0x10, addressType=0, address=A6:5, primaryPhy=1, secondaryPhy=0, advertisingSid=0xff, txPower=127, rssi=-86, periodicAdvInt=0x0
07-02 21:49:02.140  8780  9113 D ScanRecord: Not a Multi Manu data
07-02 21:49:02.146  8780  9113 I [+10]oneconnect[1.7.50-21_01][CORE]: BleParserForVD.parseTvPacket - [Name][TV] Samsung 8 Series (55)[DeviceType]TV[Discover]_BLE[Services]None[Connected]false[TvStatus]-128[TvService]96[TvMirrorChannel]1[TvRegisteredDB][83, 91, 0, 0, 0, 0][TvYear]2016[TvOcfInfo]0[TvAcmStatus]0[ExTvStatus]0
07-02 21:49:02.173 26638 27663 I mobile-ffmpeg: 
07-02 21:49:02.173 26638 27663 I chatty  : uid=10568(com.example.edgesum) identical 1 line
07-02 21:49:02.173 26638 27663 I mobile-ffmpeg: 
07-02 21:49:02.173 26638 27663 I mobile-ffmpeg: Output #0, null, to 'pipe:':
07-02 21:49:02.173 26638 27663 I mobile-ffmpeg: 
07-02 21:49:02.173 26638 27663 I chatty  : uid=10568(com.example.edgesum) identical 1 line
07-02 21:49:02.173 26638 27663 I mobile-ffmpeg: 
07-02 21:49:02.173 26638 27663 I mobile-ffmpeg:   Metadata:
07-02 21:49:02.174 26638 27663 I mobile-ffmpeg: 
07-02 21:49:02.174 26638 27663 I chatty  : uid=10568(com.example.edgesum) identical 1 line
07-02 21:49:02.174 26638 27663 I mobile-ffmpeg: 
07-02 21:49:02.174 26638 27663 I mobile-ffmpeg:     major_brand     : 
07-02 21:49:02.174 26638 27663 I mobile-ffmpeg: 
07-02 21:49:02.174 26638 27663 I chatty  : uid=10568(com.example.edgesum) identical 1 line
07-02 21:49:02.174 26638 27663 I mobile-ffmpeg: 
07-02 21:49:02.174 26638 27663 I mobile-ffmpeg: isom
07-02 21:49:02.174 26638 27663 I mobile-ffmpeg: 
07-02 21:49:02.174 26638 27663 I chatty  : uid=10568(com.example.edgesum) identical 1 line
07-02 21:49:02.174 26638 27663 I mobile-ffmpeg: 
07-02 21:49:02.174 26638 27663 I mobile-ffmpeg: 
07-02 21:49:02.174 26638 27663 I mobile-ffmpeg: 
07-02 21:49:02.174 26638 27663 I chatty  : uid=10568(com.example.edgesum) identical 1 line
07-02 21:49:02.174 26638 27663 I mobile-ffmpeg: 
07-02 21:49:02.174 26638 27663 I mobile-ffmpeg:     minor_version   : 
07-02 21:49:02.174 26638 27663 I mobile-ffmpeg: 
07-02 21:49:02.174 26638 27663 I chatty  : uid=10568(com.example.edgesum) identical 1 line
07-02 21:49:02.174 26638 27663 I mobile-ffmpeg: 
07-02 21:49:02.174 26638 27663 I mobile-ffmpeg: 512
07-02 21:49:02.174 26638 27663 I mobile-ffmpeg: 
07-02 21:49:02.174 26638 27663 I chatty  : uid=10568(com.example.edgesum) identical 1 line
07-02 21:49:02.174 26638 27663 I mobile-ffmpeg: 
07-02 21:49:02.174 26638 27663 I mobile-ffmpeg: 
07-02 21:49:02.174 26638 27663 I mobile-ffmpeg: 
07-02 21:49:02.174 26638 27663 I chatty  : uid=10568(com.example.edgesum) identical 1 line
07-02 21:49:02.174 26638 27663 I mobile-ffmpeg: 
07-02 21:49:02.174 26638 27663 I mobile-ffmpeg:     compatible_brands: 
07-02 21:49:02.174 26638 27663 I mobile-ffmpeg: 
07-02 21:49:02.174 26638 27663 I chatty  : uid=10568(com.example.edgesum) identical 1 line
07-02 21:49:02.174 26638 27663 I mobile-ffmpeg: 
07-02 21:49:02.174 26638 27663 I mobile-ffmpeg: isomiso2avc1mp41
07-02 21:49:02.175 26638 27663 I mobile-ffmpeg: 
07-02 21:49:02.175 26638 27663 I chatty  : uid=10568(com.example.edgesum) identical 1 line
07-02 21:49:02.175 26638 27663 I mobile-ffmpeg: 
07-02 21:49:02.175 26638 27663 I mobile-ffmpeg: 
07-02 21:49:02.175 26638 27663 I mobile-ffmpeg: 
07-02 21:49:02.175 26638 27663 I chatty  : uid=10568(com.example.edgesum) identical 1 line
07-02 21:49:02.175 26638 27663 I mobile-ffmpeg: 
07-02 21:49:02.175 26638 27663 I mobile-ffmpeg:     encoder         : 
07-02 21:49:02.175 26638 27663 I mobile-ffmpeg: 
07-02 21:49:02.175 26638 27663 I chatty  : uid=10568(com.example.edgesum) identical 1 line
07-02 21:49:02.175 26638 27663 I mobile-ffmpeg: 
07-02 21:49:02.175 26638 27663 I mobile-ffmpeg: Lavf58.28.101
07-02 21:49:02.175 26638 27663 I mobile-ffmpeg: 
07-02 21:49:02.175 26638 27663 I chatty  : uid=10568(com.example.edgesum) identical 1 line
07-02 21:49:02.175 26638 27663 I mobile-ffmpeg: 
07-02 21:49:02.175 26638 27663 I mobile-ffmpeg: 
07-02 21:49:02.175 26638 27663 I mobile-ffmpeg: 
07-02 21:49:02.175 26638 27663 I chatty  : uid=10568(com.example.edgesum) identical 1 line
07-02 21:49:02.175 26638 27663 I mobile-ffmpeg: 
07-02 21:49:02.175 26638 27663 I mobile-ffmpeg:     Stream #0:0
07-02 21:49:02.175 26638 27663 I mobile-ffmpeg: 
07-02 21:49:02.175 26638 27663 I chatty  : uid=10568(com.example.edgesum) identical 1 line
07-02 21:49:02.175 26638 27663 I mobile-ffmpeg: 
07-02 21:49:02.175 26638 27663 I mobile-ffmpeg: (eng)
07-02 21:49:02.175 26638 27663 I mobile-ffmpeg: 
07-02 21:49:02.175 26638 27663 I chatty  : uid=10568(com.example.edgesum) identical 1 line
07-02 21:49:02.175 26638 27663 I mobile-ffmpeg: 
07-02 21:49:02.175 26638 27663 I mobile-ffmpeg: : Video: wrapped_avframe, yuvj420p, 1280x720, q=2-31, 200 kb/s
07-02 21:49:02.175 26638 27663 I mobile-ffmpeg: 
07-02 21:49:02.176 26638 27663 I chatty  : uid=10568(com.example.edgesum) identical 1 line
07-02 21:49:02.176 26638 27663 I mobile-ffmpeg: 
07-02 21:49:02.176 26638 27663 I mobile-ffmpeg: , 
07-02 21:49:02.176 26638 27663 I mobile-ffmpeg: 
07-02 21:49:02.176 26638 27663 I chatty  : uid=10568(com.example.edgesum) identical 1 line
07-02 21:49:02.176 26638 27663 I mobile-ffmpeg: 
07-02 21:49:02.176 26638 27663 I mobile-ffmpeg: 29.97 fps, 
07-02 21:49:02.176 26638 27663 I mobile-ffmpeg: 
07-02 21:49:02.176 26638 27663 I chatty  : uid=10568(com.example.edgesum) identical 1 line
07-02 21:49:02.176 26638 27663 I mobile-ffmpeg: 
07-02 21:49:02.176 26638 27663 I mobile-ffmpeg: 29.97 tbn, 
07-02 21:49:02.176 26638 27663 I mobile-ffmpeg: 
07-02 21:49:02.176 26638 27663 I chatty  : uid=10568(com.example.edgesum) identical 1 line
07-02 21:49:02.176 26638 27663 I mobile-ffmpeg: 
07-02 21:49:02.176 26638 27663 I mobile-ffmpeg: 29.97 tbc
07-02 21:49:02.176 26638 27663 I mobile-ffmpeg: 
07-02 21:49:02.176 26638 27663 I chatty  : uid=10568(com.example.edgesum) identical 1 line
07-02 21:49:02.176 26638 27663 I mobile-ffmpeg: 
07-02 21:49:02.176 26638 27663 I mobile-ffmpeg:  (default)
07-02 21:49:02.176 26638 27663 I mobile-ffmpeg: 
07-02 21:49:02.176 26638 27663 I chatty  : uid=10568(com.example.edgesum) identical 1 line
07-02 21:49:02.176 26638 27663 I mobile-ffmpeg: 
07-02 21:49:02.176 26638 27663 I mobile-ffmpeg: 
07-02 21:49:02.176 26638 27663 I mobile-ffmpeg: 
07-02 21:49:02.176 26638 27663 I chatty  : uid=10568(com.example.edgesum) identical 1 line
07-02 21:49:02.176 26638 27663 I mobile-ffmpeg: 
07-02 21:49:02.176 26638 27663 I mobile-ffmpeg:     Metadata:
07-02 21:49:02.176 26638 27663 I mobile-ffmpeg: 
07-02 21:49:02.177 26638 27663 I chatty  : uid=10568(com.example.edgesum) identical 1 line
07-02 21:49:02.177 26638 27663 I mobile-ffmpeg: 
07-02 21:49:02.177 26638 27663 I mobile-ffmpeg:       handler_name    : 
07-02 21:49:02.177 26638 27663 I mobile-ffmpeg: 
07-02 21:49:02.177 26638 27663 I chatty  : uid=10568(com.example.edgesum) identical 1 line
07-02 21:49:02.177 26638 27663 I mobile-ffmpeg: 
07-02 21:49:02.177 26638 27663 I mobile-ffmpeg: PittaSoft Video Media Handler
07-02 21:49:02.177 26638 27663 I mobile-ffmpeg: 
07-02 21:49:02.177 26638 27663 I chatty  : uid=10568(com.example.edgesum) identical 1 line
07-02 21:49:02.177 26638 27663 I mobile-ffmpeg: 
07-02 21:49:02.177 26638 27663 I mobile-ffmpeg: 
07-02 21:49:02.177 26638 27663 I mobile-ffmpeg: 
07-02 21:49:02.177 26638 27663 I chatty  : uid=10568(com.example.edgesum) identical 1 line
07-02 21:49:02.177 26638 27663 I mobile-ffmpeg: 
07-02 21:49:02.177 26638 27663 I mobile-ffmpeg:       encoder         : 
07-02 21:49:02.177 26638 27663 I mobile-ffmpeg: 
07-02 21:49:02.177 26638 27663 I chatty  : uid=10568(com.example.edgesum) identical 1 line
07-02 21:49:02.177 26638 27663 I mobile-ffmpeg: 
07-02 21:49:02.177 26638 27663 I mobile-ffmpeg: Lavc58.53.101 wrapped_avframe
07-02 21:49:02.177 26638 27663 I mobile-ffmpeg: 
07-02 21:49:02.177 26638 27663 I chatty  : uid=10568(com.example.edgesum) identical 1 line
07-02 21:49:02.177 26638 27663 I mobile-ffmpeg: 
07-02 21:49:02.177 26638 27663 I mobile-ffmpeg: 
07-02 21:49:02.177 26638 27663 I mobile-ffmpeg: 
07-02 21:49:02.177 26638 27663 I chatty  : uid=10568(com.example.edgesum) identical 1 line
07-02 21:49:02.177 26638 27663 I mobile-ffmpeg: 
07-02 21:49:02.177 26638 27663 I mobile-ffmpeg:     Stream #0:1
07-02 21:49:02.177 26638 27663 I mobile-ffmpeg: 
07-02 21:49:02.177 26638 27663 I chatty  : uid=10568(com.example.edgesum) identical 1 line
07-02 21:49:02.177 26638 27663 I mobile-ffmpeg: 
07-02 21:49:02.177 26638 27663 I mobile-ffmpeg: (eng)
07-02 21:49:02.177 26638 27663 I mobile-ffmpeg: 
07-02 21:49:02.177 26638 27663 I chatty  : uid=10568(com.example.edgesum) identical 1 line
07-02 21:49:02.178 26638 27663 I mobile-ffmpeg: 
07-02 21:49:02.178 26638 27663 I mobile-ffmpeg: : Audio: pcm_s16le, 16000 Hz, stereo, s16, 512 kb/s
07-02 21:49:02.178 26638 27663 I mobile-ffmpeg: 
07-02 21:49:02.178 26638 27663 I chatty  : uid=10568(com.example.edgesum) identical 1 line
07-02 21:49:02.178 26638 27663 I mobile-ffmpeg: 
07-02 21:49:02.178 26638 27663 I mobile-ffmpeg:  (default)
07-02 21:49:02.178 26638 27663 I mobile-ffmpeg: 
07-02 21:49:02.178 26638 27663 I chatty  : uid=10568(com.example.edgesum) identical 1 line
07-02 21:49:02.178 26638 27663 I mobile-ffmpeg: 
07-02 21:49:02.178 26638 27663 I mobile-ffmpeg: 
07-02 21:49:02.178 26638 27663 I mobile-ffmpeg: 
07-02 21:49:02.178 26638 27663 I chatty  : uid=10568(com.example.edgesum) identical 1 line
07-02 21:49:02.178 26638 27663 I mobile-ffmpeg: 
07-02 21:49:02.178 26638 27663 I mobile-ffmpeg:     Metadata:
07-02 21:49:02.178 26638 27663 I mobile-ffmpeg: 
07-02 21:49:02.178 26638 27663 I chatty  : uid=10568(com.example.edgesum) identical 1 line
07-02 21:49:02.178 26638 27663 I mobile-ffmpeg: 
07-02 21:49:02.178 26638 27663 I mobile-ffmpeg:       handler_name    : 
07-02 21:49:02.178 26638 27663 I mobile-ffmpeg: 
07-02 21:49:02.178 26638 27663 I chatty  : uid=10568(com.example.edgesum) identical 1 line
07-02 21:49:02.178 26638 27663 I mobile-ffmpeg: 
07-02 21:49:02.178 26638 27663 I mobile-ffmpeg: PittaSoft Sound Media Handler
07-02 21:49:02.178 26638 27663 I mobile-ffmpeg: 
07-02 21:49:02.178 26638 27663 I chatty  : uid=10568(com.example.edgesum) identical 1 line
07-02 21:49:02.178 26638 27663 I mobile-ffmpeg: 
07-02 21:49:02.178 26638 27663 I mobile-ffmpeg: 
07-02 21:49:02.178 26638 27663 I mobile-ffmpeg: 
07-02 21:49:02.178 26638 27663 I chatty  : uid=10568(com.example.edgesum) identical 1 line
07-02 21:49:02.178 26638 27663 I mobile-ffmpeg: 
07-02 21:49:02.178 26638 27663 I mobile-ffmpeg:       encoder         : 
07-02 21:49:02.178 26638 27663 I mobile-ffmpeg: 
07-02 21:49:02.178 26638 27663 I chatty  : uid=10568(com.example.edgesum) identical 1 line
07-02 21:49:02.178 26638 27663 I mobile-ffmpeg: 
07-02 21:49:02.178 26638 27663 I mobile-ffmpeg: Lavc58.53.101 pcm_s16le
07-02 21:49:02.179 26638 27663 I mobile-ffmpeg: 
07-02 21:49:02.179 26638 27663 I chatty  : uid=10568(com.example.edgesum) identical 1 line
07-02 21:49:02.179 26638 27663 I mobile-ffmpeg: 
07-02 21:49:02.179 26638 27663 I mobile-ffmpeg: 
07-02 21:49:02.238  5034 28368 I NearbyConnections: ClientProxy(90613522) reporting onPayloadTransferUpdate(HC0V, -6264730938422420981, SUCCESS) [CONTEXT service_id=54 ]
07-02 21:49:02.238 26638 26638 V NearbyFragment: Transfer to HC0V: 100%
07-02 21:49:02.244  4625 10897 D BluetoothAdapter: STATE_ON
07-02 21:49:02.247  4625 10897 I NearbyDiscovery: FastPairScanner2: isAlive? bleEnabled:true, btEnabled:true, bleScanAvailable:true [CONTEXT service_id=49 ]
07-02 21:49:02.249  4625 10897 I NearbyDiscovery: FastPair: isDestroyable: Scanner is alive. [CONTEXT service_id=49 ]
07-02 21:49:02.254  4625 10897 I NearbyDiscovery: DiscoveryService: Skip stopSelf(), fast pair controller is not destroyable. [CONTEXT service_id=49 ]
07-02 21:49:02.363 26638 27663 I mobile-ffmpeg: 
07-02 21:49:02.364 26638 27663 I mobile-ffmpeg: [freezedetect @ 0x700dc3e080] 
07-02 21:49:02.364 26638 27663 I mobile-ffmpeg: 
07-02 21:49:02.364 26638 27663 I mobile-ffmpeg: lavfi.freezedetect.freeze_start: 0
07-02 21:49:02.627 26638 27663 I mobile-ffmpeg: 
07-02 21:49:02.627 26638 27663 I chatty  : uid=10568(com.example.edgesum) identical 1 line
07-02 21:49:02.627 26638 27663 I mobile-ffmpeg: 
07-02 21:49:02.627 26638 27663 I mobile-ffmpeg: frame=   91 fps=0.0 q=-0.0 size=N/A time=00:00:03.34 bitrate=N/A speed=6.66x    
07-02 21:49:02.642  3298  5080 V APM_AudioPolicyManager: getAudioPolicyConfig: audioParam;outDevice
07-02 21:49:02.642  3298  5080 V APM_AudioPolicyManager: getNewOutputDevice() selected device 0
07-02 21:49:02.642  3298  5080 V APM_AudioPolicyManager: ### curdevice : 2
07-02 21:49:02.891  3574  4120 D bauth_FPBAuthService: pcf : 0x1012, 0 ,2 ,0 ,0 ,0 ,2, 
07-02 21:49:02.891  3574  4120 D bauth_FPBAuthService: thread id : 2, preenroll_flag : 0, nd cnt : 1, cso : 0, et : 0
07-02 21:49:02.891  3574  4120 D bauth_FPBAuthService: FPBAuthService, 9983
07-02 21:49:02.899  9122  9187 D ScanRecord: Not a Multi Manu data
07-02 21:49:02.899  9122  9187 I chatty  : uid=1002(bluetooth) BT Service Call identical 10 lines
07-02 21:49:02.899  9122  9187 D ScanRecord: Not a Multi Manu data
07-02 21:49:02.899  9122  9187 D BtGatt.GattService: onScanResult to scannerId: 5- eventType=0x10, addressType=0, address=A6:5, primaryPhy=1, secondaryPhy=0, advertisingSid=0xff, txPower=127, rssi=-97, periodicAdvInt=0x0
07-02 21:49:02.900  8780  9113 D ScanRecord: Not a Multi Manu data
07-02 21:49:02.904  8780  9113 I [+10]oneconnect[1.7.50-21_01][CORE]: BleParserForVD.parseTvPacket - [Name][TV] Samsung 8 Series (55)[DeviceType]TV[Discover]_BLE[Services]None[Connected]false[TvStatus]-128[TvService]96[TvMirrorChannel]1[TvRegisteredDB][83, 91, 0, 0, 0, 0][TvYear]2016[TvOcfInfo]0[TvAcmStatus]0[ExTvStatus]0
07-02 21:49:03.009 26638 27663 I mobile-ffmpeg: 
07-02 21:49:03.009 26638 27663 I mobile-ffmpeg: [freezedetect @ 0x700dc3e080] 
07-02 21:49:03.009 26638 27663 I mobile-ffmpeg: 
07-02 21:49:03.009 26638 27663 I mobile-ffmpeg: lavfi.freezedetect.freeze_duration: 5.938
07-02 21:49:03.009 26638 27663 I mobile-ffmpeg: 
07-02 21:49:03.009 26638 27663 I mobile-ffmpeg: [freezedetect @ 0x700dc3e080] 
07-02 21:49:03.009 26638 27663 I mobile-ffmpeg: 
07-02 21:49:03.009 26638 27663 I mobile-ffmpeg: lavfi.freezedetect.freeze_end: 5.938
07-02 21:49:03.135 26638 27663 I mobile-ffmpeg: 
07-02 21:49:03.136 26638 27663 I chatty  : uid=10568(com.example.edgesum) identical 1 line
07-02 21:49:03.136 26638 27663 I mobile-ffmpeg: 
07-02 21:49:03.136 26638 27663 I mobile-ffmpeg: frame=  204 fps=203 q=-0.0 size=N/A time=00:00:07.06 bitrate=N/A speed=7.02x    
07-02 21:49:03.515  3825  4067 I WifiVendorHal: getWifiLinkLayerStats(l.2973) before calling iface.getLinkLayerStats
07-02 21:49:03.516  3287  3287 I android.hardware.wifi@1.0-service: enter getLinkLayerStats
07-02 21:49:03.516  3287  3287 I android.hardware.wifi@1.0-service: enter getLinkLayerStatsInternal
07-02 21:49:03.524  3287  3287 I android.hardware.wifi@1.0-service: Successfully getLinkLayerStats.
07-02 21:49:03.524  3825  4067 I WifiVendorHal: getWifiLinkLayerStats(l.2973) after calling iface.getLinkLayerStats
07-02 21:49:03.632 26638 27663 I mobile-ffmpeg: 
07-02 21:49:03.632 26638 27663 I chatty  : uid=10568(com.example.edgesum) identical 1 line
07-02 21:49:03.632 26638 27663 I mobile-ffmpeg: 
07-02 21:49:03.632 26638 27663 I mobile-ffmpeg: frame=  310 fps=206 q=-0.0 size=N/A time=00:00:10.64 bitrate=N/A speed=7.06x    
07-02 21:49:03.693  3825  4133 D WifiConnectivityMonitor: Send parallel check, instead of QC
07-02 21:49:03.696  3549  3621 D DnsProxyListener: DNSDBG::dns addrinfo af 2
07-02 21:49:03.811  9122  9187 D ScanRecord: Not a Multi Manu data
07-02 21:49:03.812  9122  9187 I chatty  : uid=1002(bluetooth) BT Service Call identical 10 lines
07-02 21:49:03.812  9122  9187 D ScanRecord: Not a Multi Manu data
07-02 21:49:03.812  9122  9187 D BtGatt.GattService: onScanResult to scannerId: 5- eventType=0x10, addressType=0, address=A6:5, primaryPhy=1, secondaryPhy=0, advertisingSid=0xff, txPower=127, rssi=-94, periodicAdvInt=0x0
07-02 21:49:03.813  8780  9113 D ScanRecord: Not a Multi Manu data
07-02 21:49:03.818  8780  9113 I [+10]oneconnect[1.7.50-21_01][CORE]: BleParserForVD.parseTvPacket - [Name][TV] Samsung 8 Series (55)[DeviceType]TV[Discover]_BLE[Services]None[Connected]false[TvStatus]-128[TvService]96[TvMirrorChannel]1[TvRegisteredDB][83, 91, 0, 0, 0, 0][TvYear]2016[TvOcfInfo]0[TvAcmStatus]0[ExTvStatus]0
07-02 21:49:03.859 26638 27663 I mobile-ffmpeg: 
07-02 21:49:03.859 26638 27663 I chatty  : uid=10568(com.example.edgesum) identical 1 line
07-02 21:49:03.859 26638 27663 I mobile-ffmpeg: 
07-02 21:49:03.859 26638 27663 I mobile-ffmpeg: frame=  360 fps=207 q=-0.0 Lsize=N/A time=00:00:12.05 bitrate=N/A speed=6.95x    
07-02 21:49:03.859 26638 27663 I mobile-ffmpeg: 
07-02 21:49:03.859 26638 27663 I chatty  : uid=10568(com.example.edgesum) identical 1 line
07-02 21:49:03.859 26638 27663 I mobile-ffmpeg: 
07-02 21:49:03.859 26638 27663 I mobile-ffmpeg: video:188kB audio:752kB subtitle:0kB other streams:0kB global headers:0kB muxing overhead: 
07-02 21:49:03.859 26638 27663 I mobile-ffmpeg: 
07-02 21:49:03.859 26638 27663 I chatty  : uid=10568(com.example.edgesum) identical 1 line
07-02 21:49:03.859 26638 27663 I mobile-ffmpeg: 
07-02 21:49:03.859 26638 27663 I mobile-ffmpeg: unknown
07-02 21:49:03.859 26638 27663 I mobile-ffmpeg: 
07-02 21:49:03.859 26638 27663 I chatty  : uid=10568(com.example.edgesum) identical 1 line
07-02 21:49:03.859 26638 27663 I mobile-ffmpeg: 
07-02 21:49:03.859 26638 27663 I mobile-ffmpeg: 
07-02 21:49:03.891  3574  4120 D bauth_FPBAuthService: pcf : 0x1012, 0 ,2 ,0 ,0 ,0 ,2, 
07-02 21:49:03.892  3574  4120 D bauth_FPBAuthService: thread id : 2, preenroll_flag : 0, nd cnt : 1, cso : 0, et : 0
07-02 21:49:03.892  3574  4120 D bauth_FPBAuthService: FPBAuthService, 9983
07-02 21:49:03.940 26638 28403 W Summariser: 1 active sections found
07-02 21:49:03.940 26638 28403 I FfmpegTools: Running ffmpeg with:
07-02 21:49:03.940 26638 28403 I FfmpegTools:   -y -i /storage/emulated/0/Movies/segment/20200312_193628/20200312_193628!003.mp4 -filter_complex [0:v]trim=5.938000:12.030000,setpts=PTS-STARTPTS[v0];[0:a]atrim=5.938000:12.030000,asetpts=PTS-STARTPTS[a0];[v0][a0]concat=n=1:v=1:a=1[outv][outa] -map [outv] -map [outa] -crf 23 -preset medium /storage/emulated/0/Movies/segment-sum/20200312_193628/20200312_193628!003.mp4
07-02 21:49:03.967 26638 27663 I mobile-ffmpeg: 
07-02 21:49:03.967 26638 27663 I chatty  : uid=10568(com.example.edgesum) identical 1 line
07-02 21:49:03.967 26638 27663 I mobile-ffmpeg: 
07-02 21:49:03.967 26638 27663 I mobile-ffmpeg: Input #0, mov,mp4,m4a,3gp,3g2,mj2, from '/storage/emulated/0/Movies/segment/20200312_193628/20200312_193628!003.mp4':
07-02 21:49:03.967 26638 27663 I mobile-ffmpeg: 
07-02 21:49:03.968 26638 27663 I chatty  : uid=10568(com.example.edgesum) identical 1 line
07-02 21:49:03.968 26638 27663 I mobile-ffmpeg: 
07-02 21:49:03.968 26638 27663 I mobile-ffmpeg:   Metadata:
07-02 21:49:03.968 26638 27663 I mobile-ffmpeg: 
07-02 21:49:03.968 26638 27663 I chatty  : uid=10568(com.example.edgesum) identical 1 line
07-02 21:49:03.968 26638 27663 I mobile-ffmpeg: 
07-02 21:49:03.968 26638 27663 I mobile-ffmpeg:     major_brand     : 
07-02 21:49:03.969 26638 27663 I mobile-ffmpeg: 
07-02 21:49:03.969 26638 27663 I chatty  : uid=10568(com.example.edgesum) identical 1 line
07-02 21:49:03.969 26638 27663 I mobile-ffmpeg: 
07-02 21:49:03.969 26638 27663 I mobile-ffmpeg: isom
07-02 21:49:03.969 26638 27663 I mobile-ffmpeg: 
07-02 21:49:03.969 26638 27663 I chatty  : uid=10568(com.example.edgesum) identical 1 line
07-02 21:49:03.969 26638 27663 I mobile-ffmpeg: 
07-02 21:49:03.969 26638 27663 I mobile-ffmpeg: 
07-02 21:49:03.970 26638 27663 I mobile-ffmpeg: 
07-02 21:49:03.970 26638 27663 I chatty  : uid=10568(com.example.edgesum) identical 1 line
07-02 21:49:03.970 26638 27663 I mobile-ffmpeg: 
07-02 21:49:03.970 26638 27663 I mobile-ffmpeg:     minor_version   : 
07-02 21:49:03.970 26638 27663 I mobile-ffmpeg: 
07-02 21:49:03.970 26638 27663 I chatty  : uid=10568(com.example.edgesum) identical 1 line
07-02 21:49:03.970 26638 27663 I mobile-ffmpeg: 
07-02 21:49:03.970 26638 27663 I mobile-ffmpeg: 512
07-02 21:49:03.971 26638 27663 I mobile-ffmpeg: 
07-02 21:49:03.971 26638 27663 I chatty  : uid=10568(com.example.edgesum) identical 1 line
07-02 21:49:03.971 26638 27663 I mobile-ffmpeg: 
07-02 21:49:03.971 26638 27663 I mobile-ffmpeg: 
07-02 21:49:03.971 26638 27663 I mobile-ffmpeg: 
07-02 21:49:03.971 26638 27663 I chatty  : uid=10568(com.example.edgesum) identical 1 line
07-02 21:49:03.971 26638 27663 I mobile-ffmpeg: 
07-02 21:49:03.971 26638 27663 I mobile-ffmpeg:     compatible_brands: 
07-02 21:49:03.971 26638 27663 I mobile-ffmpeg: 
07-02 21:49:03.971 26638 27663 I chatty  : uid=10568(com.example.edgesum) identical 1 line
07-02 21:49:03.972 26638 27663 I mobile-ffmpeg: 
07-02 21:49:03.972 26638 27663 I mobile-ffmpeg: isomiso2avc1mp41
07-02 21:49:03.972 26638 27663 I mobile-ffmpeg: 
07-02 21:49:03.972 26638 27663 I chatty  : uid=10568(com.example.edgesum) identical 1 line
07-02 21:49:03.972 26638 27663 I mobile-ffmpeg: 
07-02 21:49:03.972 26638 27663 I mobile-ffmpeg: 
07-02 21:49:03.972 26638 27663 I mobile-ffmpeg: 
07-02 21:49:03.973 26638 27663 I chatty  : uid=10568(com.example.edgesum) identical 1 line
07-02 21:49:03.973 26638 27663 I mobile-ffmpeg: 
07-02 21:49:03.973 26638 27663 I mobile-ffmpeg:     encoder         : 
07-02 21:49:03.973 26638 27663 I mobile-ffmpeg: 
07-02 21:49:03.973 26638 27663 I chatty  : uid=10568(com.example.edgesum) identical 1 line
07-02 21:49:03.974 26638 27663 I mobile-ffmpeg: 
07-02 21:49:03.974 26638 27663 I mobile-ffmpeg: Lavf58.28.101
07-02 21:49:03.974 26638 27663 I mobile-ffmpeg: 
07-02 21:49:03.974 26638 27663 I chatty  : uid=10568(com.example.edgesum) identical 1 line
07-02 21:49:03.974 26638 27663 I mobile-ffmpeg: 
07-02 21:49:03.974 26638 27663 I mobile-ffmpeg: 
07-02 21:49:03.974 26638 27663 I mobile-ffmpeg: 
07-02 21:49:03.974 26638 27663 I chatty  : uid=10568(com.example.edgesum) identical 1 line
07-02 21:49:03.974 26638 27663 I mobile-ffmpeg: 
07-02 21:49:03.975 26638 27663 I mobile-ffmpeg:   Duration: 
07-02 21:49:03.975 26638 27663 I mobile-ffmpeg: 
07-02 21:49:03.975 26638 27663 I chatty  : uid=10568(com.example.edgesum) identical 1 line
07-02 21:49:03.975 26638 27663 I mobile-ffmpeg: 
07-02 21:49:03.975 26638 27663 I mobile-ffmpeg: 00:00:12.03
07-02 21:49:03.975 26638 27663 I mobile-ffmpeg: 
07-02 21:49:03.975 26638 27663 I chatty  : uid=10568(com.example.edgesum) identical 1 line
07-02 21:49:03.976 26638 27663 I mobile-ffmpeg: 
07-02 21:49:03.976 26638 27663 I mobile-ffmpeg: , start: 
07-02 21:49:03.976 26638 27663 I mobile-ffmpeg: 
07-02 21:49:03.976 26638 27663 I chatty  : uid=10568(com.example.edgesum) identical 1 line
07-02 21:49:03.976 26638 27663 I mobile-ffmpeg: 
07-02 21:49:03.976 26638 27663 I mobile-ffmpeg: 0.000000
07-02 21:49:03.976 26638 27663 I mobile-ffmpeg: 
07-02 21:49:03.976 26638 27663 I chatty  : uid=10568(com.example.edgesum) identical 1 line
07-02 21:49:03.977 26638 27663 I mobile-ffmpeg: 
07-02 21:49:03.977 26638 27663 I mobile-ffmpeg: , bitrate: 
07-02 21:49:03.977 26638 27663 I mobile-ffmpeg: 
07-02 21:49:03.977 26638 27663 I chatty  : uid=10568(com.example.edgesum) identical 1 line
07-02 21:49:03.977 26638 27663 I mobile-ffmpeg: 
07-02 21:49:03.977 26638 27663 I mobile-ffmpeg: 8477 kb/s
07-02 21:49:03.977 26638 27663 I mobile-ffmpeg: 
07-02 21:49:03.977 26638 27663 I chatty  : uid=10568(com.example.edgesum) identical 1 line
07-02 21:49:03.977 26638 27663 I mobile-ffmpeg: 
07-02 21:49:03.977 26638 27663 I mobile-ffmpeg: 
07-02 21:49:03.977 26638 27663 I mobile-ffmpeg: 
07-02 21:49:03.978 26638 27663 I chatty  : uid=10568(com.example.edgesum) identical 1 line
07-02 21:49:03.978 26638 27663 I mobile-ffmpeg: 
07-02 21:49:03.978 26638 27663 I mobile-ffmpeg:     Stream #0:0
07-02 21:49:03.978 26638 27663 I mobile-ffmpeg: 
07-02 21:49:03.978 26638 27663 I chatty  : uid=10568(com.example.edgesum) identical 1 line
07-02 21:49:03.978 26638 27663 I mobile-ffmpeg: 
07-02 21:49:03.978 26638 27663 I mobile-ffmpeg: (eng)
07-02 21:49:03.978 26638 27663 I mobile-ffmpeg: 
07-02 21:49:03.978 26638 27663 I chatty  : uid=10568(com.example.edgesum) identical 1 line
07-02 21:49:03.978 26638 27663 I mobile-ffmpeg: 
07-02 21:49:03.978 26638 27663 I mobile-ffmpeg: : Video: h264 (avc1 / 0x31637661), yuvj420p(pc, bt709), 1280x720, 8440 kb/s
07-02 21:49:03.978 26638 27663 I mobile-ffmpeg: 
07-02 21:49:03.978 26638 27663 I chatty  : uid=10568(com.example.edgesum) identical 1 line
07-02 21:49:03.978 26638 27663 I mobile-ffmpeg: 
07-02 21:49:03.978 26638 27663 I mobile-ffmpeg: , 
07-02 21:49:03.978 26638 27663 I mobile-ffmpeg: 
07-02 21:49:03.978 26638 27663 I chatty  : uid=10568(com.example.edgesum) identical 1 line
07-02 21:49:03.979 26638 27663 I mobile-ffmpeg: 
07-02 21:49:03.979 26638 27663 I mobile-ffmpeg: 29.98 fps, 
07-02 21:49:03.979 26638 27663 I mobile-ffmpeg: 
07-02 21:49:03.979 26638 27663 I chatty  : uid=10568(com.example.edgesum) identical 1 line
07-02 21:49:03.979 26638 27663 I mobile-ffmpeg: 
07-02 21:49:03.979 26638 27663 I mobile-ffmpeg: 29.97 tbr, 
07-02 21:49:03.979 26638 27663 I mobile-ffmpeg: 
07-02 21:49:03.979 26638 27663 I chatty  : uid=10568(com.example.edgesum) identical 1 line
07-02 21:49:03.979 26638 27663 I mobile-ffmpeg: 
07-02 21:49:03.979 26638 27663 I mobile-ffmpeg: 16k tbn, 
07-02 21:49:03.979 26638 27663 I mobile-ffmpeg: 
07-02 21:49:03.979 26638 27663 I chatty  : uid=10568(com.example.edgesum) identical 1 line
07-02 21:49:03.979 26638 27663 I mobile-ffmpeg: 
07-02 21:49:03.979 26638 27663 I mobile-ffmpeg: 32k tbc
07-02 21:49:03.979 26638 27663 I mobile-ffmpeg: 
07-02 21:49:03.979 26638 27663 I chatty  : uid=10568(com.example.edgesum) identical 1 line
07-02 21:49:03.980 26638 27663 I mobile-ffmpeg: 
07-02 21:49:03.980 26638 27663 I mobile-ffmpeg:  (default)
07-02 21:49:03.980 26638 27663 I mobile-ffmpeg: 
07-02 21:49:03.980 26638 27663 I chatty  : uid=10568(com.example.edgesum) identical 1 line
07-02 21:49:03.980 26638 27663 I mobile-ffmpeg: 
07-02 21:49:03.980 26638 27663 I mobile-ffmpeg: 
07-02 21:49:03.980 26638 27663 I mobile-ffmpeg: 
07-02 21:49:03.980 26638 27663 I chatty  : uid=10568(com.example.edgesum) identical 1 line
07-02 21:49:03.980 26638 27663 I mobile-ffmpeg: 
07-02 21:49:03.980 26638 27663 I mobile-ffmpeg:     Metadata:
07-02 21:49:03.980 26638 27663 I mobile-ffmpeg: 
07-02 21:49:03.980 26638 27663 I chatty  : uid=10568(com.example.edgesum) identical 1 line
07-02 21:49:03.980 26638 27663 I mobile-ffmpeg: 
07-02 21:49:03.981 26638 27663 I mobile-ffmpeg:       handler_name    : 
07-02 21:49:03.981 26638 27663 I mobile-ffmpeg: 
07-02 21:49:03.981 26638 27663 I chatty  : uid=10568(com.example.edgesum) identical 1 line
07-02 21:49:03.981 26638 27663 I mobile-ffmpeg: 
07-02 21:49:03.981 26638 27663 I mobile-ffmpeg: PittaSoft Video Media Handler
07-02 21:49:03.981 26638 27663 I mobile-ffmpeg: 
07-02 21:49:03.981 26638 27663 I chatty  : uid=10568(com.example.edgesum) identical 1 line
07-02 21:49:03.981 26638 27663 I mobile-ffmpeg: 
07-02 21:49:03.981 26638 27663 I mobile-ffmpeg: 
07-02 21:49:03.981 26638 27663 I mobile-ffmpeg: 
07-02 21:49:03.981 26638 27663 I chatty  : uid=10568(com.example.edgesum) identical 1 line
07-02 21:49:03.981 26638 27663 I mobile-ffmpeg: 
07-02 21:49:03.981 26638 27663 I mobile-ffmpeg:     Stream #0:1
07-02 21:49:03.981 26638 27663 I mobile-ffmpeg: 
07-02 21:49:03.981 26638 27663 I chatty  : uid=10568(com.example.edgesum) identical 1 line
07-02 21:49:03.982 26638 27663 I mobile-ffmpeg: 
07-02 21:49:03.982 26638 27663 I mobile-ffmpeg: (eng)
07-02 21:49:03.982 26638 27663 I mobile-ffmpeg: 
07-02 21:49:03.982 26638 27663 I chatty  : uid=10568(com.example.edgesum) identical 1 line
07-02 21:49:03.982 26638 27663 I mobile-ffmpeg: 
07-02 21:49:03.982 26638 27663 I mobile-ffmpeg: : Audio: aac (mp4a / 0x6134706D), 16000 Hz, stereo, fltp, 47 kb/s
07-02 21:49:03.982 26638 27663 I mobile-ffmpeg: 
07-02 21:49:03.982 26638 27663 I chatty  : uid=10568(com.example.edgesum) identical 1 line
07-02 21:49:03.982 26638 27663 I mobile-ffmpeg: 
07-02 21:49:03.982 26638 27663 I mobile-ffmpeg:  (default)
07-02 21:49:03.982 26638 27663 I mobile-ffmpeg: 
07-02 21:49:03.982 26638 27663 I chatty  : uid=10568(com.example.edgesum) identical 1 line
07-02 21:49:03.982 26638 27663 I mobile-ffmpeg: 
07-02 21:49:03.982 26638 27663 I mobile-ffmpeg: 
07-02 21:49:03.983 26638 27663 I mobile-ffmpeg: 
07-02 21:49:03.983 26638 27663 I chatty  : uid=10568(com.example.edgesum) identical 1 line
07-02 21:49:03.983 26638 27663 I mobile-ffmpeg: 
07-02 21:49:03.983 26638 27663 I mobile-ffmpeg:     Metadata:
07-02 21:49:03.983 26638 27663 I mobile-ffmpeg: 
07-02 21:49:03.983 26638 27663 I chatty  : uid=10568(com.example.edgesum) identical 1 line
07-02 21:49:03.983 26638 27663 I mobile-ffmpeg: 
07-02 21:49:03.983 26638 27663 I mobile-ffmpeg:       handler_name    : 
07-02 21:49:03.983 26638 27663 I mobile-ffmpeg: 
07-02 21:49:03.983 26638 27663 I chatty  : uid=10568(com.example.edgesum) identical 1 line
07-02 21:49:03.983 26638 27663 I mobile-ffmpeg: 
07-02 21:49:03.983 26638 27663 I mobile-ffmpeg: PittaSoft Sound Media Handler
07-02 21:49:03.983 26638 27663 I mobile-ffmpeg: 
07-02 21:49:03.983 26638 27663 I chatty  : uid=10568(com.example.edgesum) identical 1 line
07-02 21:49:03.983 26638 27663 I mobile-ffmpeg: 
07-02 21:49:03.983 26638 27663 I mobile-ffmpeg: 
07-02 21:49:03.983 26638 27663 I mobile-ffmpeg: 
07-02 21:49:03.983 26638 27663 I chatty  : uid=10568(com.example.edgesum) identical 1 line
07-02 21:49:03.984 26638 27663 I mobile-ffmpeg: 
07-02 21:49:03.984 26638 27663 I mobile-ffmpeg: Stream mapping:
07-02 21:49:03.984 26638 27663 I mobile-ffmpeg: 
07-02 21:49:03.984 26638 27663 I chatty  : uid=10568(com.example.edgesum) identical 1 line
07-02 21:49:03.984 26638 27663 I mobile-ffmpeg: 
07-02 21:49:03.984 26638 27663 I mobile-ffmpeg:   Stream #0:0 (h264) -> trim
07-02 21:49:03.984 26638 27663 I mobile-ffmpeg: 
07-02 21:49:03.984 26638 27663 I chatty  : uid=10568(com.example.edgesum) identical 1 line
07-02 21:49:03.984 26638 27663 I mobile-ffmpeg: 
07-02 21:49:03.984 26638 27663 I mobile-ffmpeg: 
07-02 21:49:03.984 26638 27663 I mobile-ffmpeg: 
07-02 21:49:03.984 26638 27663 I chatty  : uid=10568(com.example.edgesum) identical 1 line
07-02 21:49:03.984 26638 27663 I mobile-ffmpeg: 
07-02 21:49:03.984 26638 27663 I mobile-ffmpeg:   Stream #0:1 (aac) -> atrim
07-02 21:49:03.984 26638 27663 I mobile-ffmpeg: 
07-02 21:49:03.985 26638 27663 I chatty  : uid=10568(com.example.edgesum) identical 1 line
07-02 21:49:03.985 26638 27663 I mobile-ffmpeg: 
07-02 21:49:03.985 26638 27663 I mobile-ffmpeg: 
07-02 21:49:03.985 26638 27663 I mobile-ffmpeg: 
07-02 21:49:03.985 26638 27663 I chatty  : uid=10568(com.example.edgesum) identical 1 line
07-02 21:49:03.985 26638 27663 I mobile-ffmpeg: 
07-02 21:49:03.985 26638 27663 I mobile-ffmpeg:   concat:out:v0
07-02 21:49:03.985 26638 27663 I mobile-ffmpeg: 
07-02 21:49:03.985 26638 27663 I chatty  : uid=10568(com.example.edgesum) identical 1 line
07-02 21:49:03.985 26638 27663 I mobile-ffmpeg: 
07-02 21:49:03.985 26638 27663 I mobile-ffmpeg:  -> Stream #0:0 (libx264)
07-02 21:49:03.985 26638 27663 I mobile-ffmpeg: 
07-02 21:49:03.986 26638 27663 I chatty  : uid=10568(com.example.edgesum) identical 1 line
07-02 21:49:03.986 26638 27663 I mobile-ffmpeg: 
07-02 21:49:03.986 26638 27663 I mobile-ffmpeg:   concat:out:a0
07-02 21:49:03.986 26638 27663 I mobile-ffmpeg: 
07-02 21:49:03.986 26638 27663 I chatty  : uid=10568(com.example.edgesum) identical 1 line
07-02 21:49:03.986 26638 27663 I mobile-ffmpeg: 
07-02 21:49:03.986 26638 27663 I mobile-ffmpeg:  -> Stream #0:1 (aac)
07-02 21:49:03.986 26638 27663 I mobile-ffmpeg: 
07-02 21:49:03.986 26638 27663 I chatty  : uid=10568(com.example.edgesum) identical 1 line
07-02 21:49:03.986 26638 27663 I mobile-ffmpeg: 
07-02 21:49:03.986 26638 27663 I mobile-ffmpeg: Press [q] to stop, [?] for help
07-02 21:49:04.038 26638 27663 I mobile-ffmpeg: 
07-02 21:49:04.038 26638 27663 I mobile-ffmpeg: [libx264 @ 0x7024717300] 
07-02 21:49:04.038 26638 27663 I mobile-ffmpeg: 
07-02 21:49:04.038 26638 27663 I mobile-ffmpeg: using cpu capabilities: ARMv8 NEON
07-02 21:49:04.040 26638 27663 I mobile-ffmpeg: 
07-02 21:49:04.041 26638 27663 I mobile-ffmpeg: [libx264 @ 0x7024717300] 
07-02 21:49:04.041 26638 27663 I mobile-ffmpeg: 
07-02 21:49:04.041 26638 27663 I mobile-ffmpeg: profile High, level 3.1, 4:2:0, 8-bit
07-02 21:49:04.041 26638 27663 I mobile-ffmpeg: 
07-02 21:49:04.041 26638 27663 I mobile-ffmpeg: [libx264 @ 0x7024717300] 
07-02 21:49:04.041 26638 27663 I mobile-ffmpeg: 
07-02 21:49:04.041 26638 27663 I mobile-ffmpeg: 264 - core 157 - H.264/MPEG-4 AVC codec - Copyleft 2003-2018 - http://www.videolan.org/x264.html - options: cabac=1 ref=3 deblock=1:0:0 analyse=0x3:0x113 me=hex subme=7 psy=1 psy_rd=1.00:0.00 mixed_ref=1 me_range=16 chroma_me=1 trellis=1 8x8dct=1 cqm=0 deadzone=21,11 fast_pskip=1 chroma_qp_offset=-2 threads=12 lookahead_threads=2 sliced_threads=0 nr=0 decimate=1 interlaced=0 bluray_compat=0 constrained_intra=0 bframes=3 b_pyramid=2 b_adapt=1 b_bias=0 direct=1 weightb=1 open_gop=0 weightp=2 keyint=250 keyint_min=25 scenecut=40 intra_refresh=0 rc_lookahead=40 rc=crf mbtree=1 crf=23.0 qcomp=0.60 qpmin=0 qpmax=69 qpstep=4 ip_ratio=1.40 aq=1:1.00
07-02 21:49:04.042 26638 27663 I mobile-ffmpeg: 
07-02 21:49:04.042 26638 27663 I chatty  : uid=10568(com.example.edgesum) identical 1 line
07-02 21:49:04.042 26638 27663 I mobile-ffmpeg: 
07-02 21:49:04.043 26638 27663 I mobile-ffmpeg: Output #0, mp4, to '/storage/emulated/0/Movies/segment-sum/20200312_193628/20200312_193628!003.mp4':
07-02 21:49:04.043 26638 27663 I mobile-ffmpeg: 
07-02 21:49:04.043 26638 27663 I chatty  : uid=10568(com.example.edgesum) identical 1 line
07-02 21:49:04.043 26638 27663 I mobile-ffmpeg: 
07-02 21:49:04.043 26638 27663 I mobile-ffmpeg:   Metadata:
07-02 21:49:04.043 26638 27663 I mobile-ffmpeg: 
07-02 21:49:04.043 26638 27663 I chatty  : uid=10568(com.example.edgesum) identical 1 line
07-02 21:49:04.043 26638 27663 I mobile-ffmpeg: 
07-02 21:49:04.043 26638 27663 I mobile-ffmpeg:     major_brand     : 
07-02 21:49:04.043 26638 27663 I mobile-ffmpeg: 
07-02 21:49:04.043 26638 27663 I chatty  : uid=10568(com.example.edgesum) identical 1 line
07-02 21:49:04.043 26638 27663 I mobile-ffmpeg: 
07-02 21:49:04.043 26638 27663 I mobile-ffmpeg: isom
