07-01 19:05:05.621 12246 12285 I bt_vendor: hci_send_vs_cmd: Received HCI-Vendor Specific Event from SOC
07-01 19:05:05.621 12246 12285 I bt_vendor: read_hci_event: Wait for Command Compete Event from SOC
07-01 19:05:05.621 12246 12285 I bt_vendor: read_vs_hci_event: Wait for HCI-Vendor Specfic Event from SOC
07-01 19:05:05.622 12246 12285 I bt_vendor: get_vs_hci_event: length 0x3 resp 0x0 type 0x4
07-01 19:05:05.622 12246 12285 I bt_vendor: hci_send_vs_cmd: Received HCI-Vendor Specific Event from SOC
07-01 19:05:05.622 12246 12285 I bt_vendor: read_hci_event: Wait for Command Compete Event from SOC
07-01 19:05:05.622 12246 12285 I bt_vendor: read_vs_hci_event: Wait for HCI-Vendor Specfic Event from SOC
07-01 19:05:05.624 12246 12285 I bt_vendor: get_vs_hci_event: length 0x3 resp 0x0 type 0x4
07-01 19:05:05.624 12246 12285 I bt_vendor: hci_send_vs_cmd: Received HCI-Vendor Specific Event from SOC
07-01 19:05:05.624 12246 12285 I bt_vendor: read_hci_event: Wait for Command Compete Event from SOC
07-01 19:05:05.624 12246 12285 I bt_vendor: read_vs_hci_event: Wait for HCI-Vendor Specfic Event from SOC
07-01 19:05:05.625 12246 12285 I bt_vendor: get_vs_hci_event: length 0x3 resp 0x0 type 0x4
07-01 19:05:05.625 12246 12285 I bt_vendor: hci_send_vs_cmd: Received HCI-Vendor Specific Event from SOC
07-01 19:05:05.625 12246 12285 I bt_vendor: read_hci_event: Wait for Command Compete Event from SOC
07-01 19:05:05.625 12246 12285 I bt_vendor: read_vs_hci_event: Wait for HCI-Vendor Specfic Event from SOC
07-01 19:05:05.626 12246 12285 I bt_vendor: get_vs_hci_event: length 0x3 resp 0x0 type 0x4
07-01 19:05:05.626 12246 12285 I bt_vendor: hci_send_vs_cmd: Received HCI-Vendor Specific Event from SOC
07-01 19:05:05.626 12246 12285 I bt_vendor: read_hci_event: Wait for Command Compete Event from SOC
07-01 19:05:05.627 12246 12285 I bt_vendor: read_vs_hci_event: Wait for HCI-Vendor Specfic Event from SOC
07-01 19:05:05.628 12246 12285 I bt_vendor: get_vs_hci_event: length 0x3 resp 0x0 type 0x4
07-01 19:05:05.628 12246 12285 I bt_vendor: hci_send_vs_cmd: Received HCI-Vendor Specific Event from SOC
07-01 19:05:05.628 12246 12285 I bt_vendor: read_hci_event: Wait for Command Compete Event from SOC
07-01 19:05:05.628 12246 12285 I bt_vendor: read_vs_hci_event: Wait for HCI-Vendor Specfic Event from SOC
07-01 19:05:05.629 12246 12285 I bt_vendor: get_vs_hci_event: length 0x3 resp 0x0 type 0x4
07-01 19:05:05.629 12246 12285 I bt_vendor: hci_send_vs_cmd: Received HCI-Vendor Specific Event from SOC
07-01 19:05:05.629 12246 12285 I bt_vendor: read_hci_event: Wait for Command Compete Event from SOC
07-01 19:05:05.629 12246 12285 I bt_vendor: rome_soc_init: Download TLV file successfully
07-01 19:05:05.629 12246 12285 D bt_vendor: frame_hci_cmd_pkt: Sending EDL_GET_BUILD_INFO
07-01 19:05:05.629 12246 12285 I bt_vendor: read_vs_hci_event: Wait for HCI-Vendor Specfic Event from SOC
07-01 19:05:05.630 12246 12285 I bt_vendor: get_vs_hci_event: length 0x25 resp 0x0 type 0x5
07-01 19:05:05.630 12246 12285 I bt_vendor: BT SoC FW SU Build info: BTFM.RM.4.3.c1-00007-QCABTFMSWPZ-1, 34
07-01 19:05:05.630 12246 12285 I bt_vendor: hci_send_vs_cmd: Received HCI-Vendor Specific Event from SOC
07-01 19:05:05.630 12246 12285 I bt_vendor: read_hci_event: Wait for Command Compete Event from SOC
07-01 19:05:05.630 12246 12285 I bt_vendor: rome_hci_reset: HCI RESET
07-01 19:05:05.630 12246 12285 I bt_vendor: read_hci_event: Wait for Command Compete Event from SOC
07-01 19:05:05.716 12246 12285 I bt_vendor: HCI Reset is done
07-01 19:05:05.919 12246 12285 E bt_vendor: connect_to_local_socket: ACCEPT
07-01 19:05:05.919 12246 12285 E bt_vendor: connect_to_local_socket: Connection succeeded
07-01 19:05:05.919 12246 12285 I bt_vendor: enable_controller_log: 0
07-01 19:05:05.919 12246 12285 I bt_vendor: read_vs_hci_event: Wait for HCI-Vendor Specfic Event from SOC
07-01 19:05:05.922 12246 12285 I bt_vendor: get_vs_hci_event: length 0x1 resp 0x0 type 0xf4
07-01 19:05:05.922 12246 12285 I bt_vendor: hci_send_vs_cmd: Received HCI-Vendor Specific Event from SOC
07-01 19:05:05.922 12246 12285 I bt_vendor: read_hci_event: Wait for Command Compete Event from SOC
07-01 19:05:05.922 12246 12285 I bt_vendor: Bluetooth Firmware and transport layer are initialized
07-01 19:05:05.922 12246 12285 D android.hardware.bluetooth@1.0-impl: OnFirmwareConfigured result: 0
07-01 19:05:05.922 12246 12285 I android.hardware.bluetooth@1.0-impl: Firmware configured in 0.000s
07-01 19:05:05.922 12246 12285 I android.hardware.bluetooth@1.0-impl: OnFirmwareConfigured: lpm_timeout_ms 1000
07-01 19:05:05.922 12246 12285 D android.hardware.bluetooth@1.0-impl: low_power_mode_cb result: 0
07-01 19:05:05.922 12246 12285 D android.hardware.bluetooth@1.0-impl: OnFirmwareConfigured Calling StartLowPowerWatchdog()
07-01 19:05:05.922 12246 12285 I bt_hci  : event_finish_startup
07-01 19:05:05.922 12246 12270 I bt_core_module: module_start_up Started module "hci_module"
07-01 19:05:05.928 12246 12297 I bt_osi_thread: run_thread: thread id 12297, thread name bt_workqueue started
07-01 19:05:05.928 12246 12297 I         : [0701/190505:INFO:btu_task.cc(107)] Bluetooth chip preload is complete
07-01 19:05:05.941 12246 12297 I         : [0701/190505:INFO:gatt_api.cc(1004)] GATT_Register
07-01 19:05:05.941 12246 12297 I         : [0701/190505:INFO:gatt_api.cc(1027)] allocated gatt_if=1
07-01 19:05:05.941 12246 12297 I         : [0701/190505:INFO:gatt_api.cc(207)] GATTS_AddService
07-01 19:05:05.941 12246 12297 I         : [0701/190505:INFO:gatt_api.cc(317)] GATTS_AddService: service parsed correctly, now starting
07-01 19:05:05.941 12246 12297 E         : [0701/190505:ERROR:gatt_attr.cc(301)] gatt_profile_db_init:  gatt_if=1
07-01 19:05:05.941 12246 12297 I         : [0701/190505:INFO:gatt_api.cc(1004)] GATT_Register
07-01 19:05:05.942 12246 12297 I         : [0701/190505:INFO:gatt_api.cc(1027)] allocated gatt_if=2
07-01 19:05:05.942 12246 12297 I         : [0701/190505:INFO:gatt_api.cc(207)] GATTS_AddService
07-01 19:05:05.942 12246 12297 I         : [0701/190505:INFO:gatt_api.cc(317)] GATTS_AddService: service parsed correctly, now starting
07-01 19:05:05.945 12246 12298 I bt_osi_thread: run_thread: thread id 12298, thread name btu message loop started
07-01 19:05:05.946 12246 12299 I bt_osi_thread: run_thread: thread id 12299, thread name module_wrapper started
07-01 19:05:05.946 12246 12299 I bt_core_module: module_start_up Starting module "controller_module"
07-01 19:05:06.071 12246 12299 I bt_core_module: module_start_up Started module "controller_module"
07-01 19:05:06.072 12246 12299 W bt_osi_thread: run_thread: thread id 12299, thread name module_wrapper exited
07-01 19:05:06.072 12246 12297 W bt_btm  : btm_decode_ext_features_page: feature page 1 ignored
07-01 19:05:06.072 12246 12297 W bt_btm  : btm_decode_ext_features_page: feature page 2 ignored
07-01 19:05:06.072 12246 12298 I bt_btm_sec: BTM_SecRegister p_cb_info->p_le_callback == 0x0x70fe3491f0
07-01 19:05:06.072 12246 12298 I bt_btm_sec: BTM_SecRegister btm_cb.api.p_le_callback = 0x0x70fe3491f0
07-01 19:05:06.074 12246 12298 I bt_stack: [INFO:gatt_api.cc(1004)] GATT_Register
07-01 19:05:06.074 12246 12298 I bt_stack: [INFO:gatt_api.cc(1027)] allocated gatt_if=3
07-01 19:05:06.079 12246 12298 I bt_stack: [INFO:ble_advertiser_hci_interface.cc(743)] VSC advertising will be in use
07-01 19:05:06.079 12246 12298 I bt_stack: [INFO:ble_advertiser_hci_interface.cc(276)] QuirkAdvertiserZeroHandle in use
07-01 19:05:06.080 12246 12275 D BluetoothAdapterProperties: BT_PROPERTY_LOCAL_LE_FEATURES: update from BT controller mNumOfAdvertisementInstancesSupported = 16 mRpaOffloadSupported = true mNumOfOffloadedIrkSupported = 32 mNumOfOffloadedScanFilterSupported = 16 mOffloadedScanResultStorageBytes= 10240 mIsActivityAndEnergyReporting = true mVersSupported = 95 mTotNumOfTrackableAdv = 32 mIsExtendedScanSupported = true mIsDebugLogSupported = true mIsLe2MPhySupported = false mIsLeCodedPhySupported = false mIsLeExtendedAdvertisingSupported = false mIsLePeriodicAdvertisingSupported = false mLeMaximumAdvertisingDataLength = 31
07-01 19:05:06.083 12246 12275 E bt_btif_storage: btif_storage_get_adapter_property: Controller ready!
07-01 19:05:06.083 12246 12275 I bt_btif_storage: btif_storage_get_adapter_property service_mask:0x20000000
07-01 19:05:06.085 12246 12275 D BluetoothAdapterProperties: Address is:64:BC:0C:E5:BF:3F
07-01 19:05:06.087   787   787 D BluetoothManagerService: Bluetooth Adapter address changed to 64:BC:0C:E5:BF:3F
07-01 19:05:06.087   787   787 D BluetoothManagerService: Stored Bluetoothaddress: 64:BC:0C:E5:BF:3F
07-01 19:05:06.089   787   787 D BluetoothManagerService: Bluetooth Adapter name changed to Nexus 5X
07-01 19:05:06.089 12246 12275 D BluetoothAdapterProperties: Name is: Nexus 5X
07-01 19:05:06.089   787   787 D BluetoothManagerService: Stored Bluetooth name: Nexus 5X
07-01 19:05:06.091 12246 12275 D BluetoothAdapterProperties: Scan Mode:20
07-01 19:05:06.092 12246 12275 D BluetoothAdapterProperties: Discoverable Timeout:0
07-01 19:05:06.092 12246 12275 I bt_btif_core: btif_enable_bluetooth_evt entered: status 0
07-01 19:05:06.093 12246 12301 I bt_osi_thread: run_thread: thread id 12301, thread name btif_sock started
07-01 19:05:06.094 12246 12275 D bt_bte_conf: Device ID record 1 : primary
07-01 19:05:06.094 12246 12275 D bt_bte_conf:   vendorId            = 000f
07-01 19:05:06.094 12246 12275 D bt_bte_conf:   vendorIdSource      = 0001
07-01 19:05:06.094 12246 12275 D bt_bte_conf:   product             = 1200
07-01 19:05:06.094 12246 12275 D bt_bte_conf:   version             = 1436
07-01 19:05:06.094 12246 12275 D bt_bte_conf:   clientExecutableURL =
07-01 19:05:06.094 12246 12275 D bt_bte_conf:   serviceDescription  =
07-01 19:05:06.094 12246 12275 D bt_bte_conf:   documentationURL    =
07-01 19:05:06.094 12246 12275 D bt_bte_conf: bte_load_did_conf no section named DID2.
07-01 19:05:06.095 12246 12275 I bt_btif_core: btif_enable_bluetooth_evt finished
07-01 19:05:06.095 12246 12270 I bt_stack_manager: event_start_up_stack finished
07-01 19:05:06.095 12246 12269 V BluetoothAdapterState: PendingCommand - transient state(s): isBleTurningOn
07-01 19:05:06.095 12246 12269 D BluetoothAdapterState: Current state: PENDING_COMMAND, message: 3
07-01 19:05:06.095 12246 12269 D BluetoothAdapterProperties: Setting state to 15
07-01 19:05:06.095 12246 12269 I BluetoothAdapterState: Bluetooth adapter state changed: 14-> 15
07-01 19:05:06.095 12246 12269 D BluetoothAdapterService: updateAdapterState() - Broadcasting state to 1 receivers.
07-01 19:05:06.096   787   811 D BluetoothManagerService: MESSAGE_BLUETOOTH_STATE_CHANGE: BLE_TURNING_ON > BLE_ON
07-01 19:05:06.096   787   811 D BluetoothManagerService: Bluetooth is in LE only mode
07-01 19:05:06.096   787   811 D BluetoothManagerService: Binding Bluetooth GATT service
07-01 19:05:06.096 12246 12269 I BluetoothAdapterState: Entering BleOnState
07-01 19:05:06.096   787   811 D BluetoothManagerService: Sending BLE State Change: BLE_TURNING_ON > BLE_ON
07-01 19:05:06.098   787   787 D BluetoothManagerService: BluetoothServiceConnection: com.android.bluetooth.gatt.GattService
07-01 19:05:06.098   787   811 D BluetoothManagerService: MESSAGE_BLUETOOTH_SERVICE_CONNECTED: 2
07-01 19:05:06.098   787   811 D BluetoothManagerService: BluetoothGatt Service is Up
07-01 19:05:06.099   787   811 D BluetoothManagerService: isBleAppPresent() count: 0
07-01 19:05:06.100 12246 12269 D BluetoothAdapterState: Current state: BLE ON, message: 1
07-01 19:05:06.100   787   811 D BluetoothManagerService: Persisting Bluetooth Setting: 1
07-01 19:05:06.100 12246 12269 D BluetoothAdapterProperties: Setting state to 11
07-01 19:05:06.100 12246 12269 I BluetoothAdapterState: Bluetooth adapter state changed: 15-> 11
07-01 19:05:06.100 12246 12269 D BluetoothAdapterService: updateAdapterState() - Broadcasting state to 1 receivers.
07-01 19:05:06.100   787   811 D BluetoothManagerService: MESSAGE_BLUETOOTH_STATE_CHANGE: BLE_ON > TURNING_ON
07-01 19:05:06.100 12246 12269 D BluetoothAdapterService: startCoreServices()
07-01 19:05:06.100   787   811 D BluetoothManagerService: Sending BLE State Change: BLE_ON > TURNING_ON
07-01 19:05:06.100 12246 12269 D BluetoothAdapterService: setProfileServiceState() - Starting service com.android.bluetooth.hfp.HeadsetService
07-01 19:05:06.103 12246 12269 D BluetoothAdapterService: setProfileServiceState() - Starting service com.android.bluetooth.a2dp.A2dpService
07-01 19:05:06.103 12246 12246 D BluetoothAdapterService: getAdapterService() - returning com.android.bluetooth.btservice.AdapterService@cd3bed1
07-01 19:05:06.104 12246 12246 D HeadsetService: Received start request. Starting profile...
07-01 19:05:06.107  3096  3096 I GsaVoiceInteractionSrv: O received Intent { act=android.bluetooth.adapter.action.STATE_CHANGED flg=0x4000010 (has extras) }
07-01 19:05:06.107   787   802 W BroadcastQueue: Background execution not allowed: receiving Intent { act=android.bluetooth.adapter.action.STATE_CHANGED flg=0x4000010 (has extras) } to com.google.android.gms/.auth.easyunlock.authorization.BluetoothStateChangeReceiver
07-01 19:05:06.109 12246 12269 D BluetoothAdapterService: setProfileServiceState() - Starting service com.android.bluetooth.hid.HidService
07-01 19:05:06.110 12246 12246 I BluetoothHeadsetServiceJni: classInitNative: succeeds
07-01 19:05:06.113 12246 12246 D HeadsetStateMachine: make
07-01 19:05:06.114   787   802 W BroadcastQueue: Background execution not allowed: receiving Intent { act=android.bluetooth.adapter.action.STATE_CHANGED flg=0x4000010 (has extras) } to com.google.android.gms/.auth.proximity.BluetoothServicesAdapterStateChangeReceiver
07-01 19:05:06.115   787   802 W BroadcastQueue: Background execution not allowed: receiving Intent { act=android.bluetooth.adapter.action.STATE_CHANGED flg=0x4000010 (has extras) } to com.google.android.gms/.chimera.GmsIntentOperationService$PersistentTrustedReceiver
07-01 19:05:06.116 12246 12269 D BluetoothAdapterService: setProfileServiceState() - Starting service com.android.bluetooth.hdp.HealthService
07-01 19:05:06.118 12246 12269 D BluetoothAdapterService: setProfileServiceState() - Starting service com.android.bluetooth.pan.PanService
07-01 19:05:06.123 12246 12269 D BluetoothAdapterService: setProfileServiceState() - Starting service com.android.bluetooth.map.BluetoothMapService
07-01 19:05:06.126 12246 12269 D BluetoothAdapterService: setProfileServiceState() - Starting service com.android.bluetooth.sap.SapService
07-01 19:05:06.129 12246 12269 D BluetoothAdapterService: setProfileServiceState() - Starting service com.android.bluetooth.opp.BluetoothOppService
07-01 19:05:06.131 12246 12269 D BluetoothAdapterService: setProfileServiceState() - Starting service com.android.bluetooth.pbap.BluetoothPbapService
07-01 19:05:06.132 12246 12269 I BluetoothAdapterState: Entering PendingCommandState
07-01 19:05:06.166 12246 12246 D HeadsetStateMachine: max_hf_connections = 1
07-01 19:05:06.166 12246 12246 D HeadsetStateMachine: in-band_ringing_support = true
07-01 19:05:06.166 12246 12246 I bt_btif : get_profile_interface: id = handsfree
07-01 19:05:06.166 12246 12275 I bt_btif_storage: btif_storage_get_adapter_property service_mask:0x20000040
07-01 19:05:06.167 12246 12275 E bt_btif : btif_hf_upstreams_evt: Invalid index 21111
07-01 19:05:06.167 12246 12298 I bt_stack: [INFO:port_api.cc(123)] RFCOMM_CreateConnection BDA: ff:ff:ff:ff:ff:ff
07-01 19:05:06.167 12246 12298 I bt_stack: [INFO:port_api.cc(123)] RFCOMM_CreateConnection BDA: ff:ff:ff:ff:ff:ff
07-01 19:05:06.168 12246 12246 D BluetoothAdapterService: getAdapterService() - returning com.android.bluetooth.btservice.AdapterService@cd3bed1
07-01 19:05:06.169 12246 12246 D BluetoothAdapterService: getAdapterService() - returning com.android.bluetooth.btservice.AdapterService@cd3bed1
07-01 19:05:06.169 12246 12246 D A2dpService: Received start request. Starting profile...
07-01 19:05:06.170 12246 12246 I BluetoothAvrcpServiceJni: classInitNative: succeeds
07-01 19:05:06.171 12246 12246 I bt_btif : get_profile_interface: id = avrcp
07-01 19:05:06.180   787  3189 D MediaSessionService: The callback android.media.session.ICallback$Stub$Proxy@fa129f9 is set by com.android.bluetooth
07-01 19:05:06.223 12246 12246 I Avrcp   : Skipping update due to invalid playback state
07-01 19:05:06.223 12246 12246 E Avrcp   : play status change -10 mPlayStatusChangedNT: 1
07-01 19:05:06.223 12246 12246 E bt_btif : register_notification_rsp: Avrcp device is not connected, handle: 0x0
07-01 19:05:06.233  1861  3583 I NearbyMediums: BluetoothAdapter's name was not set by Nearby Connections, ignoring call to restore device name [CONTEXT service_id=54 ]
07-01 19:05:06.253 12246 12246 I Avrcp   : Skipping update due to invalid playback state
07-01 19:05:06.253 12246 12246 E Avrcp   : play status change 00 mPlayStatusChangedNT: 1
07-01 19:05:06.255 12246 12246 I BluetoothA2dpServiceJni: classInitNative: succeeds
07-01 19:05:06.255 12246 12246 D A2dpStateMachine: make
07-01 19:05:06.256 12246 12246 I bt_btif : get_profile_interface: id = a2dp
07-01 19:05:06.256 12246 12308 I bt_osi_thread: run_thread: thread id 12308, thread name btif_a2dp_source started
07-01 19:05:06.256 12246 12246 D a2dp_codec: init
07-01 19:05:06.257 12246 12246 D a2dp_codec: createCodec: codec SBC
07-01 19:05:06.257 12246 12246 I a2dp_codec: init: updated SBC codec priority to 1001
07-01 19:05:06.257 12246 12246 D a2dp_codec: createCodec: codec AAC
07-01 19:05:06.257 12246 12246 I a2dp_codec: init: updated AAC codec priority to 2001
07-01 19:05:06.257 12246 12246 D a2dp_codec: createCodec: codec aptX
07-01 19:05:06.257 12246 12275 I bt_btif_storage: btif_storage_get_adapter_property service_mask:0x20000048
07-01 19:05:06.257 12246 12298 I bt_bta_av: AVRCP version used for sdp: "avrcp14"
07-01 19:05:06.257 12246 12275 E bt_btif : btif_sm_dispatch : Invalid handle
07-01 19:05:06.258 12246 12275 E bt_btif : btif_sm_dispatch : Invalid handle
07-01 19:05:06.260 12246 12246 E a2dp_vendor_aptx_encoder: A2DP_VendorLoadEncoderAptx: cannot open aptX encoder library libaptX_encoder.so: dlopen failed: library "libaptX_encoder.so" not found
07-01 19:05:06.261 12246 12246 E a2dp_vendor_aptx: init: cannot load the encoder
07-01 19:05:06.261 12246 12246 D a2dp_codec: createCodec: codec aptX-HD
07-01 19:05:06.262 12246 12246 E a2dp_vendor_aptx_hd_encoder: A2DP_VendorLoadEncoderAptxHd: cannot open aptX-HD encoder library libaptXHD_encoder.so: dlopen failed: library "libaptXHD_encoder.so" not found
07-01 19:05:06.262 12246 12246 E a2dp_vendor_aptx_hd: init: cannot load the encoder
07-01 19:05:06.262 12246 12246 D a2dp_codec: createCodec: codec LDAC
07-01 19:05:06.270 12246 12246 I a2dp_codec: init: updated LDAC codec priority to 5001
07-01 19:05:06.270 12246 12246 D a2dp_codec: createCodec: codec SBC SINK
07-01 19:05:06.270 12246 12246 I a2dp_codec: init: initialized Source codec LDAC
07-01 19:05:06.270 12246 12246 I a2dp_codec: init: initialized Source codec AAC
07-01 19:05:06.270 12246 12246 I a2dp_codec: init: initialized Source codec SBC
07-01 19:05:06.270 12246 12246 I a2dp_codec: init: initialized Sink codec SBC(Sink)
07-01 19:05:06.270 12246 12246 W bt_btif : ## ON A2DP IDLE ## peer_sep = 0
07-01 19:05:06.270 12246 12275 E bt_btif : btif_sm_dispatch : Invalid handle
07-01 19:05:06.271 12246 12307 D A2dpStateMachine: Enter Disconnected: -2
07-01 19:05:06.272 12246 12246 D BluetoothAdapterService: getAdapterService() - returning com.android.bluetooth.btservice.AdapterService@cd3bed1
07-01 19:05:06.273 12246 12246 I BluetoothHidServiceJni: classInitNative: succeeds
07-01 19:05:06.274 12246 12246 D BluetoothAdapterService: getAdapterService() - returning com.android.bluetooth.btservice.AdapterService@cd3bed1
07-01 19:05:06.274 12246 12246 D HidService: Received start request. Starting profile...
07-01 19:05:06.274 12246 12246 I bt_btif : get_profile_interface: id = hidhost
07-01 19:05:06.275 12246 12246 D HidService: setHidService(): set to: null
07-01 19:05:06.275 12246 12246 D BluetoothAdapterService: getAdapterService() - returning com.android.bluetooth.btservice.AdapterService@cd3bed1
07-01 19:05:06.275 12246 12246 I BluetoothHealthServiceJni: classInitNative: succeeds
07-01 19:05:06.276 12246 12275 I bt_bta_hh: BTA_HhEnable sec_mask:0x36 p_cback:0x70fe3aeb64
07-01 19:05:06.276 12246 12246 D BluetoothAdapterService: getAdapterService() - returning com.android.bluetooth.btservice.AdapterService@cd3bed1
07-01 19:05:06.276 12246 12275 I bt_btif_storage: btif_storage_get_adapter_property service_mask:0x20100048
07-01 19:05:06.276 12246 12298 I bt_stack: [INFO:gatt_api.cc(1004)] GATT_Register
07-01 19:05:06.277 12246 12298 I bt_stack: [INFO:gatt_api.cc(1027)] allocated gatt_if=4
07-01 19:05:06.277 12246 12246 D HealthService: Received start request. Starting profile...
07-01 19:05:06.278 12246 12246 I bt_btif : get_profile_interface: id = health
07-01 19:05:06.278 12246 12246 D BluetoothAdapterService: getAdapterService() - returning com.android.bluetooth.btservice.AdapterService@cd3bed1
07-01 19:05:06.280 12246 12246 I BluetoothPanServiceJni: classInitNative(L111): succeeds
07-01 19:05:06.281 12246 12246 D BluetoothAdapterService: getAdapterService() - returning com.android.bluetooth.btservice.AdapterService@cd3bed1
07-01 19:05:06.282 12246 12246 D PanService: Received start request. Starting profile...
07-01 19:05:06.282 12246 12246 D BluetoothPanServiceJni: initializeNative(L116): pan
07-01 19:05:06.282 12246 12246 I bt_btif : get_profile_interface: id = pan
07-01 19:05:06.282 12246 12246 D BluetoothAdapterService: getAdapterService() - returning com.android.bluetooth.btservice.AdapterService@cd3bed1
07-01 19:05:06.283 12246 12275 D BluetoothPanServiceJni: control_state_callback(L63): state:0, local_role:3, ifname:bt-pan
07-01 19:05:06.284 12246 12246 D BluetoothAdapterService: getAdapterService() - returning com.android.bluetooth.btservice.AdapterService@cd3bed1
07-01 19:05:06.285 12246 12246 D BluetoothMapService: Received start request. Starting profile...
07-01 19:05:06.285 12246 12246 D BluetoothMapService: start()
07-01 19:05:06.289 12246 12246 D BluetoothMapAccountLoader: Found 0 application(s) with intent android.bluetooth.action.BLUETOOTH_MAP_PROVIDER
07-01 19:05:06.290 12246 12246 D BluetoothMapAccountLoader: Found 0 application(s) with intent android.bluetooth.action.BLUETOOTH_MAP_IM_PROVIDER
07-01 19:05:06.290 12246 12246 D BluetoothMapAppObserver: createReceiver()
07-01 19:05:06.293 12246 12246 D BluetoothMapAppObserver: initObservers()
07-01 19:05:06.293 12246 12246 D BluetoothMapAppObserver: getEnabledAccountItems()
07-01 19:05:06.293 12246 12246 D BluetoothAdapterService: getAdapterService() - returning com.android.bluetooth.btservice.AdapterService@cd3bed1
07-01 19:05:06.295 12246 12246 V SapService: SapBinder()
07-01 19:05:06.295 12246 12246 D BluetoothAdapterService: getAdapterService() - returning com.android.bluetooth.btservice.AdapterService@cd3bed1
07-01 19:05:06.297 12246 12246 D SapService: Received start request. Starting profile...
07-01 19:05:06.297 12246 12246 V SapService: start()
07-01 19:05:06.299 12246 12246 D BluetoothAdapterService: getAdapterService() - returning com.android.bluetooth.btservice.AdapterService@cd3bed1
07-01 19:05:06.306 12246 12246 D BluetoothAdapterService: getAdapterService() - returning com.android.bluetooth.btservice.AdapterService@cd3bed1
07-01 19:05:06.307 12246 12246 D BluetoothOppService: Received start request. Starting profile...
07-01 19:05:06.307 12246 12246 D BluetoothAdapterService: getAdapterService() - returning com.android.bluetooth.btservice.AdapterService@cd3bed1
07-01 19:05:06.308 12246 12246 V BluetoothPbapService: PbapBinder()
07-01 19:05:06.309 12246 12246 D BluetoothAdapterService: getAdapterService() - returning com.android.bluetooth.btservice.AdapterService@cd3bed1
07-01 19:05:06.310 12246 12246 D BluetoothPbapService: Received start request. Starting profile...
07-01 19:05:06.310 12246 12246 V BluetoothPbapService: start()
07-01 19:05:06.313 12246 12246 D BluetoothPbapService: Registering observer
07-01 19:05:06.318 12246 12246 D BluetoothAdapterService: getAdapterService() - returning com.android.bluetooth.btservice.AdapterService@cd3bed1
07-01 19:05:06.320 12246 12246 D BluetoothAdapterService: handleMessage() - Message: 1
07-01 19:05:06.320 12246 12246 D BluetoothAdapterService: handleMessage() - MESSAGE_PROFILE_SERVICE_STATE_CHANGED
07-01 19:05:06.320 12246 12246 D BluetoothAdapterService: processProfileServiceStateChanged() - serviceName=com.android.bluetooth.hfp.HeadsetService isTurningOn=true isTurningOff=false isBleTurningOn=false isBleTurningOff=false
07-01 19:05:06.321 12246 12246 D BluetoothAdapterService: onProfileServiceStateChange() - Profile still not running:com.android.bluetooth.a2dp.A2dpService
07-01 19:05:06.321 12246 12246 D BluetoothAdapterService: handleMessage() - Message: 1
07-01 19:05:06.322 12246 12246 D BluetoothAdapterService: handleMessage() - MESSAGE_PROFILE_SERVICE_STATE_CHANGED
07-01 19:05:06.322 12246 12246 D BluetoothAdapterService: processProfileServiceStateChanged() - serviceName=com.android.bluetooth.a2dp.A2dpService isTurningOn=true isTurningOff=false isBleTurningOn=false isBleTurningOff=false
07-01 19:05:06.322 12246 12303 D HeadsetPhoneState: sendDeviceStateChanged. mService=0 mIsSimStateLoaded=false mSignal=0 mRoam=0 mBatteryCharge=5
07-01 19:05:06.322 12246 12246 D BluetoothAdapterService: onProfileServiceStateChange() - Profile still not running:com.android.bluetooth.map.BluetoothMapService
07-01 19:05:06.322 12246 12246 D BluetoothAdapterService: handleMessage() - Message: 1
07-01 19:05:06.322 12246 12246 D BluetoothAdapterService: handleMessage() - MESSAGE_PROFILE_SERVICE_STATE_CHANGED
07-01 19:05:06.322 12246 12246 D BluetoothAdapterService: processProfileServiceStateChanged() - serviceName=com.android.bluetooth.hid.HidService isTurningOn=true isTurningOff=false isBleTurningOn=false isBleTurningOff=false
07-01 19:05:06.322 12246 12246 D BluetoothAdapterService: onProfileServiceStateChange() - Profile still not running:com.android.bluetooth.map.BluetoothMapService
07-01 19:05:06.322 12246 12246 D BluetoothAdapterService: handleMessage() - Message: 1
07-01 19:05:06.322 12246 12246 D BluetoothAdapterService: handleMessage() - MESSAGE_PROFILE_SERVICE_STATE_CHANGED
07-01 19:05:06.322 12246 12246 D BluetoothAdapterService: processProfileServiceStateChanged() - serviceName=com.android.bluetooth.hdp.HealthService isTurningOn=true isTurningOff=false isBleTurningOn=false isBleTurningOff=false
07-01 19:05:06.322 12246 12246 D BluetoothAdapterService: onProfileServiceStateChange() - Profile still not running:com.android.bluetooth.map.BluetoothMapService
07-01 19:05:06.322 12246 12246 D BluetoothAdapterService: handleMessage() - Message: 1
07-01 19:05:06.322 12246 12246 D BluetoothAdapterService: handleMessage() - MESSAGE_PROFILE_SERVICE_STATE_CHANGED
07-01 19:05:06.322 12246 12246 D BluetoothAdapterService: processProfileServiceStateChanged() - serviceName=com.android.bluetooth.pan.PanService isTurningOn=true isTurningOff=false isBleTurningOn=false isBleTurningOff=false
07-01 19:05:06.323 12246 12246 D BluetoothAdapterService: onProfileServiceStateChange() - Profile still not running:com.android.bluetooth.map.BluetoothMapService
07-01 19:05:06.323 12246 12246 D BluetoothAdapterService: handleMessage() - Message: 1
07-01 19:05:06.323 12246 12246 D BluetoothAdapterService: handleMessage() - MESSAGE_PROFILE_SERVICE_STATE_CHANGED
07-01 19:05:06.323 12246 12246 D BluetoothAdapterService: processProfileServiceStateChanged() - serviceName=com.android.bluetooth.map.BluetoothMapService isTurningOn=true isTurningOff=false isBleTurningOn=false isBleTurningOff=false
07-01 19:05:06.323 12246 12246 D BluetoothAdapterService: onProfileServiceStateChange() - Profile still not running:com.android.bluetooth.sap.SapService
07-01 19:05:06.324 12246 12246 D BluetoothAdapterService: handleMessage() - Message: 1
07-01 19:05:06.324 12246 12246 D BluetoothAdapterService: handleMessage() - MESSAGE_PROFILE_SERVICE_STATE_CHANGED
07-01 19:05:06.324 12246 12246 D BluetoothAdapterService: processProfileServiceStateChanged() - serviceName=com.android.bluetooth.sap.SapService isTurningOn=true isTurningOff=false isBleTurningOn=false isBleTurningOff=false
07-01 19:05:06.324 12246 12246 D BluetoothAdapterService: onProfileServiceStateChange() - Profile still not running:com.android.bluetooth.pbap.BluetoothPbapService
07-01 19:05:06.325 12246 12246 D BluetoothAdapterService: handleMessage() - Message: 1
07-01 19:05:06.325 12246 12246 D BluetoothAdapterService: handleMessage() - MESSAGE_PROFILE_SERVICE_STATE_CHANGED
07-01 19:05:06.325 12246 12246 D BluetoothAdapterService: processProfileServiceStateChanged() - serviceName=com.android.bluetooth.opp.BluetoothOppService isTurningOn=true isTurningOff=false isBleTurningOn=false isBleTurningOff=false
07-01 19:05:06.325 12246 12246 D BluetoothAdapterService: onProfileServiceStateChange() - Profile still not running:com.android.bluetooth.pbap.BluetoothPbapService
07-01 19:05:06.326 12246 12246 D BluetoothAdapterService: handleMessage() - Message: 1
07-01 19:05:06.326 12246 12246 D BluetoothAdapterService: handleMessage() - MESSAGE_PROFILE_SERVICE_STATE_CHANGED
07-01 19:05:06.326 12246 12246 D BluetoothAdapterService: processProfileServiceStateChanged() - serviceName=com.android.bluetooth.pbap.BluetoothPbapService isTurningOn=true isTurningOff=false isBleTurningOn=false isBleTurningOff=false
07-01 19:05:06.326 12246 12246 D BluetoothAdapterService: onProfileServiceStateChange() - All profile services started.
07-01 19:05:06.326 12246 12269 V BluetoothAdapterState: PendingCommand - transient state(s): isTurningOn
07-01 19:05:06.326 12246 12269 D BluetoothAdapterState: Current state: PENDING_COMMAND, message: 2
07-01 19:05:06.326 12246 12269 D BluetoothAdapterProperties: onBluetoothReady, state=11, ScanMode=20
07-01 19:05:06.328 12246 12269 D BluetoothAdapterProperties: Setting state to 12
07-01 19:05:06.328 12246 12269 I BluetoothAdapterState: Bluetooth adapter state changed: 11-> 12
07-01 19:05:06.328 12246 12269 D BluetoothAdapterService: updateAdapterState() - Broadcasting state to 1 receivers.
07-01 19:05:06.329 12246 12269 I BluetoothAdapterState: Entering OnState
07-01 19:05:06.329   787   811 D BluetoothManagerService: MESSAGE_BLUETOOTH_STATE_CHANGE: TURNING_ON > ON
07-01 19:05:06.329   787   811 D BluetoothManagerService: Broadcasting onBluetoothStateChange(true) to 19 receivers.
07-01 19:05:06.329   787   811 D BluetoothHeadset: onBluetoothStateChange: up=true
07-01 19:05:06.329   787   811 D BluetoothHeadset: onBluetoothStateChange: up=true
07-01 19:05:06.329  1861  5052 D BluetoothHeadset: onBluetoothStateChange: up=true
07-01 19:05:06.329   787   811 D BluetoothHeadset: onBluetoothStateChange: up=true
07-01 19:05:06.329   787   811 D BluetoothA2dp: onBluetoothStateChange: up=true
07-01 19:05:06.330  1861  1875 D BluetoothHeadset: onBluetoothStateChange: up=true
07-01 19:05:06.330  1195  1233 D BluetoothInputDevice: onBluetoothStateChange: up=true
07-01 19:05:06.330  1861  3303 D BluetoothHeadset: onBluetoothStateChange: up=true
07-01 19:05:06.330  1861  3511 D BluetoothA2dp: onBluetoothStateChange: up=true
07-01 19:05:06.330  1861  3587 D BluetoothA2dp: onBluetoothStateChange: up=true
07-01 19:05:06.330  1195  6816 D BluetoothMap: onBluetoothStateChange: up=true
07-01 19:05:06.331  1460  1869 D BluetoothHeadset: onBluetoothStateChange: up=true
07-01 19:05:06.331  1195  1600 D BluetoothPbap: onBluetoothStateChange: up=true
07-01 19:05:06.331  1861  1877 D BluetoothA2dp: onBluetoothStateChange: up=true
07-01 19:05:06.332 12246 12275 D BluetoothAdapterProperties: Scan Mode:23
07-01 19:05:06.332 12246 12275 D BluetoothAdapterProperties: Discoverable Timeout:0
07-01 19:05:06.329 12246 12269 D BluetoothAdapterService: updateUuids() - Updating UUIDs for bonded devices
07-01 19:05:06.334  1195  1236 D BluetoothPan: onBluetoothStateChange on: true
07-01 19:05:06.334  1195  6095 D BluetoothHeadset: onBluetoothStateChange: up=true
07-01 19:05:06.334  1861  3303 D BluetoothA2dp: onBluetoothStateChange: up=true
07-01 19:05:06.335  1195  6077 D BluetoothA2dp: onBluetoothStateChange: up=true
07-01 19:05:06.336   787   811 D BluetoothManagerService: Sending BLE State Change: TURNING_ON > ON
07-01 19:05:06.337  1861  1875 D BluetoothHeadset: onBluetoothStateChange: up=true
07-01 19:05:06.338   787   787 D BluetoothA2dp: Proxy object connected
07-01 19:05:06.342  1195  1195 D BluetoothA2dp: Proxy object connected
07-01 19:05:06.346  3096  3096 I GsaVoiceInteractionSrv: O received Intent { act=android.bluetooth.adapter.action.STATE_CHANGED flg=0x4000010 (has extras) }
07-01 19:05:06.349   787   802 W BroadcastQueue: Background execution not allowed: receiving Intent { act=android.bluetooth.adapter.action.STATE_CHANGED flg=0x4000010 (has extras) } to com.google.android.gms/.auth.easyunlock.authorization.BluetoothStateChangeReceiver
07-01 19:05:06.350 12246 12246 D BluetoothMapService: onReceive
07-01 19:05:06.351 12246 12246 D BluetoothMapService: onReceive: android.bluetooth.adapter.action.STATE_CHANGED
07-01 19:05:06.351 12246 12246 D BluetoothMapService: STATE_ON
07-01 19:05:06.351  1861  1861 D BluetoothA2dp: Proxy object connected
07-01 19:05:06.352  1861  1861 I NearbyShared: BTConnStateMgr: onServiceConnected with profile 2.
07-01 19:05:06.352 12246 12246 D BluetoothAdapterService: isQuetModeEnabled() - Enabled = false
07-01 19:05:06.353  1195  1439 D LocalBluetoothProfileManager: Handsfree Uuid not found.
07-01 19:05:06.353  1195  1439 D LocalBluetoothProfileManager: MAP Client Uuid not found.
07-01 19:05:06.354  1195  1195 D BluetoothMap: Proxy object connected
07-01 19:05:06.353 12246 12246 D BluetoothPhonePolicy: autoConnect() - Initiate auto connection on BT on...
07-01 19:05:06.354  1195  1195 D MapProfile: Bluetooth service connected
07-01 19:05:06.354  1195  1195 D BluetoothMap: getConnectedDevices()
07-01 19:05:06.358   787   802 W BroadcastQueue: Background execution not allowed: receiving Intent { act=android.bluetooth.adapter.action.STATE_CHANGED flg=0x4000010 (has extras) } to com.google.android.gms/.auth.proximity.BluetoothServicesAdapterStateChangeReceiver
07-01 19:05:06.358   787   802 W BroadcastQueue: Background execution not allowed: receiving Intent { act=android.bluetooth.adapter.action.STATE_CHANGED flg=0x4000010 (has extras) } to com.google.android.gms/.chimera.GmsIntentOperationService$PersistentTrustedReceiver
07-01 19:05:06.361  1195  1195 D BluetoothPbap: Proxy object connected
07-01 19:05:06.361  1195  1195 D PbapServerProfile: Bluetooth service connected
07-01 19:05:06.361  1195  1195 D BluetoothInputDevice: Proxy object connected
07-01 19:05:06.362  1195  1195 D HidProfile: Bluetooth service connected
07-01 19:05:06.363  1861  1861 D BluetoothA2dp: Proxy object connected
07-01 19:05:06.363  1861  1861 I NearbyShared: BTConnStateMgr: onServiceConnected with profile 2.
07-01 19:05:06.363  1861  1861 D BluetoothA2dp: Proxy object connected
07-01 19:05:06.363  1861  1861 I NearbyShared: BTConnStateMgr: onServiceConnected with profile 2.
07-01 19:05:06.363  1861  1861 D BluetoothA2dp: Proxy object connected
07-01 19:05:06.363  1861  1861 I NearbyShared: BTConnStateMgr: onServiceConnected with profile 2.
07-01 19:05:06.372 12246 12312 D BluetoothMapMasInstance0: Map Service startRfcommSocketListener
07-01 19:05:06.372 12246 12312 D ObexServerSockets: create(rfcomm = -2, l2capPsm = -2)
07-01 19:05:06.373 12246 12312 W BluetoothAdapter: getBluetoothService() called with no BluetoothManagerCallback
07-01 19:05:06.375   787   787 I Telecom : BluetoothPhoneService: queryPhoneState: BPSI.qPS@AN0
07-01 19:05:06.376 12246 12319 W BluetoothAdapter: getBluetoothService() called with no BluetoothManagerCallback
07-01 19:05:06.378 12246 12298 I bt_stack: [INFO:port_api.cc(123)] RFCOMM_CreateConnection BDA: ff:ff:ff:ff:ff:ff
07-01 19:05:06.379 12246 12312 W BluetoothAdapter: getBluetoothService() called with no BluetoothManagerCallback
07-01 19:05:06.381 12246 12312 D ObexServerSockets: Succeed to create listening sockets
07-01 19:05:06.382 12246 12312 D ObexServerSockets0: startAccept()
07-01 19:05:06.382 12246 12312 D ObexServerSockets0: prepareForNewConnect()
07-01 19:05:06.383 12246 12321 D ObexServerSockets0: Accepting socket connection...
07-01 19:05:06.384 12246 12312 D BluetoothSdpJni: sdpCreateMapMasRecordNative
07-01 19:05:06.384 12246 12312 D BluetoothSdpJni: SDP Create record success - handle: 0
07-01 19:05:06.384 12246 12298 I bt_stack: [INFO:port_api.cc(123)] RFCOMM_CreateConnection BDA: ff:ff:ff:ff:ff:ff
07-01 19:05:06.385 12246 12319 D BluetoothSdpJni: sdpCreateSapsRecordNative
07-01 19:05:06.385 12246 12319 D BluetoothSdpJni: SDP Create record success - handle: 1
07-01 19:05:06.386 12246 12322 D ObexServerSockets0: Accepting socket connection...
07-01 19:05:06.393 12246 12246 D BluetoothPbapService: action: android.bluetooth.adapter.action.STATE_CHANGED
07-01 19:05:06.393 12246 12246 D BluetoothPbapService: state: 12
07-01 19:05:06.396  1195  1195 D BluetoothPan: BluetoothPAN Proxy object connected
07-01 19:05:06.396  1195  1195 D PanProfile: Bluetooth service connected
07-01 19:05:06.397 12246 12246 D BtOppService: start Socket Listeners
07-01 19:05:06.397 12246 12246 D BtOppService: stopListeners   mServerSocket :null
07-01 19:05:06.397 12246 12246 D ObexServerSockets: create(rfcomm = -2, l2capPsm = -2)
07-01 19:05:06.397 12246 12246 W BluetoothAdapter: getBluetoothService() called with no BluetoothManagerCallback
07-01 19:05:06.399 12246 12298 I bt_stack: [INFO:port_api.cc(123)] RFCOMM_CreateConnection BDA: ff:ff:ff:ff:ff:ff
07-01 19:05:06.400 12246 12246 W BluetoothAdapter: getBluetoothService() called with no BluetoothManagerCallback
07-01 19:05:06.402  1861  1861 I Fido    : [CableAuthenticatorChimeraService] Unregistering receiver.
07-01 19:05:06.403 12246 12246 D ObexServerSockets: Succeed to create listening sockets
07-01 19:05:06.403 12246 12246 D ObexServerSockets1: startAccept()
07-01 19:05:06.403 12246 12246 D ObexServerSockets1: prepareForNewConnect()
07-01 19:05:06.403  1861  3583 I NearbyMediums: BluetoothAdapter's name was not set by Nearby Connections, ignoring call to restore device name [CONTEXT service_id=54 ]
07-01 19:05:06.403 12246 12324 D ObexServerSockets1: Accepting socket connection...
07-01 19:05:06.404 12246 12246 D BluetoothSdpJni: sdpCreateOppOpsRecordNative
07-01 19:05:06.404 12246 12246 D BluetoothSdpJni: SDP Create record success - handle: 2
07-01 19:05:06.404 12246 12246 D BtOppService: mOppSdpHandle :2
07-01 19:05:06.404  1861  1861 I Fido    : [CableAuthenticatorChimeraService] Registering broadcast receiver.
07-01 19:05:06.405 12246 12246 D BluetoothPbapService: startsocketListener
07-01 19:05:06.405 12246 12246 D ObexServerSockets: create(rfcomm = -2, l2capPsm = -2)
07-01 19:05:06.406 12246 12246 W BluetoothAdapter: getBluetoothService() called with no BluetoothManagerCallback
07-01 19:05:06.407 12246 12298 I bt_stack: [INFO:port_api.cc(123)] RFCOMM_CreateConnection BDA: ff:ff:ff:ff:ff:ff
07-01 19:05:06.408 12246 12246 W BluetoothAdapter: getBluetoothService() called with no BluetoothManagerCallback
07-01 19:05:06.409 12246 12325 D ObexServerSockets1: Accepting socket connection...
07-01 19:05:06.411 12246 12246 D ObexServerSockets: Succeed to create listening sockets
07-01 19:05:06.411 12246 12246 D ObexServerSockets2: startAccept()
07-01 19:05:06.411 12246 12246 D ObexServerSockets2: prepareForNewConnect()
07-01 19:05:06.412 12246 12246 D BluetoothSdpJni: sdpCreatePbapPseRecordNative
07-01 19:05:06.412 12246 12246 D BluetoothSdpJni: SDP Create record success - handle: 3
07-01 19:05:06.412 12246 12326 D ObexServerSockets2: Accepting socket connection...
07-01 19:05:06.412 12246 12327 D ObexServerSockets2: Accepting socket connection...
07-01 19:05:06.419  1861  1861 I NearbyDiscovery: DiscoveryService created [CONTEXT service_id=49 ]
07-01 19:05:06.425 12246 12246 D BluetoothPbapService: PBAP server with handle:3
07-01 19:05:06.466   787   787 D BluetoothHeadset: Proxy object connected
07-01 19:05:06.466  1861  3587 D BluetoothHeadset: Proxy object connected
07-01 19:05:06.466  1861  3587 I chatty  : uid=10040(com.google.android.gms) Binder:1861_5 identical 5 lines
07-01 19:05:06.466  1861  3587 D BluetoothHeadset: Proxy object connected
07-01 19:05:06.466  1861  1875 D BluetoothHeadset: Proxy object connected
07-01 19:05:06.466   787   787 D BluetoothHeadset: Proxy object connected
07-01 19:05:06.466  1861  3587 D BluetoothHeadset: Proxy object connected
07-01 19:05:06.466   787   787 D BluetoothHeadset: Proxy object connected
07-01 19:05:06.466  1861  1875 D BluetoothHeadset: Proxy object connected
07-01 19:05:06.466  1861  3587 D BluetoothHeadset: Proxy object connected
07-01 19:05:06.466  1861  1875 D BluetoothHeadset: Proxy object connected
07-01 19:05:06.466  1861  1877 D BluetoothHeadset: Proxy object connected
07-01 19:05:06.466  1195  1600 D BluetoothHeadset: Proxy object connected
07-01 19:05:06.466  1460  1487 D BluetoothHeadset: Proxy object connected
07-01 19:05:06.467  1195  1195 D HeadsetProfile: Bluetooth service connected
07-01 19:05:06.507   787   787 I Telecom : : - Got BluetoothHeadset: com.android.server.telecom.BluetoothHeadsetProxy@40eee0c: BMSL.oSC@AN4
07-01 19:05:06.512  1861  1861 I NearbyDiscovery: DiscoveryService created for ACTION_STATE_CHANGED. [CONTEXT service_id=49 ]
07-01 19:05:06.512  1861 12329 I NearbyDiscovery: FastPairHandler: Received action android.bluetooth.adapter.action.STATE_CHANGED [CONTEXT service_id=49 ]
07-01 19:05:06.514  1861 12329 D BluetoothAdapter: isLeEnabled(): ON
07-01 19:05:06.514  1861  6303 D BluetoothAdapter: isLeEnabled(): ON
07-01 19:05:06.516  1861 12329 I NearbyDiscovery: FastPairScanner2: isBleEnabled? bleEnabled:true, btEnabled:true, bleScanAvailable:false [CONTEXT service_id=49 ]
07-01 19:05:06.518  1861 12329 D BluetoothAdapter: isLeEnabled(): ON
07-01 19:05:06.524 12246 12298 I bt_stack: [INFO:gatt_api.cc(1004)] GATT_Register
07-01 19:05:06.524 12246 12298 I bt_stack: [INFO:gatt_api.cc(1027)] allocated gatt_if=5
07-01 19:05:06.525  1861  5052 D BluetoothLeScanner: onScannerRegistered() - status=0 scannerId=5 mScannerId=0
07-01 19:05:06.539  1861  6303 I NearbyDiscovery: FastPairScanner2: Starting LOW_LATENCY_SCANNING scan for 6 seconds [CONTEXT service_id=49 ]
07-01 19:05:06.542 12246 12283 D BluetoothAdapterService: getAdapterService() - returning com.android.bluetooth.btservice.AdapterService@cd3bed1
07-01 19:05:06.596  1861  1874 I zygote64: Background concurrent copying GC freed 157808(7MB) AllocSpace objects, 7(284KB) LOS objects, 50% free, 8MB/17MB, paused 84us total 123.032ms
07-01 19:05:06.598  1861  3303 D BluetoothHeadset: Proxy object connected
07-01 19:05:06.609  1861  1861 I NearbyShared: BTConnStateMgr: onServiceConnected with profile 1.
07-01 19:05:06.609  1861  1861 I chatty  : uid=10040 com.google.android.gms.persistent identical 2 lines
07-01 19:05:06.609  1861  1861 I NearbyShared: BTConnStateMgr: onServiceConnected with profile 1.
07-01 19:05:06.610  1861  1861 D BluetoothA2dp: Proxy object connected
07-01 19:05:06.610  1861  1861 I NearbyShared: BTConnStateMgr: onServiceConnected with profile 2.
07-01 19:05:06.611  1861  1861 I NearbyShared: BTConnStateMgr: onServiceConnected with profile 1.
07-01 19:05:06.635  1861  1861 I BeaconBle: Using BLE 'L' hardware layer [CONTEXT service_id=111 ]
07-01 19:05:06.637  1861 12329 I NearbyDiscovery: Show notifications: 0 total, no changes since last shown, no-op. [CONTEXT service_id=49 ]
07-01 19:05:06.638  1861  1861 W Nearby  : Bind call too late - someone already tried to get: interface bwjh [CONTEXT service_id=49 ]
07-01 19:05:06.644  1861 12329 I NearbyDiscovery: FastPair: HeadsetPieceImage, grant permission files:0 [CONTEXT service_id=49 ]
07-01 19:05:06.645  1861 12329 I NearbyDiscovery: FastPairEventStream: Initialize event stream [CONTEXT service_id=49 ]
07-01 19:05:06.687  1861 12329 I NearbyDiscovery: FastPairHandler: Received action android.net.wifi.STATE_CHANGE [CONTEXT service_id=49 ]
07-01 19:05:06.690  1861 12329 I NearbyDiscovery: FastPairHandler: Received action android.net.conn.CONNECTIVITY_CHANGE [CONTEXT service_id=49 ]
07-01 19:05:06.727  1861  3293 I BeaconBle: Client requested scan, settings=BleSettings [scanMode=LOW_LATENCY, callbackType=ALL_MATCHES, reportDelayMillis=0, 5 filters, 1 clients, callingClientName=Nearby] [CONTEXT service_id=111 ]
07-01 19:05:06.745  1861  3293 I BeaconBle: 'L' hardware scan: 5 filters, scanMode=2, reportdelay=0, callback type=1, #clients=1, workSource=WorkSource{10040 com.google.android.gms} [CONTEXT service_id=111 ]
07-01 19:05:06.747  1861  3293 I BeaconBle: Starting scan on OS scanner. BT state: 12 [CONTEXT service_id=111 ]
07-01 19:05:06.748  1861  3293 D BluetoothAdapter: isLeEnabled(): ON
07-01 19:05:06.752 12246 12298 I bt_stack: [INFO:gatt_api.cc(1004)] GATT_Register
07-01 19:05:06.752 12246 12298 I bt_stack: [INFO:gatt_api.cc(1027)] allocated gatt_if=6
07-01 19:05:06.753  1861  3303 D BluetoothLeScanner: onScannerRegistered() - status=0 scannerId=6 mScannerId=0
07-01 19:05:06.771  1861 12331 I NearbyMessages: ReportRpcManager:  Skipping some call, returning cached messages for beacon IDs and URLs: {} [CONTEXT service_id=62 ]
07-01 19:05:06.853  2949  7926 W BluetoothAdapter: getBluetoothService() called with no BluetoothManagerCallback
07-01 19:05:06.855 12246 12298 I bt_stack: [INFO:port_api.cc(123)] RFCOMM_CreateConnection BDA: ff:ff:ff:ff:ff:ff
07-01 19:05:06.870 12246 12275 D BluetoothAdapterProperties: Name is: IXRBd2L5D6gAAAAAAAAAD05leHVzIDVYIFszNGQ4XQ
07-01 19:05:06.870   787   787 D BluetoothManagerService: Bluetooth Adapter name changed to IXRBd2L5D6gAAAAAAAAAD05leHVzIDVYIFszNGQ4XQ
07-01 19:05:06.871   787   787 D BluetoothManagerService: Stored Bluetooth name: IXRBd2L5D6gAAAAAAAAAD05leHVzIDVYIFszNGQ4XQ
07-01 19:05:06.876  2949  7926 I NearbyMediums: Can't stop the BLE server socket because it was never started. [CONTEXT service_id=54 ]
07-01 19:05:06.896  2949  7926 D BluetoothGattServer: registerCallback()
07-01 19:05:06.896  2949  7926 D BluetoothGattServer: registerCallback() - UUID=3b24258f-31ed-47fa-83e1-72de4a096bba
07-01 19:05:06.900 12246 12298 E bt_btif : register application first_unuse rcb_idx = 0
07-01 19:05:06.901 12246 12298 I bt_stack: [INFO:gatt_api.cc(1004)] GATT_Register
07-01 19:05:06.901 12246 12298 I bt_stack: [INFO:gatt_api.cc(1027)] allocated gatt_if=7
07-01 19:05:06.901  2949 11821 D BluetoothGattServer: onServerRegistered() - status=0 serverIf=7
07-01 19:05:06.913  2949  7926 D BluetoothGattServer: addService() - service: 0000fef3-0000-1000-8000-00805f9b34fb
07-01 19:05:06.916 12246 12275 E bt_btif : BTA_GATTS_AddService: rcb_idx = 0
07-01 19:05:06.916 12246 12275 I bt_stack: [INFO:gatt_api.cc(207)] GATTS_AddService
07-01 19:05:06.916 12246 12275 I bt_stack: [INFO:gatt_api.cc(317)] GATTS_AddService: service parsed correctly, now starting
07-01 19:05:06.917  2949  2961 D BluetoothGattServer: onServiceAdded() - handle=40 uuid=0000fef3-0000-1000-8000-00805f9b34fb status=0
07-01 19:05:07.046  2949  7926 I NearbyMediums: Unable to stop the advertisement GATT server because it's not running. [CONTEXT service_id=54 ]
07-01 19:05:07.047  2949  7926 D BluetoothGattServer: registerCallback()
07-01 19:05:07.047  2949  7926 D BluetoothGattServer: registerCallback() - UUID=ed1a7d38-3311-4985-9704-c22b06fa27d2
07-01 19:05:07.049 12246 12298 E bt_btif : register application first_unuse rcb_idx = 1
07-01 19:05:07.050 12246 12298 I bt_stack: [INFO:gatt_api.cc(1004)] GATT_Register
07-01 19:05:07.050 12246 12298 I bt_stack: [INFO:gatt_api.cc(1027)] allocated gatt_if=8
07-01 19:05:07.051  2949  2962 D BluetoothGattServer: onServerRegistered() - status=0 serverIf=8
07-01 19:05:07.061  2949  7926 D BluetoothGattServer: addService() - service: 0000fef3-0000-1000-8000-00805f9b34fb
07-01 19:05:07.062 12246 12275 E bt_btif : BTA_GATTS_AddService: rcb_idx = 1
07-01 19:05:07.062 12246 12275 I bt_stack: [INFO:gatt_api.cc(207)] GATTS_AddService
07-01 19:05:07.063 12246 12275 I bt_stack: [INFO:gatt_api.cc(317)] GATTS_AddService: service parsed correctly, now starting
07-01 19:05:07.064  2949  3510 D BluetoothGattServer: onServiceAdded() - handle=46 uuid=0000fef3-0000-1000-8000-00805f9b34fb status=0
07-01 19:05:07.204  2949  7926 D BluetoothAdapter: isLeEnabled(): ON
07-01 19:05:07.206  2949  7926 D BluetoothAdapter: isLeEnabled(): ON
07-01 19:05:07.215 12246 12277 D BluetoothAdapterService: getAdapterService() - returning com.android.bluetooth.btservice.AdapterService@cd3bed1
07-01 19:05:07.278 12191 12191 D NearbyFragment: Started advertising
07-01 19:05:08.145   787   970 W AlarmManager: Unrecognized alarm listener com.android.server.wifi.WifiConfigStore$1@23f60ae
07-01 19:05:08.149  1861  3583 E WakeLock: GCM_CONN_ALARM ** IS FORCE-RELEASED ON TIMEOUT **
07-01 19:05:08.168   787   970 D WifiConfigStore: Writing to stores completed in 24 ms.
07-01 19:05:08.194 12246 12298 I bt_btm_ble: btm_ble_conn_complete unable to match and resolve random address
07-01 19:05:08.284 12246 12298 W bt_smp  : smp_br_connect_callback is called on unexpected transport 2
07-01 19:05:08.285 12246 12298 W bt_btif : bta_dm_acl_change info: 0x0
07-01 19:05:08.286  2949  2961 D BluetoothGattServer: onServerConnectionState() - status=0 serverIf=7 device=78:34:7F:16:78:23
07-01 19:05:08.286 12246 12275 D bt_btif_dm: remote version info [78:34:7f:16:78:23]: 0, 0, 0
07-01 19:05:08.287  2949  2961 D BluetoothGattServer: onServerConnectionState() - status=0 serverIf=8 device=78:34:7F:16:78:23
