07-02 23:01:37.479 31236 32139 I mobile-ffmpeg: , 
07-02 23:01:37.479 31236 32139 I mobile-ffmpeg: 
07-02 23:01:37.479 31236 32139 I chatty  : uid=10568(com.example.edgesum) identical 1 line
07-02 23:01:37.479 31236 32139 I mobile-ffmpeg: 
07-02 23:01:37.481 31236 32139 I mobile-ffmpeg: 29.97 fps, 
07-02 23:01:37.481 31236 32139 I mobile-ffmpeg: 
07-02 23:01:37.481 31236 32139 I chatty  : uid=10568(com.example.edgesum) identical 1 line
07-02 23:01:37.481 31236 32139 I mobile-ffmpeg: 
07-02 23:01:37.481 31236 32139 I mobile-ffmpeg: 29.97 tbr, 
07-02 23:01:37.481 31236 32139 I mobile-ffmpeg: 
07-02 23:01:37.481 31236 32139 I chatty  : uid=10568(com.example.edgesum) identical 1 line
07-02 23:01:37.481 31236 32139 I mobile-ffmpeg: 
07-02 23:01:37.481 31236 32139 I mobile-ffmpeg: 16k tbn, 
07-02 23:01:37.481 31236 32139 I mobile-ffmpeg: 
07-02 23:01:37.481 31236 32139 I chatty  : uid=10568(com.example.edgesum) identical 1 line
07-02 23:01:37.481 31236 32139 I mobile-ffmpeg: 
07-02 23:01:37.482 31236 32139 I mobile-ffmpeg: 32k tbc
07-02 23:01:37.482 31236 32139 I mobile-ffmpeg: 
07-02 23:01:37.482 31236 32139 I chatty  : uid=10568(com.example.edgesum) identical 1 line
07-02 23:01:37.482 31236 32139 I mobile-ffmpeg: 
07-02 23:01:37.482 31236 32139 I mobile-ffmpeg:  (default)
07-02 23:01:37.482 31236 32139 I mobile-ffmpeg: 
07-02 23:01:37.482 31236 32139 I chatty  : uid=10568(com.example.edgesum) identical 1 line
07-02 23:01:37.482 31236 32139 I mobile-ffmpeg: 
07-02 23:01:37.482 31236 32139 I mobile-ffmpeg: 
07-02 23:01:37.482 31236 32139 I mobile-ffmpeg: 
07-02 23:01:37.482 31236 32139 I chatty  : uid=10568(com.example.edgesum) identical 1 line
07-02 23:01:37.482 31236 32139 I mobile-ffmpeg: 
07-02 23:01:37.482 31236 32139 I mobile-ffmpeg:     Metadata:
07-02 23:01:37.482 31236 32139 I mobile-ffmpeg: 
07-02 23:01:37.482 31236 32139 I chatty  : uid=10568(com.example.edgesum) identical 1 line
07-02 23:01:37.482 31236 32139 I mobile-ffmpeg: 
07-02 23:01:37.482 31236 32139 I mobile-ffmpeg:       handler_name    : 
07-02 23:01:37.482 31236 32139 I mobile-ffmpeg: 
07-02 23:01:37.482 31236 32139 I chatty  : uid=10568(com.example.edgesum) identical 1 line
07-02 23:01:37.482 31236 32139 I mobile-ffmpeg: 
07-02 23:01:37.483 31236 32139 I mobile-ffmpeg: PittaSoft Video Media Handler
07-02 23:01:37.483 31236 32139 I mobile-ffmpeg: 
07-02 23:01:37.483 31236 32139 I chatty  : uid=10568(com.example.edgesum) identical 1 line
07-02 23:01:37.483 31236 32139 I mobile-ffmpeg: 
07-02 23:01:37.483 31236 32139 I mobile-ffmpeg: 
07-02 23:01:37.483 31236 32139 I mobile-ffmpeg: 
07-02 23:01:37.483 31236 32139 I chatty  : uid=10568(com.example.edgesum) identical 1 line
07-02 23:01:37.483 31236 32139 I mobile-ffmpeg: 
07-02 23:01:37.483 31236 32139 I mobile-ffmpeg:     Stream #0:1
07-02 23:01:37.484 31236 32139 I mobile-ffmpeg: 
07-02 23:01:37.484 31236 32139 I chatty  : uid=10568(com.example.edgesum) identical 1 line
07-02 23:01:37.484 31236 32139 I mobile-ffmpeg: 
07-02 23:01:37.484 31236 32139 I mobile-ffmpeg: (eng)
07-02 23:01:37.484 31236 32139 I mobile-ffmpeg: 
07-02 23:01:37.484 31236 32139 I chatty  : uid=10568(com.example.edgesum) identical 1 line
07-02 23:01:37.484 31236 32139 I mobile-ffmpeg: 
07-02 23:01:37.484 31236 32139 I mobile-ffmpeg: : Audio: aac (mp4a / 0x6134706D), 16000 Hz, stereo, fltp, 47 kb/s
07-02 23:01:37.484 31236 32139 I mobile-ffmpeg: 
07-02 23:01:37.484 31236 32139 I chatty  : uid=10568(com.example.edgesum) identical 1 line
07-02 23:01:37.484 31236 32139 I mobile-ffmpeg: 
07-02 23:01:37.484 31236 32139 I mobile-ffmpeg:  (default)
07-02 23:01:37.484 31236 32139 I mobile-ffmpeg: 
07-02 23:01:37.484 31236 32139 I chatty  : uid=10568(com.example.edgesum) identical 1 line
07-02 23:01:37.484 31236 32139 I mobile-ffmpeg: 
07-02 23:01:37.484 31236 32139 I mobile-ffmpeg: 
07-02 23:01:37.484 31236 32139 I mobile-ffmpeg: 
07-02 23:01:37.484 31236 32139 I chatty  : uid=10568(com.example.edgesum) identical 1 line
07-02 23:01:37.484 31236 32139 I mobile-ffmpeg: 
07-02 23:01:37.484 31236 32139 I mobile-ffmpeg:     Metadata:
07-02 23:01:37.484 31236 32139 I mobile-ffmpeg: 
07-02 23:01:37.484 31236 32139 I chatty  : uid=10568(com.example.edgesum) identical 1 line
07-02 23:01:37.484 31236 32139 I mobile-ffmpeg: 
07-02 23:01:37.485 31236 32139 I mobile-ffmpeg:       handler_name    : 
07-02 23:01:37.485 31236 32139 I mobile-ffmpeg: 
07-02 23:01:37.485 31236 32139 I chatty  : uid=10568(com.example.edgesum) identical 1 line
07-02 23:01:37.485 31236 32139 I mobile-ffmpeg: 
07-02 23:01:37.485 31236 32139 I mobile-ffmpeg: PittaSoft Sound Media Handler
07-02 23:01:37.485 31236 32139 I mobile-ffmpeg: 
07-02 23:01:37.485 31236 32139 I chatty  : uid=10568(com.example.edgesum) identical 1 line
07-02 23:01:37.485 31236 32139 I mobile-ffmpeg: 
07-02 23:01:37.485 31236 32139 I mobile-ffmpeg: 
07-02 23:01:37.488 31236 32139 I mobile-ffmpeg: 
07-02 23:01:37.488 31236 32139 I chatty  : uid=10568(com.example.edgesum) identical 1 line
07-02 23:01:37.489 31236 32139 I mobile-ffmpeg: 
07-02 23:01:37.489 31236 32139 I mobile-ffmpeg: Stream mapping:
07-02 23:01:37.489 31236 32139 I mobile-ffmpeg: 
07-02 23:01:37.489 31236 32139 I chatty  : uid=10568(com.example.edgesum) identical 1 line
07-02 23:01:37.489 31236 32139 I mobile-ffmpeg: 
07-02 23:01:37.489 31236 32139 I mobile-ffmpeg:   Stream #0:0 -> #0:0
07-02 23:01:37.489 31236 32139 I mobile-ffmpeg: 
07-02 23:01:37.489 31236 32139 I chatty  : uid=10568(com.example.edgesum) identical 1 line
07-02 23:01:37.489 31236 32139 I mobile-ffmpeg: 
07-02 23:01:37.489 31236 32139 I mobile-ffmpeg:  (h264 (native) -> wrapped_avframe (native))
07-02 23:01:37.489 31236 32139 I mobile-ffmpeg: 
07-02 23:01:37.489 31236 32139 I chatty  : uid=10568(com.example.edgesum) identical 1 line
07-02 23:01:37.489 31236 32139 I mobile-ffmpeg: 
07-02 23:01:37.489 31236 32139 I mobile-ffmpeg: 
07-02 23:01:37.489 31236 32139 I mobile-ffmpeg: 
07-02 23:01:37.489 31236 32139 I chatty  : uid=10568(com.example.edgesum) identical 1 line
07-02 23:01:37.489 31236 32139 I mobile-ffmpeg: 
07-02 23:01:37.489 31236 32139 I mobile-ffmpeg:   Stream #0:1 -> #0:1
07-02 23:01:37.489 31236 32139 I mobile-ffmpeg: 
07-02 23:01:37.489 31236 32139 I chatty  : uid=10568(com.example.edgesum) identical 1 line
07-02 23:01:37.489 31236 32139 I mobile-ffmpeg: 
07-02 23:01:37.490 31236 32139 I mobile-ffmpeg:  (aac (native) -> pcm_s16le (native))
07-02 23:01:37.490 31236 32139 I mobile-ffmpeg: 
07-02 23:01:37.490 31236 32139 I chatty  : uid=10568(com.example.edgesum) identical 1 line
07-02 23:01:37.490 31236 32139 I mobile-ffmpeg: 
07-02 23:01:37.490 31236 32139 I mobile-ffmpeg: 
07-02 23:01:37.490 31236 32139 I mobile-ffmpeg: 
07-02 23:01:37.490 31236 32139 I chatty  : uid=10568(com.example.edgesum) identical 1 line
07-02 23:01:37.490 31236 32139 I mobile-ffmpeg: 
07-02 23:01:37.490 31236 32139 I mobile-ffmpeg: Press [q] to stop, [?] for help
07-02 23:01:37.490 31236 32139 I mobile-ffmpeg: 
07-02 23:01:37.490 31236 32139 I chatty  : uid=10568(com.example.edgesum) identical 1 line
07-02 23:01:37.490 31236 32139 I mobile-ffmpeg: 
07-02 23:01:37.490 31236 32139 I mobile-ffmpeg: frame=    0 fps=0.0 q=0.0 size=N/A time=-577014:32:22.77 bitrate=N/A speed=N/A    
07-02 23:01:37.611 31236 32139 I mobile-ffmpeg: 
07-02 23:01:37.611 31236 32139 I chatty  : uid=10568(com.example.edgesum) identical 1 line
07-02 23:01:37.612 31236 32139 I mobile-ffmpeg: 
07-02 23:01:37.612 31236 32139 I mobile-ffmpeg: Output #0, null, to 'pipe:':
07-02 23:01:37.612 31236 32139 I mobile-ffmpeg: 
07-02 23:01:37.613 31236 32139 I chatty  : uid=10568(com.example.edgesum) identical 1 line
07-02 23:01:37.613 31236 32139 I mobile-ffmpeg: 
07-02 23:01:37.613 31236 32139 I mobile-ffmpeg:   Metadata:
07-02 23:01:37.613 31236 32139 I mobile-ffmpeg: 
07-02 23:01:37.614 31236 32139 I chatty  : uid=10568(com.example.edgesum) identical 1 line
07-02 23:01:37.621 31236 32139 I mobile-ffmpeg: 
07-02 23:01:37.621 31236 32139 I mobile-ffmpeg:     major_brand     : 
07-02 23:01:37.621 31236 32139 I mobile-ffmpeg: 
07-02 23:01:37.621 31236 32139 I chatty  : uid=10568(com.example.edgesum) identical 1 line
07-02 23:01:37.621 31236 32139 I mobile-ffmpeg: 
07-02 23:01:37.621 31236 32139 I mobile-ffmpeg: isom
07-02 23:01:37.621 31236 32139 I mobile-ffmpeg: 
07-02 23:01:37.621 31236 32139 I chatty  : uid=10568(com.example.edgesum) identical 1 line
07-02 23:01:37.621 31236 32139 I mobile-ffmpeg: 
07-02 23:01:37.621 31236 32139 I mobile-ffmpeg: 
07-02 23:01:37.621 31236 32139 I mobile-ffmpeg: 
07-02 23:01:37.621 31236 32139 I chatty  : uid=10568(com.example.edgesum) identical 1 line
07-02 23:01:37.621 31236 32139 I mobile-ffmpeg: 
07-02 23:01:37.621 31236 32139 I mobile-ffmpeg:     minor_version   : 
07-02 23:01:37.621 31236 32139 I mobile-ffmpeg: 
07-02 23:01:37.621 31236 32139 I chatty  : uid=10568(com.example.edgesum) identical 1 line
07-02 23:01:37.621 31236 32139 I mobile-ffmpeg: 
07-02 23:01:37.621 31236 32139 I mobile-ffmpeg: 512
07-02 23:01:37.621 31236 32139 I mobile-ffmpeg: 
07-02 23:01:37.621 31236 32139 I chatty  : uid=10568(com.example.edgesum) identical 1 line
07-02 23:01:37.621 31236 32139 I mobile-ffmpeg: 
07-02 23:01:37.621 31236 32139 I mobile-ffmpeg: 
07-02 23:01:37.621 31236 32139 I mobile-ffmpeg: 
07-02 23:01:37.622 31236 32139 I chatty  : uid=10568(com.example.edgesum) identical 1 line
07-02 23:01:37.622 31236 32139 I mobile-ffmpeg: 
07-02 23:01:37.622 31236 32139 I mobile-ffmpeg:     compatible_brands: 
07-02 23:01:37.622 31236 32139 I mobile-ffmpeg: 
07-02 23:01:37.622 31236 32139 I chatty  : uid=10568(com.example.edgesum) identical 1 line
07-02 23:01:37.622 31236 32139 I mobile-ffmpeg: 
07-02 23:01:37.622 31236 32139 I mobile-ffmpeg: isomiso2avc1mp41
07-02 23:01:37.622 31236 32139 I mobile-ffmpeg: 
07-02 23:01:37.622 31236 32139 I chatty  : uid=10568(com.example.edgesum) identical 1 line
07-02 23:01:37.622 31236 32139 I mobile-ffmpeg: 
07-02 23:01:37.622 31236 32139 I mobile-ffmpeg: 
07-02 23:01:37.622 31236 32139 I mobile-ffmpeg: 
07-02 23:01:37.622 31236 32139 I chatty  : uid=10568(com.example.edgesum) identical 1 line
07-02 23:01:37.622 31236 32139 I mobile-ffmpeg: 
07-02 23:01:37.622 31236 32139 I mobile-ffmpeg:     encoder         : 
07-02 23:01:37.622 31236 32139 I mobile-ffmpeg: 
07-02 23:01:37.622 31236 32139 I chatty  : uid=10568(com.example.edgesum) identical 1 line
07-02 23:01:37.622 31236 32139 I mobile-ffmpeg: 
07-02 23:01:37.622 31236 32139 I mobile-ffmpeg: Lavf58.28.101
07-02 23:01:37.622 31236 32139 I mobile-ffmpeg: 
07-02 23:01:37.622 31236 32139 I chatty  : uid=10568(com.example.edgesum) identical 1 line
07-02 23:01:37.622 31236 32139 I mobile-ffmpeg: 
07-02 23:01:37.622 31236 32139 I mobile-ffmpeg: 
07-02 23:01:37.622 31236 32139 I mobile-ffmpeg: 
07-02 23:01:37.622 31236 32139 I chatty  : uid=10568(com.example.edgesum) identical 1 line
07-02 23:01:37.622 31236 32139 I mobile-ffmpeg: 
07-02 23:01:37.622 31236 32139 I mobile-ffmpeg:     Stream #0:0
07-02 23:01:37.622 31236 32139 I mobile-ffmpeg: 
07-02 23:01:37.622 31236 32139 I chatty  : uid=10568(com.example.edgesum) identical 1 line
07-02 23:01:37.622 31236 32139 I mobile-ffmpeg: 
07-02 23:01:37.622 31236 32139 I mobile-ffmpeg: (eng)
07-02 23:01:37.622 31236 32139 I mobile-ffmpeg: 
07-02 23:01:37.623 31236 32139 I chatty  : uid=10568(com.example.edgesum) identical 1 line
07-02 23:01:37.623 31236 32139 I mobile-ffmpeg: 
07-02 23:01:37.623 31236 32139 I mobile-ffmpeg: : Video: wrapped_avframe, yuvj420p, 1280x720, q=2-31, 200 kb/s
07-02 23:01:37.623 31236 32139 I mobile-ffmpeg: 
07-02 23:01:37.623 31236 32139 I chatty  : uid=10568(com.example.edgesum) identical 1 line
07-02 23:01:37.623 31236 32139 I mobile-ffmpeg: 
07-02 23:01:37.623 31236 32139 I mobile-ffmpeg: , 
07-02 23:01:37.623 31236 32139 I mobile-ffmpeg: 
07-02 23:01:37.623 31236 32139 I chatty  : uid=10568(com.example.edgesum) identical 1 line
07-02 23:01:37.623 31236 32139 I mobile-ffmpeg: 
07-02 23:01:37.623 31236 32139 I mobile-ffmpeg: 29.97 fps, 
07-02 23:01:37.623 31236 32139 I mobile-ffmpeg: 
07-02 23:01:37.623 31236 32139 I chatty  : uid=10568(com.example.edgesum) identical 1 line
07-02 23:01:37.623 31236 32139 I mobile-ffmpeg: 
07-02 23:01:37.623 31236 32139 I mobile-ffmpeg: 29.97 tbn, 
07-02 23:01:37.623 31236 32139 I mobile-ffmpeg: 
07-02 23:01:37.623 31236 32139 I chatty  : uid=10568(com.example.edgesum) identical 1 line
07-02 23:01:37.623 31236 32139 I mobile-ffmpeg: 
07-02 23:01:37.623 31236 32139 I mobile-ffmpeg: 29.97 tbc
07-02 23:01:37.623 31236 32139 I mobile-ffmpeg: 
07-02 23:01:37.623 31236 32139 I chatty  : uid=10568(com.example.edgesum) identical 1 line
07-02 23:01:37.623 31236 32139 I mobile-ffmpeg: 
07-02 23:01:37.623 31236 32139 I mobile-ffmpeg:  (default)
07-02 23:01:37.623 31236 32139 I mobile-ffmpeg: 
07-02 23:01:37.623 31236 32139 I chatty  : uid=10568(com.example.edgesum) identical 1 line
07-02 23:01:37.623 31236 32139 I mobile-ffmpeg: 
07-02 23:01:37.623 31236 32139 I mobile-ffmpeg: 
07-02 23:01:37.623 31236 32139 I mobile-ffmpeg: 
07-02 23:01:37.623 31236 32139 I chatty  : uid=10568(com.example.edgesum) identical 1 line
07-02 23:01:37.623 31236 32139 I mobile-ffmpeg: 
07-02 23:01:37.623 31236 32139 I mobile-ffmpeg:     Metadata:
07-02 23:01:37.623 31236 32139 I mobile-ffmpeg: 
07-02 23:01:37.624 31236 32139 I chatty  : uid=10568(com.example.edgesum) identical 1 line
07-02 23:01:37.624 31236 32139 I mobile-ffmpeg: 
07-02 23:01:37.624 31236 32139 I mobile-ffmpeg:       handler_name    : 
07-02 23:01:37.624 31236 32139 I mobile-ffmpeg: 
07-02 23:01:37.624 31236 32139 I chatty  : uid=10568(com.example.edgesum) identical 1 line
07-02 23:01:37.624 31236 32139 I mobile-ffmpeg: 
07-02 23:01:37.624 31236 32139 I mobile-ffmpeg: PittaSoft Video Media Handler
07-02 23:01:37.624 31236 32139 I mobile-ffmpeg: 
07-02 23:01:37.624 31236 32139 I chatty  : uid=10568(com.example.edgesum) identical 1 line
07-02 23:01:37.624 31236 32139 I mobile-ffmpeg: 
07-02 23:01:37.624 31236 32139 I mobile-ffmpeg: 
07-02 23:01:37.624 31236 32139 I mobile-ffmpeg: 
07-02 23:01:37.624 31236 32139 I chatty  : uid=10568(com.example.edgesum) identical 1 line
07-02 23:01:37.624 31236 32139 I mobile-ffmpeg: 
07-02 23:01:37.624 31236 32139 I mobile-ffmpeg:       encoder         : 
07-02 23:01:37.624 31236 32139 I mobile-ffmpeg: 
07-02 23:01:37.624 31236 32139 I chatty  : uid=10568(com.example.edgesum) identical 1 line
07-02 23:01:37.624 31236 32139 I mobile-ffmpeg: 
07-02 23:01:37.624 31236 32139 I mobile-ffmpeg: Lavc58.53.101 wrapped_avframe
07-02 23:01:37.624 31236 32139 I mobile-ffmpeg: 
07-02 23:01:37.624 31236 32139 I chatty  : uid=10568(com.example.edgesum) identical 1 line
07-02 23:01:37.624 31236 32139 I mobile-ffmpeg: 
07-02 23:01:37.624 31236 32139 I mobile-ffmpeg: 
07-02 23:01:37.624 31236 32139 I mobile-ffmpeg: 
07-02 23:01:37.624 31236 32139 I chatty  : uid=10568(com.example.edgesum) identical 1 line
07-02 23:01:37.624 31236 32139 I mobile-ffmpeg: 
07-02 23:01:37.631 31236 32139 I mobile-ffmpeg:     Stream #0:1
07-02 23:01:37.631 31236 32139 I mobile-ffmpeg: 
07-02 23:01:37.631 31236 32139 I chatty  : uid=10568(com.example.edgesum) identical 1 line
07-02 23:01:37.631 31236 32139 I mobile-ffmpeg: 
07-02 23:01:37.631 31236 32139 I mobile-ffmpeg: (eng)
07-02 23:01:37.631 31236 32139 I mobile-ffmpeg: 
07-02 23:01:37.631 31236 32139 I chatty  : uid=10568(com.example.edgesum) identical 1 line
07-02 23:01:37.631 31236 32139 I mobile-ffmpeg: 
07-02 23:01:37.631 31236 32139 I mobile-ffmpeg: : Audio: pcm_s16le, 16000 Hz, stereo, s16, 512 kb/s
07-02 23:01:37.631 31236 32139 I mobile-ffmpeg: 
07-02 23:01:37.631 31236 32139 I chatty  : uid=10568(com.example.edgesum) identical 1 line
07-02 23:01:37.631 31236 32139 I mobile-ffmpeg: 
07-02 23:01:37.631 31236 32139 I mobile-ffmpeg:  (default)
07-02 23:01:37.631 31236 32139 I mobile-ffmpeg: 
07-02 23:01:37.631 31236 32139 I chatty  : uid=10568(com.example.edgesum) identical 1 line
07-02 23:01:37.631 31236 32139 I mobile-ffmpeg: 
07-02 23:01:37.631 31236 32139 I mobile-ffmpeg: 
07-02 23:01:37.631 31236 32139 I mobile-ffmpeg: 
07-02 23:01:37.631 31236 32139 I chatty  : uid=10568(com.example.edgesum) identical 1 line
07-02 23:01:37.632 31236 32139 I mobile-ffmpeg: 
07-02 23:01:37.632 31236 32139 I mobile-ffmpeg:     Metadata:
07-02 23:01:37.632 31236 32139 I mobile-ffmpeg: 
07-02 23:01:37.632 31236 32139 I chatty  : uid=10568(com.example.edgesum) identical 1 line
07-02 23:01:37.632 31236 32139 I mobile-ffmpeg: 
07-02 23:01:37.632 31236 32139 I mobile-ffmpeg:       handler_name    : 
07-02 23:01:37.632 31236 32139 I mobile-ffmpeg: 
07-02 23:01:37.632 31236 32139 I chatty  : uid=10568(com.example.edgesum) identical 1 line
07-02 23:01:37.632 31236 32139 I mobile-ffmpeg: 
07-02 23:01:37.632 31236 32139 I mobile-ffmpeg: PittaSoft Sound Media Handler
07-02 23:01:37.632 31236 32139 I mobile-ffmpeg: 
07-02 23:01:37.632 31236 32139 I chatty  : uid=10568(com.example.edgesum) identical 1 line
07-02 23:01:37.632 31236 32139 I mobile-ffmpeg: 
07-02 23:01:37.632 31236 32139 I mobile-ffmpeg: 
07-02 23:01:37.632 31236 32139 I mobile-ffmpeg: 
07-02 23:01:37.632 31236 32139 I chatty  : uid=10568(com.example.edgesum) identical 1 line
07-02 23:01:37.632 31236 32139 I mobile-ffmpeg: 
07-02 23:01:37.632 31236 32139 I mobile-ffmpeg:       encoder         : 
07-02 23:01:37.632 31236 32139 I mobile-ffmpeg: 
07-02 23:01:37.632 31236 32139 I chatty  : uid=10568(com.example.edgesum) identical 1 line
07-02 23:01:37.632 31236 32139 I mobile-ffmpeg: 
07-02 23:01:37.632 31236 32139 I mobile-ffmpeg: Lavc58.53.101 pcm_s16le
07-02 23:01:37.632 31236 32139 I mobile-ffmpeg: 
07-02 23:01:37.632 31236 32139 I chatty  : uid=10568(com.example.edgesum) identical 1 line
07-02 23:01:37.632 31236 32139 I mobile-ffmpeg: 
07-02 23:01:37.632 31236 32139 I mobile-ffmpeg: 
07-02 23:01:37.785  3574  4120 D bauth_FPBAuthService: pcf : 0x1012, 0 ,2 ,0 ,0 ,0 ,2, 
07-02 23:01:37.785  3574  4120 D bauth_FPBAuthService: thread id : 2, preenroll_flag : 0, nd cnt : 1, cso : 0, et : 0
07-02 23:01:37.785  3574  4120 D bauth_FPBAuthService: FPBAuthService, 9983
07-02 23:01:37.815 31236 32139 I mobile-ffmpeg: 
07-02 23:01:37.815 31236 32139 I mobile-ffmpeg: [freezedetect @ 0x7024bdac80] 
07-02 23:01:37.815 31236 32139 I mobile-ffmpeg: 
07-02 23:01:37.815 31236 32139 I mobile-ffmpeg: lavfi.freezedetect.freeze_start: 0
07-02 23:01:37.818  5226  5706 D SDHMS:s : SIOP:: AP:240(370,110) BAT:278(278,0) CHG:345(345,0) USB:275(275,0) PA:266(318,50) LRP:0(0,-999) ATC:0(0,-999) 
07-02 23:01:37.883  9122  9187 D ScanRecord: Not a Multi Manu data
07-02 23:01:37.884  9122  9187 I chatty  : uid=1002(bluetooth) BT Service Call identical 10 lines
07-02 23:01:37.884  9122  9187 D ScanRecord: Not a Multi Manu data
07-02 23:01:37.884  9122  9187 D BtGatt.GattService: onScanResult to scannerId: 5- eventType=0x10, addressType=0, address=A6:5, primaryPhy=1, secondaryPhy=0, advertisingSid=0xff, txPower=127, rssi=-81, periodicAdvInt=0x0
07-02 23:01:37.885  8780  9113 D ScanRecord: Not a Multi Manu data
07-02 23:01:37.894  8780  9113 I [+10]oneconnect[1.7.50-21_01][CORE]: BleParserForVD.parseTvPacket - [Name][TV] Samsung 8 Series (55)[DeviceType]TV[Discover]_BLE[Services]None[Connected]false[TvStatus]-128[TvService]96[TvMirrorChannel]1[TvRegisteredDB][83, 91, 0, 0, 0, 0][TvYear]2016[TvOcfInfo]0[TvAcmStatus]0[ExTvStatus]0
07-02 23:01:37.999 31236 32139 I mobile-ffmpeg: 
07-02 23:01:37.999 31236 32139 I chatty  : uid=10568(com.example.edgesum) identical 1 line
07-02 23:01:37.999 31236 32139 I mobile-ffmpeg: 
07-02 23:01:37.999 31236 32139 I mobile-ffmpeg: frame=   71 fps=0.0 q=-0.0 size=N/A time=00:00:02.62 bitrate=N/A speed=5.23x    
07-02 23:01:38.067  3825  3976 D SensorHubManager: onGetSensorHubDataLocked: library(22) = 1, 1, 44, 1, 1, 1, 2, -53, 68, 67, 2, 0, 0, 0, 0, 0, 0, 0, 0, 0, 39, 48
07-02 23:01:38.067  3825  3977 D CAE     : onGetSensorHubData(SensorHubParserProvider.java:91) - onGetSensorHubData Event [event buffer len :22], AP_WAKEUP
07-02 23:01:38.068  3825  3977 I CAE     : parse(SensorHubParserProvider.java:192) - buffer size = 22
07-02 23:01:38.068  3825  3977 I CAE     : parse(SensorHubParserProvider.java:203) - 1, 1, 44, 1, 1, 1, 2, -53, 68, 67, 2, 0, 0, 0, 0, 0, 0, 0, 0, 0, 39, 48,
07-02 23:01:38.069  3825  3977 I CAE     : parse(SLMonitorRunner.java:301) - parse:4
07-02 23:01:38.069  3825  3977 D CAE     : parse(SLMonitorRunner.java:323) - dataSize:1
07-02 23:01:38.070  3825  3977 D CAE     : display(SLMonitorRunner.java:604) - ================= STEP_LEVEL_MONITOR =================
07-02 23:01:38.070  3825  3977 I CAE     : display(SLMonitorRunner.java:721) - DT=[1], DC=[1], TS=[1593694875715], ST=[SE], SC=[0], DI=[0.0], CA=[0.0], DU=[10032]
07-02 23:01:38.071  3825  3982 D SemContextService: Service.updateContext() : service = Step Level Monitor
07-02 23:01:38.073 15541 15541 D SemContextManager: onSemContextChanged() : event = Step Level Monitor
07-02 23:01:38.074 15541 18450 I Sensor[0x06]: [0x01] 33
07-02 23:01:38.074 15541 18450 I Sensor[0x04]: [0x01] 1593694875715[0x02] 0[0x03] 2[0x04] 10032
07-02 23:01:38.495 31236 32139 I mobile-ffmpeg: 
07-02 23:01:38.495 31236 32139 I chatty  : uid=10568(com.example.edgesum) identical 1 line
07-02 23:01:38.495 31236 32139 I mobile-ffmpeg: 
07-02 23:01:38.495 31236 32139 I mobile-ffmpeg: frame=  177 fps=176 q=-0.0 size=N/A time=00:00:06.14 bitrate=N/A speed=6.12x    
07-02 23:01:38.653  9122  9187 D ScanRecord: Not a Multi Manu data
07-02 23:01:38.653  9122  9187 I chatty  : uid=1002(bluetooth) BT Service Call identical 10 lines
07-02 23:01:38.653  9122  9187 D ScanRecord: Not a Multi Manu data
07-02 23:01:38.653  9122  9187 D BtGatt.GattService: onScanResult to scannerId: 5- eventType=0x10, addressType=0, address=A6:5, primaryPhy=1, secondaryPhy=0, advertisingSid=0xff, txPower=127, rssi=-85, periodicAdvInt=0x0
07-02 23:01:38.656  8780  9113 D ScanRecord: Not a Multi Manu data
07-02 23:01:38.660  8780  9113 I [+10]oneconnect[1.7.50-21_01][CORE]: BleParserForVD.parseTvPacket - [Name][TV] Samsung 8 Series (55)[DeviceType]TV[Discover]_BLE[Services]None[Connected]false[TvStatus]-128[TvService]96[TvMirrorChannel]1[TvRegisteredDB][83, 91, 0, 0, 0, 0][TvYear]2016[TvOcfInfo]0[TvAcmStatus]0[ExTvStatus]0
07-02 23:01:38.779  4625  4845 E WakeLock: GCM_CONN_ALARM ** IS FORCE-RELEASED ON TIMEOUT **
07-02 23:01:38.785  3574  4120 D bauth_FPBAuthService: pcf : 0x1012, 0 ,2 ,0 ,0 ,0 ,2, 
07-02 23:01:38.785  3574  4120 D bauth_FPBAuthService: thread id : 2, preenroll_flag : 0, nd cnt : 1, cso : 0, et : 0
07-02 23:01:38.785  3574  4120 D bauth_FPBAuthService: FPBAuthService, 9983
07-02 23:01:38.996 31236 32139 I mobile-ffmpeg: 
07-02 23:01:38.996 31236 32139 I chatty  : uid=10568(com.example.edgesum) identical 1 line
07-02 23:01:38.996 31236 32139 I mobile-ffmpeg: 
07-02 23:01:38.996 31236 32139 I mobile-ffmpeg: frame=  290 fps=192 q=-0.0 size=N/A time=00:00:09.98 bitrate=N/A speed=6.62x    
07-02 23:01:39.409  9122  9187 D ScanRecord: Not a Multi Manu data
07-02 23:01:39.409  9122  9187 I chatty  : uid=1002(bluetooth) BT Service Call identical 10 lines
07-02 23:01:39.409  9122  9187 D ScanRecord: Not a Multi Manu data
07-02 23:01:39.410  9122  9187 D BtGatt.GattService: onScanResult to scannerId: 5- eventType=0x10, addressType=0, address=A6:5, primaryPhy=1, secondaryPhy=0, advertisingSid=0xff, txPower=127, rssi=-80, periodicAdvInt=0x0
07-02 23:01:39.411  8780  9113 D ScanRecord: Not a Multi Manu data
07-02 23:01:39.417  8780  9113 I [+10]oneconnect[1.7.50-21_01][CORE]: BleParserForVD.parseTvPacket - [Name][TV] Samsung 8 Series (55)[DeviceType]TV[Discover]_BLE[Services]None[Connected]false[TvStatus]-128[TvService]96[TvMirrorChannel]1[TvRegisteredDB][83, 91, 0, 0, 0, 0][TvYear]2016[TvOcfInfo]0[TvAcmStatus]0[ExTvStatus]0
07-02 23:01:39.420  3825  4066 D WifiTrafficPoller: TrafficStats TxPkts=478029 RxPkts=1035649 TxBytes=25018545 RxBytes=1552939258 , Foreground uid=10568 pkgName=com.example.edgesum TxPackets=474905 RxPackets=1034972 TxBytes=24749652 RxBytes=1552188755
07-02 23:01:39.501 31236 32139 I mobile-ffmpeg: 
07-02 23:01:39.501 31236 32139 I chatty  : uid=10568(com.example.edgesum) identical 1 line
07-02 23:01:39.501 31236 32139 I mobile-ffmpeg: 
07-02 23:01:39.501 31236 32139 I mobile-ffmpeg: frame=  403 fps=200 q=-0.0 size=N/A time=00:00:13.69 bitrate=N/A speed=6.81x    
07-02 23:01:39.537  3825  4067 I WifiVendorHal: getWifiLinkLayerStats(l.2973) before calling iface.getLinkLayerStats
07-02 23:01:39.537  3287  3287 I android.hardware.wifi@1.0-service: enter getLinkLayerStats
07-02 23:01:39.537  3287  3287 I android.hardware.wifi@1.0-service: enter getLinkLayerStatsInternal
07-02 23:01:39.545  3287  3287 I android.hardware.wifi@1.0-service: Successfully getLinkLayerStats.
07-02 23:01:39.545  3825  4067 I WifiVendorHal: getWifiLinkLayerStats(l.2973) after calling iface.getLinkLayerStats
07-02 23:01:39.785  3574  4120 D bauth_FPBAuthService: pcf : 0x1012, 0 ,2 ,0 ,0 ,0 ,2, 
07-02 23:01:39.785  3574  4120 D bauth_FPBAuthService: thread id : 2, preenroll_flag : 0, nd cnt : 1, cso : 0, et : 0
07-02 23:01:39.785  3574  4120 D bauth_FPBAuthService: FPBAuthService, 9983
07-02 23:01:39.821 31236 32139 I mobile-ffmpeg: 
07-02 23:01:39.821 31236 32139 I chatty  : uid=10568(com.example.edgesum) identical 1 line
07-02 23:01:39.821 31236 32139 I mobile-ffmpeg: 
07-02 23:01:39.821 31236 32139 I mobile-ffmpeg: frame=  480 fps=206 q=-0.0 Lsize=N/A time=00:00:16.06 bitrate=N/A speed=6.89x    
07-02 23:01:39.821 31236 32139 I mobile-ffmpeg: 
07-02 23:01:39.821 31236 32139 I chatty  : uid=10568(com.example.edgesum) identical 1 line
07-02 23:01:39.821 31236 32139 I mobile-ffmpeg: 
07-02 23:01:39.821 31236 32139 I mobile-ffmpeg: video:251kB audio:1004kB subtitle:0kB other streams:0kB global headers:0kB muxing overhead: 
07-02 23:01:39.821 31236 32139 I mobile-ffmpeg: 
07-02 23:01:39.821 31236 32139 I chatty  : uid=10568(com.example.edgesum) identical 1 line
07-02 23:01:39.821 31236 32139 I mobile-ffmpeg: 
07-02 23:01:39.821 31236 32139 I mobile-ffmpeg: unknown
07-02 23:01:39.821 31236 32139 I mobile-ffmpeg: 
07-02 23:01:39.821 31236 32139 I chatty  : uid=10568(com.example.edgesum) identical 1 line
07-02 23:01:39.821 31236 32139 I mobile-ffmpeg: 
07-02 23:01:39.821 31236 32139 I mobile-ffmpeg: 
07-02 23:01:39.839 31236 32454 W Summariser: No activity detected
07-02 23:01:39.892 31236 32454 W Summariser: Summarisation completed
07-02 23:01:39.892 31236 32454 W Summariser:   filename: 20200312_151044!000.mp4
07-02 23:01:39.892 31236 32454 W Summariser:   active sections: 0
07-02 23:01:39.892 31236 32454 W Summariser:   time: 02.420s
07-02 23:01:39.892 31236 32454 W Summariser:   original duration: 16.07
07-02 23:01:39.892 31236 32454 W Summariser:   summarised duration: -1.00
07-02 23:01:39.892 31236 32454 W Summariser:   noise tolerance: 45.00
07-02 23:01:39.892 31236 32454 W Summariser:   quality: 23
07-02 23:01:39.892 31236 32454 W Summariser:   speed: medium
07-02 23:01:39.892 31236 32454 W Summariser:   freeze duration: 1.00
07-02 23:01:39.892 31236 32454 V NearbyFragment: Received a segment of 20200312_151044
07-02 23:01:39.901  9122  9122 D HidDeviceService: handleMessage(): msg.what=8
07-02 23:01:39.907  5429 32480 V MediaProvider: !@start scanning file requested by com.example.edgesum: 7klwibgf7fvntblfd7(7Vwmrfk7knvvbirkfd
07-02 23:01:39.911  5429 32480 D MediaScanner: scanSingleFile : 7klwibgf7fvntblfd7(7Vwmrfk7knvvbirkfd
07-02 23:01:39.977  3825  5356 D SyncManager: userId - 0 auto - true
07-02 23:01:39.979  5429 32480 V MediaScannerService: !@done scanning file
07-02 23:01:39.981 31236 31252 D SummariserIntentService: Scanned /storage/emulated/0/Movies/summarised
07-02 23:01:39.981 31236 31252 D SummariserIntentService:   -> uri=content://media/external/file/137578
07-02 23:01:39.985  3825  5356 D ConnectivityService: filterNetworkStateForUid() uid: 10030, pid: 4625
07-02 23:01:39.985  3825  5356 D ConnectivityService: isNetworkWithLinkPropertiesBlocked: uid=10030, vpn=DISCONNECTED,false
07-02 23:01:39.985  3825  5356 D ConnectivityService: filterNetworkStateForUid() uid: 10030, pid: 4625, networkInfo: [type: WIFI[], state: CONNECTED/CONNECTED, reason: (unspecified), extra: (none), failover: false, available: true, roaming: false]
07-02 23:01:39.999  9122  9122 D HidDeviceService: handleMessage(): msg.what=8
07-02 23:01:39.999  9122  9122 D HidDeviceService: unregisterAppUid(): uid=10045
07-02 23:01:39.999  9122  9122 D HidDeviceService: unregisterAppUid(): caller UID doesn't match user UID
07-02 23:01:40.002  3825  5419 D SamsungAlarmManager: Cancel Alarm calling from uid:10030 pid :4625 / op:PendingIntent{a41f19a: PendingIntentRecord{5c7c7e3 com.google.android.gms broadcastIntent}}
07-02 23:01:40.005  3825  5419 I SamsungAlarmManager: setLocked to kernel - T:2 / 20200702T230156, SetElapsed=11785512, nowELAPSED=11769036
07-02 23:01:40.074  3825  5356 D SamsungAlarmManager: setInexact Intent (T:2/F:0/AC:false) 20200702T230205 - CU:10030/CP:4625
07-02 23:01:40.074  3825  5356 I SamsungAlarmManager: setLocked to kernel - T:2 / 20200702T230156, SetElapsed=11785512, nowELAPSED=11769105
07-02 23:01:40.103  3825  5426 D ConnectivityService: filterNetworkStateForUid() uid: 10030, pid: 4625
07-02 23:01:40.103  3825  5426 D ConnectivityService: isNetworkWithLinkPropertiesBlocked: uid=10030, vpn=DISCONNECTED,false
07-02 23:01:40.104  3825  5426 D ConnectivityService: filterNetworkStateForUid() uid: 10030, pid: 4625, networkInfo: [type: WIFI[], state: CONNECTED/CONNECTED, reason: (unspecified), extra: (none), failover: false, available: true, roaming: false]
07-02 23:01:40.107  3825  5426 D SamsungAlarmManager: Cancel Alarm calling from uid:10030 pid :4625 / op:PendingIntent{b2e78a7: PendingIntentRecord{5c7c7e3 com.google.android.gms broadcastIntent}}
07-02 23:01:40.111  3825  5426 I SamsungAlarmManager: setLocked to kernel - T:2 / 20200702T230156, SetElapsed=11785512, nowELAPSED=11769142
07-02 23:01:40.136  3825  5426 D SamsungAlarmManager: setInexact Intent (T:2/F:0/AC:false) 20200702T230205 - CU:10030/CP:4625
07-02 23:01:40.136  3825  5426 I SamsungAlarmManager: setLocked to kernel - T:2 / 20200702T230156, SetElapsed=11785512, nowELAPSED=11769167
07-02 23:01:40.328  9122  9187 D ScanRecord: Not a Multi Manu data
07-02 23:01:40.329  9122  9187 I chatty  : uid=1002(bluetooth) BT Service Call identical 10 lines
07-02 23:01:40.330  9122  9187 D ScanRecord: Not a Multi Manu data
07-02 23:01:40.330  9122  9187 D BtGatt.GattService: onScanResult to scannerId: 5- eventType=0x10, addressType=0, address=A6:5, primaryPhy=1, secondaryPhy=0, advertisingSid=0xff, txPower=127, rssi=-81, periodicAdvInt=0x0
07-02 23:01:40.333  8780  9113 D ScanRecord: Not a Multi Manu data
07-02 23:01:40.346  8780  9113 I [+10]oneconnect[1.7.50-21_01][CORE]: BleParserForVD.parseTvPacket - [Name][TV] Samsung 8 Series (55)[DeviceType]TV[Discover]_BLE[Services]None[Connected]false[TvStatus]-128[TvService]96[TvMirrorChannel]1[TvRegisteredDB][83, 91, 0, 0, 0, 0][TvYear]2016[TvOcfInfo]0[TvAcmStatus]0[ExTvStatus]0
07-02 23:01:40.504  5034 32452 I NearbyConnections: ClientProxy(22484637) reporting onPayloadReceived(BazU, -8963223335125741801) [CONTEXT service_id=54 ]
07-02 23:01:40.505  5034 32452 I NearbyConnections: ClientProxy(22484637) reporting onPayloadTransferUpdate(BazU, -8963223335125741801, IN_PROGRESS) [CONTEXT service_id=54 ]
07-02 23:01:40.506 31236 31236 D NearbyFragment: onPayloadReceived(endpointId=BazU, payload=com.google.android.gms.nearby.connection.Payload@b678bcb)
07-02 23:01:40.507 31236 31236 D NearbyFragment: 20200312_150944!003.mp4 from Endpoint{id=BazU, name=Nexus 5X [34d8]} contained no activity
07-02 23:01:40.508 31236 31236 D NearbyFragment: Received all summarised video segments of 20200312_150944
07-02 23:01:40.514  5034 32452 I NearbyConnections: ClientProxy(22484637) reporting onPayloadTransferUpdate(BazU, -8963223335125741801, SUCCESS) [CONTEXT service_id=54 ]
07-02 23:01:40.516 31236 31236 V FileManager: External storage is readable
07-02 23:01:40.517 31236 31236 V FileManager: Directory already exists: /storage/emulated/0/Movies/segment-sum/20200312_150944
07-02 23:01:40.520 31236 31236 D FfmpegTools: Merging /storage/emulated/0/Movies/summarised/20200312_150944.mp4
07-02 23:01:40.605 31236 31236 W FfmpegTools: Single segment returned, duration of 20200312_150944: 7.07
07-02 23:01:40.686 31236 31236 V NearbyFragment: Removing video segment map for 20200312_150944
07-02 23:01:40.687 31236 31236 V NearbyFragment: nextTransfer with selected algorithm: best_or_local
07-02 23:01:40.688 31236 31236 W NearbyFragment: Sending 20200312_151044!001.mp4 to Nexus 5X [34d8]
07-02 23:01:40.690 31236 31236 V NearbyFragment: Transfer to BazU: 100%
07-02 23:01:40.691 31236 31236 V NearbyFragment: Transfer to BazU: 100%
07-02 23:01:40.693  5034 32452 I NearbyConnections: Client 22484637 is sending payload -8942069930557892022 to endpoints [BazU]. [CONTEXT service_id=54 ]
07-02 23:01:40.696  5034 32452 I NearbyConnections: Client 22484637 is sending payload -7509720575881918391 to endpoints [BazU]. [CONTEXT service_id=54 ]
07-02 23:01:40.701  5034 32350 I NearbyConnections: ClientProxy(22484637) reporting onPayloadTransferUpdate(BazU, -8942069930557892022, IN_PROGRESS) [CONTEXT service_id=54 ]
07-02 23:01:40.702 31236 31236 V NearbyFragment: Transfer to BazU: 100%
07-02 23:01:40.702  5034 32350 I NearbyConnections: ClientProxy(22484637) reporting onPayloadTransferUpdate(BazU, -8942069930557892022, SUCCESS) [CONTEXT service_id=54 ]
07-02 23:01:40.703 31236 31236 V NearbyFragment: Transfer to BazU: 100%
07-02 23:01:40.711  5034 32350 I NearbyConnections: ClientProxy(22484637) reporting onPayloadTransferUpdate(BazU, -7509720575881918391, IN_PROGRESS) [CONTEXT service_id=54 ]
07-02 23:01:40.711 31236 31236 V NearbyFragment: Transfer to BazU: 0%
07-02 23:01:40.715  5034 32350 I NearbyConnections: ClientProxy(22484637) reporting onPayloadTransferUpdate(BazU, -7509720575881918391, IN_PROGRESS) [CONTEXT service_id=54 ]
07-02 23:01:40.716 31236 31236 V NearbyFragment: Transfer to BazU: 0%
07-02 23:01:40.719  5034 32350 I NearbyConnections: ClientProxy(22484637) reporting onPayloadTransferUpdate(BazU, -7509720575881918391, IN_PROGRESS) [CONTEXT service_id=54 ]
07-02 23:01:40.720 31236 31236 V NearbyFragment: Transfer to BazU: 1%
07-02 23:01:40.724  5034 32350 I NearbyConnections: ClientProxy(22484637) reporting onPayloadTransferUpdate(BazU, -7509720575881918391, IN_PROGRESS) [CONTEXT service_id=54 ]
07-02 23:01:40.725 31236 31236 V NearbyFragment: Transfer to BazU: 1%
07-02 23:01:40.729  5034 32350 I NearbyConnections: ClientProxy(22484637) reporting onPayloadTransferUpdate(BazU, -7509720575881918391, IN_PROGRESS) [CONTEXT service_id=54 ]
07-02 23:01:40.730 31236 31236 V NearbyFragment: Transfer to BazU: 1%
07-02 23:01:40.737  5034 32350 I NearbyConnections: ClientProxy(22484637) reporting onPayloadTransferUpdate(BazU, -7509720575881918391, IN_PROGRESS) [CONTEXT service_id=54 ]
07-02 23:01:40.738 31236 31236 V NearbyFragment: Transfer to BazU: 2%
07-02 23:01:40.741  5034 32350 I NearbyConnections: ClientProxy(22484637) reporting onPayloadTransferUpdate(BazU, -7509720575881918391, IN_PROGRESS) [CONTEXT service_id=54 ]
07-02 23:01:40.742 31236 31236 V NearbyFragment: Transfer to BazU: 2%
07-02 23:01:40.747  5034 32350 I NearbyConnections: ClientProxy(22484637) reporting onPayloadTransferUpdate(BazU, -7509720575881918391, IN_PROGRESS) [CONTEXT service_id=54 ]
07-02 23:01:40.747 31236 31236 V NearbyFragment: Transfer to BazU: 3%
07-02 23:01:40.751  5034 32350 I NearbyConnections: ClientProxy(22484637) reporting onPayloadTransferUpdate(BazU, -7509720575881918391, IN_PROGRESS) [CONTEXT service_id=54 ]
07-02 23:01:40.752 31236 31236 V NearbyFragment: Transfer to BazU: 3%
07-02 23:01:40.757  5034 32350 I NearbyConnections: ClientProxy(22484637) reporting onPayloadTransferUpdate(BazU, -7509720575881918391, IN_PROGRESS) [CONTEXT service_id=54 ]
07-02 23:01:40.758 31236 31236 V NearbyFragment: Transfer to BazU: 3%
07-02 23:01:40.765  5034 32350 I NearbyConnections: ClientProxy(22484637) reporting onPayloadTransferUpdate(BazU, -7509720575881918391, IN_PROGRESS) [CONTEXT service_id=54 ]
07-02 23:01:40.766 31236 31236 V NearbyFragment: Transfer to BazU: 4%
07-02 23:01:40.769  5034 32350 I NearbyConnections: ClientProxy(22484637) reporting onPayloadTransferUpdate(BazU, -7509720575881918391, IN_PROGRESS) [CONTEXT service_id=54 ]
07-02 23:01:40.770 31236 31236 V NearbyFragment: Transfer to BazU: 4%
07-02 23:01:40.775  5034 32350 I NearbyConnections: ClientProxy(22484637) reporting onPayloadTransferUpdate(BazU, -7509720575881918391, IN_PROGRESS) [CONTEXT service_id=54 ]
07-02 23:01:40.776 31236 31236 V NearbyFragment: Transfer to BazU: 5%
07-02 23:01:40.780  5034 32350 I NearbyConnections: ClientProxy(22484637) reporting onPayloadTransferUpdate(BazU, -7509720575881918391, IN_PROGRESS) [CONTEXT service_id=54 ]
07-02 23:01:40.781 31236 31236 V NearbyFragment: Transfer to BazU: 5%
07-02 23:01:40.785  5034 32350 I NearbyConnections: ClientProxy(22484637) reporting onPayloadTransferUpdate(BazU, -7509720575881918391, IN_PROGRESS) [CONTEXT service_id=54 ]
07-02 23:01:40.785  3574  4120 D bauth_FPBAuthService: pcf : 0x1012, 0 ,2 ,0 ,0 ,0 ,2, 
07-02 23:01:40.785  3574  4120 D bauth_FPBAuthService: thread id : 2, preenroll_flag : 0, nd cnt : 1, cso : 0, et : 0
07-02 23:01:40.786  3574  4120 D bauth_FPBAuthService: FPBAuthService, 9983
07-02 23:01:40.786 31236 31236 V NearbyFragment: Transfer to BazU: 5%
07-02 23:01:40.789  5034 32350 I NearbyConnections: ClientProxy(22484637) reporting onPayloadTransferUpdate(BazU, -7509720575881918391, IN_PROGRESS) [CONTEXT service_id=54 ]
07-02 23:01:40.790 31236 31236 V NearbyFragment: Transfer to BazU: 6%
07-02 23:01:40.795  5034 32350 I NearbyConnections: ClientProxy(22484637) reporting onPayloadTransferUpdate(BazU, -7509720575881918391, IN_PROGRESS) [CONTEXT service_id=54 ]
07-02 23:01:40.796 31236 31236 V NearbyFragment: Transfer to BazU: 6%
07-02 23:01:40.804  5034 32350 I NearbyConnections: ClientProxy(22484637) reporting onPayloadTransferUpdate(BazU, -7509720575881918391, IN_PROGRESS) [CONTEXT service_id=54 ]
07-02 23:01:40.805 31236 31236 V NearbyFragment: Transfer to BazU: 7%
07-02 23:01:40.808  5034 32350 I NearbyConnections: ClientProxy(22484637) reporting onPayloadTransferUpdate(BazU, -7509720575881918391, IN_PROGRESS) [CONTEXT service_id=54 ]
07-02 23:01:40.809 31236 31236 V NearbyFragment: Transfer to BazU: 7%
07-02 23:01:40.813  5034 32350 I NearbyConnections: ClientProxy(22484637) reporting onPayloadTransferUpdate(BazU, -7509720575881918391, IN_PROGRESS) [CONTEXT service_id=54 ]
07-02 23:01:40.814 31236 31236 V NearbyFragment: Transfer to BazU: 7%
07-02 23:01:40.818  5034 32350 I NearbyConnections: ClientProxy(22484637) reporting onPayloadTransferUpdate(BazU, -7509720575881918391, IN_PROGRESS) [CONTEXT service_id=54 ]
07-02 23:01:40.818 31236 31236 V NearbyFragment: Transfer to BazU: 8%
07-02 23:01:40.821  5034 32350 I NearbyConnections: ClientProxy(22484637) reporting onPayloadTransferUpdate(BazU, -7509720575881918391, IN_PROGRESS) [CONTEXT service_id=54 ]
07-02 23:01:40.822 31236 31236 V NearbyFragment: Transfer to BazU: 8%
07-02 23:01:40.827  5034 32350 I NearbyConnections: ClientProxy(22484637) reporting onPayloadTransferUpdate(BazU, -7509720575881918391, IN_PROGRESS) [CONTEXT service_id=54 ]
07-02 23:01:40.827 31236 31236 V NearbyFragment: Transfer to BazU: 8%
07-02 23:01:40.832  5034 32350 I NearbyConnections: ClientProxy(22484637) reporting onPayloadTransferUpdate(BazU, -7509720575881918391, IN_PROGRESS) [CONTEXT service_id=54 ]
07-02 23:01:40.832 31236 31236 V NearbyFragment: Transfer to BazU: 9%
07-02 23:01:40.835  5034 32350 I NearbyConnections: ClientProxy(22484637) reporting onPayloadTransferUpdate(BazU, -7509720575881918391, IN_PROGRESS) [CONTEXT service_id=54 ]
07-02 23:01:40.838 31236 31236 V NearbyFragment: Transfer to BazU: 9%
07-02 23:01:40.841 31236 31236 V NearbyFragment: Transfer to BazU: 10%
07-02 23:01:40.844  5034 32350 I NearbyConnections: ClientProxy(22484637) reporting onPayloadTransferUpdate(BazU, -7509720575881918391, IN_PROGRESS) [CONTEXT service_id=54 ]
07-02 23:01:40.846 31236 31236 V NearbyFragment: Transfer to BazU: 10%
07-02 23:01:40.852  5034 32350 I NearbyConnections: ClientProxy(22484637) reporting onPayloadTransferUpdate(BazU, -7509720575881918391, IN_PROGRESS) [CONTEXT service_id=54 ]
07-02 23:01:40.853  5034 32350 I NearbyConnections: ClientProxy(22484637) reporting onPayloadTransferUpdate(BazU, -7509720575881918391, IN_PROGRESS) [CONTEXT service_id=54 ]
07-02 23:01:40.853 31236 31236 V NearbyFragment: Transfer to BazU: 10%
07-02 23:01:40.980  5034 32350 I NearbyConnections: ClientProxy(22484637) reporting onPayloadTransferUpdate(BazU, -7509720575881918391, IN_PROGRESS) [CONTEXT service_id=54 ]
07-02 23:01:40.981 31236 31236 V NearbyFragment: Transfer to BazU: 11%
07-02 23:01:40.987  5034  5047 I gle.android.gm: Background concurrent copying GC freed 18356(739KB) AllocSpace objects, 319(20MB) LOS objects, 49% free, 17MB/35MB, paused 666us total 158.698ms
07-02 23:01:40.992 31236 31236 V NearbyFragment: Transfer to BazU: 11%
07-02 23:01:40.995  5034 32350 I NearbyConnections: ClientProxy(22484637) reporting onPayloadTransferUpdate(BazU, -7509720575881918391, IN_PROGRESS) [CONTEXT service_id=54 ]
07-02 23:01:40.998 31236 31236 V NearbyFragment: Transfer to BazU: 12%
07-02 23:01:41.000  5034 32350 I NearbyConnections: ClientProxy(22484637) reporting onPayloadTransferUpdate(BazU, -7509720575881918391, IN_PROGRESS) [CONTEXT service_id=54 ]
07-02 23:01:41.002  5034 32350 I NearbyConnections: ClientProxy(22484637) reporting onPayloadTransferUpdate(BazU, -7509720575881918391, IN_PROGRESS) [CONTEXT service_id=54 ]
07-02 23:01:41.002 31236 31236 V NearbyFragment: Transfer to BazU: 12%
07-02 23:01:41.003 31236 31236 V NearbyFragment: Transfer to BazU: 12%
07-02 23:01:41.003  5034 32350 I NearbyConnections: ClientProxy(22484637) reporting onPayloadTransferUpdate(BazU, -7509720575881918391, IN_PROGRESS) [CONTEXT service_id=54 ]
07-02 23:01:41.006  5034 32350 I NearbyConnections: ClientProxy(22484637) reporting onPayloadTransferUpdate(BazU, -7509720575881918391, IN_PROGRESS) [CONTEXT service_id=54 ]
07-02 23:01:41.007 31236 31236 V NearbyFragment: Transfer to BazU: 13%
07-02 23:01:41.010  5034 31970 I NearbyConnections: EndpointManager discarded incoming OfflineFrame of type KEEP_ALIVE because it doesn't have a processor registered. [CONTEXT service_id=54 ]
07-02 23:01:41.013  5034 32453 I NearbyConnections: ClientProxy(22484637) reporting onPayloadTransferUpdate(BazU, -7509720575881918391, IN_PROGRESS) [CONTEXT service_id=54 ]
07-02 23:01:41.014 31236 31236 V NearbyFragment: Transfer to BazU: 13%
07-02 23:01:41.018  5034 32453 I NearbyConnections: ClientProxy(22484637) reporting onPayloadTransferUpdate(BazU, -7509720575881918391, IN_PROGRESS) [CONTEXT service_id=54 ]
07-02 23:01:41.018 31236 31236 V NearbyFragment: Transfer to BazU: 14%
07-02 23:01:41.088  9122  9187 D ScanRecord: Not a Multi Manu data
07-02 23:01:41.089  9122  9187 I chatty  : uid=1002(bluetooth) BT Service Call identical 10 lines
07-02 23:01:41.089  9122  9187 D ScanRecord: Not a Multi Manu data
07-02 23:01:41.089  9122  9187 D BtGatt.GattService: onScanResult to scannerId: 5- eventType=0x10, addressType=0, address=A6:5, primaryPhy=1, secondaryPhy=0, advertisingSid=0xff, txPower=127, rssi=-84, periodicAdvInt=0x0
07-02 23:01:41.090  8780  9113 D ScanRecord: Not a Multi Manu data
07-02 23:01:41.095  8780  9113 I [+10]oneconnect[1.7.50-21_01][CORE]: BleParserForVD.parseTvPacket - [Name][TV] Samsung 8 Series (55)[DeviceType]TV[Discover]_BLE[Services]None[Connected]false[TvStatus]-128[TvService]96[TvMirrorChannel]1[TvRegisteredDB][83, 91, 0, 0, 0, 0][TvYear]2016[TvOcfInfo]0[TvAcmStatus]0[ExTvStatus]0
07-02 23:01:41.254  5034 32453 I NearbyConnections: ClientProxy(22484637) reporting onPayloadTransferUpdate(BazU, -7509720575881918391, IN_PROGRESS) [CONTEXT service_id=54 ]
07-02 23:01:41.257 31236 31236 V NearbyFragment: Transfer to BazU: 14%
07-02 23:01:41.271  5034 32453 I NearbyConnections: ClientProxy(22484637) reporting onPayloadTransferUpdate(BazU, -7509720575881918391, IN_PROGRESS) [CONTEXT service_id=54 ]
07-02 23:01:41.273 31236 31236 V NearbyFragment: Transfer to BazU: 14%
07-02 23:01:41.280  5034 32453 I NearbyConnections: ClientProxy(22484637) reporting onPayloadTransferUpdate(BazU, -7509720575881918391, IN_PROGRESS) [CONTEXT service_id=54 ]
07-02 23:01:41.281 31236 31236 V NearbyFragment: Transfer to BazU: 15%
07-02 23:01:41.288  5034 32453 I NearbyConnections: ClientProxy(22484637) reporting onPayloadTransferUpdate(BazU, -7509720575881918391, IN_PROGRESS) [CONTEXT service_id=54 ]
07-02 23:01:41.289 31236 31236 V NearbyFragment: Transfer to BazU: 15%
07-02 23:01:41.295  5034 32453 I NearbyConnections: ClientProxy(22484637) reporting onPayloadTransferUpdate(BazU, -7509720575881918391, IN_PROGRESS) [CONTEXT service_id=54 ]
07-02 23:01:41.297 31236 31236 V NearbyFragment: Transfer to BazU: 15%
07-02 23:01:41.302  5034 32453 I NearbyConnections: ClientProxy(22484637) reporting onPayloadTransferUpdate(BazU, -7509720575881918391, IN_PROGRESS) [CONTEXT service_id=54 ]
07-02 23:01:41.303 31236 31236 V NearbyFragment: Transfer to BazU: 16%
07-02 23:01:41.304  4898  4898 D io_stats: !@   8,0 r 500324 31400844 w 93699 4951728 d 6069 3474204 f 21841 22296 iot 223536 193845 th 307200 0 0 pt 0 inp 0 0 11770.335
07-02 23:01:41.311  5034 32453 I NearbyConnections: ClientProxy(22484637) reporting onPayloadTransferUpdate(BazU, -7509720575881918391, IN_PROGRESS) [CONTEXT service_id=54 ]
07-02 23:01:41.312 31236 31236 V NearbyFragment: Transfer to BazU: 16%
07-02 23:01:41.315  5034 32453 I NearbyConnections: ClientProxy(22484637) reporting onPayloadTransferUpdate(BazU, -7509720575881918391, IN_PROGRESS) [CONTEXT service_id=54 ]
07-02 23:01:41.317 31236 31236 V NearbyFragment: Transfer to BazU: 17%
07-02 23:01:41.322  5034 32453 I NearbyConnections: ClientProxy(22484637) reporting onPayloadTransferUpdate(BazU, -7509720575881918391, IN_PROGRESS) [CONTEXT service_id=54 ]
07-02 23:01:41.323 31236 31236 V NearbyFragment: Transfer to BazU: 17%
07-02 23:01:41.329  5034 32453 I NearbyConnections: ClientProxy(22484637) reporting onPayloadTransferUpdate(BazU, -7509720575881918391, IN_PROGRESS) [CONTEXT service_id=54 ]
07-02 23:01:41.330 31236 31236 V NearbyFragment: Transfer to BazU: 17%
07-02 23:01:41.335  5034 32453 I NearbyConnections: ClientProxy(22484637) reporting onPayloadTransferUpdate(BazU, -7509720575881918391, IN_PROGRESS) [CONTEXT service_id=54 ]
07-02 23:01:41.336 31236 31236 V NearbyFragment: Transfer to BazU: 18%
07-02 23:01:41.342  5034 32453 I NearbyConnections: ClientProxy(22484637) reporting onPayloadTransferUpdate(BazU, -7509720575881918391, IN_PROGRESS) [CONTEXT service_id=54 ]
07-02 23:01:41.343 31236 31236 V NearbyFragment: Transfer to BazU: 18%
07-02 23:01:41.345  3549  3618 D Netd    : notify() code: 601, msg: limit alert globalAlert p2p-wlan0-0
07-02 23:01:41.347  5034 32453 I NearbyConnections: ClientProxy(22484637) reporting onPayloadTransferUpdate(BazU, -7509720575881918391, IN_PROGRESS) [CONTEXT service_id=54 ]
07-02 23:01:41.348 31236 31236 V NearbyFragment: Transfer to BazU: 19%
07-02 23:01:41.350  3825  4062 W BestClock: java.time.DateTimeException: Missing NTP fix
07-02 23:01:41.353 31236 31236 V NearbyFragment: Transfer to BazU: 19%
07-02 23:01:41.352  5034 32453 I NearbyConnections: ClientProxy(22484637) reporting onPayloadTransferUpdate(BazU, -7509720575881918391, IN_PROGRESS) [CONTEXT service_id=54 ]
07-02 23:01:41.354  3549  3549 E IptablesRestoreController: [iptables debug]iptables-restore execute *filter
07-02 23:01:41.354  3549  3549 E IptablesRestoreController: -nvx -L tetherctrl_counters
07-02 23:01:41.354  3549  3549 E IptablesRestoreController: COMMIT
07-02 23:01:41.356  3549  3549 E IptablesRestoreController: [iptables debug]iptables-restore execute done *filter
07-02 23:01:41.356  3549  3549 E IptablesRestoreController: -nvx -L tetherctrl_counters
07-02 23:01:41.356  3549  3549 E IptablesRestoreController: COMMIT
07-02 23:01:41.356  3549  3549 E IptablesRestoreController: , res : 0
07-02 23:01:41.357  3549  3549 E IptablesRestoreController: [iptables debug]iptables-restore execute *filter
07-02 23:01:41.357  3549  3549 E IptablesRestoreController: -nvx -L tetherctrl_counters
07-02 23:01:41.357  3549  3549 E IptablesRestoreController: COMMIT
07-02 23:01:41.358 31236 31236 V NearbyFragment: Transfer to BazU: 19%
07-02 23:01:41.359  3549  3549 E IptablesRestoreController: [iptables debug]iptables-restore execute done *filter
07-02 23:01:41.359  3549  3549 E IptablesRestoreController: -nvx -L tetherctrl_counters
07-02 23:01:41.359  3549  3549 E IptablesRestoreController: COMMIT
07-02 23:01:41.359  3549  3549 E IptablesRestoreController: , res : 0
07-02 23:01:41.360  5034 32453 I NearbyConnections: ClientProxy(22484637) reporting onPayloadTransferUpdate(BazU, -7509720575881918391, IN_PROGRESS) [CONTEXT service_id=54 ]
07-02 23:01:41.362  5034 32350 I NearbyConnections: ClientProxy(22484637) reporting onPayloadTransferUpdate(BazU, -7509720575881918391, IN_PROGRESS) [CONTEXT service_id=54 ]
07-02 23:01:41.363 31236 31236 V NearbyFragment: Transfer to BazU: 20%
07-02 23:01:41.365  5034 32350 I NearbyConnections: ClientProxy(22484637) reporting onPayloadTransferUpdate(BazU, -7509720575881918391, IN_PROGRESS) [CONTEXT service_id=54 ]
07-02 23:01:41.366 31236 31236 V NearbyFragment: Transfer to BazU: 20%
07-02 23:01:41.369  3825  4062 W BestClock: java.time.DateTimeException: Missing NTP fix
07-02 23:01:41.371  5034 32350 I NearbyConnections: ClientProxy(22484637) reporting onPayloadTransferUpdate(BazU, -7509720575881918391, IN_PROGRESS) [CONTEXT service_id=54 ]
