07-02 23:27:54.236  5128  5640 I chatty  : uid=10568(com.example.edgesum) identical 1 line
07-02 23:27:54.236  5128  5640 I mobile-ffmpeg: 
07-02 23:27:54.236  5128  5640 I mobile-ffmpeg: 
07-02 23:27:54.236  5128  5640 I mobile-ffmpeg: 
07-02 23:27:54.236  5128  5640 I chatty  : uid=10568(com.example.edgesum) identical 1 line
07-02 23:27:54.236  5128  5640 I mobile-ffmpeg: 
07-02 23:27:54.236  5128  5640 I mobile-ffmpeg:     minor_version   : 
07-02 23:27:54.237  5128  5640 I mobile-ffmpeg: 
07-02 23:27:54.237  5128  5640 I chatty  : uid=10568(com.example.edgesum) identical 1 line
07-02 23:27:54.237  5128  5640 I mobile-ffmpeg: 
07-02 23:27:54.237  5128  5640 I mobile-ffmpeg: 1
07-02 23:27:54.237  5128  5640 I mobile-ffmpeg: 
07-02 23:27:54.237  5128  5640 I chatty  : uid=10568(com.example.edgesum) identical 1 line
07-02 23:27:54.237  5128  5640 I mobile-ffmpeg: 
07-02 23:27:54.237  5128  5640 I mobile-ffmpeg: 
07-02 23:27:54.237  5128  5640 I mobile-ffmpeg: 
07-02 23:27:54.237  5128  5640 I chatty  : uid=10568(com.example.edgesum) identical 1 line
07-02 23:27:54.237  5128  5640 I mobile-ffmpeg: 
07-02 23:27:54.237  5128  5640 I mobile-ffmpeg:     encoder         : 
07-02 23:27:54.237  5128  5640 I mobile-ffmpeg: 
07-02 23:27:54.237  5128  5640 I chatty  : uid=10568(com.example.edgesum) identical 1 line
07-02 23:27:54.237  5128  5640 I mobile-ffmpeg: 
07-02 23:27:54.237  5128  5640 I mobile-ffmpeg: Lavf58.28.101
07-02 23:27:54.237  5128  5640 I mobile-ffmpeg: 
07-02 23:27:54.237  5128  5640 I chatty  : uid=10568(com.example.edgesum) identical 1 line
07-02 23:27:54.237  5128  5640 I mobile-ffmpeg: 
07-02 23:27:54.237  5128  5640 I mobile-ffmpeg: 
07-02 23:27:54.237  5128  5640 I mobile-ffmpeg: 
07-02 23:27:54.237  5128  5640 I chatty  : uid=10568(com.example.edgesum) identical 1 line
07-02 23:27:54.237  5128  5640 I mobile-ffmpeg: 
07-02 23:27:54.237  5128  5640 I mobile-ffmpeg:     Stream #0:0
07-02 23:27:54.237  5128  5640 I mobile-ffmpeg: 
07-02 23:27:54.237  5128  5640 I chatty  : uid=10568(com.example.edgesum) identical 1 line
07-02 23:27:54.237  5128  5640 I mobile-ffmpeg: 
07-02 23:27:54.237  5128  5640 I mobile-ffmpeg: (eng)
07-02 23:27:54.237  5128  5640 I mobile-ffmpeg: 
07-02 23:27:54.237  5128  5640 I chatty  : uid=10568(com.example.edgesum) identical 1 line
07-02 23:27:54.237  5128  5640 I mobile-ffmpeg: 
07-02 23:27:54.237  5128  5640 I mobile-ffmpeg: : Video: h264 (avc1 / 0x31637661), yuvj420p(pc, bt709), 1280x720, q=2-31, 8395 kb/s
07-02 23:27:54.237  5128  5640 I mobile-ffmpeg: 
07-02 23:27:54.237  5128  5640 I chatty  : uid=10568(com.example.edgesum) identical 1 line
07-02 23:27:54.238  5128  5640 I mobile-ffmpeg: 
07-02 23:27:54.238  5128  5640 I mobile-ffmpeg: , 
07-02 23:27:54.238  5128  5640 I mobile-ffmpeg: 
07-02 23:27:54.238  5128  5640 I chatty  : uid=10568(com.example.edgesum) identical 1 line
07-02 23:27:54.238  5128  5640 I mobile-ffmpeg: 
07-02 23:27:54.238  5128  5640 I mobile-ffmpeg: 29.97 fps, 
07-02 23:27:54.238  5128  5640 I mobile-ffmpeg: 
07-02 23:27:54.238  5128  5640 I chatty  : uid=10568(com.example.edgesum) identical 1 line
07-02 23:27:54.238  5128  5640 I mobile-ffmpeg: 
07-02 23:27:54.238  5128  5640 I mobile-ffmpeg: 29.97 tbr, 
07-02 23:27:54.238  5128  5640 I mobile-ffmpeg: 
07-02 23:27:54.238  5128  5640 I chatty  : uid=10568(com.example.edgesum) identical 1 line
07-02 23:27:54.238  5128  5640 I mobile-ffmpeg: 
07-02 23:27:54.238  5128  5640 I mobile-ffmpeg: 16k tbn, 
07-02 23:27:54.238  5128  5640 I mobile-ffmpeg: 
07-02 23:27:54.238  5128  5640 I chatty  : uid=10568(com.example.edgesum) identical 1 line
07-02 23:27:54.238  5128  5640 I mobile-ffmpeg: 
07-02 23:27:54.238  5128  5640 I mobile-ffmpeg: 1k tbc
07-02 23:27:54.238  5128  5640 I mobile-ffmpeg: 
07-02 23:27:54.238  5128  5640 I chatty  : uid=10568(com.example.edgesum) identical 1 line
07-02 23:27:54.238  5128  5640 I mobile-ffmpeg: 
07-02 23:27:54.238  5128  5640 I mobile-ffmpeg:  (default)
07-02 23:27:54.238  5128  5640 I mobile-ffmpeg: 
07-02 23:27:54.238  5128  5640 I chatty  : uid=10568(com.example.edgesum) identical 1 line
07-02 23:27:54.238  5128  5640 I mobile-ffmpeg: 
07-02 23:27:54.238  5128  5640 I mobile-ffmpeg: 
07-02 23:27:54.238  5128  5640 I mobile-ffmpeg: 
07-02 23:27:54.238  5128  5640 I chatty  : uid=10568(com.example.edgesum) identical 1 line
07-02 23:27:54.238  5128  5640 I mobile-ffmpeg: 
07-02 23:27:54.238  5128  5640 I mobile-ffmpeg:     Metadata:
07-02 23:27:54.238  5128  5640 I mobile-ffmpeg: 
07-02 23:27:54.238  5128  5640 I chatty  : uid=10568(com.example.edgesum) identical 1 line
07-02 23:27:54.239  5128  5640 I mobile-ffmpeg: 
07-02 23:27:54.239  5128  5640 I mobile-ffmpeg:       creation_time   : 
07-02 23:27:54.239  5128  5640 I mobile-ffmpeg: 
07-02 23:27:54.239  5128  5640 I chatty  : uid=10568(com.example.edgesum) identical 1 line
07-02 23:27:54.239  5128  5640 I mobile-ffmpeg: 
07-02 23:27:54.239  5128  5640 I mobile-ffmpeg: 2020-03-12T08:37:28.000000Z
07-02 23:27:54.239  5128  5640 I mobile-ffmpeg: 
07-02 23:27:54.239  5128  5640 I chatty  : uid=10568(com.example.edgesum) identical 1 line
07-02 23:27:54.239  5128  5640 I mobile-ffmpeg: 
07-02 23:27:54.239  5128  5640 I mobile-ffmpeg: 
07-02 23:27:54.239  5128  5640 I mobile-ffmpeg: 
07-02 23:27:54.239  5128  5640 I chatty  : uid=10568(com.example.edgesum) identical 1 line
07-02 23:27:54.239  5128  5640 I mobile-ffmpeg: 
07-02 23:27:54.239  5128  5640 I mobile-ffmpeg:       handler_name    : 
07-02 23:27:54.239  5128  5640 I mobile-ffmpeg: 
07-02 23:27:54.239  5128  5640 I chatty  : uid=10568(com.example.edgesum) identical 1 line
07-02 23:27:54.239  5128  5640 I mobile-ffmpeg: 
07-02 23:27:54.239  5128  5640 I mobile-ffmpeg: PittaSoft Video Media Handler
07-02 23:27:54.239  5128  5640 I mobile-ffmpeg: 
07-02 23:27:54.239  5128  5640 I chatty  : uid=10568(com.example.edgesum) identical 1 line
07-02 23:27:54.239  5128  5640 I mobile-ffmpeg: 
07-02 23:27:54.239  5128  5640 I mobile-ffmpeg: 
07-02 23:27:54.239  5128  5640 I mobile-ffmpeg: 
07-02 23:27:54.239  5128  5640 I chatty  : uid=10568(com.example.edgesum) identical 1 line
07-02 23:27:54.325  5128  5640 I mobile-ffmpeg: 
07-02 23:27:54.325  5128  5640 I mobile-ffmpeg: [segment @ 0x7034d32e00] 
07-02 23:27:54.325  5128  5640 I mobile-ffmpeg: 
07-02 23:27:54.325  5128  5640 I mobile-ffmpeg: Opening '/storage/emulated/0/Movies/segment/20200312_193628/20200312_193628!001.mp4' for writing
07-02 23:27:54.395  5128  5640 I mobile-ffmpeg: 
07-02 23:27:54.395  5128  5640 I mobile-ffmpeg: [segment @ 0x7034d32e00] 
07-02 23:27:54.395  5128  5640 I mobile-ffmpeg: 
07-02 23:27:54.395  5128  5640 I mobile-ffmpeg: Opening '/storage/emulated/0/Movies/segment/20200312_193628/20200312_193628!002.mp4' for writing
07-02 23:27:54.450  5128  5640 I mobile-ffmpeg: 
07-02 23:27:54.450  5128  5640 I mobile-ffmpeg: [segment @ 0x7034d32e00] 
07-02 23:27:54.450  5128  5640 I mobile-ffmpeg: 
07-02 23:27:54.450  5128  5640 I mobile-ffmpeg: Opening '/storage/emulated/0/Movies/segment/20200312_193628/20200312_193628!003.mp4' for writing
07-02 23:27:54.492  5128  5640 I mobile-ffmpeg: 
07-02 23:27:54.492  5128  5640 I chatty  : uid=10568(com.example.edgesum) identical 1 line
07-02 23:27:54.492  5128  5640 I mobile-ffmpeg: 
07-02 23:27:54.492  5128  5640 I mobile-ffmpeg: frame= 1800 fps=0.0 q=-1.0 Lsize=N/A time=00:01:00.03 bitrate=N/A speed= 231x    
07-02 23:27:54.492  5128  5640 I mobile-ffmpeg: 
07-02 23:27:54.492  5128  5640 I chatty  : uid=10568(com.example.edgesum) identical 1 line
07-02 23:27:54.492  5128  5640 I mobile-ffmpeg: 
07-02 23:27:54.492  5128  5640 I mobile-ffmpeg: video:61514kB audio:346kB subtitle:0kB other streams:0kB global headers:0kB muxing overhead: 
07-02 23:27:54.492  5128  5640 I mobile-ffmpeg: 
07-02 23:27:54.492  5128  5640 I chatty  : uid=10568(com.example.edgesum) identical 1 line
07-02 23:27:54.492  5128  5640 I mobile-ffmpeg: 
07-02 23:27:54.492  5128  5640 I mobile-ffmpeg: unknown
07-02 23:27:54.492  5128  5640 I mobile-ffmpeg: 
07-02 23:27:54.492  5128  5640 I chatty  : uid=10568(com.example.edgesum) identical 1 line
07-02 23:27:54.492  5128  5640 I mobile-ffmpeg: 
07-02 23:27:54.492  5128  5640 I mobile-ffmpeg: 
07-02 23:27:54.495  5128  5608 V FileManager: External storage is readable
07-02 23:27:54.495  5128  5608 V FileManager: Directory already exists: /storage/emulated/0/Movies/segment/20200312_193628
07-02 23:27:54.496  5128  5608 V NearbyFragment: nextTransfer with selected algorithm: best_or_local
07-02 23:27:54.497  5128  5608 W NearbyFragment: Sending 20200312_193628!000.mp4 to Nexus 5X [34d8]
07-02 23:27:54.498  9122  9187 D ScanRecord: Not a Multi Manu data
07-02 23:27:54.499  9122  9187 I chatty  : uid=1002(bluetooth) BT Service Call identical 10 lines
07-02 23:27:54.499  9122  9187 D ScanRecord: Not a Multi Manu data
07-02 23:27:54.499  9122  9187 D BtGatt.GattService: onScanResult to scannerId: 5- eventType=0x10, addressType=0, address=A6:5, primaryPhy=1, secondaryPhy=0, advertisingSid=0xff, txPower=127, rssi=-85, periodicAdvInt=0x0
07-02 23:27:54.500  5034  5904 I NearbyConnections: Client 22484637 is sending payload -7906655425297321672 to endpoints [HC0V]. [CONTEXT service_id=54 ]
07-02 23:27:54.500  5034  5904 I NearbyConnections: Client 22484637 is sending payload -7953902247767731423 to endpoints [HC0V]. [CONTEXT service_id=54 ]
07-02 23:27:54.501  8780  9113 D ScanRecord: Not a Multi Manu data
07-02 23:27:54.506  8780  9113 I [+10]oneconnect[1.7.50-21_01][CORE]: BleParserForVD.parseTvPacket - [Name][TV] Samsung 8 Series (55)[DeviceType]TV[Discover]_BLE[Services]None[Connected]false[TvStatus]-128[TvService]96[TvMirrorChannel]1[TvRegisteredDB][83, 91, 0, 0, 0, 0][TvYear]2016[TvOcfInfo]0[TvAcmStatus]0[ExTvStatus]0
07-02 23:27:54.511  5034  6250 I NearbyConnections: ClientProxy(22484637) reporting onPayloadTransferUpdate(HC0V, -7906655425297321672, IN_PROGRESS) [CONTEXT service_id=54 ]
07-02 23:27:54.511  5128  5128 V NearbyFragment: Transfer to HC0V: 100%
07-02 23:27:54.511  5128  5128 V NearbyFragment: Transfer to HC0V: 100%
07-02 23:27:54.511  5034  6250 I NearbyConnections: ClientProxy(22484637) reporting onPayloadTransferUpdate(HC0V, -7906655425297321672, SUCCESS) [CONTEXT service_id=54 ]
07-02 23:27:54.517  5034  6250 I NearbyConnections: ClientProxy(22484637) reporting onPayloadTransferUpdate(HC0V, -7953902247767731423, IN_PROGRESS) [CONTEXT service_id=54 ]
07-02 23:27:54.517  5128  5128 V NearbyFragment: Transfer to HC0V: 0%
07-02 23:27:54.520  5128  5128 V NearbyFragment: Transfer to HC0V: 0%
07-02 23:27:54.520  5034  6250 I NearbyConnections: ClientProxy(22484637) reporting onPayloadTransferUpdate(HC0V, -7953902247767731423, IN_PROGRESS) [CONTEXT service_id=54 ]
07-02 23:27:54.523  5128  5128 V NearbyFragment: Transfer to HC0V: 1%
07-02 23:27:54.523  5034  6250 I NearbyConnections: ClientProxy(22484637) reporting onPayloadTransferUpdate(HC0V, -7953902247767731423, IN_PROGRESS) [CONTEXT service_id=54 ]
07-02 23:27:54.527  5034  6250 I NearbyConnections: ClientProxy(22484637) reporting onPayloadTransferUpdate(HC0V, -7953902247767731423, IN_PROGRESS) [CONTEXT service_id=54 ]
07-02 23:27:54.528  5128  5128 V NearbyFragment: Transfer to HC0V: 1%
07-02 23:27:54.530  5034  6250 I NearbyConnections: ClientProxy(22484637) reporting onPayloadTransferUpdate(HC0V, -7953902247767731423, IN_PROGRESS) [CONTEXT service_id=54 ]
07-02 23:27:54.531  5128  5128 V NearbyFragment: Transfer to HC0V: 1%
07-02 23:27:54.534  5034  6250 I NearbyConnections: ClientProxy(22484637) reporting onPayloadTransferUpdate(HC0V, -7953902247767731423, IN_PROGRESS) [CONTEXT service_id=54 ]
07-02 23:27:54.535  5128  5128 V NearbyFragment: Transfer to HC0V: 2%
07-02 23:27:54.538  5034  6250 I NearbyConnections: ClientProxy(22484637) reporting onPayloadTransferUpdate(HC0V, -7953902247767731423, IN_PROGRESS) [CONTEXT service_id=54 ]
07-02 23:27:54.538  5128  5128 V NearbyFragment: Transfer to HC0V: 2%
07-02 23:27:54.544  5128  5128 V NearbyFragment: Transfer to HC0V: 3%
07-02 23:27:54.547  5034  6250 I NearbyConnections: ClientProxy(22484637) reporting onPayloadTransferUpdate(HC0V, -7953902247767731423, IN_PROGRESS) [CONTEXT service_id=54 ]
07-02 23:27:54.548  5034  6250 I NearbyConnections: ClientProxy(22484637) reporting onPayloadTransferUpdate(HC0V, -7953902247767731423, IN_PROGRESS) [CONTEXT service_id=54 ]
07-02 23:27:54.548  5128  5128 V NearbyFragment: Transfer to HC0V: 3%
07-02 23:27:54.556  5034  6250 I NearbyConnections: ClientProxy(22484637) reporting onPayloadTransferUpdate(HC0V, -7953902247767731423, IN_PROGRESS) [CONTEXT service_id=54 ]
07-02 23:27:54.557  5128  5128 V NearbyFragment: Transfer to HC0V: 3%
07-02 23:27:54.557  5034  6250 I NearbyConnections: ClientProxy(22484637) reporting onPayloadTransferUpdate(HC0V, -7953902247767731423, IN_PROGRESS) [CONTEXT service_id=54 ]
07-02 23:27:54.557  5128  5128 V NearbyFragment: Transfer to HC0V: 4%
07-02 23:27:54.559  5128  5128 V NearbyFragment: Transfer to HC0V: 4%
07-02 23:27:54.559  5034  6250 I NearbyConnections: ClientProxy(22484637) reporting onPayloadTransferUpdate(HC0V, -7953902247767731423, IN_PROGRESS) [CONTEXT service_id=54 ]
07-02 23:27:54.563  5034  6250 I NearbyConnections: ClientProxy(22484637) reporting onPayloadTransferUpdate(HC0V, -7953902247767731423, IN_PROGRESS) [CONTEXT service_id=54 ]
07-02 23:27:54.564  5128  5128 V NearbyFragment: Transfer to HC0V: 5%
07-02 23:27:54.567  5034  6250 I NearbyConnections: ClientProxy(22484637) reporting onPayloadTransferUpdate(HC0V, -7953902247767731423, IN_PROGRESS) [CONTEXT service_id=54 ]
07-02 23:27:54.568  5128  5128 V NearbyFragment: Transfer to HC0V: 5%
07-02 23:27:54.571  5034  6250 I NearbyConnections: ClientProxy(22484637) reporting onPayloadTransferUpdate(HC0V, -7953902247767731423, IN_PROGRESS) [CONTEXT service_id=54 ]
07-02 23:27:54.572  5128  5128 V NearbyFragment: Transfer to HC0V: 5%
07-02 23:27:54.576  5034  6250 I NearbyConnections: ClientProxy(22484637) reporting onPayloadTransferUpdate(HC0V, -7953902247767731423, IN_PROGRESS) [CONTEXT service_id=54 ]
07-02 23:27:54.576  5128  5128 V NearbyFragment: Transfer to HC0V: 6%
07-02 23:27:54.579  5034  6250 I NearbyConnections: ClientProxy(22484637) reporting onPayloadTransferUpdate(HC0V, -7953902247767731423, IN_PROGRESS) [CONTEXT service_id=54 ]
07-02 23:27:54.579  5128  5128 V NearbyFragment: Transfer to HC0V: 6%
07-02 23:27:54.584  5034  6250 I NearbyConnections: ClientProxy(22484637) reporting onPayloadTransferUpdate(HC0V, -7953902247767731423, IN_PROGRESS) [CONTEXT service_id=54 ]
07-02 23:27:54.584  5128  5128 V NearbyFragment: Transfer to HC0V: 6%
07-02 23:27:54.589  5034  6250 I NearbyConnections: ClientProxy(22484637) reporting onPayloadTransferUpdate(HC0V, -7953902247767731423, IN_PROGRESS) [CONTEXT service_id=54 ]
07-02 23:27:54.589  5128  5128 V NearbyFragment: Transfer to HC0V: 7%
07-02 23:27:54.598  5034  6250 I NearbyConnections: ClientProxy(22484637) reporting onPayloadTransferUpdate(HC0V, -7953902247767731423, IN_PROGRESS) [CONTEXT service_id=54 ]
07-02 23:27:54.598  5128  5128 V NearbyFragment: Transfer to HC0V: 7%
07-02 23:27:54.598  5034  6250 I NearbyConnections: ClientProxy(22484637) reporting onPayloadTransferUpdate(HC0V, -7953902247767731423, IN_PROGRESS) [CONTEXT service_id=54 ]
07-02 23:27:54.598  5128  5128 V NearbyFragment: Transfer to HC0V: 8%
07-02 23:27:54.650  3574  4120 D bauth_FPBAuthService: pcf : 0x1012, 0 ,2 ,0 ,0 ,0 ,2, 
07-02 23:27:54.650  3574  4120 D bauth_FPBAuthService: thread id : 2, preenroll_flag : 0, nd cnt : 1, cso : 0, et : 0
07-02 23:27:54.650  3574  4120 D bauth_FPBAuthService: FPBAuthService, 9983
07-02 23:27:54.675  5034  5047 I gle.android.gm: Background concurrent copying GC freed 28967(1100KB) AllocSpace objects, 557(36MB) LOS objects, 49% free, 23MB/47MB, paused 142us total 137.685ms
07-02 23:27:54.894  3825  4066 D WifiTrafficPoller: TrafficStats TxPkts=706967 RxPkts=1503991 TxBytes=36981003 RxBytes=2255263283 , Foreground uid=10568 pkgName=com.example.edgesum TxPackets=702814 RxPackets=1503002 TxBytes=36626970 RxBytes=2254137524
07-02 23:27:55.055  3825  3863 D ConnectivityService: filterNetworkStateForUid() uid: 1000, pid: 3825
07-02 23:27:55.055  3825  3863 D ConnectivityService: filterNetworkStateForUid() uid: 1000, pid: 3825, networkInfo: [type: WIFI[], state: CONNECTED/CONNECTED, reason: (unspecified), extra: (none), failover: false, available: true, roaming: false]
07-02 23:27:55.067  3825  3863 D NetworkManagement: ReportBigdata failReason = 255 failServer = 0
07-02 23:27:55.067  3825  3863 W ContextImpl: Calling a method in the system process without a qualified user: android.app.ContextImpl.sendBroadcast:1067 com.android.server.NetworkManagementService$NetdCallbackReceiver.onEvent:1268 com.android.server.NativeDaemonConnector.handleMessage:160 android.os.Handler.dispatchMessage:102 android.os.Looper.loop:214 
07-02 23:27:55.067  3825  3863 I chatty  : uid=1000(system) android.fg identical 2 lines
07-02 23:27:55.067  3825  3863 D NetworkManagement: ReportBigdata failReason = 255 failServer = 0
07-02 23:27:55.068  3825  3863 D NetworkManagement: ReportBigdata totalSuccess = 4
07-02 23:27:55.068  3825  3825 D MDC     : onReceive com.samsung.intent.action.BIG_DATA_MOBILE_DATA
07-02 23:27:55.069  3825  3825 D MDC     : category = DNSE
07-02 23:27:55.069  3825  3851 I MDC     : addDnsData
07-02 23:27:55.069  3825  3851 I MDC     : mDnsList.size: 12
07-02 23:27:55.069  3825  3851 I MDC     : Dns is full. just return
07-02 23:27:55.073  5034  6250 I NearbyConnections: ClientProxy(22484637) reporting onPayloadTransferUpdate(HC0V, -7953902247767731423, IN_PROGRESS) [CONTEXT service_id=54 ]
07-02 23:27:55.074  5128  5128 V NearbyFragment: Transfer to HC0V: 8%
07-02 23:27:55.077  5034  6250 I NearbyConnections: ClientProxy(22484637) reporting onPayloadTransferUpdate(HC0V, -7953902247767731423, IN_PROGRESS) [CONTEXT service_id=54 ]
07-02 23:27:55.078  5128  5128 V NearbyFragment: Transfer to HC0V: 8%
07-02 23:27:55.080  5034  6250 I NearbyConnections: ClientProxy(22484637) reporting onPayloadTransferUpdate(HC0V, -7953902247767731423, IN_PROGRESS) [CONTEXT service_id=54 ]
07-02 23:27:55.081  5128  5128 V NearbyFragment: Transfer to HC0V: 9%
07-02 23:27:55.084  5034  6250 I NearbyConnections: ClientProxy(22484637) reporting onPayloadTransferUpdate(HC0V, -7953902247767731423, IN_PROGRESS) [CONTEXT service_id=54 ]
07-02 23:27:55.084  5128  5128 V NearbyFragment: Transfer to HC0V: 9%
07-02 23:27:55.087  5034  6250 I NearbyConnections: ClientProxy(22484637) reporting onPayloadTransferUpdate(HC0V, -7953902247767731423, IN_PROGRESS) [CONTEXT service_id=54 ]
07-02 23:27:55.088  5128  5128 V NearbyFragment: Transfer to HC0V: 10%
07-02 23:27:55.090  5034  6250 I NearbyConnections: ClientProxy(22484637) reporting onPayloadTransferUpdate(HC0V, -7953902247767731423, IN_PROGRESS) [CONTEXT service_id=54 ]
07-02 23:27:55.091  5128  5128 V NearbyFragment: Transfer to HC0V: 10%
07-02 23:27:55.094  5034  6250 I NearbyConnections: ClientProxy(22484637) reporting onPayloadTransferUpdate(HC0V, -7953902247767731423, IN_PROGRESS) [CONTEXT service_id=54 ]
07-02 23:27:55.094  5128  5128 V NearbyFragment: Transfer to HC0V: 10%
07-02 23:27:55.096  5034  6250 I NearbyConnections: ClientProxy(22484637) reporting onPayloadTransferUpdate(HC0V, -7953902247767731423, IN_PROGRESS) [CONTEXT service_id=54 ]
07-02 23:27:55.097  5128  5128 V NearbyFragment: Transfer to HC0V: 11%
07-02 23:27:55.255  9122  9187 D ScanRecord: Not a Multi Manu data
07-02 23:27:55.255  9122  9187 I chatty  : uid=1002(bluetooth) BT Service Call identical 10 lines
07-02 23:27:55.256  9122  9187 D ScanRecord: Not a Multi Manu data
07-02 23:27:55.256  9122  9187 D BtGatt.GattService: onScanResult to scannerId: 5- eventType=0x10, addressType=0, address=A6:5, primaryPhy=1, secondaryPhy=0, advertisingSid=0xff, txPower=127, rssi=-82, periodicAdvInt=0x0
07-02 23:27:55.257  8780  9113 D ScanRecord: Not a Multi Manu data
07-02 23:27:55.262  8780  9113 I [+10]oneconnect[1.7.50-21_01][CORE]: BleParserForVD.parseTvPacket - [Name][TV] Samsung 8 Series (55)[DeviceType]TV[Discover]_BLE[Services]None[Connected]false[TvStatus]-128[TvService]96[TvMirrorChannel]1[TvRegisteredDB][83, 91, 0, 0, 0, 0][TvYear]2016[TvOcfInfo]0[TvAcmStatus]0[ExTvStatus]0
07-02 23:27:55.402  5034  6250 I NearbyConnections: ClientProxy(22484637) reporting onPayloadTransferUpdate(HC0V, -7953902247767731423, IN_PROGRESS) [CONTEXT service_id=54 ]
07-02 23:27:55.403  5128  5128 V NearbyFragment: Transfer to HC0V: 11%
07-02 23:27:55.406  5034  6250 I NearbyConnections: ClientProxy(22484637) reporting onPayloadTransferUpdate(HC0V, -7953902247767731423, IN_PROGRESS) [CONTEXT service_id=54 ]
07-02 23:27:55.408  5128  5128 V NearbyFragment: Transfer to HC0V: 11%
07-02 23:27:55.411  5034  6250 I NearbyConnections: ClientProxy(22484637) reporting onPayloadTransferUpdate(HC0V, -7953902247767731423, IN_PROGRESS) [CONTEXT service_id=54 ]
07-02 23:27:55.412  5128  5128 V NearbyFragment: Transfer to HC0V: 12%
07-02 23:27:55.415  5034  6250 I NearbyConnections: ClientProxy(22484637) reporting onPayloadTransferUpdate(HC0V, -7953902247767731423, IN_PROGRESS) [CONTEXT service_id=54 ]
07-02 23:27:55.416  5128  5128 V NearbyFragment: Transfer to HC0V: 12%
07-02 23:27:55.419  5034  6250 I NearbyConnections: ClientProxy(22484637) reporting onPayloadTransferUpdate(HC0V, -7953902247767731423, IN_PROGRESS) [CONTEXT service_id=54 ]
07-02 23:27:55.420  5128  5128 V NearbyFragment: Transfer to HC0V: 13%
07-02 23:27:55.425  5034  6250 I NearbyConnections: ClientProxy(22484637) reporting onPayloadTransferUpdate(HC0V, -7953902247767731423, IN_PROGRESS) [CONTEXT service_id=54 ]
07-02 23:27:55.426  5128  5128 V NearbyFragment: Transfer to HC0V: 13%
07-02 23:27:55.431  5034  6250 I NearbyConnections: ClientProxy(22484637) reporting onPayloadTransferUpdate(HC0V, -7953902247767731423, IN_PROGRESS) [CONTEXT service_id=54 ]
07-02 23:27:55.432  5128  5128 V NearbyFragment: Transfer to HC0V: 13%
07-02 23:27:55.435  5034  6250 I NearbyConnections: ClientProxy(22484637) reporting onPayloadTransferUpdate(HC0V, -7953902247767731423, IN_PROGRESS) [CONTEXT service_id=54 ]
07-02 23:27:55.436  5128  5128 V NearbyFragment: Transfer to HC0V: 14%
07-02 23:27:55.439  5034  6250 I NearbyConnections: ClientProxy(22484637) reporting onPayloadTransferUpdate(HC0V, -7953902247767731423, IN_PROGRESS) [CONTEXT service_id=54 ]
07-02 23:27:55.440  5128  5128 V NearbyFragment: Transfer to HC0V: 14%
07-02 23:27:55.443  5034  6250 I NearbyConnections: ClientProxy(22484637) reporting onPayloadTransferUpdate(HC0V, -7953902247767731423, IN_PROGRESS) [CONTEXT service_id=54 ]
07-02 23:27:55.444  5128  5128 V NearbyFragment: Transfer to HC0V: 15%
07-02 23:27:55.448  5128  5128 V NearbyFragment: Transfer to HC0V: 15%
07-02 23:27:55.448  5034  6250 I NearbyConnections: ClientProxy(22484637) reporting onPayloadTransferUpdate(HC0V, -7953902247767731423, IN_PROGRESS) [CONTEXT service_id=54 ]
07-02 23:27:55.453  5034  6250 I NearbyConnections: ClientProxy(22484637) reporting onPayloadTransferUpdate(HC0V, -7953902247767731423, IN_PROGRESS) [CONTEXT service_id=54 ]
07-02 23:27:55.454  5128  5128 V NearbyFragment: Transfer to HC0V: 15%
07-02 23:27:55.457  5034  6250 I NearbyConnections: ClientProxy(22484637) reporting onPayloadTransferUpdate(HC0V, -7953902247767731423, IN_PROGRESS) [CONTEXT service_id=54 ]
07-02 23:27:55.458  5128  5128 V NearbyFragment: Transfer to HC0V: 16%
07-02 23:27:55.461  5034  6250 I NearbyConnections: ClientProxy(22484637) reporting onPayloadTransferUpdate(HC0V, -7953902247767731423, IN_PROGRESS) [CONTEXT service_id=54 ]
07-02 23:27:55.462  5128  5128 V NearbyFragment: Transfer to HC0V: 16%
07-02 23:27:55.465  5034  6250 I NearbyConnections: ClientProxy(22484637) reporting onPayloadTransferUpdate(HC0V, -7953902247767731423, IN_PROGRESS) [CONTEXT service_id=54 ]
07-02 23:27:55.466  5128  5128 V NearbyFragment: Transfer to HC0V: 17%
07-02 23:27:55.471  5128  5128 V NearbyFragment: Transfer to HC0V: 17%
07-02 23:27:55.471  5034  6250 I NearbyConnections: ClientProxy(22484637) reporting onPayloadTransferUpdate(HC0V, -7953902247767731423, IN_PROGRESS) [CONTEXT service_id=54 ]
07-02 23:27:55.475  5034  6250 I NearbyConnections: ClientProxy(22484637) reporting onPayloadTransferUpdate(HC0V, -7953902247767731423, IN_PROGRESS) [CONTEXT service_id=54 ]
07-02 23:27:55.475  5128  5128 V NearbyFragment: Transfer to HC0V: 17%
07-02 23:27:55.478  5034  6250 I NearbyConnections: ClientProxy(22484637) reporting onPayloadTransferUpdate(HC0V, -7953902247767731423, IN_PROGRESS) [CONTEXT service_id=54 ]
07-02 23:27:55.479  5128  5128 V NearbyFragment: Transfer to HC0V: 18%
07-02 23:27:55.483  5034  6250 I NearbyConnections: ClientProxy(22484637) reporting onPayloadTransferUpdate(HC0V, -7953902247767731423, IN_PROGRESS) [CONTEXT service_id=54 ]
07-02 23:27:55.484  5128  5128 V NearbyFragment: Transfer to HC0V: 18%
07-02 23:27:55.488  5128  5128 V NearbyFragment: Transfer to HC0V: 18%
07-02 23:27:55.489  5034  6250 I NearbyConnections: ClientProxy(22484637) reporting onPayloadTransferUpdate(HC0V, -7953902247767731423, IN_PROGRESS) [CONTEXT service_id=54 ]
07-02 23:27:55.492  5034  6250 I NearbyConnections: ClientProxy(22484637) reporting onPayloadTransferUpdate(HC0V, -7953902247767731423, IN_PROGRESS) [CONTEXT service_id=54 ]
07-02 23:27:55.493  5128  5128 V NearbyFragment: Transfer to HC0V: 19%
07-02 23:27:55.496  5034  6250 I NearbyConnections: ClientProxy(22484637) reporting onPayloadTransferUpdate(HC0V, -7953902247767731423, IN_PROGRESS) [CONTEXT service_id=54 ]
07-02 23:27:55.497  5128  5128 V NearbyFragment: Transfer to HC0V: 19%
07-02 23:27:55.498  5128  5608 V DownloadTestVideosTask: Starting DownloadTestVideosTask
07-02 23:27:55.500  5034  6250 I NearbyConnections: ClientProxy(22484637) reporting onPayloadTransferUpdate(HC0V, -7953902247767731423, IN_PROGRESS) [CONTEXT service_id=54 ]
07-02 23:27:55.501  5128  5128 V NearbyFragment: Transfer to HC0V: 20%
07-02 23:27:55.504  5034  6250 I NearbyConnections: ClientProxy(22484637) reporting onPayloadTransferUpdate(HC0V, -7953902247767731423, IN_PROGRESS) [CONTEXT service_id=54 ]
07-02 23:27:55.505  5128  5608 V DashDownloadManager: Started downloading: 20200312_193728.mp4
07-02 23:27:55.505  5128  5128 V NearbyFragment: Transfer to HC0V: 20%
07-02 23:27:55.509  5034  6250 I NearbyConnections: ClientProxy(22484637) reporting onPayloadTransferUpdate(HC0V, -7953902247767731423, IN_PROGRESS) [CONTEXT service_id=54 ]
07-02 23:27:55.510  5128  5128 V NearbyFragment: Transfer to HC0V: 20%
07-02 23:27:55.513  5034  6250 I NearbyConnections: ClientProxy(22484637) reporting onPayloadTransferUpdate(HC0V, -7953902247767731423, IN_PROGRESS) [CONTEXT service_id=54 ]
07-02 23:27:55.513  5128  5128 V NearbyFragment: Transfer to HC0V: 21%
07-02 23:27:55.515  5034  6250 I NearbyConnections: ClientProxy(22484637) reporting onPayloadTransferUpdate(HC0V, -7953902247767731423, IN_PROGRESS) [CONTEXT service_id=54 ]
07-02 23:27:55.516  5128  5128 V NearbyFragment: Transfer to HC0V: 21%
07-02 23:27:55.516  5128  5608 I System.out: (HTTPLog)-Static: isSBSettingEnabled false
07-02 23:27:55.517  5128  5608 I System.out: (HTTPLog)-Static: isSBSettingEnabled false
07-02 23:27:55.518  5034  6250 I NearbyConnections: ClientProxy(22484637) reporting onPayloadTransferUpdate(HC0V, -7953902247767731423, IN_PROGRESS) [CONTEXT service_id=54 ]
07-02 23:27:55.519  5128  5128 V NearbyFragment: Transfer to HC0V: 22%
07-02 23:27:55.544  5128  5608 I System.out: (HTTPLog)-Thread-3077-172423674: getTransferStream : ContentLength=69990400, method=GET, HTTPVersion=http/1.1
07-02 23:27:55.546  3825  4152 D ConnectivityService: filterNetworkStateForUid() uid: 1000, pid: 3825
07-02 23:27:55.546  3825  4152 D ConnectivityService: filterNetworkStateForUid() uid: 1000, pid: 3825, networkInfo: [type: WIFI[], state: CONNECTED/CONNECTED, reason: (unspecified), extra: (none), failover: false, available: true, roaming: false]
07-02 23:27:55.547  3825  4152 W ContextImpl: Calling a method in the system process without a qualified user: android.app.ContextImpl.sendBroadcast:1067 android.content.ContextWrapper.sendBroadcast:449 com.samsung.android.smartbonding.SmartBondingService.sendBigDataInfo:3419 com.samsung.android.smartbonding.SmartBondingService$SmartBondingHandler.handleMessage:643 android.os.Handler.dispatchMessage:106 
07-02 23:27:55.548  3825  3825 D MDC     : onReceive com.samsung.intent.action.BIG_DATA_MOBILE_DATA
07-02 23:27:55.548  3825  3825 D MDC     : onReceive com.samsung.intent.action.BIG_DATA_MOBILE_DATA category = DOWN
07-02 23:27:55.548  3825  3851 I MDC     : handleMessage DownloadInfo isdb = 0, netw = 1, size = 4
07-02 23:27:55.567  5034  6250 I NearbyConnections: ClientProxy(22484637) reporting onPayloadTransferUpdate(HC0V, -7953902247767731423, IN_PROGRESS) [CONTEXT service_id=54 ]
07-02 23:27:55.568  5128  5128 V NearbyFragment: Transfer to HC0V: 22%
07-02 23:27:55.570  5034  6250 I NearbyConnections: ClientProxy(22484637) reporting onPayloadTransferUpdate(HC0V, -7953902247767731423, IN_PROGRESS) [CONTEXT service_id=54 ]
07-02 23:27:55.571  5128  5128 V NearbyFragment: Transfer to HC0V: 22%
07-02 23:27:55.574  5034  6250 I NearbyConnections: ClientProxy(22484637) reporting onPayloadTransferUpdate(HC0V, -7953902247767731423, IN_PROGRESS) [CONTEXT service_id=54 ]
07-02 23:27:55.574  5128  5128 V NearbyFragment: Transfer to HC0V: 23%
07-02 23:27:55.581  5034  6250 I NearbyConnections: ClientProxy(22484637) reporting onPayloadTransferUpdate(HC0V, -7953902247767731423, IN_PROGRESS) [CONTEXT service_id=54 ]
07-02 23:27:55.582  5128  5128 V NearbyFragment: Transfer to HC0V: 23%
07-02 23:27:55.585  5034  6250 I NearbyConnections: ClientProxy(22484637) reporting onPayloadTransferUpdate(HC0V, -7953902247767731423, IN_PROGRESS) [CONTEXT service_id=54 ]
07-02 23:27:55.585  5128  5128 V NearbyFragment: Transfer to HC0V: 23%
07-02 23:27:55.588  5034  6250 I NearbyConnections: ClientProxy(22484637) reporting onPayloadTransferUpdate(HC0V, -7953902247767731423, IN_PROGRESS) [CONTEXT service_id=54 ]
07-02 23:27:55.589  5128  5128 V NearbyFragment: Transfer to HC0V: 24%
07-02 23:27:55.591  5034  6250 I NearbyConnections: ClientProxy(22484637) reporting onPayloadTransferUpdate(HC0V, -7953902247767731423, IN_PROGRESS) [CONTEXT service_id=54 ]
07-02 23:27:55.592  5128  5128 V NearbyFragment: Transfer to HC0V: 24%
07-02 23:27:55.595  5034  6250 I NearbyConnections: ClientProxy(22484637) reporting onPayloadTransferUpdate(HC0V, -7953902247767731423, IN_PROGRESS) [CONTEXT service_id=54 ]
07-02 23:27:55.595  5128  5128 V NearbyFragment: Transfer to HC0V: 25%
07-02 23:27:55.597  5034  6250 I NearbyConnections: ClientProxy(22484637) reporting onPayloadTransferUpdate(HC0V, -7953902247767731423, IN_PROGRESS) [CONTEXT service_id=54 ]
07-02 23:27:55.598  5128  5128 V NearbyFragment: Transfer to HC0V: 25%
07-02 23:27:55.600  5034  6250 I NearbyConnections: ClientProxy(22484637) reporting onPayloadTransferUpdate(HC0V, -7953902247767731423, IN_PROGRESS) [CONTEXT service_id=54 ]
07-02 23:27:55.600  5128  5128 V NearbyFragment: Transfer to HC0V: 25%
07-02 23:27:55.602  5034  6250 I NearbyConnections: ClientProxy(22484637) reporting onPayloadTransferUpdate(HC0V, -7953902247767731423, IN_PROGRESS) [CONTEXT service_id=54 ]
07-02 23:27:55.603  5128  5128 V NearbyFragment: Transfer to HC0V: 26%
07-02 23:27:55.605  5034  6250 I NearbyConnections: ClientProxy(22484637) reporting onPayloadTransferUpdate(HC0V, -7953902247767731423, IN_PROGRESS) [CONTEXT service_id=54 ]
07-02 23:27:55.606  5128  5128 V NearbyFragment: Transfer to HC0V: 26%
07-02 23:27:55.645  5034  6250 I NearbyConnections: ClientProxy(22484637) reporting onPayloadTransferUpdate(HC0V, -7953902247767731423, IN_PROGRESS) [CONTEXT service_id=54 ]
07-02 23:27:55.646  5128  5128 V NearbyFragment: Transfer to HC0V: 27%
07-02 23:27:55.648  5034  6250 I NearbyConnections: ClientProxy(22484637) reporting onPayloadTransferUpdate(HC0V, -7953902247767731423, IN_PROGRESS) [CONTEXT service_id=54 ]
07-02 23:27:55.648  5128  5128 V NearbyFragment: Transfer to HC0V: 27%
07-02 23:27:55.650  5034  6250 I NearbyConnections: ClientProxy(22484637) reporting onPayloadTransferUpdate(HC0V, -7953902247767731423, IN_PROGRESS) [CONTEXT service_id=54 ]
07-02 23:27:55.650  3574  4120 D bauth_FPBAuthService: pcf : 0x1012, 0 ,2 ,0 ,0 ,0 ,2, 
07-02 23:27:55.650  3574  4120 D bauth_FPBAuthService: thread id : 2, preenroll_flag : 0, nd cnt : 1, cso : 0, et : 0
07-02 23:27:55.650  3574  4120 D bauth_FPBAuthService: FPBAuthService, 9983
07-02 23:27:55.651  5128  5128 V NearbyFragment: Transfer to HC0V: 27%
07-02 23:27:55.652  5034  6250 I NearbyConnections: ClientProxy(22484637) reporting onPayloadTransferUpdate(HC0V, -7953902247767731423, IN_PROGRESS) [CONTEXT service_id=54 ]
07-02 23:27:55.653  5128  5128 V NearbyFragment: Transfer to HC0V: 28%
07-02 23:27:55.655  5034  6250 I NearbyConnections: ClientProxy(22484637) reporting onPayloadTransferUpdate(HC0V, -7953902247767731423, IN_PROGRESS) [CONTEXT service_id=54 ]
07-02 23:27:55.655  5128  5128 V NearbyFragment: Transfer to HC0V: 28%
07-02 23:27:55.657  5034  6250 I NearbyConnections: ClientProxy(22484637) reporting onPayloadTransferUpdate(HC0V, -7953902247767731423, IN_PROGRESS) [CONTEXT service_id=54 ]
07-02 23:27:55.658  5128  5128 V NearbyFragment: Transfer to HC0V: 29%
07-02 23:27:55.661  5128  5128 V NearbyFragment: Transfer to HC0V: 29%
07-02 23:27:55.661  5034  6250 I NearbyConnections: ClientProxy(22484637) reporting onPayloadTransferUpdate(HC0V, -7953902247767731423, IN_PROGRESS) [CONTEXT service_id=54 ]
07-02 23:27:55.662  5034  6250 I NearbyConnections: ClientProxy(22484637) reporting onPayloadTransferUpdate(HC0V, -7953902247767731423, IN_PROGRESS) [CONTEXT service_id=54 ]
07-02 23:27:55.663  5128  5128 V NearbyFragment: Transfer to HC0V: 29%
07-02 23:27:55.665  5034  6250 I NearbyConnections: ClientProxy(22484637) reporting onPayloadTransferUpdate(HC0V, -7953902247767731423, IN_PROGRESS) [CONTEXT service_id=54 ]
07-02 23:27:55.666  5128  5128 V NearbyFragment: Transfer to HC0V: 30%
07-02 23:27:55.667  5034  6250 I NearbyConnections: ClientProxy(22484637) reporting onPayloadTransferUpdate(HC0V, -7953902247767731423, IN_PROGRESS) [CONTEXT service_id=54 ]
07-02 23:27:55.668  5128  5128 V NearbyFragment: Transfer to HC0V: 30%
07-02 23:27:55.670  5034  6250 I NearbyConnections: ClientProxy(22484637) reporting onPayloadTransferUpdate(HC0V, -7953902247767731423, IN_PROGRESS) [CONTEXT service_id=54 ]
07-02 23:27:55.670  5128  5128 V NearbyFragment: Transfer to HC0V: 30%
07-02 23:27:55.678  5034  6250 I NearbyConnections: ClientProxy(22484637) reporting onPayloadTransferUpdate(HC0V, -7953902247767731423, IN_PROGRESS) [CONTEXT service_id=54 ]
07-02 23:27:55.678  5128  5128 V NearbyFragment: Transfer to HC0V: 31%
07-02 23:27:55.717  5034  5047 I gle.android.gm: Background concurrent copying GC freed 22264(759KB) AllocSpace objects, 477(31MB) LOS objects, 46% free, 27MB/51MB, paused 2.237ms total 145.329ms
07-02 23:27:55.727  5034  6250 I NearbyConnections: ClientProxy(22484637) reporting onPayloadTransferUpdate(HC0V, -7953902247767731423, IN_PROGRESS) [CONTEXT service_id=54 ]
07-02 23:27:55.728  5128  5128 V NearbyFragment: Transfer to HC0V: 31%
07-02 23:27:55.730  5034  6250 I NearbyConnections: ClientProxy(22484637) reporting onPayloadTransferUpdate(HC0V, -7953902247767731423, IN_PROGRESS) [CONTEXT service_id=54 ]
07-02 23:27:55.731  5128  5128 V NearbyFragment: Transfer to HC0V: 32%
07-02 23:27:55.734  5034  6250 I NearbyConnections: ClientProxy(22484637) reporting onPayloadTransferUpdate(HC0V, -7953902247767731423, IN_PROGRESS) [CONTEXT service_id=54 ]
07-02 23:27:55.734  5128  5128 V NearbyFragment: Transfer to HC0V: 32%
07-02 23:27:55.737  5034  6250 I NearbyConnections: ClientProxy(22484637) reporting onPayloadTransferUpdate(HC0V, -7953902247767731423, IN_PROGRESS) [CONTEXT service_id=54 ]
07-02 23:27:55.738  5128  5128 V NearbyFragment: Transfer to HC0V: 32%
07-02 23:27:55.739  5034  6250 I NearbyConnections: ClientProxy(22484637) reporting onPayloadTransferUpdate(HC0V, -7953902247767731423, IN_PROGRESS) [CONTEXT service_id=54 ]
07-02 23:27:55.740  5128  5128 V NearbyFragment: Transfer to HC0V: 33%
07-02 23:27:55.743  5034  6250 I NearbyConnections: ClientProxy(22484637) reporting onPayloadTransferUpdate(HC0V, -7953902247767731423, IN_PROGRESS) [CONTEXT service_id=54 ]
07-02 23:27:55.744  5128  5128 V NearbyFragment: Transfer to HC0V: 33%
07-02 23:27:55.746  5034  6250 I NearbyConnections: ClientProxy(22484637) reporting onPayloadTransferUpdate(HC0V, -7953902247767731423, IN_PROGRESS) [CONTEXT service_id=54 ]
07-02 23:27:55.747  5128  5128 V NearbyFragment: Transfer to HC0V: 34%
07-02 23:27:55.748  5034  6250 I NearbyConnections: ClientProxy(22484637) reporting onPayloadTransferUpdate(HC0V, -7953902247767731423, IN_PROGRESS) [CONTEXT service_id=54 ]
07-02 23:27:55.749  5128  5128 V NearbyFragment: Transfer to HC0V: 34%
07-02 23:27:55.753  5034  6250 I NearbyConnections: ClientProxy(22484637) reporting onPayloadTransferUpdate(HC0V, -7953902247767731423, IN_PROGRESS) [CONTEXT service_id=54 ]
07-02 23:27:55.753  5128  5128 V NearbyFragment: Transfer to HC0V: 34%
07-02 23:27:55.756  5034  6250 I NearbyConnections: ClientProxy(22484637) reporting onPayloadTransferUpdate(HC0V, -7953902247767731423, IN_PROGRESS) [CONTEXT service_id=54 ]
07-02 23:27:55.756  5128  5128 V NearbyFragment: Transfer to HC0V: 35%
07-02 23:27:55.759  5034  6250 I NearbyConnections: ClientProxy(22484637) reporting onPayloadTransferUpdate(HC0V, -7953902247767731423, IN_PROGRESS) [CONTEXT service_id=54 ]
07-02 23:27:55.759  5128  5128 V NearbyFragment: Transfer to HC0V: 35%
07-02 23:27:55.762  5034  6250 I NearbyConnections: ClientProxy(22484637) reporting onPayloadTransferUpdate(HC0V, -7953902247767731423, IN_PROGRESS) [CONTEXT service_id=54 ]
07-02 23:27:55.762  5128  5128 V NearbyFragment: Transfer to HC0V: 35%
07-02 23:27:55.764  5034  6250 I NearbyConnections: ClientProxy(22484637) reporting onPayloadTransferUpdate(HC0V, -7953902247767731423, IN_PROGRESS) [CONTEXT service_id=54 ]
07-02 23:27:55.765  5128  5128 V NearbyFragment: Transfer to HC0V: 36%
07-02 23:27:55.768  5034  6250 I NearbyConnections: ClientProxy(22484637) reporting onPayloadTransferUpdate(HC0V, -7953902247767731423, IN_PROGRESS) [CONTEXT service_id=54 ]
07-02 23:27:55.770  5128  5128 V NearbyFragment: Transfer to HC0V: 36%
07-02 23:27:55.771  5034  6250 I NearbyConnections: ClientProxy(22484637) reporting onPayloadTransferUpdate(HC0V, -7953902247767731423, IN_PROGRESS) [CONTEXT service_id=54 ]
07-02 23:27:55.772  5128  5128 V NearbyFragment: Transfer to HC0V: 37%
07-02 23:27:55.816  5034  6250 I NearbyConnections: ClientProxy(22484637) reporting onPayloadTransferUpdate(HC0V, -7953902247767731423, IN_PROGRESS) [CONTEXT service_id=54 ]
07-02 23:27:55.817  5128  5128 V NearbyFragment: Transfer to HC0V: 37%
07-02 23:27:55.818  5034  6250 I NearbyConnections: ClientProxy(22484637) reporting onPayloadTransferUpdate(HC0V, -7953902247767731423, IN_PROGRESS) [CONTEXT service_id=54 ]
07-02 23:27:55.819  5128  5128 V NearbyFragment: Transfer to HC0V: 37%
07-02 23:27:55.820  5034  6250 I NearbyConnections: ClientProxy(22484637) reporting onPayloadTransferUpdate(HC0V, -7953902247767731423, IN_PROGRESS) [CONTEXT service_id=54 ]
07-02 23:27:55.821  5128  5128 V NearbyFragment: Transfer to HC0V: 38%
07-02 23:27:55.823  5034  6250 I NearbyConnections: ClientProxy(22484637) reporting onPayloadTransferUpdate(HC0V, -7953902247767731423, IN_PROGRESS) [CONTEXT service_id=54 ]
07-02 23:27:55.823  5128  5128 V NearbyFragment: Transfer to HC0V: 38%
07-02 23:27:55.825  5034  6250 I NearbyConnections: ClientProxy(22484637) reporting onPayloadTransferUpdate(HC0V, -7953902247767731423, IN_PROGRESS) [CONTEXT service_id=54 ]
07-02 23:27:55.826  5128  5128 V NearbyFragment: Transfer to HC0V: 39%
07-02 23:27:55.829  5034  6250 I NearbyConnections: ClientProxy(22484637) reporting onPayloadTransferUpdate(HC0V, -7953902247767731423, IN_PROGRESS) [CONTEXT service_id=54 ]
07-02 23:27:55.829  5128  5128 V NearbyFragment: Transfer to HC0V: 39%
07-02 23:27:55.830  5034  6250 I NearbyConnections: ClientProxy(22484637) reporting onPayloadTransferUpdate(HC0V, -7953902247767731423, IN_PROGRESS) [CONTEXT service_id=54 ]
07-02 23:27:55.831  5128  5128 V NearbyFragment: Transfer to HC0V: 39%
07-02 23:27:55.833  5034  6250 I NearbyConnections: ClientProxy(22484637) reporting onPayloadTransferUpdate(HC0V, -7953902247767731423, IN_PROGRESS) [CONTEXT service_id=54 ]
07-02 23:27:55.834  5128  5128 V NearbyFragment: Transfer to HC0V: 40%
07-02 23:27:55.835  5034  6250 I NearbyConnections: ClientProxy(22484637) reporting onPayloadTransferUpdate(HC0V, -7953902247767731423, IN_PROGRESS) [CONTEXT service_id=54 ]
07-02 23:27:55.836  5128  5128 V NearbyFragment: Transfer to HC0V: 40%
07-02 23:27:55.837  5034  6250 I NearbyConnections: ClientProxy(22484637) reporting onPayloadTransferUpdate(HC0V, -7953902247767731423, IN_PROGRESS) [CONTEXT service_id=54 ]
07-02 23:27:55.837  5128  5128 V NearbyFragment: Transfer to HC0V: 41%
07-02 23:27:55.881  5034  6250 I NearbyConnections: ClientProxy(22484637) reporting onPayloadTransferUpdate(HC0V, -7953902247767731423, IN_PROGRESS) [CONTEXT service_id=54 ]
07-02 23:27:55.882  5128  5128 V NearbyFragment: Transfer to HC0V: 41%
07-02 23:27:55.882  5034  6250 I NearbyConnections: ClientProxy(22484637) reporting onPayloadTransferUpdate(HC0V, -7953902247767731423, IN_PROGRESS) [CONTEXT service_id=54 ]
07-02 23:27:55.883  5128  5128 V NearbyFragment: Transfer to HC0V: 41%
07-02 23:27:55.884  5034  6250 I NearbyConnections: ClientProxy(22484637) reporting onPayloadTransferUpdate(HC0V, -7953902247767731423, IN_PROGRESS) [CONTEXT service_id=54 ]
07-02 23:27:55.884  5128  5128 V NearbyFragment: Transfer to HC0V: 42%
07-02 23:27:55.886  5128  5128 V NearbyFragment: Transfer to HC0V: 42%
07-02 23:27:55.886  5034  6250 I NearbyConnections: ClientProxy(22484637) reporting onPayloadTransferUpdate(HC0V, -7953902247767731423, IN_PROGRESS) [CONTEXT service_id=54 ]
07-02 23:27:55.888  5034  6250 I NearbyConnections: ClientProxy(22484637) reporting onPayloadTransferUpdate(HC0V, -7953902247767731423, IN_PROGRESS) [CONTEXT service_id=54 ]
07-02 23:27:55.888  5128  5128 V NearbyFragment: Transfer to HC0V: 42%
07-02 23:27:55.891  5034  6250 I NearbyConnections: ClientProxy(22484637) reporting onPayloadTransferUpdate(HC0V, -7953902247767731423, IN_PROGRESS) [CONTEXT service_id=54 ]
07-02 23:27:55.891  5128  5128 V NearbyFragment: Transfer to HC0V: 43%
07-02 23:27:55.893  5128  5128 V NearbyFragment: Transfer to HC0V: 43%
07-02 23:27:55.893  5034  6250 I NearbyConnections: ClientProxy(22484637) reporting onPayloadTransferUpdate(HC0V, -7953902247767731423, IN_PROGRESS) [CONTEXT service_id=54 ]
07-02 23:27:55.895  5034  6250 I NearbyConnections: ClientProxy(22484637) reporting onPayloadTransferUpdate(HC0V, -7953902247767731423, IN_PROGRESS) [CONTEXT service_id=54 ]
07-02 23:27:55.895  5128  5128 V NearbyFragment: Transfer to HC0V: 44%
07-02 23:27:55.899  5128  5128 V NearbyFragment: Transfer to HC0V: 44%
07-02 23:27:55.898  5034  6250 I NearbyConnections: ClientProxy(22484637) reporting onPayloadTransferUpdate(HC0V, -7953902247767731423, IN_PROGRESS) [CONTEXT service_id=54 ]
07-02 23:27:55.902  5034  6250 I NearbyConnections: ClientProxy(22484637) reporting onPayloadTransferUpdate(HC0V, -7953902247767731423, IN_PROGRESS) [CONTEXT service_id=54 ]
07-02 23:27:55.903  5128  5128 V NearbyFragment: Transfer to HC0V: 44%
07-02 23:27:55.903  5034  6250 I NearbyConnections: ClientProxy(22484637) reporting onPayloadTransferUpdate(HC0V, -7953902247767731423, IN_PROGRESS) [CONTEXT service_id=54 ]
07-02 23:27:55.904  5128  5128 V NearbyFragment: Transfer to HC0V: 45%
07-02 23:27:55.949  3825  4303 E Watchdog: !@Sync 444 [2020-07-02 23:27:55.948] FD count : 518
07-02 23:27:56.017  9122  9187 D ScanRecord: Not a Multi Manu data
07-02 23:27:56.017  9122  9187 I chatty  : uid=1002(bluetooth) BT Service Call identical 10 lines
07-02 23:27:56.017  9122  9187 D ScanRecord: Not a Multi Manu data
07-02 23:27:56.017  9122  9187 D BtGatt.GattService: onScanResult to scannerId: 5- eventType=0x10, addressType=0, address=A6:5, primaryPhy=1, secondaryPhy=0, advertisingSid=0xff, txPower=127, rssi=-89, periodicAdvInt=0x0
07-02 23:27:56.018  8780  9113 D ScanRecord: Not a Multi Manu data
07-02 23:27:56.024  8780  9113 I [+10]oneconnect[1.7.50-21_01][CORE]: BleParserForVD.parseTvPacket - [Name][TV] Samsung 8 Series (55)[DeviceType]TV[Discover]_BLE[Services]None[Connected]false[TvStatus]-128[TvService]96[TvMirrorChannel]1[TvRegisteredDB][83, 91, 0, 0, 0, 0][TvYear]2016[TvOcfInfo]0[TvAcmStatus]0[ExTvStatus]0
07-02 23:27:56.354  5034  6250 I NearbyConnections: ClientProxy(22484637) reporting onPayloadTransferUpdate(HC0V, -7953902247767731423, IN_PROGRESS) [CONTEXT service_id=54 ]
07-02 23:27:56.355  5128  5128 V NearbyFragment: Transfer to HC0V: 45%
07-02 23:27:56.360  5034  6250 I NearbyConnections: ClientProxy(22484637) reporting onPayloadTransferUpdate(HC0V, -7953902247767731423, IN_PROGRESS) [CONTEXT service_id=54 ]
07-02 23:27:56.361  5128  5128 V NearbyFragment: Transfer to HC0V: 46%
07-02 23:27:56.367  5034  6250 I NearbyConnections: ClientProxy(22484637) reporting onPayloadTransferUpdate(HC0V, -7953902247767731423, IN_PROGRESS) [CONTEXT service_id=54 ]
07-02 23:27:56.367  5128  5128 V NearbyFragment: Transfer to HC0V: 46%
07-02 23:27:56.375  5034  6250 I NearbyConnections: ClientProxy(22484637) reporting onPayloadTransferUpdate(HC0V, -7953902247767731423, IN_PROGRESS) [CONTEXT service_id=54 ]
07-02 23:27:56.375  5128  5128 V NearbyFragment: Transfer to HC0V: 46%
07-02 23:27:56.380  5034  6250 I NearbyConnections: ClientProxy(22484637) reporting onPayloadTransferUpdate(HC0V, -7953902247767731423, IN_PROGRESS) [CONTEXT service_id=54 ]
07-02 23:27:56.381  5128  5128 V NearbyFragment: Transfer to HC0V: 47%
07-02 23:27:56.386  5034  6250 I NearbyConnections: ClientProxy(22484637) reporting onPayloadTransferUpdate(HC0V, -7953902247767731423, IN_PROGRESS) [CONTEXT service_id=54 ]
07-02 23:27:56.387  5128  5128 V NearbyFragment: Transfer to HC0V: 47%
07-02 23:27:56.391  5034  6250 I NearbyConnections: ClientProxy(22484637) reporting onPayloadTransferUpdate(HC0V, -7953902247767731423, IN_PROGRESS) [CONTEXT service_id=54 ]
07-02 23:27:56.392  5128  5128 V NearbyFragment: Transfer to HC0V: 47%
07-02 23:27:56.397  5034  6250 I NearbyConnections: ClientProxy(22484637) reporting onPayloadTransferUpdate(HC0V, -7953902247767731423, IN_PROGRESS) [CONTEXT service_id=54 ]
07-02 23:27:56.398  5128  5128 V NearbyFragment: Transfer to HC0V: 48%
07-02 23:27:56.405  5034  6250 I NearbyConnections: ClientProxy(22484637) reporting onPayloadTransferUpdate(HC0V, -7953902247767731423, IN_PROGRESS) [CONTEXT service_id=54 ]
07-02 23:27:56.406  5128  5128 V NearbyFragment: Transfer to HC0V: 48%
07-02 23:27:56.409  5034  6250 I NearbyConnections: ClientProxy(22484637) reporting onPayloadTransferUpdate(HC0V, -7953902247767731423, IN_PROGRESS) [CONTEXT service_id=54 ]
07-02 23:27:56.410  5128  5128 V NearbyFragment: Transfer to HC0V: 49%
07-02 23:27:56.421  5034  6250 I NearbyConnections: ClientProxy(22484637) reporting onPayloadTransferUpdate(HC0V, -7953902247767731423, IN_PROGRESS) [CONTEXT service_id=54 ]
07-02 23:27:56.422  5128  5128 V NearbyFragment: Transfer to HC0V: 49%
07-02 23:27:56.422  5034  6250 I NearbyConnections: ClientProxy(22484637) reporting onPayloadTransferUpdate(HC0V, -7953902247767731423, IN_PROGRESS) [CONTEXT service_id=54 ]
07-02 23:27:56.423  5128  5128 V NearbyFragment: Transfer to HC0V: 49%
07-02 23:27:56.429  5034  6250 I NearbyConnections: ClientProxy(22484637) reporting onPayloadTransferUpdate(HC0V, -7953902247767731423, IN_PROGRESS) [CONTEXT service_id=54 ]
07-02 23:27:56.430  5128  5128 V NearbyFragment: Transfer to HC0V: 50%
07-02 23:27:56.431  5128  5128 V NearbyFragment: Transfer to HC0V: 50%
07-02 23:27:56.430  5034  6250 I NearbyConnections: ClientProxy(22484637) reporting onPayloadTransferUpdate(HC0V, -7953902247767731423, IN_PROGRESS) [CONTEXT service_id=54 ]
07-02 23:27:56.435  5034  6250 I NearbyConnections: ClientProxy(22484637) reporting onPayloadTransferUpdate(HC0V, -7953902247767731423, IN_PROGRESS) [CONTEXT service_id=54 ]
07-02 23:27:56.436  5128  5128 V NearbyFragment: Transfer to HC0V: 51%
07-02 23:27:56.441  5034  6250 I NearbyConnections: ClientProxy(22484637) reporting onPayloadTransferUpdate(HC0V, -7953902247767731423, IN_PROGRESS) [CONTEXT service_id=54 ]
07-02 23:27:56.442  5128  5128 V NearbyFragment: Transfer to HC0V: 51%
07-02 23:27:56.474  3825  4067 I WifiVendorHal: getWifiLinkLayerStats(l.2973) before calling iface.getLinkLayerStats
07-02 23:27:56.475  3287  3287 I android.hardware.wifi@1.0-service: enter getLinkLayerStats
07-02 23:27:56.475  3287  3287 I android.hardware.wifi@1.0-service: enter getLinkLayerStatsInternal
07-02 23:27:56.484  3287  3287 I android.hardware.wifi@1.0-service: Successfully getLinkLayerStats.
07-02 23:27:56.485  3825  4067 I WifiVendorHal: getWifiLinkLayerStats(l.2973) after calling iface.getLinkLayerStats
07-02 23:27:56.491  5034  5047 I gle.android.gm: Background concurrent copying GC freed 26043(878KB) AllocSpace objects, 540(35MB) LOS objects, 49% free, 23MB/46MB, paused 118us total 122.551ms
07-02 23:27:56.518  5034  6250 I NearbyConnections: ClientProxy(22484637) reporting onPayloadTransferUpdate(HC0V, -7953902247767731423, IN_PROGRESS) [CONTEXT service_id=54 ]
07-02 23:27:56.518  5128  5128 V NearbyFragment: Transfer to HC0V: 51%
07-02 23:27:56.521  5034  6250 I NearbyConnections: ClientProxy(22484637) reporting onPayloadTransferUpdate(HC0V, -7953902247767731423, IN_PROGRESS) [CONTEXT service_id=54 ]
