07-02 23:01:41.372  5034 32350 I NearbyConnections: ClientProxy(22484637) reporting onPayloadTransferUpdate(BazU, -7509720575881918391, IN_PROGRESS) [CONTEXT service_id=54 ]
07-02 23:01:41.373 31236 31236 V NearbyFragment: Transfer to BazU: 21%
07-02 23:01:41.373  3825  4063 W BestClock: java.time.DateTimeException: Missing NTP fix
07-02 23:01:41.373 31236 31236 V NearbyFragment: Transfer to BazU: 21%
07-02 23:01:41.376  5034 32350 I NearbyConnections: ClientProxy(22484637) reporting onPayloadTransferUpdate(BazU, -7509720575881918391, IN_PROGRESS) [CONTEXT service_id=54 ]
07-02 23:01:41.376 31236 31236 V NearbyFragment: Transfer to BazU: 21%
07-02 23:01:41.377  3549  3629 D CommandListener: bwctrlcmd: argc=3 bandwidth setglobalalert ...
07-02 23:01:41.379  5034 32350 I NearbyConnections: ClientProxy(22484637) reporting onPayloadTransferUpdate(BazU, -7509720575881918391, IN_PROGRESS) [CONTEXT service_id=54 ]
07-02 23:01:41.379 31236 31236 V NearbyFragment: Transfer to BazU: 22%
07-02 23:01:41.382  5034 32350 I NearbyConnections: ClientProxy(22484637) reporting onPayloadTransferUpdate(BazU, -7509720575881918391, IN_PROGRESS) [CONTEXT service_id=54 ]
07-02 23:01:41.383 31236 31236 V NearbyFragment: Transfer to BazU: 22%
07-02 23:01:41.387  5034 32350 I NearbyConnections: ClientProxy(22484637) reporting onPayloadTransferUpdate(BazU, -7509720575881918391, IN_PROGRESS) [CONTEXT service_id=54 ]
07-02 23:01:41.388 31236 31236 V NearbyFragment: Transfer to BazU: 22%
07-02 23:01:41.391  5034 32350 I NearbyConnections: ClientProxy(22484637) reporting onPayloadTransferUpdate(BazU, -7509720575881918391, IN_PROGRESS) [CONTEXT service_id=54 ]
07-02 23:01:41.392 31236 31236 V NearbyFragment: Transfer to BazU: 23%
07-02 23:01:41.395  5034 32350 I NearbyConnections: ClientProxy(22484637) reporting onPayloadTransferUpdate(BazU, -7509720575881918391, IN_PROGRESS) [CONTEXT service_id=54 ]
07-02 23:01:41.396 31236 31236 V NearbyFragment: Transfer to BazU: 23%
07-02 23:01:41.399  5034 32350 I NearbyConnections: ClientProxy(22484637) reporting onPayloadTransferUpdate(BazU, -7509720575881918391, IN_PROGRESS) [CONTEXT service_id=54 ]
07-02 23:01:41.400 31236 31236 V NearbyFragment: Transfer to BazU: 24%
07-02 23:01:41.402  5034 32350 I NearbyConnections: ClientProxy(22484637) reporting onPayloadTransferUpdate(BazU, -7509720575881918391, IN_PROGRESS) [CONTEXT service_id=54 ]
07-02 23:01:41.403 31236 31236 V NearbyFragment: Transfer to BazU: 24%
07-02 23:01:41.405  5034 32350 I NearbyConnections: ClientProxy(22484637) reporting onPayloadTransferUpdate(BazU, -7509720575881918391, IN_PROGRESS) [CONTEXT service_id=54 ]
07-02 23:01:41.406 31236 31236 V NearbyFragment: Transfer to BazU: 24%
07-02 23:01:41.408  5034 32350 I NearbyConnections: ClientProxy(22484637) reporting onPayloadTransferUpdate(BazU, -7509720575881918391, IN_PROGRESS) [CONTEXT service_id=54 ]
07-02 23:01:41.409 31236 31236 V NearbyFragment: Transfer to BazU: 25%
07-02 23:01:41.411  5034 32350 I NearbyConnections: ClientProxy(22484637) reporting onPayloadTransferUpdate(BazU, -7509720575881918391, IN_PROGRESS) [CONTEXT service_id=54 ]
07-02 23:01:41.412 31236 31236 V NearbyFragment: Transfer to BazU: 25%
07-02 23:01:41.416  5034 32350 I NearbyConnections: ClientProxy(22484637) reporting onPayloadTransferUpdate(BazU, -7509720575881918391, IN_PROGRESS) [CONTEXT service_id=54 ]
07-02 23:01:41.418 31236 31236 V NearbyFragment: Transfer to BazU: 26%
07-02 23:01:41.422  5034 32350 I NearbyConnections: ClientProxy(22484637) reporting onPayloadTransferUpdate(BazU, -7509720575881918391, IN_PROGRESS) [CONTEXT service_id=54 ]
07-02 23:01:41.423 31236 31236 V NearbyFragment: Transfer to BazU: 26%
07-02 23:01:41.426 31236 31236 V NearbyFragment: Transfer to BazU: 26%
07-02 23:01:41.428  5034 32350 I NearbyConnections: ClientProxy(22484637) reporting onPayloadTransferUpdate(BazU, -7509720575881918391, IN_PROGRESS) [CONTEXT service_id=54 ]
07-02 23:01:41.429  5034 32350 I NearbyConnections: ClientProxy(22484637) reporting onPayloadTransferUpdate(BazU, -7509720575881918391, IN_PROGRESS) [CONTEXT service_id=54 ]
07-02 23:01:41.430 31236 31236 V NearbyFragment: Transfer to BazU: 27%
07-02 23:01:41.430  5034 32350 I NearbyConnections: ClientProxy(22484637) reporting onPayloadTransferUpdate(BazU, -7509720575881918391, IN_PROGRESS) [CONTEXT service_id=54 ]
07-02 23:01:41.431 31236 31236 V NearbyFragment: Transfer to BazU: 27%
07-02 23:01:41.432  5034 32350 I NearbyConnections: ClientProxy(22484637) reporting onPayloadTransferUpdate(BazU, -7509720575881918391, IN_PROGRESS) [CONTEXT service_id=54 ]
07-02 23:01:41.433 31236 31236 V NearbyFragment: Transfer to BazU: 28%
07-02 23:01:41.435  5034 32350 I NearbyConnections: ClientProxy(22484637) reporting onPayloadTransferUpdate(BazU, -7509720575881918391, IN_PROGRESS) [CONTEXT service_id=54 ]
07-02 23:01:41.435 31236 31236 V NearbyFragment: Transfer to BazU: 28%
07-02 23:01:41.438  5034 32350 I NearbyConnections: ClientProxy(22484637) reporting onPayloadTransferUpdate(BazU, -7509720575881918391, IN_PROGRESS) [CONTEXT service_id=54 ]
07-02 23:01:41.438 31236 31236 V NearbyFragment: Transfer to BazU: 28%
07-02 23:01:41.442  5034 32350 I NearbyConnections: ClientProxy(22484637) reporting onPayloadTransferUpdate(BazU, -7509720575881918391, IN_PROGRESS) [CONTEXT service_id=54 ]
07-02 23:01:41.443 31236 31236 V NearbyFragment: Transfer to BazU: 29%
07-02 23:01:41.533  5034  5047 I gle.android.gm: Background concurrent copying GC freed 15365(555KB) AllocSpace objects, 310(20MB) LOS objects, 48% free, 25MB/49MB, paused 127us total 150.843ms
07-02 23:01:41.538  5034 32350 I NearbyConnections: ClientProxy(22484637) reporting onPayloadTransferUpdate(BazU, -7509720575881918391, IN_PROGRESS) [CONTEXT service_id=54 ]
07-02 23:01:41.539 31236 31236 V NearbyFragment: Transfer to BazU: 29%
07-02 23:01:41.543  5034 32350 I NearbyConnections: ClientProxy(22484637) reporting onPayloadTransferUpdate(BazU, -7509720575881918391, IN_PROGRESS) [CONTEXT service_id=54 ]
07-02 23:01:41.544 31236 31236 V NearbyFragment: Transfer to BazU: 29%
07-02 23:01:41.548  5034 32350 I NearbyConnections: ClientProxy(22484637) reporting onPayloadTransferUpdate(BazU, -7509720575881918391, IN_PROGRESS) [CONTEXT service_id=54 ]
07-02 23:01:41.549 31236 31236 V NearbyFragment: Transfer to BazU: 30%
07-02 23:01:41.555  5034 32350 I NearbyConnections: ClientProxy(22484637) reporting onPayloadTransferUpdate(BazU, -7509720575881918391, IN_PROGRESS) [CONTEXT service_id=54 ]
07-02 23:01:41.556 31236 31236 V NearbyFragment: Transfer to BazU: 30%
07-02 23:01:41.562  5034 32350 I NearbyConnections: ClientProxy(22484637) reporting onPayloadTransferUpdate(BazU, -7509720575881918391, IN_PROGRESS) [CONTEXT service_id=54 ]
07-02 23:01:41.562 31236 31236 V NearbyFragment: Transfer to BazU: 31%
07-02 23:01:41.566  5034 32350 I NearbyConnections: ClientProxy(22484637) reporting onPayloadTransferUpdate(BazU, -7509720575881918391, IN_PROGRESS) [CONTEXT service_id=54 ]
07-02 23:01:41.567 31236 31236 V NearbyFragment: Transfer to BazU: 31%
07-02 23:01:41.570  5034 32350 I NearbyConnections: ClientProxy(22484637) reporting onPayloadTransferUpdate(BazU, -7509720575881918391, IN_PROGRESS) [CONTEXT service_id=54 ]
07-02 23:01:41.571 31236 31236 V NearbyFragment: Transfer to BazU: 31%
07-02 23:01:41.575  5034 32350 I NearbyConnections: ClientProxy(22484637) reporting onPayloadTransferUpdate(BazU, -7509720575881918391, IN_PROGRESS) [CONTEXT service_id=54 ]
07-02 23:01:41.575 31236 31236 V NearbyFragment: Transfer to BazU: 32%
07-02 23:01:41.580  5034 32350 I NearbyConnections: ClientProxy(22484637) reporting onPayloadTransferUpdate(BazU, -7509720575881918391, IN_PROGRESS) [CONTEXT service_id=54 ]
07-02 23:01:41.581 31236 31236 V NearbyFragment: Transfer to BazU: 32%
07-02 23:01:41.582  5034 32350 I NearbyConnections: ClientProxy(22484637) reporting onPayloadTransferUpdate(BazU, -7509720575881918391, IN_PROGRESS) [CONTEXT service_id=54 ]
07-02 23:01:41.583 31236 31236 V NearbyFragment: Transfer to BazU: 33%
07-02 23:01:41.588  5034 32350 I NearbyConnections: ClientProxy(22484637) reporting onPayloadTransferUpdate(BazU, -7509720575881918391, IN_PROGRESS) [CONTEXT service_id=54 ]
07-02 23:01:41.589 31236 31236 V NearbyFragment: Transfer to BazU: 33%
07-02 23:01:41.595  5034 32350 I NearbyConnections: ClientProxy(22484637) reporting onPayloadTransferUpdate(BazU, -7509720575881918391, IN_PROGRESS) [CONTEXT service_id=54 ]
07-02 23:01:41.595 31236 31236 V NearbyFragment: Transfer to BazU: 33%
07-02 23:01:41.598 31236 31236 V NearbyFragment: Transfer to BazU: 34%
07-02 23:01:41.599  5034 32350 I NearbyConnections: ClientProxy(22484637) reporting onPayloadTransferUpdate(BazU, -7509720575881918391, IN_PROGRESS) [CONTEXT service_id=54 ]
07-02 23:01:41.714  5034 32350 I NearbyConnections: ClientProxy(22484637) reporting onPayloadTransferUpdate(BazU, -7509720575881918391, IN_PROGRESS) [CONTEXT service_id=54 ]
07-02 23:01:41.715 31236 31236 V NearbyFragment: Transfer to BazU: 34%
07-02 23:01:41.724  5034 32350 I NearbyConnections: ClientProxy(22484637) reporting onPayloadTransferUpdate(BazU, -7509720575881918391, IN_PROGRESS) [CONTEXT service_id=54 ]
07-02 23:01:41.725 31236 31236 V NearbyFragment: Transfer to BazU: 35%
07-02 23:01:41.731  5034 32350 I NearbyConnections: ClientProxy(22484637) reporting onPayloadTransferUpdate(BazU, -7509720575881918391, IN_PROGRESS) [CONTEXT service_id=54 ]
07-02 23:01:41.732 31236 31236 V NearbyFragment: Transfer to BazU: 35%
07-02 23:01:41.737  5034 32350 I NearbyConnections: ClientProxy(22484637) reporting onPayloadTransferUpdate(BazU, -7509720575881918391, IN_PROGRESS) [CONTEXT service_id=54 ]
07-02 23:01:41.738 31236 31236 V NearbyFragment: Transfer to BazU: 35%
07-02 23:01:41.744  5034 32350 I NearbyConnections: ClientProxy(22484637) reporting onPayloadTransferUpdate(BazU, -7509720575881918391, IN_PROGRESS) [CONTEXT service_id=54 ]
07-02 23:01:41.744 31236 31236 V NearbyFragment: Transfer to BazU: 36%
07-02 23:01:41.750  5034 32350 I NearbyConnections: ClientProxy(22484637) reporting onPayloadTransferUpdate(BazU, -7509720575881918391, IN_PROGRESS) [CONTEXT service_id=54 ]
07-02 23:01:41.751 31236 31236 V NearbyFragment: Transfer to BazU: 36%
07-02 23:01:41.753  5034 32350 I NearbyConnections: ClientProxy(22484637) reporting onPayloadTransferUpdate(BazU, -7509720575881918391, IN_PROGRESS) [CONTEXT service_id=54 ]
07-02 23:01:41.755 31236 31236 V NearbyFragment: Transfer to BazU: 36%
07-02 23:01:41.762  5034 32350 I NearbyConnections: ClientProxy(22484637) reporting onPayloadTransferUpdate(BazU, -7509720575881918391, IN_PROGRESS) [CONTEXT service_id=54 ]
07-02 23:01:41.763 31236 31236 V NearbyFragment: Transfer to BazU: 37%
07-02 23:01:41.765  5034 32350 I NearbyConnections: ClientProxy(22484637) reporting onPayloadTransferUpdate(BazU, -7509720575881918391, IN_PROGRESS) [CONTEXT service_id=54 ]
07-02 23:01:41.766 31236 31236 V NearbyFragment: Transfer to BazU: 37%
07-02 23:01:41.769  5034 32350 I NearbyConnections: ClientProxy(22484637) reporting onPayloadTransferUpdate(BazU, -7509720575881918391, IN_PROGRESS) [CONTEXT service_id=54 ]
07-02 23:01:41.770 31236 31236 V NearbyFragment: Transfer to BazU: 38%
07-02 23:01:41.780  5034 32350 I NearbyConnections: ClientProxy(22484637) reporting onPayloadTransferUpdate(BazU, -7509720575881918391, IN_PROGRESS) [CONTEXT service_id=54 ]
07-02 23:01:41.782 31236 31236 V NearbyFragment: Transfer to BazU: 38%
07-02 23:01:41.786  3574  4120 D bauth_FPBAuthService: pcf : 0x1012, 0 ,2 ,0 ,0 ,0 ,2, 
07-02 23:01:41.786  3574  4120 D bauth_FPBAuthService: thread id : 2, preenroll_flag : 0, nd cnt : 1, cso : 0, et : 0
07-02 23:01:41.786  3574  4120 D bauth_FPBAuthService: FPBAuthService, 9983
07-02 23:01:41.787  5034 32350 I NearbyConnections: ClientProxy(22484637) reporting onPayloadTransferUpdate(BazU, -7509720575881918391, IN_PROGRESS) [CONTEXT service_id=54 ]
07-02 23:01:41.788 31236 31236 V NearbyFragment: Transfer to BazU: 38%
07-02 23:01:41.790  5034 32350 I NearbyConnections: ClientProxy(22484637) reporting onPayloadTransferUpdate(BazU, -7509720575881918391, IN_PROGRESS) [CONTEXT service_id=54 ]
07-02 23:01:41.791 31236 31236 V NearbyFragment: Transfer to BazU: 39%
07-02 23:01:41.989  5034 32350 I NearbyConnections: ClientProxy(22484637) reporting onPayloadTransferUpdate(BazU, -7509720575881918391, IN_PROGRESS) [CONTEXT service_id=54 ]
07-02 23:01:41.989 31236 31236 V NearbyFragment: Transfer to BazU: 39%
07-02 23:01:41.994  5034 32350 I NearbyConnections: ClientProxy(22484637) reporting onPayloadTransferUpdate(BazU, -7509720575881918391, IN_PROGRESS) [CONTEXT service_id=54 ]
07-02 23:01:41.995 31236 31236 V NearbyFragment: Transfer to BazU: 40%
07-02 23:01:41.999  5034 32350 I NearbyConnections: ClientProxy(22484637) reporting onPayloadTransferUpdate(BazU, -7509720575881918391, IN_PROGRESS) [CONTEXT service_id=54 ]
07-02 23:01:42.000 31236 31236 V NearbyFragment: Transfer to BazU: 40%
07-02 23:01:42.005  5034 32350 I NearbyConnections: ClientProxy(22484637) reporting onPayloadTransferUpdate(BazU, -7509720575881918391, IN_PROGRESS) [CONTEXT service_id=54 ]
07-02 23:01:42.005 31236 31236 V NearbyFragment: Transfer to BazU: 40%
07-02 23:01:42.008  5034 32350 I NearbyConnections: ClientProxy(22484637) reporting onPayloadTransferUpdate(BazU, -7509720575881918391, IN_PROGRESS) [CONTEXT service_id=54 ]
07-02 23:01:42.008 31236 31236 V NearbyFragment: Transfer to BazU: 41%
07-02 23:01:42.014  5034 32350 I NearbyConnections: ClientProxy(22484637) reporting onPayloadTransferUpdate(BazU, -7509720575881918391, IN_PROGRESS) [CONTEXT service_id=54 ]
07-02 23:01:42.014 31236 31236 V NearbyFragment: Transfer to BazU: 41%
07-02 23:01:42.017  5034 32350 I NearbyConnections: ClientProxy(22484637) reporting onPayloadTransferUpdate(BazU, -7509720575881918391, IN_PROGRESS) [CONTEXT service_id=54 ]
07-02 23:01:42.018 31236 31236 V NearbyFragment: Transfer to BazU: 42%
07-02 23:01:42.026  5034 32350 I NearbyConnections: ClientProxy(22484637) reporting onPayloadTransferUpdate(BazU, -7509720575881918391, IN_PROGRESS) [CONTEXT service_id=54 ]
07-02 23:01:42.027 31236 31236 V NearbyFragment: Transfer to BazU: 42%
07-02 23:01:42.031  5034 32350 I NearbyConnections: ClientProxy(22484637) reporting onPayloadTransferUpdate(BazU, -7509720575881918391, IN_PROGRESS) [CONTEXT service_id=54 ]
07-02 23:01:42.032 31236 31236 V NearbyFragment: Transfer to BazU: 42%
07-02 23:01:42.036  5034 32350 I NearbyConnections: ClientProxy(22484637) reporting onPayloadTransferUpdate(BazU, -7509720575881918391, IN_PROGRESS) [CONTEXT service_id=54 ]
07-02 23:01:42.036 31236 31236 V NearbyFragment: Transfer to BazU: 43%
07-02 23:01:42.039  5034 32350 I NearbyConnections: ClientProxy(22484637) reporting onPayloadTransferUpdate(BazU, -7509720575881918391, IN_PROGRESS) [CONTEXT service_id=54 ]
07-02 23:01:42.040 31236 31236 V NearbyFragment: Transfer to BazU: 43%
07-02 23:01:42.044  5034 32350 I NearbyConnections: ClientProxy(22484637) reporting onPayloadTransferUpdate(BazU, -7509720575881918391, IN_PROGRESS) [CONTEXT service_id=54 ]
07-02 23:01:42.044 31236 31236 V NearbyFragment: Transfer to BazU: 43%
07-02 23:01:42.046  5034 32350 I NearbyConnections: ClientProxy(22484637) reporting onPayloadTransferUpdate(BazU, -7509720575881918391, IN_PROGRESS) [CONTEXT service_id=54 ]
07-02 23:01:42.046 31236 31236 V NearbyFragment: Transfer to BazU: 44%
07-02 23:01:42.056  5034 32350 I NearbyConnections: ClientProxy(22484637) reporting onPayloadTransferUpdate(BazU, -7509720575881918391, IN_PROGRESS) [CONTEXT service_id=54 ]
07-02 23:01:42.056 31236 31236 V NearbyFragment: Transfer to BazU: 44%
07-02 23:01:42.061  5034 32350 I NearbyConnections: ClientProxy(22484637) reporting onPayloadTransferUpdate(BazU, -7509720575881918391, IN_PROGRESS) [CONTEXT service_id=54 ]
07-02 23:01:42.061 31236 31236 V NearbyFragment: Transfer to BazU: 45%
07-02 23:01:42.067  5034 32350 I NearbyConnections: ClientProxy(22484637) reporting onPayloadTransferUpdate(BazU, -7509720575881918391, IN_PROGRESS) [CONTEXT service_id=54 ]
07-02 23:01:42.067 31236 31236 V NearbyFragment: Transfer to BazU: 45%
07-02 23:01:42.071  5034 32350 I NearbyConnections: ClientProxy(22484637) reporting onPayloadTransferUpdate(BazU, -7509720575881918391, IN_PROGRESS) [CONTEXT service_id=54 ]
07-02 23:01:42.071 31236 31236 V NearbyFragment: Transfer to BazU: 45%
07-02 23:01:42.075  5034 32350 I NearbyConnections: ClientProxy(22484637) reporting onPayloadTransferUpdate(BazU, -7509720575881918391, IN_PROGRESS) [CONTEXT service_id=54 ]
07-02 23:01:42.076 31236 31236 V NearbyFragment: Transfer to BazU: 46%
07-02 23:01:42.081  5034 32350 I NearbyConnections: ClientProxy(22484637) reporting onPayloadTransferUpdate(BazU, -7509720575881918391, IN_PROGRESS) [CONTEXT service_id=54 ]
07-02 23:01:42.081 31236 31236 V NearbyFragment: Transfer to BazU: 46%
07-02 23:01:42.194  5034  5047 I gle.android.gm: Background concurrent copying GC freed 23260(815KB) AllocSpace objects, 502(33MB) LOS objects, 50% free, 18MB/36MB, paused 193us total 147.476ms
07-02 23:01:42.201  5034 32350 I NearbyConnections: ClientProxy(22484637) reporting onPayloadTransferUpdate(BazU, -7509720575881918391, IN_PROGRESS) [CONTEXT service_id=54 ]
07-02 23:01:42.202 31236 31236 V NearbyFragment: Transfer to BazU: 47%
07-02 23:01:42.207  5034 32350 I NearbyConnections: ClientProxy(22484637) reporting onPayloadTransferUpdate(BazU, -7509720575881918391, IN_PROGRESS) [CONTEXT service_id=54 ]
07-02 23:01:42.208 31236 31236 V NearbyFragment: Transfer to BazU: 47%
07-02 23:01:42.213  5034 32350 I NearbyConnections: ClientProxy(22484637) reporting onPayloadTransferUpdate(BazU, -7509720575881918391, IN_PROGRESS) [CONTEXT service_id=54 ]
07-02 23:01:42.213 31236 31236 V NearbyFragment: Transfer to BazU: 47%
07-02 23:01:42.216  5034 32350 I NearbyConnections: ClientProxy(22484637) reporting onPayloadTransferUpdate(BazU, -7509720575881918391, IN_PROGRESS) [CONTEXT service_id=54 ]
07-02 23:01:42.217 31236 31236 V NearbyFragment: Transfer to BazU: 48%
07-02 23:01:42.220  5034 32350 I NearbyConnections: ClientProxy(22484637) reporting onPayloadTransferUpdate(BazU, -7509720575881918391, IN_PROGRESS) [CONTEXT service_id=54 ]
07-02 23:01:42.221 31236 31236 V NearbyFragment: Transfer to BazU: 48%
07-02 23:01:42.223  5034 32350 I NearbyConnections: ClientProxy(22484637) reporting onPayloadTransferUpdate(BazU, -7509720575881918391, IN_PROGRESS) [CONTEXT service_id=54 ]
07-02 23:01:42.224 31236 31236 V NearbyFragment: Transfer to BazU: 49%
07-02 23:01:42.228  5034 32350 I NearbyConnections: ClientProxy(22484637) reporting onPayloadTransferUpdate(BazU, -7509720575881918391, IN_PROGRESS) [CONTEXT service_id=54 ]
07-02 23:01:42.229 31236 31236 V NearbyFragment: Transfer to BazU: 49%
07-02 23:01:42.232  5034 32350 I NearbyConnections: ClientProxy(22484637) reporting onPayloadTransferUpdate(BazU, -7509720575881918391, IN_PROGRESS) [CONTEXT service_id=54 ]
07-02 23:01:42.233 31236 31236 V NearbyFragment: Transfer to BazU: 49%
07-02 23:01:42.237  5034 32350 I NearbyConnections: ClientProxy(22484637) reporting onPayloadTransferUpdate(BazU, -7509720575881918391, IN_PROGRESS) [CONTEXT service_id=54 ]
07-02 23:01:42.237 31236 31236 V NearbyFragment: Transfer to BazU: 50%
07-02 23:01:42.240  5034 32350 I NearbyConnections: ClientProxy(22484637) reporting onPayloadTransferUpdate(BazU, -7509720575881918391, IN_PROGRESS) [CONTEXT service_id=54 ]
07-02 23:01:42.241 31236 31236 V NearbyFragment: Transfer to BazU: 50%
07-02 23:01:42.250  5159  7078 I BistoDBWrapper: Close DB
07-02 23:01:42.379  5034 32350 I NearbyConnections: ClientProxy(22484637) reporting onPayloadTransferUpdate(BazU, -7509720575881918391, IN_PROGRESS) [CONTEXT service_id=54 ]
07-02 23:01:42.380 31236 31236 V NearbyFragment: Transfer to BazU: 50%
07-02 23:01:42.384  5034 32350 I NearbyConnections: ClientProxy(22484637) reporting onPayloadTransferUpdate(BazU, -7509720575881918391, IN_PROGRESS) [CONTEXT service_id=54 ]
07-02 23:01:42.385 31236 31236 V NearbyFragment: Transfer to BazU: 51%
07-02 23:01:42.391  5034 32350 I NearbyConnections: ClientProxy(22484637) reporting onPayloadTransferUpdate(BazU, -7509720575881918391, IN_PROGRESS) [CONTEXT service_id=54 ]
07-02 23:01:42.392 31236 31236 V NearbyFragment: Transfer to BazU: 51%
07-02 23:01:42.399  5034 32350 I NearbyConnections: ClientProxy(22484637) reporting onPayloadTransferUpdate(BazU, -7509720575881918391, IN_PROGRESS) [CONTEXT service_id=54 ]
07-02 23:01:42.400 31236 31236 V NearbyFragment: Transfer to BazU: 52%
07-02 23:01:42.404  5034 32350 I NearbyConnections: ClientProxy(22484637) reporting onPayloadTransferUpdate(BazU, -7509720575881918391, IN_PROGRESS) [CONTEXT service_id=54 ]
07-02 23:01:42.405 31236 31236 V NearbyFragment: Transfer to BazU: 52%
07-02 23:01:42.408  5034 32350 I NearbyConnections: ClientProxy(22484637) reporting onPayloadTransferUpdate(BazU, -7509720575881918391, IN_PROGRESS) [CONTEXT service_id=54 ]
07-02 23:01:42.409 31236 31236 V NearbyFragment: Transfer to BazU: 52%
07-02 23:01:42.412  5034 32350 I NearbyConnections: ClientProxy(22484637) reporting onPayloadTransferUpdate(BazU, -7509720575881918391, IN_PROGRESS) [CONTEXT service_id=54 ]
07-02 23:01:42.413 31236 31236 V NearbyFragment: Transfer to BazU: 53%
07-02 23:01:42.418  5034 32350 I NearbyConnections: ClientProxy(22484637) reporting onPayloadTransferUpdate(BazU, -7509720575881918391, IN_PROGRESS) [CONTEXT service_id=54 ]
07-02 23:01:42.418 31236 31236 V NearbyFragment: Transfer to BazU: 53%
07-02 23:01:42.421 31236 31236 V NearbyFragment: Transfer to BazU: 54%
07-02 23:01:42.421  5034 32350 I NearbyConnections: ClientProxy(22484637) reporting onPayloadTransferUpdate(BazU, -7509720575881918391, IN_PROGRESS) [CONTEXT service_id=54 ]
07-02 23:01:42.426  5034 32350 I NearbyConnections: ClientProxy(22484637) reporting onPayloadTransferUpdate(BazU, -7509720575881918391, IN_PROGRESS) [CONTEXT service_id=54 ]
07-02 23:01:42.427 31236 31236 V NearbyFragment: Transfer to BazU: 54%
07-02 23:01:42.430  5034 32350 I NearbyConnections: ClientProxy(22484637) reporting onPayloadTransferUpdate(BazU, -7509720575881918391, IN_PROGRESS) [CONTEXT service_id=54 ]
07-02 23:01:42.431 31236 31236 V NearbyFragment: Transfer to BazU: 54%
07-02 23:01:42.501  5034 32350 I NearbyConnections: ClientProxy(22484637) reporting onPayloadTransferUpdate(BazU, -7509720575881918391, IN_PROGRESS) [CONTEXT service_id=54 ]
07-02 23:01:42.501 31236 31236 V NearbyFragment: Transfer to BazU: 55%
07-02 23:01:42.508  5034 32350 I NearbyConnections: ClientProxy(22484637) reporting onPayloadTransferUpdate(BazU, -7509720575881918391, IN_PROGRESS) [CONTEXT service_id=54 ]
07-02 23:01:42.509 31236 31236 V NearbyFragment: Transfer to BazU: 55%
07-02 23:01:42.513  5034 32350 I NearbyConnections: ClientProxy(22484637) reporting onPayloadTransferUpdate(BazU, -7509720575881918391, IN_PROGRESS) [CONTEXT service_id=54 ]
07-02 23:01:42.514 31236 31236 V NearbyFragment: Transfer to BazU: 56%
07-02 23:01:42.516  5034 32350 I NearbyConnections: ClientProxy(22484637) reporting onPayloadTransferUpdate(BazU, -7509720575881918391, IN_PROGRESS) [CONTEXT service_id=54 ]
07-02 23:01:42.517 31236 31236 V NearbyFragment: Transfer to BazU: 56%
07-02 23:01:42.526  3298  5080 V APM_AudioPolicyManager: getAudioPolicyConfig: audioParam;outDevice
07-02 23:01:42.526  3298  5080 V APM_AudioPolicyManager: getNewOutputDevice() selected device 0
07-02 23:01:42.526  3298  5080 V APM_AudioPolicyManager: ### curdevice : 2
07-02 23:01:42.527  5034 32350 I NearbyConnections: ClientProxy(22484637) reporting onPayloadTransferUpdate(BazU, -7509720575881918391, IN_PROGRESS) [CONTEXT service_id=54 ]
07-02 23:01:42.527 31236 31236 V NearbyFragment: Transfer to BazU: 56%
07-02 23:01:42.532  5034 32350 I NearbyConnections: ClientProxy(22484637) reporting onPayloadTransferUpdate(BazU, -7509720575881918391, IN_PROGRESS) [CONTEXT service_id=54 ]
07-02 23:01:42.533 31236 31236 V NearbyFragment: Transfer to BazU: 57%
07-02 23:01:42.534  5034 32350 I NearbyConnections: ClientProxy(22484637) reporting onPayloadTransferUpdate(BazU, -7509720575881918391, IN_PROGRESS) [CONTEXT service_id=54 ]
07-02 23:01:42.535 31236 31236 V NearbyFragment: Transfer to BazU: 57%
07-02 23:01:42.539  5034 32350 I NearbyConnections: ClientProxy(22484637) reporting onPayloadTransferUpdate(BazU, -7509720575881918391, IN_PROGRESS) [CONTEXT service_id=54 ]
07-02 23:01:42.540 31236 31236 V NearbyFragment: Transfer to BazU: 58%
07-02 23:01:42.542  5034 32350 I NearbyConnections: ClientProxy(22484637) reporting onPayloadTransferUpdate(BazU, -7509720575881918391, IN_PROGRESS) [CONTEXT service_id=54 ]
07-02 23:01:42.543 31236 31236 V NearbyFragment: Transfer to BazU: 58%
07-02 23:01:42.552  5034 32350 I NearbyConnections: ClientProxy(22484637) reporting onPayloadTransferUpdate(BazU, -7509720575881918391, IN_PROGRESS) [CONTEXT service_id=54 ]
07-02 23:01:42.553 31236 31236 V NearbyFragment: Transfer to BazU: 58%
07-02 23:01:42.556  5034 32350 I NearbyConnections: ClientProxy(22484637) reporting onPayloadTransferUpdate(BazU, -7509720575881918391, IN_PROGRESS) [CONTEXT service_id=54 ]
07-02 23:01:42.557 31236 31236 V NearbyFragment: Transfer to BazU: 59%
07-02 23:01:42.559  3825  4067 I WifiVendorHal: getWifiLinkLayerStats(l.2973) before calling iface.getLinkLayerStats
07-02 23:01:42.559  3287  3287 I android.hardware.wifi@1.0-service: enter getLinkLayerStats
07-02 23:01:42.559  3287  3287 I android.hardware.wifi@1.0-service: enter getLinkLayerStatsInternal
07-02 23:01:42.561  5034 32350 I NearbyConnections: ClientProxy(22484637) reporting onPayloadTransferUpdate(BazU, -7509720575881918391, IN_PROGRESS) [CONTEXT service_id=54 ]
07-02 23:01:42.562 31236 31236 V NearbyFragment: Transfer to BazU: 59%
07-02 23:01:42.565  5034 32350 I NearbyConnections: ClientProxy(22484637) reporting onPayloadTransferUpdate(BazU, -7509720575881918391, IN_PROGRESS) [CONTEXT service_id=54 ]
07-02 23:01:42.565 31236 31236 V NearbyFragment: Transfer to BazU: 59%
07-02 23:01:42.569  3287  3287 I android.hardware.wifi@1.0-service: Successfully getLinkLayerStats.
07-02 23:01:42.569 31236 31236 V NearbyFragment: Transfer to BazU: 60%
07-02 23:01:42.569  3825  4067 I WifiVendorHal: getWifiLinkLayerStats(l.2973) after calling iface.getLinkLayerStats
07-02 23:01:42.570  5034 32350 I NearbyConnections: ClientProxy(22484637) reporting onPayloadTransferUpdate(BazU, -7509720575881918391, IN_PROGRESS) [CONTEXT service_id=54 ]
07-02 23:01:42.576  5034 32350 I NearbyConnections: ClientProxy(22484637) reporting onPayloadTransferUpdate(BazU, -7509720575881918391, IN_PROGRESS) [CONTEXT service_id=54 ]
07-02 23:01:42.577 31236 31236 V NearbyFragment: Transfer to BazU: 60%
07-02 23:01:42.579  5034 32350 I NearbyConnections: ClientProxy(22484637) reporting onPayloadTransferUpdate(BazU, -7509720575881918391, IN_PROGRESS) [CONTEXT service_id=54 ]
07-02 23:01:42.580 31236 31236 V NearbyFragment: Transfer to BazU: 61%
07-02 23:01:42.584  3825  3863 D ConnectivityService: filterNetworkStateForUid() uid: 1000, pid: 3825
07-02 23:01:42.584  3825  3863 D ConnectivityService: filterNetworkStateForUid() uid: 1000, pid: 3825, networkInfo: [type: WIFI[], state: CONNECTED/CONNECTED, reason: (unspecified), extra: (none), failover: false, available: true, roaming: false]
07-02 23:01:42.594  3825  3863 D NetworkManagement: ReportBigdata failReason = 255 failServer = 0
07-02 23:01:42.594  3825  3863 W ContextImpl: Calling a method in the system process without a qualified user: android.app.ContextImpl.sendBroadcast:1067 com.android.server.NetworkManagementService$NetdCallbackReceiver.onEvent:1268 com.android.server.NativeDaemonConnector.handleMessage:160 android.os.Handler.dispatchMessage:102 android.os.Looper.loop:214 
07-02 23:01:42.594  3825  3863 I chatty  : uid=1000(system) android.fg identical 2 lines
07-02 23:01:42.594  3825  3863 D NetworkManagement: ReportBigdata failReason = 255 failServer = 0
07-02 23:01:42.595  3825  3863 D NetworkManagement: ReportBigdata totalSuccess = 4
07-02 23:01:42.596  3825  3825 D MDC     : onReceive com.samsung.intent.action.BIG_DATA_MOBILE_DATA
07-02 23:01:42.596  3825  3825 D MDC     : category = DNSE
07-02 23:01:42.596  3825  3851 I MDC     : addDnsData
07-02 23:01:42.596  3825  3851 I MDC     : mDnsList.size: 12
07-02 23:01:42.597  3825  3851 I MDC     : Dns is full. just return
07-02 23:01:42.786  3574  4120 D bauth_FPBAuthService: pcf : 0x1012, 0 ,2 ,0 ,0 ,0 ,2, 
07-02 23:01:42.786  3574  4120 D bauth_FPBAuthService: thread id : 2, preenroll_flag : 0, nd cnt : 1, cso : 0, et : 0
07-02 23:01:42.786  3574  4120 D bauth_FPBAuthService: FPBAuthService, 9983
07-02 23:01:42.835  5034 32350 I NearbyConnections: ClientProxy(22484637) reporting onPayloadTransferUpdate(BazU, -7509720575881918391, IN_PROGRESS) [CONTEXT service_id=54 ]
07-02 23:01:42.836 31236 31236 V NearbyFragment: Transfer to BazU: 61%
07-02 23:01:42.842  5034 32350 I NearbyConnections: ClientProxy(22484637) reporting onPayloadTransferUpdate(BazU, -7509720575881918391, IN_PROGRESS) [CONTEXT service_id=54 ]
07-02 23:01:42.843 31236 31236 V NearbyFragment: Transfer to BazU: 61%
07-02 23:01:42.848  5034 32350 I NearbyConnections: ClientProxy(22484637) reporting onPayloadTransferUpdate(BazU, -7509720575881918391, IN_PROGRESS) [CONTEXT service_id=54 ]
07-02 23:01:42.849 31236 31236 V NearbyFragment: Transfer to BazU: 62%
07-02 23:01:42.854  5034 32350 I NearbyConnections: ClientProxy(22484637) reporting onPayloadTransferUpdate(BazU, -7509720575881918391, IN_PROGRESS) [CONTEXT service_id=54 ]
07-02 23:01:42.854 31236 31236 V NearbyFragment: Transfer to BazU: 62%
07-02 23:01:42.858  5034 32350 I NearbyConnections: ClientProxy(22484637) reporting onPayloadTransferUpdate(BazU, -7509720575881918391, IN_PROGRESS) [CONTEXT service_id=54 ]
07-02 23:01:42.859 31236 31236 V NearbyFragment: Transfer to BazU: 63%
07-02 23:01:42.862  5034 32350 I NearbyConnections: ClientProxy(22484637) reporting onPayloadTransferUpdate(BazU, -7509720575881918391, IN_PROGRESS) [CONTEXT service_id=54 ]
07-02 23:01:42.863 31236 31236 V NearbyFragment: Transfer to BazU: 63%
07-02 23:01:42.866  5034 32350 I NearbyConnections: ClientProxy(22484637) reporting onPayloadTransferUpdate(BazU, -7509720575881918391, IN_PROGRESS) [CONTEXT service_id=54 ]
07-02 23:01:42.867 31236 31236 V NearbyFragment: Transfer to BazU: 63%
07-02 23:01:42.874  5034 32350 I NearbyConnections: ClientProxy(22484637) reporting onPayloadTransferUpdate(BazU, -7509720575881918391, IN_PROGRESS) [CONTEXT service_id=54 ]
07-02 23:01:42.875 31236 31236 V NearbyFragment: Transfer to BazU: 64%
07-02 23:01:42.879  5034 32350 I NearbyConnections: ClientProxy(22484637) reporting onPayloadTransferUpdate(BazU, -7509720575881918391, IN_PROGRESS) [CONTEXT service_id=54 ]
07-02 23:01:42.880 31236 31236 V NearbyFragment: Transfer to BazU: 64%
07-02 23:01:42.887  5034 32350 I NearbyConnections: ClientProxy(22484637) reporting onPayloadTransferUpdate(BazU, -7509720575881918391, IN_PROGRESS) [CONTEXT service_id=54 ]
07-02 23:01:42.888 31236 31236 V NearbyFragment: Transfer to BazU: 65%
07-02 23:01:42.891  5034 32350 I NearbyConnections: ClientProxy(22484637) reporting onPayloadTransferUpdate(BazU, -7509720575881918391, IN_PROGRESS) [CONTEXT service_id=54 ]
07-02 23:01:42.892 31236 31236 V NearbyFragment: Transfer to BazU: 65%
07-02 23:01:42.897  5034 32350 I NearbyConnections: ClientProxy(22484637) reporting onPayloadTransferUpdate(BazU, -7509720575881918391, IN_PROGRESS) [CONTEXT service_id=54 ]
07-02 23:01:42.898 31236 31236 V NearbyFragment: Transfer to BazU: 65%
07-02 23:01:42.901  5034 32350 I NearbyConnections: ClientProxy(22484637) reporting onPayloadTransferUpdate(BazU, -7509720575881918391, IN_PROGRESS) [CONTEXT service_id=54 ]
07-02 23:01:42.902 31236 31236 V NearbyFragment: Transfer to BazU: 66%
07-02 23:01:42.905  5034 32350 I NearbyConnections: ClientProxy(22484637) reporting onPayloadTransferUpdate(BazU, -7509720575881918391, IN_PROGRESS) [CONTEXT service_id=54 ]
07-02 23:01:42.906 31236 31236 V NearbyFragment: Transfer to BazU: 66%
07-02 23:01:42.908  5034 32350 I NearbyConnections: ClientProxy(22484637) reporting onPayloadTransferUpdate(BazU, -7509720575881918391, IN_PROGRESS) [CONTEXT service_id=54 ]
07-02 23:01:42.909 31236 31236 V NearbyFragment: Transfer to BazU: 66%
07-02 23:01:42.994  5034 32350 I NearbyConnections: ClientProxy(22484637) reporting onPayloadTransferUpdate(BazU, -7509720575881918391, IN_PROGRESS) [CONTEXT service_id=54 ]
07-02 23:01:42.995 31236 31236 V NearbyFragment: Transfer to BazU: 67%
07-02 23:01:42.999  5034 32350 I NearbyConnections: ClientProxy(22484637) reporting onPayloadTransferUpdate(BazU, -7509720575881918391, IN_PROGRESS) [CONTEXT service_id=54 ]
07-02 23:01:42.999 31236 31236 V NearbyFragment: Transfer to BazU: 67%
07-02 23:01:43.004  5034 32350 I NearbyConnections: ClientProxy(22484637) reporting onPayloadTransferUpdate(BazU, -7509720575881918391, IN_PROGRESS) [CONTEXT service_id=54 ]
07-02 23:01:43.005 31236 31236 V NearbyFragment: Transfer to BazU: 68%
07-02 23:01:43.009  5034 32350 I NearbyConnections: ClientProxy(22484637) reporting onPayloadTransferUpdate(BazU, -7509720575881918391, IN_PROGRESS) [CONTEXT service_id=54 ]
07-02 23:01:43.009 31236 31236 V NearbyFragment: Transfer to BazU: 68%
07-02 23:01:43.014  5034 32350 I NearbyConnections: ClientProxy(22484637) reporting onPayloadTransferUpdate(BazU, -7509720575881918391, IN_PROGRESS) [CONTEXT service_id=54 ]
07-02 23:01:43.015 31236 31236 V NearbyFragment: Transfer to BazU: 68%
07-02 23:01:43.018  5034 32350 I NearbyConnections: ClientProxy(22484637) reporting onPayloadTransferUpdate(BazU, -7509720575881918391, IN_PROGRESS) [CONTEXT service_id=54 ]
07-02 23:01:43.019 31236 31236 V NearbyFragment: Transfer to BazU: 69%
07-02 23:01:43.023  5034 32350 I NearbyConnections: ClientProxy(22484637) reporting onPayloadTransferUpdate(BazU, -7509720575881918391, IN_PROGRESS) [CONTEXT service_id=54 ]
07-02 23:01:43.023 31236 31236 V NearbyFragment: Transfer to BazU: 69%
07-02 23:01:43.028 31236 31236 V NearbyFragment: Transfer to BazU: 70%
07-02 23:01:43.028  5034 32350 I NearbyConnections: ClientProxy(22484637) reporting onPayloadTransferUpdate(BazU, -7509720575881918391, IN_PROGRESS) [CONTEXT service_id=54 ]
07-02 23:01:43.033  5034 32350 I NearbyConnections: ClientProxy(22484637) reporting onPayloadTransferUpdate(BazU, -7509720575881918391, IN_PROGRESS) [CONTEXT service_id=54 ]
07-02 23:01:43.033 31236 31236 V NearbyFragment: Transfer to BazU: 70%
07-02 23:01:43.037  5034 32350 I NearbyConnections: ClientProxy(22484637) reporting onPayloadTransferUpdate(BazU, -7509720575881918391, IN_PROGRESS) [CONTEXT service_id=54 ]
07-02 23:01:43.037 31236 31236 V NearbyFragment: Transfer to BazU: 70%
07-02 23:01:43.042 31236 31236 V NearbyFragment: Transfer to BazU: 71%
07-02 23:01:43.042  5034 32350 I NearbyConnections: ClientProxy(22484637) reporting onPayloadTransferUpdate(BazU, -7509720575881918391, IN_PROGRESS) [CONTEXT service_id=54 ]
07-02 23:01:43.046  5034 32350 I NearbyConnections: ClientProxy(22484637) reporting onPayloadTransferUpdate(BazU, -7509720575881918391, IN_PROGRESS) [CONTEXT service_id=54 ]
07-02 23:01:43.047 31236 31236 V NearbyFragment: Transfer to BazU: 71%
07-02 23:01:43.128  5034 32350 I NearbyConnections: ClientProxy(22484637) reporting onPayloadTransferUpdate(BazU, -7509720575881918391, IN_PROGRESS) [CONTEXT service_id=54 ]
07-02 23:01:43.129 31236 31236 V NearbyFragment: Transfer to BazU: 72%
07-02 23:01:43.134  5034 32350 I NearbyConnections: ClientProxy(22484637) reporting onPayloadTransferUpdate(BazU, -7509720575881918391, IN_PROGRESS) [CONTEXT service_id=54 ]
07-02 23:01:43.135 31236 31236 V NearbyFragment: Transfer to BazU: 72%
07-02 23:01:43.140  5034 32350 I NearbyConnections: ClientProxy(22484637) reporting onPayloadTransferUpdate(BazU, -7509720575881918391, IN_PROGRESS) [CONTEXT service_id=54 ]
07-02 23:01:43.142 31236 31236 V NearbyFragment: Transfer to BazU: 72%
07-02 23:01:43.148  5034 32350 I NearbyConnections: ClientProxy(22484637) reporting onPayloadTransferUpdate(BazU, -7509720575881918391, IN_PROGRESS) [CONTEXT service_id=54 ]
07-02 23:01:43.149 31236 31236 V NearbyFragment: Transfer to BazU: 73%
07-02 23:01:43.157  5034 32350 I NearbyConnections: ClientProxy(22484637) reporting onPayloadTransferUpdate(BazU, -7509720575881918391, IN_PROGRESS) [CONTEXT service_id=54 ]
07-02 23:01:43.158 31236 31236 V NearbyFragment: Transfer to BazU: 73%
07-02 23:01:43.166  5034 32350 I NearbyConnections: ClientProxy(22484637) reporting onPayloadTransferUpdate(BazU, -7509720575881918391, IN_PROGRESS) [CONTEXT service_id=54 ]
07-02 23:01:43.166 31236 31236 V NearbyFragment: Transfer to BazU: 73%
07-02 23:01:43.176  5034 32350 I NearbyConnections: ClientProxy(22484637) reporting onPayloadTransferUpdate(BazU, -7509720575881918391, IN_PROGRESS) [CONTEXT service_id=54 ]
07-02 23:01:43.177 31236 31236 V NearbyFragment: Transfer to BazU: 74%
07-02 23:01:43.183  5034 32350 I NearbyConnections: ClientProxy(22484637) reporting onPayloadTransferUpdate(BazU, -7509720575881918391, IN_PROGRESS) [CONTEXT service_id=54 ]
07-02 23:01:43.183 31236 31236 V NearbyFragment: Transfer to BazU: 74%
07-02 23:01:43.193  5034 32350 I NearbyConnections: ClientProxy(22484637) reporting onPayloadTransferUpdate(BazU, -7509720575881918391, IN_PROGRESS) [CONTEXT service_id=54 ]
07-02 23:01:43.194 31236 31236 V NearbyFragment: Transfer to BazU: 75%
07-02 23:01:43.197  5034 32350 I NearbyConnections: ClientProxy(22484637) reporting onPayloadTransferUpdate(BazU, -7509720575881918391, IN_PROGRESS) [CONTEXT service_id=54 ]
07-02 23:01:43.198 31236 31236 V NearbyFragment: Transfer to BazU: 75%
07-02 23:01:43.204  5034 32350 I NearbyConnections: ClientProxy(22484637) reporting onPayloadTransferUpdate(BazU, -7509720575881918391, IN_PROGRESS) [CONTEXT service_id=54 ]
07-02 23:01:43.204 31236 31236 V NearbyFragment: Transfer to BazU: 75%
07-02 23:01:43.209  5034 32350 I NearbyConnections: ClientProxy(22484637) reporting onPayloadTransferUpdate(BazU, -7509720575881918391, IN_PROGRESS) [CONTEXT service_id=54 ]
07-02 23:01:43.210 31236 31236 V NearbyFragment: Transfer to BazU: 76%
07-02 23:01:43.212  5034 32350 I NearbyConnections: ClientProxy(22484637) reporting onPayloadTransferUpdate(BazU, -7509720575881918391, IN_PROGRESS) [CONTEXT service_id=54 ]
07-02 23:01:43.213 31236 31236 V NearbyFragment: Transfer to BazU: 76%
07-02 23:01:43.217  5034 32350 I NearbyConnections: ClientProxy(22484637) reporting onPayloadTransferUpdate(BazU, -7509720575881918391, IN_PROGRESS) [CONTEXT service_id=54 ]
07-02 23:01:43.218 31236 31236 V NearbyFragment: Transfer to BazU: 77%
07-02 23:01:43.220  5034 32350 I NearbyConnections: ClientProxy(22484637) reporting onPayloadTransferUpdate(BazU, -7509720575881918391, IN_PROGRESS) [CONTEXT service_id=54 ]
07-02 23:01:43.220 31236 31236 V NearbyFragment: Transfer to BazU: 77%
07-02 23:01:43.225 31236 31236 V NearbyFragment: Transfer to BazU: 77%
07-02 23:01:43.225  5034 32350 I NearbyConnections: ClientProxy(22484637) reporting onPayloadTransferUpdate(BazU, -7509720575881918391, IN_PROGRESS) [CONTEXT service_id=54 ]
07-02 23:01:43.227  5034 32350 I NearbyConnections: ClientProxy(22484637) reporting onPayloadTransferUpdate(BazU, -7509720575881918391, IN_PROGRESS) [CONTEXT service_id=54 ]
07-02 23:01:43.228 31236 31236 V NearbyFragment: Transfer to BazU: 78%
07-02 23:01:43.273  5034 32350 I NearbyConnections: ClientProxy(22484637) reporting onPayloadTransferUpdate(BazU, -7509720575881918391, IN_PROGRESS) [CONTEXT service_id=54 ]
07-02 23:01:43.274 31236 31236 V NearbyFragment: Transfer to BazU: 78%
07-02 23:01:43.284  5034  5047 I gle.android.gm: Background concurrent copying GC freed 16783(581KB) AllocSpace objects, 342(22MB) LOS objects, 50% free, 23MB/46MB, paused 450us total 135.398ms
07-02 23:01:43.286  5034 32350 I NearbyConnections: ClientProxy(22484637) reporting onPayloadTransferUpdate(BazU, -7509720575881918391, IN_PROGRESS) [CONTEXT service_id=54 ]
07-02 23:01:43.287 31236 31236 V NearbyFragment: Transfer to BazU: 79%
07-02 23:01:43.292  5034 32350 I NearbyConnections: ClientProxy(22484637) reporting onPayloadTransferUpdate(BazU, -7509720575881918391, IN_PROGRESS) [CONTEXT service_id=54 ]
07-02 23:01:43.293 31236 31236 V NearbyFragment: Transfer to BazU: 79%
07-02 23:01:43.296  5034 32350 I NearbyConnections: ClientProxy(22484637) reporting onPayloadTransferUpdate(BazU, -7509720575881918391, IN_PROGRESS) [CONTEXT service_id=54 ]
07-02 23:01:43.296 31236 31236 V NearbyFragment: Transfer to BazU: 79%
07-02 23:01:43.300  5034 32350 I NearbyConnections: ClientProxy(22484637) reporting onPayloadTransferUpdate(BazU, -7509720575881918391, IN_PROGRESS) [CONTEXT service_id=54 ]
07-02 23:01:43.301 31236 31236 V NearbyFragment: Transfer to BazU: 80%
07-02 23:01:43.305  5034 32350 I NearbyConnections: ClientProxy(22484637) reporting onPayloadTransferUpdate(BazU, -7509720575881918391, IN_PROGRESS) [CONTEXT service_id=54 ]
07-02 23:01:43.306 31236 31236 V NearbyFragment: Transfer to BazU: 80%
07-02 23:01:43.309  5034 32350 I NearbyConnections: ClientProxy(22484637) reporting onPayloadTransferUpdate(BazU, -7509720575881918391, IN_PROGRESS) [CONTEXT service_id=54 ]
07-02 23:01:43.309 31236 31236 V NearbyFragment: Transfer to BazU: 80%
07-02 23:01:43.314  5034 32350 I NearbyConnections: ClientProxy(22484637) reporting onPayloadTransferUpdate(BazU, -7509720575881918391, IN_PROGRESS) [CONTEXT service_id=54 ]
07-02 23:01:43.318  5034 32350 I NearbyConnections: ClientProxy(22484637) reporting onPayloadTransferUpdate(BazU, -7509720575881918391, IN_PROGRESS) [CONTEXT service_id=54 ]
07-02 23:01:43.318 31236 31236 V NearbyFragment: Transfer to BazU: 81%
07-02 23:01:43.319 31236 31236 V NearbyFragment: Transfer to BazU: 81%
07-02 23:01:43.323  5034 32350 I NearbyConnections: ClientProxy(22484637) reporting onPayloadTransferUpdate(BazU, -7509720575881918391, IN_PROGRESS) [CONTEXT service_id=54 ]
07-02 23:01:43.324 31236 31236 V NearbyFragment: Transfer to BazU: 82%
07-02 23:01:43.328  5034 32350 I NearbyConnections: ClientProxy(22484637) reporting onPayloadTransferUpdate(BazU, -7509720575881918391, IN_PROGRESS) [CONTEXT service_id=54 ]
07-02 23:01:43.328 31236 31236 V NearbyFragment: Transfer to BazU: 82%
07-02 23:01:43.334  5034 32350 I NearbyConnections: ClientProxy(22484637) reporting onPayloadTransferUpdate(BazU, -7509720575881918391, IN_PROGRESS) [CONTEXT service_id=54 ]
07-02 23:01:43.335 31236 31236 V NearbyFragment: Transfer to BazU: 82%
07-02 23:01:43.338  5034 32350 I NearbyConnections: ClientProxy(22484637) reporting onPayloadTransferUpdate(BazU, -7509720575881918391, IN_PROGRESS) [CONTEXT service_id=54 ]
07-02 23:01:43.339 31236 31236 V NearbyFragment: Transfer to BazU: 83%
07-02 23:01:43.341  5034 32350 I NearbyConnections: ClientProxy(22484637) reporting onPayloadTransferUpdate(BazU, -7509720575881918391, IN_PROGRESS) [CONTEXT service_id=54 ]
07-02 23:01:43.342 31236 31236 V NearbyFragment: Transfer to BazU: 83%
07-02 23:01:43.345  5034 32350 I NearbyConnections: ClientProxy(22484637) reporting onPayloadTransferUpdate(BazU, -7509720575881918391, IN_PROGRESS) [CONTEXT service_id=54 ]
07-02 23:01:43.346 31236 31236 V NearbyFragment: Transfer to BazU: 84%
07-02 23:01:43.348  5034 32350 I NearbyConnections: ClientProxy(22484637) reporting onPayloadTransferUpdate(BazU, -7509720575881918391, IN_PROGRESS) [CONTEXT service_id=54 ]
07-02 23:01:43.349 31236 31236 V NearbyFragment: Transfer to BazU: 84%
07-02 23:01:43.352  5034 32350 I NearbyConnections: ClientProxy(22484637) reporting onPayloadTransferUpdate(BazU, -7509720575881918391, IN_PROGRESS) [CONTEXT service_id=54 ]
07-02 23:01:43.352 31236 31236 V NearbyFragment: Transfer to BazU: 84%
07-02 23:01:43.358  5034 32350 I NearbyConnections: ClientProxy(22484637) reporting onPayloadTransferUpdate(BazU, -7509720575881918391, IN_PROGRESS) [CONTEXT service_id=54 ]
07-02 23:01:43.358 31236 31236 V NearbyFragment: Transfer to BazU: 85%
07-02 23:01:43.362  5034 32350 I NearbyConnections: ClientProxy(22484637) reporting onPayloadTransferUpdate(BazU, -7509720575881918391, IN_PROGRESS) [CONTEXT service_id=54 ]
07-02 23:01:43.362 31236 31236 V NearbyFragment: Transfer to BazU: 85%
07-02 23:01:43.368  5034 32350 I NearbyConnections: ClientProxy(22484637) reporting onPayloadTransferUpdate(BazU, -7509720575881918391, IN_PROGRESS) [CONTEXT service_id=54 ]
07-02 23:01:43.369 31236 31236 V NearbyFragment: Transfer to BazU: 86%
07-02 23:01:43.371  5034 32350 I NearbyConnections: ClientProxy(22484637) reporting onPayloadTransferUpdate(BazU, -7509720575881918391, IN_PROGRESS) [CONTEXT service_id=54 ]
07-02 23:01:43.372 31236 31236 V NearbyFragment: Transfer to BazU: 86%
07-02 23:01:43.375  5034 32350 I NearbyConnections: ClientProxy(22484637) reporting onPayloadTransferUpdate(BazU, -7509720575881918391, IN_PROGRESS) [CONTEXT service_id=54 ]
07-02 23:01:43.376 31236 31236 V NearbyFragment: Transfer to BazU: 86%
07-02 23:01:43.378  5034 32350 I NearbyConnections: ClientProxy(22484637) reporting onPayloadTransferUpdate(BazU, -7509720575881918391, IN_PROGRESS) [CONTEXT service_id=54 ]
07-02 23:01:43.379 31236 31236 V NearbyFragment: Transfer to BazU: 87%
07-02 23:01:43.441  3825  4066 D WifiTrafficPoller: TrafficStats TxPkts=440261 RxPkts=231604 TxBytes=629119722 RxBytes=117052307 , Foreground uid=10568 pkgName=com.example.edgesum TxPackets=478609 RxPackets=1042342 TxBytes=24942260 RxBytes=1563243755
07-02 23:01:43.698  5034 32350 I NearbyConnections: ClientProxy(22484637) reporting onPayloadTransferUpdate(BazU, -7509720575881918391, IN_PROGRESS) [CONTEXT service_id=54 ]
07-02 23:01:43.699 31236 31236 V NearbyFragment: Transfer to BazU: 87%
07-02 23:01:43.705  5034 32350 I NearbyConnections: ClientProxy(22484637) reporting onPayloadTransferUpdate(BazU, -7509720575881918391, IN_PROGRESS) [CONTEXT service_id=54 ]
07-02 23:01:43.706 31236 31236 V NearbyFragment: Transfer to BazU: 87%
07-02 23:01:43.712  5034 32350 I NearbyConnections: ClientProxy(22484637) reporting onPayloadTransferUpdate(BazU, -7509720575881918391, IN_PROGRESS) [CONTEXT service_id=54 ]
07-02 23:01:43.713 31236 31236 V NearbyFragment: Transfer to BazU: 88%
07-02 23:01:43.718  5034 32350 I NearbyConnections: ClientProxy(22484637) reporting onPayloadTransferUpdate(BazU, -7509720575881918391, IN_PROGRESS) [CONTEXT service_id=54 ]
07-02 23:01:43.719 31236 31236 V NearbyFragment: Transfer to BazU: 88%
07-02 23:01:43.724  5034 32350 I NearbyConnections: ClientProxy(22484637) reporting onPayloadTransferUpdate(BazU, -7509720575881918391, IN_PROGRESS) [CONTEXT service_id=54 ]
07-02 23:01:43.725 31236 31236 V NearbyFragment: Transfer to BazU: 89%
07-02 23:01:43.728  5034 32350 I NearbyConnections: ClientProxy(22484637) reporting onPayloadTransferUpdate(BazU, -7509720575881918391, IN_PROGRESS) [CONTEXT service_id=54 ]
07-02 23:01:43.729 31236 31236 V NearbyFragment: Transfer to BazU: 89%
07-02 23:01:43.734  5034 32350 I NearbyConnections: ClientProxy(22484637) reporting onPayloadTransferUpdate(BazU, -7509720575881918391, IN_PROGRESS) [CONTEXT service_id=54 ]
07-02 23:01:43.735 31236 31236 V NearbyFragment: Transfer to BazU: 89%
07-02 23:01:43.739  5034 32350 I NearbyConnections: ClientProxy(22484637) reporting onPayloadTransferUpdate(BazU, -7509720575881918391, IN_PROGRESS) [CONTEXT service_id=54 ]
07-02 23:01:43.740 31236 31236 V NearbyFragment: Transfer to BazU: 90%
07-02 23:01:43.743  5034 32350 I NearbyConnections: ClientProxy(22484637) reporting onPayloadTransferUpdate(BazU, -7509720575881918391, IN_PROGRESS) [CONTEXT service_id=54 ]
07-02 23:01:43.744 31236 31236 V NearbyFragment: Transfer to BazU: 90%
07-02 23:01:43.747  5034 32350 I NearbyConnections: ClientProxy(22484637) reporting onPayloadTransferUpdate(BazU, -7509720575881918391, IN_PROGRESS) [CONTEXT service_id=54 ]
07-02 23:01:43.748 31236 31236 V NearbyFragment: Transfer to BazU: 91%
07-02 23:01:43.751  5034 32350 I NearbyConnections: ClientProxy(22484637) reporting onPayloadTransferUpdate(BazU, -7509720575881918391, IN_PROGRESS) [CONTEXT service_id=54 ]
07-02 23:01:43.752 31236 31236 V NearbyFragment: Transfer to BazU: 91%
07-02 23:01:43.754  5034 32350 I NearbyConnections: ClientProxy(22484637) reporting onPayloadTransferUpdate(BazU, -7509720575881918391, IN_PROGRESS) [CONTEXT service_id=54 ]
07-02 23:01:43.755 31236 31236 V NearbyFragment: Transfer to BazU: 91%
07-02 23:01:43.759  5034 32350 I NearbyConnections: ClientProxy(22484637) reporting onPayloadTransferUpdate(BazU, -7509720575881918391, IN_PROGRESS) [CONTEXT service_id=54 ]
07-02 23:01:43.760 31236 31236 V NearbyFragment: Transfer to BazU: 92%
07-02 23:01:43.787  3574  4120 D bauth_FPBAuthService: pcf : 0x1012, 0 ,2 ,0 ,0 ,0 ,2, 
07-02 23:01:43.787  3574  4120 D bauth_FPBAuthService: thread id : 2, preenroll_flag : 0, nd cnt : 1, cso : 0, et : 0
07-02 23:01:43.787  3574  4120 D bauth_FPBAuthService: FPBAuthService, 9983
07-02 23:01:43.885  5034 32350 I NearbyConnections: ClientProxy(22484637) reporting onPayloadTransferUpdate(BazU, -7509720575881918391, IN_PROGRESS) [CONTEXT service_id=54 ]
07-02 23:01:43.886 31236 31236 V NearbyFragment: Transfer to BazU: 92%
07-02 23:01:43.888  5034 32350 I NearbyConnections: ClientProxy(22484637) reporting onPayloadTransferUpdate(BazU, -7509720575881918391, IN_PROGRESS) [CONTEXT service_id=54 ]
07-02 23:01:43.889 31236 31236 V NearbyFragment: Transfer to BazU: 93%
07-02 23:01:43.897  5034 32350 I NearbyConnections: ClientProxy(22484637) reporting onPayloadTransferUpdate(BazU, -7509720575881918391, IN_PROGRESS) [CONTEXT service_id=54 ]
07-02 23:01:43.898 31236 31236 V NearbyFragment: Transfer to BazU: 93%
07-02 23:01:43.904  5034 32350 I NearbyConnections: ClientProxy(22484637) reporting onPayloadTransferUpdate(BazU, -7509720575881918391, IN_PROGRESS) [CONTEXT service_id=54 ]
