07-02 23:27:58.356  5128  5640 I mobile-ffmpeg: 
07-02 23:27:58.356  5128  5640 I mobile-ffmpeg:     minor_version   : 
07-02 23:27:58.356  5128  5640 I mobile-ffmpeg: 
07-02 23:27:58.356  5128  5640 I chatty  : uid=10568(com.example.edgesum) identical 1 line
07-02 23:27:58.356  5128  5640 I mobile-ffmpeg: 
07-02 23:27:58.356  5128  5640 I mobile-ffmpeg: 512
07-02 23:27:58.356  5128  5640 I mobile-ffmpeg: 
07-02 23:27:58.356  5128  5640 I chatty  : uid=10568(com.example.edgesum) identical 1 line
07-02 23:27:58.356  5128  5640 I mobile-ffmpeg: 
07-02 23:27:58.356  5128  5640 I mobile-ffmpeg: 
07-02 23:27:58.356  5128  5640 I mobile-ffmpeg: 
07-02 23:27:58.356  5128  5640 I chatty  : uid=10568(com.example.edgesum) identical 1 line
07-02 23:27:58.356  5128  5640 I mobile-ffmpeg: 
07-02 23:27:58.356  5128  5640 I mobile-ffmpeg:     compatible_brands: 
07-02 23:27:58.356  5128  5640 I mobile-ffmpeg: 
07-02 23:27:58.356  5128  5640 I chatty  : uid=10568(com.example.edgesum) identical 1 line
07-02 23:27:58.356  5128  5640 I mobile-ffmpeg: 
07-02 23:27:58.356  5128  5640 I mobile-ffmpeg: isomiso2avc1mp41
07-02 23:27:58.357  5128  5640 I mobile-ffmpeg: 
07-02 23:27:58.357  5128  5640 I chatty  : uid=10568(com.example.edgesum) identical 1 line
07-02 23:27:58.357  5128  5640 I mobile-ffmpeg: 
07-02 23:27:58.357  5128  5640 I mobile-ffmpeg: 
07-02 23:27:58.357  5128  5640 I mobile-ffmpeg: 
07-02 23:27:58.357  5128  5640 I chatty  : uid=10568(com.example.edgesum) identical 1 line
07-02 23:27:58.357  5128  5640 I mobile-ffmpeg: 
07-02 23:27:58.357  5128  5640 I mobile-ffmpeg:     encoder         : 
07-02 23:27:58.357  5128  5640 I mobile-ffmpeg: 
07-02 23:27:58.357  5128  5640 I chatty  : uid=10568(com.example.edgesum) identical 1 line
07-02 23:27:58.357  5128  5640 I mobile-ffmpeg: 
07-02 23:27:58.357  5128  5640 I mobile-ffmpeg: Lavf58.28.101
07-02 23:27:58.357  5128  5640 I mobile-ffmpeg: 
07-02 23:27:58.357  5128  5640 I chatty  : uid=10568(com.example.edgesum) identical 1 line
07-02 23:27:58.357  5128  5640 I mobile-ffmpeg: 
07-02 23:27:58.357  5128  5640 I mobile-ffmpeg: 
07-02 23:27:58.357  5128  5640 I mobile-ffmpeg: 
07-02 23:27:58.357  5128  5640 I chatty  : uid=10568(com.example.edgesum) identical 1 line
07-02 23:27:58.357  5128  5640 I mobile-ffmpeg: 
07-02 23:27:58.357  5128  5640 I mobile-ffmpeg:     Stream #0:0
07-02 23:27:58.357  5128  5640 I mobile-ffmpeg: 
07-02 23:27:58.357  5128  5640 I chatty  : uid=10568(com.example.edgesum) identical 1 line
07-02 23:27:58.357  5128  5640 I mobile-ffmpeg: 
07-02 23:27:58.357  5128  5640 I mobile-ffmpeg: (eng)
07-02 23:27:58.357  5128  5640 I mobile-ffmpeg: 
07-02 23:27:58.357  5128  5640 I chatty  : uid=10568(com.example.edgesum) identical 1 line
07-02 23:27:58.357  5128  5640 I mobile-ffmpeg: 
07-02 23:27:58.357  5128  5640 I mobile-ffmpeg: : Video: wrapped_avframe, yuvj420p, 1280x720, q=2-31, 200 kb/s
07-02 23:27:58.357  5128  5640 I mobile-ffmpeg: 
07-02 23:27:58.357  5128  5640 I chatty  : uid=10568(com.example.edgesum) identical 1 line
07-02 23:27:58.357  5128  5640 I mobile-ffmpeg: 
07-02 23:27:58.357  5128  5640 I mobile-ffmpeg: , 
07-02 23:27:58.357  5128  5640 I mobile-ffmpeg: 
07-02 23:27:58.357  5128  5640 I chatty  : uid=10568(com.example.edgesum) identical 1 line
07-02 23:27:58.358  5128  5640 I mobile-ffmpeg: 
07-02 23:27:58.358  5128  5640 I mobile-ffmpeg: 29.97 fps, 
07-02 23:27:58.358  5128  5640 I mobile-ffmpeg: 
07-02 23:27:58.358  5128  5640 I chatty  : uid=10568(com.example.edgesum) identical 1 line
07-02 23:27:58.358  5128  5640 I mobile-ffmpeg: 
07-02 23:27:58.358  5128  5640 I mobile-ffmpeg: 29.97 tbn, 
07-02 23:27:58.358  5128  5640 I mobile-ffmpeg: 
07-02 23:27:58.358  5128  5640 I chatty  : uid=10568(com.example.edgesum) identical 1 line
07-02 23:27:58.358  5128  5640 I mobile-ffmpeg: 
07-02 23:27:58.358  5128  5640 I mobile-ffmpeg: 29.97 tbc
07-02 23:27:58.358  5128  5640 I mobile-ffmpeg: 
07-02 23:27:58.358  5128  5640 I chatty  : uid=10568(com.example.edgesum) identical 1 line
07-02 23:27:58.358  5128  5640 I mobile-ffmpeg: 
07-02 23:27:58.358  5128  5640 I mobile-ffmpeg:  (default)
07-02 23:27:58.358  5128  5640 I mobile-ffmpeg: 
07-02 23:27:58.358  5128  5640 I chatty  : uid=10568(com.example.edgesum) identical 1 line
07-02 23:27:58.358  5128  5640 I mobile-ffmpeg: 
07-02 23:27:58.358  5128  5640 I mobile-ffmpeg: 
07-02 23:27:58.358  5128  5640 I mobile-ffmpeg: 
07-02 23:27:58.358  5128  5640 I chatty  : uid=10568(com.example.edgesum) identical 1 line
07-02 23:27:58.358  5128  5640 I mobile-ffmpeg: 
07-02 23:27:58.358  5128  5640 I mobile-ffmpeg:     Metadata:
07-02 23:27:58.358  5128  5640 I mobile-ffmpeg: 
07-02 23:27:58.358  5128  5640 I chatty  : uid=10568(com.example.edgesum) identical 1 line
07-02 23:27:58.358  5128  5640 I mobile-ffmpeg: 
07-02 23:27:58.358  5128  5640 I mobile-ffmpeg:       handler_name    : 
07-02 23:27:58.358  5128  5640 I mobile-ffmpeg: 
07-02 23:27:58.358  5128  5640 I chatty  : uid=10568(com.example.edgesum) identical 1 line
07-02 23:27:58.358  5128  5640 I mobile-ffmpeg: 
07-02 23:27:58.358  5128  5640 I mobile-ffmpeg: PittaSoft Video Media Handler
07-02 23:27:58.358  5128  5640 I mobile-ffmpeg: 
07-02 23:27:58.359  5128  5640 I chatty  : uid=10568(com.example.edgesum) identical 1 line
07-02 23:27:58.359  5128  5640 I mobile-ffmpeg: 
07-02 23:27:58.359  5128  5640 I mobile-ffmpeg: 
07-02 23:27:58.359  5128  5640 I mobile-ffmpeg: 
07-02 23:27:58.359  5128  5640 I chatty  : uid=10568(com.example.edgesum) identical 1 line
07-02 23:27:58.359  5128  5640 I mobile-ffmpeg: 
07-02 23:27:58.359  5128  5640 I mobile-ffmpeg:       encoder         : 
07-02 23:27:58.359  5128  5640 I mobile-ffmpeg: 
07-02 23:27:58.359  5128  5640 I chatty  : uid=10568(com.example.edgesum) identical 1 line
07-02 23:27:58.359  5128  5640 I mobile-ffmpeg: 
07-02 23:27:58.359  5128  5640 I mobile-ffmpeg: Lavc58.53.101 wrapped_avframe
07-02 23:27:58.359  5128  5640 I mobile-ffmpeg: 
07-02 23:27:58.359  5128  5640 I chatty  : uid=10568(com.example.edgesum) identical 1 line
07-02 23:27:58.359  5128  5640 I mobile-ffmpeg: 
07-02 23:27:58.359  5128  5640 I mobile-ffmpeg: 
07-02 23:27:58.359  5128  5640 I mobile-ffmpeg: 
07-02 23:27:58.359  5128  5640 I chatty  : uid=10568(com.example.edgesum) identical 1 line
07-02 23:27:58.359  5128  5640 I mobile-ffmpeg: 
07-02 23:27:58.359  5128  5640 I mobile-ffmpeg:     Stream #0:1
07-02 23:27:58.359  5128  5640 I mobile-ffmpeg: 
07-02 23:27:58.359  5128  5640 I chatty  : uid=10568(com.example.edgesum) identical 1 line
07-02 23:27:58.359  5128  5640 I mobile-ffmpeg: 
07-02 23:27:58.359  5128  5640 I mobile-ffmpeg: (eng)
07-02 23:27:58.359  5128  5640 I mobile-ffmpeg: 
07-02 23:27:58.359  5128  5640 I chatty  : uid=10568(com.example.edgesum) identical 1 line
07-02 23:27:58.359  5128  5640 I mobile-ffmpeg: 
07-02 23:27:58.359  5128  5640 I mobile-ffmpeg: : Audio: pcm_s16le, 16000 Hz, stereo, s16, 512 kb/s
07-02 23:27:58.359  5128  5640 I mobile-ffmpeg: 
07-02 23:27:58.359  5128  5640 I chatty  : uid=10568(com.example.edgesum) identical 1 line
07-02 23:27:58.359  5128  5640 I mobile-ffmpeg: 
07-02 23:27:58.359  5128  5640 I mobile-ffmpeg:  (default)
07-02 23:27:58.359  5128  5640 I mobile-ffmpeg: 
07-02 23:27:58.360  5128  5640 I chatty  : uid=10568(com.example.edgesum) identical 1 line
07-02 23:27:58.360  5128  5640 I mobile-ffmpeg: 
07-02 23:27:58.360  5128  5640 I mobile-ffmpeg: 
07-02 23:27:58.360  5128  5640 I mobile-ffmpeg: 
07-02 23:27:58.360  5128  5640 I chatty  : uid=10568(com.example.edgesum) identical 1 line
07-02 23:27:58.360  5128  5640 I mobile-ffmpeg: 
07-02 23:27:58.360  5128  5640 I mobile-ffmpeg:     Metadata:
07-02 23:27:58.360  5128  5640 I mobile-ffmpeg: 
07-02 23:27:58.360  5128  5640 I chatty  : uid=10568(com.example.edgesum) identical 1 line
07-02 23:27:58.360  5128  5640 I mobile-ffmpeg: 
07-02 23:27:58.360  5128  5640 I mobile-ffmpeg:       handler_name    : 
07-02 23:27:58.360  5128  5640 I mobile-ffmpeg: 
07-02 23:27:58.360  5128  5640 I chatty  : uid=10568(com.example.edgesum) identical 1 line
07-02 23:27:58.360  5128  5640 I mobile-ffmpeg: 
07-02 23:27:58.360  5128  5640 I mobile-ffmpeg: PittaSoft Sound Media Handler
07-02 23:27:58.360  5128  5640 I mobile-ffmpeg: 
07-02 23:27:58.360  5128  5640 I chatty  : uid=10568(com.example.edgesum) identical 1 line
07-02 23:27:58.360  5128  5640 I mobile-ffmpeg: 
07-02 23:27:58.360  5128  5640 I mobile-ffmpeg: 
07-02 23:27:58.360  5128  5640 I mobile-ffmpeg: 
07-02 23:27:58.360  5128  5640 I chatty  : uid=10568(com.example.edgesum) identical 1 line
07-02 23:27:58.360  5128  5640 I mobile-ffmpeg: 
07-02 23:27:58.360  5128  5640 I mobile-ffmpeg:       encoder         : 
07-02 23:27:58.360  5128  5640 I mobile-ffmpeg: 
07-02 23:27:58.360  5128  5640 I chatty  : uid=10568(com.example.edgesum) identical 1 line
07-02 23:27:58.360  5128  5640 I mobile-ffmpeg: 
07-02 23:27:58.361  5128  5640 I mobile-ffmpeg: Lavc58.53.101 pcm_s16le
07-02 23:27:58.361  5128  5640 I mobile-ffmpeg: 
07-02 23:27:58.361  5128  5640 I chatty  : uid=10568(com.example.edgesum) identical 1 line
07-02 23:27:58.361  5128  5640 I mobile-ffmpeg: 
07-02 23:27:58.361  5128  5640 I mobile-ffmpeg: 
07-02 23:27:58.527  5128  5640 I mobile-ffmpeg: 
07-02 23:27:58.527  5128  5640 I mobile-ffmpeg: [freezedetect @ 0x7034de9660] 
07-02 23:27:58.527  5128  5640 I mobile-ffmpeg: 
07-02 23:27:58.527  5128  5640 I mobile-ffmpeg: lavfi.freezedetect.freeze_start: 0
07-02 23:27:58.592  5034  5456 I NearbyConnections: EndpointManager discarded incoming OfflineFrame of type KEEP_ALIVE because it doesn't have a processor registered. [CONTEXT service_id=54 ]
07-02 23:27:58.651  3574  4120 D bauth_FPBAuthService: pcf : 0x1012, 0 ,2 ,0 ,0 ,0 ,2, 
07-02 23:27:58.651  3574  4120 D bauth_FPBAuthService: thread id : 2, preenroll_flag : 0, nd cnt : 1, cso : 0, et : 0
07-02 23:27:58.651  3574  4120 D bauth_FPBAuthService: FPBAuthService, 9983
07-02 23:27:58.799  5128  5640 I mobile-ffmpeg: 
07-02 23:27:58.799  5128  5640 I chatty  : uid=10568(com.example.edgesum) identical 1 line
07-02 23:27:58.799  5128  5640 I mobile-ffmpeg: 
07-02 23:27:58.799  5128  5640 I mobile-ffmpeg: frame=   88 fps=0.0 q=-0.0 size=N/A time=00:00:03.24 bitrate=N/A speed=6.45x    
07-02 23:27:58.913  3825  4066 D WifiTrafficPoller: TrafficStats TxPkts=709373 RxPkts=1508761 TxBytes=37106409 RxBytes=2262424591 , Foreground uid=10568 pkgName=com.example.edgesum TxPackets=705215 RxPackets=1507779 TxBytes=36752011 RxBytes=2261301832
07-02 23:27:59.209  9122  9187 D ScanRecord: Not a Multi Manu data
07-02 23:27:59.209  9122  9187 I chatty  : uid=1002(bluetooth) BT Service Call identical 10 lines
07-02 23:27:59.209  9122  9187 D ScanRecord: Not a Multi Manu data
07-02 23:27:59.209  9122  9187 D BtGatt.GattService: onScanResult to scannerId: 5- eventType=0x10, addressType=0, address=A6:5, primaryPhy=1, secondaryPhy=0, advertisingSid=0xff, txPower=127, rssi=-85, periodicAdvInt=0x0
07-02 23:27:59.210  8780  9113 D ScanRecord: Not a Multi Manu data
07-02 23:27:59.214  8780  9113 I [+10]oneconnect[1.7.50-21_01][CORE]: BleParserForVD.parseTvPacket - [Name][TV] Samsung 8 Series (55)[DeviceType]TV[Discover]_BLE[Services]None[Connected]false[TvStatus]-128[TvService]96[TvMirrorChannel]1[TvRegisteredDB][83, 91, 0, 0, 0, 0][TvYear]2016[TvOcfInfo]0[TvAcmStatus]0[ExTvStatus]0
07-02 23:27:59.301  5128  5640 I mobile-ffmpeg: 
07-02 23:27:59.301  5128  5640 I chatty  : uid=10568(com.example.edgesum) identical 1 line
07-02 23:27:59.301  5128  5640 I mobile-ffmpeg: 
07-02 23:27:59.301  5128  5640 I mobile-ffmpeg: frame=  203 fps=202 q=-0.0 size=N/A time=00:00:07.08 bitrate=N/A speed=7.05x    
07-02 23:27:59.352  3825  3863 D ConnectivityService: filterNetworkStateForUid() uid: 1000, pid: 3825
07-02 23:27:59.352  3825  3863 D ConnectivityService: filterNetworkStateForUid() uid: 1000, pid: 3825, networkInfo: [type: WIFI[], state: CONNECTED/CONNECTED, reason: (unspecified), extra: (none), failover: false, available: true, roaming: false]
07-02 23:27:59.361  3825  3863 D NetworkManagement: ReportBigdata failReason = 255 failServer = 0
07-02 23:27:59.361  3825  3863 W ContextImpl: Calling a method in the system process without a qualified user: android.app.ContextImpl.sendBroadcast:1067 com.android.server.NetworkManagementService$NetdCallbackReceiver.onEvent:1268 com.android.server.NativeDaemonConnector.handleMessage:160 android.os.Handler.dispatchMessage:102 android.os.Looper.loop:214 
07-02 23:27:59.361  3825  3863 I chatty  : uid=1000(system) android.fg identical 1 line
07-02 23:27:59.361  3825  3863 D NetworkManagement: ReportBigdata failReason = 255 failServer = 0
07-02 23:27:59.363  3825  3825 D MDC     : onReceive com.samsung.intent.action.BIG_DATA_MOBILE_DATA
07-02 23:27:59.363  3825  3825 D MDC     : category = DNSE
07-02 23:27:59.363  3825  3851 I MDC     : addDnsData
07-02 23:27:59.363  3825  3851 I MDC     : mDnsList.size: 12
07-02 23:27:59.363  3825  3851 I MDC     : Dns is full. just return
07-02 23:27:59.363  3825  3863 D NetworkManagement: ReportBigdata totalSuccess = 3
07-02 23:27:59.500  3825  4067 I WifiVendorHal: getWifiLinkLayerStats(l.2973) before calling iface.getLinkLayerStats
07-02 23:27:59.500  3287  3287 I android.hardware.wifi@1.0-service: enter getLinkLayerStats
07-02 23:27:59.500  3287  3287 I android.hardware.wifi@1.0-service: enter getLinkLayerStatsInternal
07-02 23:27:59.508  3287  3287 I android.hardware.wifi@1.0-service: Successfully getLinkLayerStats.
07-02 23:27:59.509  3825  4067 I WifiVendorHal: getWifiLinkLayerStats(l.2973) after calling iface.getLinkLayerStats
07-02 23:27:59.570  3298  5080 V APM_AudioPolicyManager: getAudioPolicyConfig: audioParam;outDevice
07-02 23:27:59.570  3298  5080 V APM_AudioPolicyManager: getNewOutputDevice() selected device 0
07-02 23:27:59.570  3298  5080 V APM_AudioPolicyManager: ### curdevice : 2
07-02 23:27:59.651  3574  4120 D bauth_FPBAuthService: pcf : 0x1012, 0 ,2 ,0 ,0 ,0 ,2, 
07-02 23:27:59.651  3574  4120 D bauth_FPBAuthService: thread id : 2, preenroll_flag : 0, nd cnt : 1, cso : 0, et : 0
07-02 23:27:59.652  3574  4120 D bauth_FPBAuthService: FPBAuthService, 9983
07-02 23:27:59.805  5128  5640 I mobile-ffmpeg: 
07-02 23:27:59.805  5128  5640 I chatty  : uid=10568(com.example.edgesum) identical 1 line
07-02 23:27:59.805  5128  5640 I mobile-ffmpeg: 
07-02 23:27:59.805  5128  5640 I mobile-ffmpeg: frame=  312 fps=207 q=-0.0 size=N/A time=00:00:10.73 bitrate=N/A speed=7.12x    
07-02 23:28:00.000  3825  3973 D SamsungAlarmManager: Expired : 8
07-02 23:28:00.000  3825  3973 V SamsungAlarmManager: Sending to uid : 1000 action=android.intent.action.TIME_TICK alarm=Alarm{98f7678 type 3 when 13349031 android}
07-02 23:28:00.002  3825  3973 V SamsungAlarmManager: Sending to uid : 10086 action=com.samsung.action.EVERY_MINUTE_CLOCK_UPDATE alarm=Alarm{4e7ddb6 type 1 when 1593696480000 com.sec.android.app.launcher}
07-02 23:28:00.005  3825  3973 I SamsungAlarmManager: setLocked to kernel - T:2 / 20200702T232811, SetElapsed=13360541, nowELAPSED=13349036
07-02 23:28:00.006  3825  3825 D SamsungAlarmManager: setExact Intent (T:3/F:1/AC:false) 20200702T232900 - CU:1000/CP:3825
07-02 23:28:00.006  3825  3825 I SamsungAlarmManager: setLocked to kernel - T:2 / 20200702T232811, SetElapsed=13360541, nowELAPSED=13349037
07-02 23:28:00.008  4201  4201 D KeyguardUpdateMonitor: handleTimeUpdate
07-02 23:28:00.009  4201  4201 D KeyguardServiceBoxContainer: refreshTime() 1
07-02 23:28:00.012  5520  5520 I LiveIconManager: onReceive: com.samsung.action.EVERY_MINUTE_CLOCK_UPDATE
07-02 23:28:00.017  3825 10342 D SamsungAlarmManager: setInexact Intent (T:1/F:0/AC:false) 20200702T232900 - CU:10086/CP:5520
07-02 23:28:00.017  4201  4201 D QSClockBellTower: He is ready to ring the bell. (((timeText:11:28, skipUpdateForDemo:false, dateText:Thu, 2 July)))
07-02 23:28:00.018  3825 10342 I SamsungAlarmManager: setLocked to kernel - T:2 / 20200702T232811, SetElapsed=13360541, nowELAPSED=13349049
07-02 23:28:00.018  4201  4201 D QSClock : status_bar_clock notifyTimeChanged(currentTime:11:28) mClockVisibleByPolicy:true, mClockVisibleByUser:true, visible?true, parent:android.widget.LinearLayout{a14e4d1 V.E...... ......ID 0,0-83,48 #7f0a02de app:id/left_clock_container}
07-02 23:28:00.019  4201  4201 D QSClockBellTower: Everyone heard the bell. run(currentTime:1593696480017,   getTime():Thu Jul 02 23:28:00 GMT+10:00 2020,   getTimeZone():libcore.util.ZoneInfo[id="Australia/Sydney",mRawOffset=36000000,mEarliestRawOffset=36000000,mUseDst=true,mDstSavings=3600000,transitions=141])
07-02 23:28:00.039  4201  4201 I StackScroller: ADJUST STACK.TRANSLATION
07-02 23:28:00.040  4201  4201 I chatty  : uid=10003(com.samsung.android.app.aodservice) com.android.systemui identical 1 line
07-02 23:28:00.040  4201  4201 I StackScroller: ADJUST STACK.TRANSLATION
07-02 23:28:00.120  9122  9187 D ScanRecord: Not a Multi Manu data
07-02 23:28:00.120  9122  9187 I chatty  : uid=1002(bluetooth) BT Service Call identical 10 lines
07-02 23:28:00.120  9122  9187 D ScanRecord: Not a Multi Manu data
07-02 23:28:00.121  9122  9187 D BtGatt.GattService: onScanResult to scannerId: 5- eventType=0x10, addressType=0, address=A6:5, primaryPhy=1, secondaryPhy=0, advertisingSid=0xff, txPower=127, rssi=-82, periodicAdvInt=0x0
07-02 23:28:00.122  8780  9113 D ScanRecord: Not a Multi Manu data
07-02 23:28:00.126  8780  9113 I [+10]oneconnect[1.7.50-21_01][CORE]: BleParserForVD.parseTvPacket - [Name][TV] Samsung 8 Series (55)[DeviceType]TV[Discover]_BLE[Services]None[Connected]false[TvStatus]-128[TvService]96[TvMirrorChannel]1[TvRegisteredDB][83, 91, 0, 0, 0, 0][TvYear]2016[TvOcfInfo]0[TvAcmStatus]0[ExTvStatus]0
07-02 23:28:00.317  5128  5640 I mobile-ffmpeg: 
07-02 23:28:00.317  5128  5640 I chatty  : uid=10568(com.example.edgesum) identical 1 line
07-02 23:28:00.317  5128  5640 I mobile-ffmpeg: 
07-02 23:28:00.317  5128  5640 I mobile-ffmpeg: frame=  429 fps=212 q=-0.0 size=N/A time=00:00:14.64 bitrate=N/A speed=7.24x    
07-02 23:28:00.372  5034  6283 I GmscoreIpa: Starting mediastore instant index
07-02 23:28:00.387  9122  9122 D HidDeviceService: handleMessage(): msg.what=8
07-02 23:28:00.405  9122  9122 D HidDeviceService: handleMessage(): msg.what=8
07-02 23:28:00.405  9122  9122 D HidDeviceService: unregisterAppUid(): uid=10045
07-02 23:28:00.405  9122  9122 D HidDeviceService: unregisterAppUid(): caller UID doesn't match user UID
07-02 23:28:00.549  5128  5640 I mobile-ffmpeg: 
07-02 23:28:00.549  5128  5640 I chatty  : uid=10568(com.example.edgesum) identical 1 line
07-02 23:28:00.549  5128  5640 I mobile-ffmpeg: 
07-02 23:28:00.549  5128  5640 I mobile-ffmpeg: frame=  480 fps=213 q=-0.0 Lsize=N/A time=00:00:16.04 bitrate=N/A speed=7.12x    
07-02 23:28:00.549  5128  5640 I mobile-ffmpeg: 
07-02 23:28:00.549  5128  5640 I chatty  : uid=10568(com.example.edgesum) identical 1 line
07-02 23:28:00.549  5128  5640 I mobile-ffmpeg: 
07-02 23:28:00.549  5128  5640 I mobile-ffmpeg: video:251kB audio:1000kB subtitle:0kB other streams:0kB global headers:0kB muxing overhead: 
07-02 23:28:00.549  5128  5640 I mobile-ffmpeg: 
07-02 23:28:00.550  5128  5640 I chatty  : uid=10568(com.example.edgesum) identical 1 line
07-02 23:28:00.550  5128  5640 I mobile-ffmpeg: 
07-02 23:28:00.550  5128  5640 I mobile-ffmpeg: unknown
07-02 23:28:00.550  5128  5640 I mobile-ffmpeg: 
07-02 23:28:00.550  5128  5640 I chatty  : uid=10568(com.example.edgesum) identical 1 line
07-02 23:28:00.550  5128  5640 I mobile-ffmpeg: 
07-02 23:28:00.550  5128  5640 I mobile-ffmpeg: 
07-02 23:28:00.575  5128  6254 W Summariser: No activity detected
07-02 23:28:00.579  3825  3863 D ConnectivityService: filterNetworkStateForUid() uid: 1000, pid: 3825
07-02 23:28:00.579  3825  3863 D ConnectivityService: filterNetworkStateForUid() uid: 1000, pid: 3825, networkInfo: [type: WIFI[], state: CONNECTED/CONNECTED, reason: (unspecified), extra: (none), failover: false, available: true, roaming: false]
07-02 23:28:00.582  4683  4683 E Finsky  : [2] izz.a(28): Couldn't upload device config
07-02 23:28:00.583  4683  4683 W Finsky  : [2] wpj.a(2): Upload device configuration failed - try selfupdate anyway
07-02 23:28:00.590  4683  4803 I Finsky  : [264] jaj.c(2): Account name null when calculating account hash
07-02 23:28:00.600  4683  6010 I Finsky  : [311] jas.h(34): GameSdkDeviceInfo experiment not enabled.
07-02 23:28:00.606  3549  3621 D DnsProxyListener: DNSDBG::dns addrinfo af 2
07-02 23:28:00.620  5128  6254 W Summariser: Summarisation completed
07-02 23:28:00.620  5128  6254 W Summariser:   filename: 20200312_193628!001.mp4
07-02 23:28:00.620  5128  6254 W Summariser:   active sections: 0
07-02 23:28:00.620  5128  6254 W Summariser:   time: 02.383s
07-02 23:28:00.620  5128  6254 W Summariser:   original duration: 16.01
07-02 23:28:00.620  5128  6254 W Summariser:   summarised duration: -1.00
07-02 23:28:00.620  5128  6254 W Summariser:   noise tolerance: 45.00
07-02 23:28:00.620  5128  6254 W Summariser:   quality: 23
07-02 23:28:00.620  5128  6254 W Summariser:   speed: medium
07-02 23:28:00.620  5128  6254 W Summariser:   freeze duration: 1.00
07-02 23:28:00.620  5128  6254 V NearbyFragment: Received a segment of 20200312_193628
07-02 23:28:00.632  9122  9122 D HidDeviceService: handleMessage(): msg.what=8
07-02 23:28:00.639  5429  6285 V MediaProvider: !@start scanning file requested by com.example.edgesum: 7klwibgf7fvntblfd7(7Vwmrfk7knvvbirkfd
07-02 23:28:00.645  5429  6285 D MediaScanner: scanSingleFile : 7klwibgf7fvntblfd7(7Vwmrfk7knvvbirkfd
07-02 23:28:00.652  3574  4120 D bauth_FPBAuthService: pcf : 0x1012, 0 ,2 ,0 ,0 ,0 ,2, 
07-02 23:28:00.652  3574  4120 D bauth_FPBAuthService: thread id : 2, preenroll_flag : 0, nd cnt : 1, cso : 0, et : 0
07-02 23:28:00.652  3574  4120 D bauth_FPBAuthService: FPBAuthService, 9983
07-02 23:28:00.657  4683  4805 I Finsky  : [265] jaj.c(2): Account name null when calculating account hash
07-02 23:28:00.701  3825  5574 D SyncManager: userId - 0 auto - true
07-02 23:28:00.703  5429  6285 V MediaScannerService: !@done scanning file
07-02 23:28:00.705  5128  5141 D SummariserIntentService: Scanned /storage/emulated/0/Movies/summarised
07-02 23:28:00.705  5128  5141 D SummariserIntentService:   -> uri=content://media/external/file/137580
07-02 23:28:00.706  3825  4437 D ConnectivityService: filterNetworkStateForUid() uid: 10030, pid: 4625
07-02 23:28:00.706  3825  4437 D ConnectivityService: isNetworkWithLinkPropertiesBlocked: uid=10030, vpn=DISCONNECTED,false
07-02 23:28:00.706  3825  4437 D ConnectivityService: filterNetworkStateForUid() uid: 10030, pid: 4625, networkInfo: [type: WIFI[], state: CONNECTED/CONNECTED, reason: (unspecified), extra: (none), failover: false, available: true, roaming: false]
07-02 23:28:00.718  9122  9122 D HidDeviceService: handleMessage(): msg.what=8
07-02 23:28:00.718  9122  9122 D HidDeviceService: unregisterAppUid(): uid=10045
07-02 23:28:00.718  9122  9122 D HidDeviceService: unregisterAppUid(): caller UID doesn't match user UID
07-02 23:28:00.723  3825  4252 D SamsungAlarmManager: Cancel Alarm calling from uid:10030 pid :4625 / op:PendingIntent{2da99af: PendingIntentRecord{5c7c7e3 com.google.android.gms broadcastIntent}}
07-02 23:28:00.726  3825  4252 I SamsungAlarmManager: setLocked to kernel - T:2 / 20200702T232844, SetElapsed=13393834, nowELAPSED=13349757
07-02 23:28:00.795  3825  4252 D SamsungAlarmManager: setInexact Intent (T:2/F:0/AC:false) 20200702T232811 - CU:10030/CP:4625
07-02 23:28:00.796  3825  4252 I SamsungAlarmManager: setLocked to kernel - T:2 / 20200702T232811, SetElapsed=13360541, nowELAPSED=13349827
07-02 23:28:00.823  3825  4252 D ConnectivityService: filterNetworkStateForUid() uid: 10030, pid: 4625
07-02 23:28:00.823  3825  4252 D ConnectivityService: isNetworkWithLinkPropertiesBlocked: uid=10030, vpn=DISCONNECTED,false
07-02 23:28:00.823  3825  4252 D ConnectivityService: filterNetworkStateForUid() uid: 10030, pid: 4625, networkInfo: [type: WIFI[], state: CONNECTED/CONNECTED, reason: (unspecified), extra: (none), failover: false, available: true, roaming: false]
07-02 23:28:00.828  3825  4252 D SamsungAlarmManager: Cancel Alarm calling from uid:10030 pid :4625 / op:PendingIntent{3096da8: PendingIntentRecord{5c7c7e3 com.google.android.gms broadcastIntent}}
07-02 23:28:00.831  3825  4252 I SamsungAlarmManager: setLocked to kernel - T:2 / 20200702T232844, SetElapsed=13393834, nowELAPSED=13349862
07-02 23:28:00.879  9122  9187 D ScanRecord: Not a Multi Manu data
07-02 23:28:00.879  9122  9187 I chatty  : uid=1002(bluetooth) BT Service Call identical 10 lines
07-02 23:28:00.879  9122  9187 D ScanRecord: Not a Multi Manu data
07-02 23:28:00.880  9122  9187 D BtGatt.GattService: onScanResult to scannerId: 5- eventType=0x10, addressType=0, address=A6:5, primaryPhy=1, secondaryPhy=0, advertisingSid=0xff, txPower=127, rssi=-84, periodicAdvInt=0x0
07-02 23:28:00.881  8780  9113 D ScanRecord: Not a Multi Manu data
07-02 23:28:00.886  8780  9113 I [+10]oneconnect[1.7.50-21_01][CORE]: BleParserForVD.parseTvPacket - [Name][TV] Samsung 8 Series (55)[DeviceType]TV[Discover]_BLE[Services]None[Connected]false[TvStatus]-128[TvService]96[TvMirrorChannel]1[TvRegisteredDB][83, 91, 0, 0, 0, 0][TvYear]2016[TvOcfInfo]0[TvAcmStatus]0[ExTvStatus]0
07-02 23:28:00.893  3825  4252 D SamsungAlarmManager: setInexact Intent (T:2/F:0/AC:false) 20200702T234901 - CU:10030/CP:4625
07-02 23:28:00.893  3825  4252 I SamsungAlarmManager: setLocked to kernel - T:2 / 20200702T232844, SetElapsed=13393834, nowELAPSED=13349924
07-02 23:28:00.911  4625  5691 I NetRec  : [708] alfr.a: Refreshing scores for 9 networks.
07-02 23:28:00.929  3825 10342 D ConnectivityService: filterNetworkStateForUid() uid: 10030, pid: 4625
07-02 23:28:00.929  3825 10342 D ConnectivityService: isNetworkWithLinkPropertiesBlocked: uid=10030, vpn=DISCONNECTED,false
07-02 23:28:00.929  3825 10342 D ConnectivityService: filterNetworkStateForUid() uid: 10030, pid: 4625, networkInfo: [type: WIFI[], state: CONNECTED/CONNECTED, reason: (unspecified), extra: (none), failover: false, available: true, roaming: false]
07-02 23:28:00.970  4625  4845 E aoba    : Phenotype API error. Event # ccan@403a73a3, EventCode: 12 [CONTEXT service_id=51 ]
07-02 23:28:00.970  4625  4845 E aoba    : aoae: 29503
07-02 23:28:00.970  4625  4845 E aoba    : 	at aobg.b(:com.google.android.gms@202117030@20.21.17 (100408-316502805):27)
07-02 23:28:00.970  4625  4845 E aoba    : 	at aoba.a(:com.google.android.gms@202117030@20.21.17 (100408-316502805):91)
07-02 23:28:00.970  4625  4845 E aoba    : 	at aoba.a(:com.google.android.gms@202117030@20.21.17 (100408-316502805):86)
07-02 23:28:00.970  4625  4845 E aoba    : 	at zxi.run(:com.google.android.gms@202117030@20.21.17 (100408-316502805):10)
07-02 23:28:00.970  4625  4845 E aoba    : 	at bmth.run(:com.google.android.gms@202117030@20.21.17 (100408-316502805):2)
07-02 23:28:00.970  4625  4845 E aoba    : 	at skp.b(:com.google.android.gms@202117030@20.21.17 (100408-316502805):12)
07-02 23:28:00.970  4625  4845 E aoba    : 	at skp.run(:com.google.android.gms@202117030@20.21.17 (100408-316502805):7)
07-02 23:28:00.970  4625  4845 E aoba    : 	at java.util.concurrent.ThreadPoolExecutor.runWorker(ThreadPoolExecutor.java:1167)
07-02 23:28:00.970  4625  4845 E aoba    : 	at java.util.concurrent.ThreadPoolExecutor$Worker.run(ThreadPoolExecutor.java:641)
07-02 23:28:00.970  4625  4845 E aoba    : 	at sql.run(:com.google.android.gms@202117030@20.21.17 (100408-316502805):0)
07-02 23:28:00.970  4625  4845 E aoba    : 	at java.lang.Thread.run(Thread.java:764)
07-02 23:28:00.971  4625  4845 E AsyncOperation: serviceID=51, operation=GetCommittedConfigurationOperationCall
07-02 23:28:00.971  4625  4845 E AsyncOperation: OperationException[Status{statusCode=unknown status code: 29503, resolution=null}]
07-02 23:28:00.971  4625  4845 E AsyncOperation: 	at aoba.a(:com.google.android.gms@202117030@20.21.17 (100408-316502805):93)
07-02 23:28:00.971  4625  4845 E AsyncOperation: 	at aoba.a(:com.google.android.gms@202117030@20.21.17 (100408-316502805):86)
07-02 23:28:00.971  4625  4845 E AsyncOperation: 	at zxi.run(:com.google.android.gms@202117030@20.21.17 (100408-316502805):10)
07-02 23:28:00.971  4625  4845 E AsyncOperation: 	at bmth.run(:com.google.android.gms@202117030@20.21.17 (100408-316502805):2)
07-02 23:28:00.971  4625  4845 E AsyncOperation: 	at skp.b(:com.google.android.gms@202117030@20.21.17 (100408-316502805):12)
07-02 23:28:00.971  4625  4845 E AsyncOperation: 	at skp.run(:com.google.android.gms@202117030@20.21.17 (100408-316502805):7)
07-02 23:28:00.971  4625  4845 E AsyncOperation: 	at java.util.concurrent.ThreadPoolExecutor.runWorker(ThreadPoolExecutor.java:1167)
07-02 23:28:00.971  4625  4845 E AsyncOperation: 	at java.util.concurrent.ThreadPoolExecutor$Worker.run(ThreadPoolExecutor.java:641)
07-02 23:28:00.971  4625  4845 E AsyncOperation: 	at sql.run(:com.google.android.gms@202117030@20.21.17 (100408-316502805):0)
07-02 23:28:00.971  4625  4845 E AsyncOperation: 	at java.lang.Thread.run(Thread.java:764)
07-02 23:28:00.973  4625  5793 E NetRec  : [116] aldf.a: Could not retrieve server token for package com.google.android.apps.gcs
07-02 23:28:00.973  4625  5793 E NetRec  : java.util.concurrent.ExecutionException: rgs: 29503: 
07-02 23:28:00.973  4625  5793 E NetRec  : 	at auyr.b(:com.google.android.gms@202117030@20.21.17 (100408-316502805):5)
07-02 23:28:00.973  4625  5793 E NetRec  : 	at auyr.a(:com.google.android.gms@202117030@20.21.17 (100408-316502805):23)
07-02 23:28:00.973  4625  5793 E NetRec  : 	at aldf.a(:com.google.android.gms@202117030@20.21.17 (100408-316502805):1)
07-02 23:28:00.973  4625  5793 E NetRec  : 	at aldf.a(:com.google.android.gms@202117030@20.21.17 (100408-316502805):4)
07-02 23:28:00.973  4625  5793 E NetRec  : 	at alde.getHeaders(:com.google.android.gms@202117030@20.21.17 (100408-316502805):2)
07-02 23:28:00.973  4625  5793 E NetRec  : 	at com.android.volley.toolbox.HttpClientStack.performRequest(:com.google.android.gms@202117030@20.21.17 (100408-316502805):18)
07-02 23:28:00.973  4625  5793 E NetRec  : 	at sfk.performRequest(:com.google.android.gms@202117030@20.21.17 (100408-316502805):1)
07-02 23:28:00.973  4625  5793 E NetRec  : 	at bqr.executeRequest(:com.google.android.gms@202117030@20.21.17 (100408-316502805):1)
07-02 23:28:00.973  4625  5793 E NetRec  : 	at com.android.volley.toolbox.BasicNetwork.performRequest(:com.google.android.gms@202117030@20.21.17 (100408-316502805):9)
07-02 23:28:00.973  4625  5793 E NetRec  : 	at sfl.performRequest(:com.google.android.gms@202117030@20.21.17 (100408-316502805):14)
07-02 23:28:00.973  4625  5793 E NetRec  : 	at com.android.volley.NetworkDispatcher.a(:com.google.android.gms@202117030@20.21.17 (100408-316502805):7)
07-02 23:28:00.973  4625  5793 E NetRec  : 	at com.android.volley.NetworkDispatcher.a(:com.google.android.gms@202117030@20.21.17 (100408-316502805):1)
07-02 23:28:00.973  4625  5793 E NetRec  : 	at com.android.volley.NetworkDispatcher.run(:com.google.android.gms@202117030@20.21.17 (100408-316502805):2)
07-02 23:28:00.973  4625  5793 E NetRec  : Caused by: rgs: 29503: 
07-02 23:28:00.973  4625  5793 E NetRec  : 	at rmg.a(:com.google.android.gms@202117030@20.21.17 (100408-316502805):4)
07-02 23:28:00.973  4625  5793 E NetRec  : 	at aoao.b(:com.google.android.gms@202117030@20.21.17 (100408-316502805):3)
07-02 23:28:00.973  4625  5793 E NetRec  : 	at aobg.a(:com.google.android.gms@202117030@20.21.17 (100408-316502805):8)
07-02 23:28:00.973  4625  5793 E NetRec  : 	at zxi.run(:com.google.android.gms@202117030@20.21.17 (100408-316502805):18)
07-02 23:28:00.973  4625  5793 E NetRec  : 	at bmth.run(:com.google.android.gms@202117030@20.21.17 (100408-316502805):2)
07-02 23:28:00.973  4625  5793 E NetRec  : 	at skp.b(:com.google.android.gms@202117030@20.21.17 (100408-316502805):12)
07-02 23:28:00.973  4625  5793 E NetRec  : 	at skp.run(:com.google.android.gms@202117030@20.21.17 (100408-316502805):7)
07-02 23:28:00.973  4625  5793 E NetRec  : 	at java.util.concurrent.ThreadPoolExecutor.runWorker(ThreadPoolExecutor.java:1167)
07-02 23:28:00.973  4625  5793 E NetRec  : 	at java.util.concurrent.ThreadPoolExecutor$Worker.run(ThreadPoolExecutor.java:641)
07-02 23:28:00.973  4625  5793 E NetRec  : 	at sql.run(:com.google.android.gms@202117030@20.21.17 (100408-316502805):0)
07-02 23:28:00.973  4625  5793 E NetRec  : 	at java.lang.Thread.run(Thread.java:764)
07-02 23:28:00.974  4625  5793 W NetRec  : [116] aldf.a: No server tokens extracted.
07-02 23:28:00.982  4625  5793 I System.out: (HTTPLog)-Static: isSBSettingEnabled false
07-02 23:28:00.983  4625  5793 I System.out: (HTTPLog)-Static: isSBSettingEnabled false
07-02 23:28:00.987  3549  3621 D DnsProxyListener: DNSDBG::dns addrinfo af 2
07-02 23:28:01.226  3825  3976 D SensorHubManager: onGetSensorHubDataLocked: library(22) = 1, 1, 44, 1, 1, 1, 2, -29, 92, -40, 2, 0, 0, 0, 0, 0, 0, 0, 0, 0, 39, 48
07-02 23:28:01.228  3825  3977 D CAE     : onGetSensorHubData(SensorHubParserProvider.java:91) - onGetSensorHubData Event [event buffer len :22], AP_WAKEUP
07-02 23:28:01.228  3825  3977 I CAE     : parse(SensorHubParserProvider.java:192) - buffer size = 22
07-02 23:28:01.229  3825  3977 I CAE     : parse(SensorHubParserProvider.java:203) - 1, 1, 44, 1, 1, 1, 2, -29, 92, -40, 2, 0, 0, 0, 0, 0, 0, 0, 0, 0, 39, 48,
07-02 23:28:01.230  3825  3977 I CAE     : parse(SLMonitorRunner.java:301) - parse:4
07-02 23:28:01.230  3825  3977 D CAE     : parse(SLMonitorRunner.java:323) - dataSize:1
07-02 23:28:01.231  3825  3977 D CAE     : display(SLMonitorRunner.java:604) - ================= STEP_LEVEL_MONITOR =================
07-02 23:28:01.232  3825  3977 I CAE     : display(SLMonitorRunner.java:721) - DT=[1], DC=[1], TS=[1593696454872], ST=[SE], SC=[0], DI=[0.0], CA=[0.0], DU=[10032]
07-02 23:28:01.234  3825  3982 D SemContextService: Service.updateContext() : service = Step Level Monitor
07-02 23:28:01.235 15541 15541 D SemContextManager: onSemContextChanged() : event = Step Level Monitor
07-02 23:28:01.236 15541 18450 I Sensor[0x06]: [0x01] 33
07-02 23:28:01.236 15541 18450 I Sensor[0x04]: [0x01] 1593696454872[0x02] 0[0x03] 2[0x04] 10032
07-02 23:28:01.468  3825  4252 D WifiPermissionsUtil: canAccessScanResults: pkgName = com.sec.android.sdhms, uid = 1000
07-02 23:28:01.637  9122  9187 D ScanRecord: Not a Multi Manu data
07-02 23:28:01.637  9122  9187 I chatty  : uid=1002(bluetooth) BT Service Call identical 10 lines
07-02 23:28:01.637  9122  9187 D ScanRecord: Not a Multi Manu data
07-02 23:28:01.637  9122  9187 D BtGatt.GattService: onScanResult to scannerId: 5- eventType=0x10, addressType=0, address=A6:5, primaryPhy=1, secondaryPhy=0, advertisingSid=0xff, txPower=127, rssi=-83, periodicAdvInt=0x0
07-02 23:28:01.638  8780  9113 D ScanRecord: Not a Multi Manu data
07-02 23:28:01.642  8780  9113 I [+10]oneconnect[1.7.50-21_01][CORE]: BleParserForVD.parseTvPacket - [Name][TV] Samsung 8 Series (55)[DeviceType]TV[Discover]_BLE[Services]None[Connected]false[TvStatus]-128[TvService]96[TvMirrorChannel]1[TvRegisteredDB][83, 91, 0, 0, 0, 0][TvYear]2016[TvOcfInfo]0[TvAcmStatus]0[ExTvStatus]0
07-02 23:28:01.652  3574  4120 D bauth_FPBAuthService: pcf : 0x1012, 0 ,2 ,0 ,0 ,0 ,2, 
07-02 23:28:01.652  3574  4120 D bauth_FPBAuthService: thread id : 2, preenroll_flag : 0, nd cnt : 1, cso : 0, et : 0
07-02 23:28:01.652  3574  4120 D bauth_FPBAuthService: FPBAuthService, 9983
07-02 23:28:02.396  9122  9187 D ScanRecord: Not a Multi Manu data
07-02 23:28:02.396  9122  9187 I chatty  : uid=1002(bluetooth) BT Service Call identical 10 lines
07-02 23:28:02.396  9122  9187 D ScanRecord: Not a Multi Manu data
07-02 23:28:02.397  9122  9187 D BtGatt.GattService: onScanResult to scannerId: 5- eventType=0x10, addressType=0, address=A6:5, primaryPhy=1, secondaryPhy=0, advertisingSid=0xff, txPower=127, rssi=-81, periodicAdvInt=0x0
07-02 23:28:02.397  8780  9113 D ScanRecord: Not a Multi Manu data
07-02 23:28:02.403  8780  9113 I [+10]oneconnect[1.7.50-21_01][CORE]: BleParserForVD.parseTvPacket - [Name][TV] Samsung 8 Series (55)[DeviceType]TV[Discover]_BLE[Services]None[Connected]false[TvStatus]-128[TvService]96[TvMirrorChannel]1[TvRegisteredDB][83, 91, 0, 0, 0, 0][TvYear]2016[TvOcfInfo]0[TvAcmStatus]0[ExTvStatus]0
07-02 23:28:02.523  3825  4067 I WifiVendorHal: getWifiLinkLayerStats(l.2973) before calling iface.getLinkLayerStats
07-02 23:28:02.523  3287  3287 I android.hardware.wifi@1.0-service: enter getLinkLayerStats
07-02 23:28:02.524  3287  3287 I android.hardware.wifi@1.0-service: enter getLinkLayerStatsInternal
07-02 23:28:02.534  3287  3287 I android.hardware.wifi@1.0-service: Successfully getLinkLayerStats.
07-02 23:28:02.535  3825  4067 I WifiVendorHal: getWifiLinkLayerStats(l.2973) after calling iface.getLinkLayerStats
07-02 23:28:02.621  4898  4898 D io_stats: !@   8,0 r 616547 38565916 w 114192 6739388 d 7200 4858096 f 26732 27289 iot 277588 241436 th 307200 0 0 pt 0 inp 0 0 13351.652
07-02 23:28:02.653  3574  4120 D bauth_FPBAuthService: pcf : 0x1012, 0 ,2 ,0 ,0 ,0 ,2, 
07-02 23:28:02.653  3574  4120 D bauth_FPBAuthService: thread id : 2, preenroll_flag : 0, nd cnt : 1, cso : 0, et : 0
07-02 23:28:02.653  3574  4120 D bauth_FPBAuthService: FPBAuthService, 9983
07-02 23:28:02.755  3825  3868 I PowerManagerService: [PWL] On : 12788101 (563685 ms ago)
07-02 23:28:02.755  3825  3868 I PowerManagerService: [PWL]  mStayOn: true  mWakeLockSummary & WAKE_LOCK_STAY_AWAKE: 0  mUserActivitySummary: 0x4
07-02 23:28:02.930  3825  4066 D WifiTrafficPoller: TrafficStats TxPkts=715253 RxPkts=1520518 TxBytes=37412461 RxBytes=2280063091 , Foreground uid=10568 pkgName=com.example.edgesum TxPackets=711097 RxPackets=1519541 TxBytes=37058031 RxBytes=2278952332
07-02 23:28:03.118  4625  5691 I NetRec  : [708] alfr.b: Will retry failed rapid_refresh_scores_task task as standard refresh.
07-02 23:28:03.125  4625  5691 W NetRec  : [708] alfr.a: Timeout after 2206 ms while waiting for score updates. Returning 2.
07-02 23:28:03.143  4625  5691 I NetRec  : [708] NetRecChimeraGcmTaskService.a: Still entries pending update, scheduling new rapid_refresh_scores_task refresh.
07-02 23:28:03.148  4625  5691 I NetRec  : [708] NetRecChimeraGcmTaskService.a: Completed rapid_refresh_scores_task score refresh task in 2252 ms, returning 2
07-02 23:28:03.180  3825  4437 I SamsungAlarmManager: setLocked to kernel - T:2 / 20200702T232844, SetElapsed=13393834, nowELAPSED=13352211
07-02 23:28:03.183  3825  4437 D SamsungAlarmManager: setInexact Intent (T:2/F:0/AC:false) 20200702T232833 - CU:10030/CP:4625
07-02 23:28:03.184  3825  4437 I SamsungAlarmManager: setLocked to kernel - T:2 / 20200702T232833, SetElapsed=13382190, nowELAPSED=13352215
07-02 23:28:03.544  3549  3618 D Netd    : notify() code: 601, msg: limit alert globalAlert wlan0
07-02 23:28:03.549  3825  4062 W BestClock: java.time.DateTimeException: Missing NTP fix
07-02 23:28:03.552  3549  5524 E IptablesRestoreController: [iptables debug]iptables-restore execute *filter
07-02 23:28:03.552  3549  5524 E IptablesRestoreController: -nvx -L tetherctrl_counters
07-02 23:28:03.552  3549  5524 E IptablesRestoreController: COMMIT
07-02 23:28:03.555  3549  5524 E IptablesRestoreController: [iptables debug]iptables-restore execute done *filter
07-02 23:28:03.555  3549  5524 E IptablesRestoreController: -nvx -L tetherctrl_counters
07-02 23:28:03.555  3549  5524 E IptablesRestoreController: COMMIT
07-02 23:28:03.555  3549  5524 E IptablesRestoreController: , res : 0
07-02 23:28:03.555  3549  5524 E IptablesRestoreController: [iptables debug]iptables-restore execute *filter
07-02 23:28:03.555  3549  5524 E IptablesRestoreController: -nvx -L tetherctrl_counters
07-02 23:28:03.555  3549  5524 E IptablesRestoreController: COMMIT
07-02 23:28:03.559  3549  5524 E IptablesRestoreController: [iptables debug]iptables-restore execute done *filter
07-02 23:28:03.559  3549  5524 E IptablesRestoreController: -nvx -L tetherctrl_counters
07-02 23:28:03.559  3549  5524 E IptablesRestoreController: COMMIT
07-02 23:28:03.559  3549  5524 E IptablesRestoreController: , res : 0
07-02 23:28:03.566  3825  4062 W BestClock: java.time.DateTimeException: Missing NTP fix
07-02 23:28:03.571  3825  4063 W BestClock: java.time.DateTimeException: Missing NTP fix
07-02 23:28:03.573  3549  3629 D CommandListener: bwctrlcmd: argc=3 bandwidth setglobalalert ...
07-02 23:28:03.653  3574  4120 D bauth_FPBAuthService: pcf : 0x1012, 0 ,2 ,0 ,0 ,0 ,2, 
07-02 23:28:03.653  3574  4120 D bauth_FPBAuthService: thread id : 2, preenroll_flag : 0, nd cnt : 1, cso : 0, et : 0
07-02 23:28:03.653  3574  4120 D bauth_FPBAuthService: FPBAuthService, 9983
07-02 23:28:03.668  5034  5456 I NearbyConnections: EndpointManager discarded incoming OfflineFrame of type KEEP_ALIVE because it doesn't have a processor registered. [CONTEXT service_id=54 ]
07-02 23:28:03.745  5034  6250 I NearbyConnections: ClientProxy(22484637) reporting onPayloadReceived(HC0V, -6461959087304584946) [CONTEXT service_id=54 ]
07-02 23:28:03.745  5034  6250 I NearbyConnections: ClientProxy(22484637) reporting onPayloadTransferUpdate(HC0V, -6461959087304584946, IN_PROGRESS) [CONTEXT service_id=54 ]
07-02 23:28:03.746  5128  5128 D NearbyFragment: onPayloadReceived(endpointId=HC0V, payload=com.google.android.gms.nearby.connection.Payload@b1c7787)
07-02 23:28:03.747  5128  5128 D NearbyFragment: 20200312_193628!000.mp4 from Endpoint{id=HC0V, name=Nexus 5X [34d8]} contained no activity
07-02 23:28:03.748  5128  5128 V NearbyFragment: Received a segment of 20200312_193628
07-02 23:28:03.749  5128  5128 V NearbyFragment: nextTransfer with selected algorithm: best_or_local
07-02 23:28:03.752  5128  5128 W NearbyFragment: Sending 20200312_193628!002.mp4 to Nexus 5X [34d8]
07-02 23:28:03.757  5128  5128 V NearbyFragment: Transfer to HC0V: 100%
07-02 23:28:03.761  5034  6250 I NearbyConnections: ClientProxy(22484637) reporting onPayloadTransferUpdate(HC0V, -6461959087304584946, SUCCESS) [CONTEXT service_id=54 ]
07-02 23:28:03.761  5128  5128 V NearbyFragment: Transfer to HC0V: 100%
07-02 23:28:03.761  5034  6251 I NearbyConnections: Client 22484637 is sending payload -8247079048471323870 to endpoints [HC0V]. [CONTEXT service_id=54 ]
07-02 23:28:03.766  5034  6250 I NearbyConnections: Client 22484637 is sending payload -6438789535328513042 to endpoints [HC0V]. [CONTEXT service_id=54 ]
07-02 23:28:03.772  5034  6250 I NearbyConnections: ClientProxy(22484637) reporting onPayloadTransferUpdate(HC0V, -8247079048471323870, IN_PROGRESS) [CONTEXT service_id=54 ]
07-02 23:28:03.773  5128  5128 V NearbyFragment: Transfer to HC0V: 100%
07-02 23:28:03.775  5034  6250 I NearbyConnections: ClientProxy(22484637) reporting onPayloadTransferUpdate(HC0V, -8247079048471323870, SUCCESS) [CONTEXT service_id=54 ]
07-02 23:28:03.776  5128  5128 V NearbyFragment: Transfer to HC0V: 100%
07-02 23:28:03.783  5034  6250 I NearbyConnections: ClientProxy(22484637) reporting onPayloadTransferUpdate(HC0V, -6438789535328513042, IN_PROGRESS) [CONTEXT service_id=54 ]
07-02 23:28:03.783  5128  5128 V NearbyFragment: Transfer to HC0V: 0%
07-02 23:28:03.787  5034  6250 I NearbyConnections: ClientProxy(22484637) reporting onPayloadTransferUpdate(HC0V, -6438789535328513042, IN_PROGRESS) [CONTEXT service_id=54 ]
07-02 23:28:03.787  5128  5128 V NearbyFragment: Transfer to HC0V: 0%
07-02 23:28:03.792  5034  6250 I NearbyConnections: ClientProxy(22484637) reporting onPayloadTransferUpdate(HC0V, -6438789535328513042, IN_PROGRESS) [CONTEXT service_id=54 ]
07-02 23:28:03.793  5128  5128 V NearbyFragment: Transfer to HC0V: 1%
07-02 23:28:03.797  5034  6250 I NearbyConnections: ClientProxy(22484637) reporting onPayloadTransferUpdate(HC0V, -6438789535328513042, IN_PROGRESS) [CONTEXT service_id=54 ]
07-02 23:28:03.798  5128  5128 V NearbyFragment: Transfer to HC0V: 1%
07-02 23:28:03.802  5034  6250 I NearbyConnections: ClientProxy(22484637) reporting onPayloadTransferUpdate(HC0V, -6438789535328513042, IN_PROGRESS) [CONTEXT service_id=54 ]
07-02 23:28:03.802  5128  5128 V NearbyFragment: Transfer to HC0V: 1%
07-02 23:28:03.806  5034  6250 I NearbyConnections: ClientProxy(22484637) reporting onPayloadTransferUpdate(HC0V, -6438789535328513042, IN_PROGRESS) [CONTEXT service_id=54 ]
07-02 23:28:03.807  5128  5128 V NearbyFragment: Transfer to HC0V: 2%
07-02 23:28:03.811  5034  6250 I NearbyConnections: ClientProxy(22484637) reporting onPayloadTransferUpdate(HC0V, -6438789535328513042, IN_PROGRESS) [CONTEXT service_id=54 ]
07-02 23:28:03.812  5128  5128 V NearbyFragment: Transfer to HC0V: 2%
07-02 23:28:03.816  5034  6250 I NearbyConnections: ClientProxy(22484637) reporting onPayloadTransferUpdate(HC0V, -6438789535328513042, IN_PROGRESS) [CONTEXT service_id=54 ]
07-02 23:28:03.817  5128  5128 V NearbyFragment: Transfer to HC0V: 3%
07-02 23:28:03.821  5034  6250 I NearbyConnections: ClientProxy(22484637) reporting onPayloadTransferUpdate(HC0V, -6438789535328513042, IN_PROGRESS) [CONTEXT s