07-01 19:04:48.786   787  3272 I ActivityManager: Force stopping com.example.edgesum appid=10100 user=0: from pid 12184
07-01 19:04:48.793  1460  1460 D CarrierSvcBindHelper: No carrier app for: 0
07-01 19:04:48.804  3129  3129 D RegisteredNfcFServicesCache: Service unchanged, not updating
07-01 19:04:48.874   787  3276 I ActivityManager: START u0 {act=android.intent.action.MAIN cat=[android.intent.category.LAUNCHER] flg=0x10000000 cmp=com.example.edgesum/.page.main.MainActivity} from uid 0
07-01 19:04:48.901   787   799 I ActivityManager: Start proc 12191:com.example.edgesum/u0a100 for activity com.example.edgesum/.page.main.MainActivity
07-01 19:04:48.903 12191 12191 I zygote64: Late-enabling -Xcheck:jni
07-01 19:04:48.987  3394 12169 I PBSessionCacheImpl: Deleted sessionId[14928563446429855] from persistence.
07-01 19:04:49.001  3394  3607 W SearchServiceCore: Abort, client detached.
07-01 19:04:49.002  3394  3607 I MicroDetectionState: Should stop hotword detection immediately - false
07-01 19:04:49.004  3096  3096 I GsaVoiceInteractionSrv: Handling ACTION_STOP_DSP_HOTWORD
07-01 19:04:49.007   573   573 D sound_trigger_hw: stdev_stop_recognition:[1] Enter
07-01 19:04:49.007   573   573 D sound_trigger_hw: check_and_exit_lab: trigger to exit lab
07-01 19:04:49.007   573   573 D sound_trigger_hw: route_stop_cpe: ST_EVENT_SESSION_DEREGISTER capture_handle 46 pcm 0xece3f540
07-01 19:04:49.007   573   573 I sound_trigger_hw: cpe_stop:[1] Enter
07-01 19:04:49.013   573   573 D sound_trigger_hw: cpe_stop:[1] Exit, status=0
07-01 19:04:49.013   573   573 D sound_trigger_hw: sound_trigger_set_device: disable device (80000004) = listen-handset-mic
07-01 19:04:49.016   573   573 D sound_trigger_hw: stdev_stop_recognition:[1] Exit status 0
07-01 19:04:49.018  3096  3096 I GsaVoiceInteractionSrv: Stop Hotword Recognition status: true
07-01 19:04:49.069 12191 12191 I zygote64: Rejecting re-init on previously-failed class java.lang.Class<androidx.core.view.ViewCompat$2>: java.lang.NoClassDefFoundError: Failed resolution of: Landroid/view/View$OnUnhandledKeyEventListener;
07-01 19:04:49.069 12191 12191 I zygote64:   at void androidx.core.view.ViewCompat.setOnApplyWindowInsetsListener(android.view.View, androidx.core.view.OnApplyWindowInsetsListener) (ViewCompat.java:2421)
07-01 19:04:49.069 12191 12191 I zygote64:   at android.view.ViewGroup androidx.appcompat.app.AppCompatDelegateImpl.createSubDecor() (AppCompatDelegateImpl.java:779)
07-01 19:04:49.069 12191 12191 I zygote64:   at void androidx.appcompat.app.AppCompatDelegateImpl.ensureSubDecor() (AppCompatDelegateImpl.java:659)
07-01 19:04:49.069 12191 12191 I zygote64:   at void androidx.appcompat.app.AppCompatDelegateImpl.setContentView(int) (AppCompatDelegateImpl.java:552)
07-01 19:04:49.069 12191 12191 I zygote64:   at void androidx.appcompat.app.AppCompatActivity.setContentView(int) (AppCompatActivity.java:161)
07-01 19:04:49.069 12191 12191 I zygote64:   at void com.example.edgesum.page.main.MainActivity.onCreate(android.os.Bundle) (MainActivity.java:95)
07-01 19:04:49.069 12191 12191 I zygote64:   at void android.app.Activity.performCreate(android.os.Bundle, android.os.PersistableBundle) (Activity.java:7009)
07-01 19:04:49.069 12191 12191 I zygote64:   at void android.app.Activity.performCreate(android.os.Bundle) (Activity.java:7000)
07-01 19:04:49.069 12191 12191 I zygote64:   at void android.app.Instrumentation.callActivityOnCreate(android.app.Activity, android.os.Bundle) (Instrumentation.java:1214)
07-01 19:04:49.069 12191 12191 I zygote64:   at android.app.Activity android.app.ActivityThread.performLaunchActivity(android.app.ActivityThread$ActivityClientRecord, android.content.Intent) (ActivityThread.java:2731)
07-01 19:04:49.069 12191 12191 I zygote64:   at void android.app.ActivityThread.handleLaunchActivity(android.app.ActivityThread$ActivityClientRecord, android.content.Intent, java.lang.String) (ActivityThread.java:2856)
07-01 19:04:49.069 12191 12191 I zygote64:   at void android.app.ActivityThread.-wrap11(android.app.ActivityThread, android.app.ActivityThread$ActivityClientRecord, android.content.Intent, java.lang.String) (ActivityThread.java:-1)
07-01 19:04:49.069 12191 12191 I zygote64:   at void android.app.ActivityThread$H.handleMessage(android.os.Message) (ActivityThread.java:1589)
07-01 19:04:49.069 12191 12191 I zygote64:   at void android.os.Handler.dispatchMessage(android.os.Message) (Handler.java:106)
07-01 19:04:49.069 12191 12191 I zygote64:   at void android.os.Looper.loop() (Looper.java:164)
07-01 19:04:49.069 12191 12191 I zygote64:   at void android.app.ActivityThread.main(java.lang.String[]) (ActivityThread.java:6494)
07-01 19:04:49.069 12191 12191 I zygote64:   at java.lang.Object java.lang.reflect.Method.invoke(java.lang.Object, java.lang.Object[]) (Method.java:-2)
07-01 19:04:49.069 12191 12191 I zygote64:   at void com.android.internal.os.RuntimeInit$MethodAndArgsCaller.run() (RuntimeInit.java:438)
07-01 19:04:49.069 12191 12191 I zygote64:   at void com.android.internal.os.ZygoteInit.main(java.lang.String[]) (ZygoteInit.java:807)
07-01 19:04:49.069 12191 12191 I zygote64: Caused by: java.lang.ClassNotFoundException: Didn't find class "android.view.View$OnUnhandledKeyEventListener" on path: DexPathList[[zip file "/data/app/com.example.edgesum-LtlAAS1NTMbpoaF9AH2maw==/base.apk"],nativeLibraryDirectories=[/data/app/com.example.edgesum-LtlAAS1NTMbpoaF9AH2maw==/lib/arm64, /data/app/com.example.edgesum-LtlAAS1NTMbpoaF9AH2maw==/base.apk!/lib/arm64-v8a, /system/lib64, /vendor/lib64]]
07-01 19:04:49.069 12191 12191 I zygote64:   at java.lang.Class dalvik.system.BaseDexClassLoader.findClass(java.lang.String) (BaseDexClassLoader.java:125)
07-01 19:04:49.069 12191 12191 I zygote64:   at java.lang.Class java.lang.ClassLoader.loadClass(java.lang.String, boolean) (ClassLoader.java:379)
07-01 19:04:49.069 12191 12191 I zygote64:   at java.lang.Class java.lang.ClassLoader.loadClass(java.lang.String) (ClassLoader.java:312)
07-01 19:04:49.069 12191 12191 I zygote64:   at void androidx.core.view.ViewCompat.setOnApplyWindowInsetsListener(android.view.View, androidx.core.view.OnApplyWindowInsetsListener) (ViewCompat.java:2421)
07-01 19:04:49.069 12191 12191 I zygote64:   at android.view.ViewGroup androidx.appcompat.app.AppCompatDelegateImpl.createSubDecor() (AppCompatDelegateImpl.java:779)
07-01 19:04:49.069 12191 12191 I zygote64:   at void androidx.appcompat.app.AppCompatDelegateImpl.ensureSubDecor() (AppCompatDelegateImpl.java:659)
07-01 19:04:49.069 12191 12191 I zygote64:   at void androidx.appcompat.app.AppCompatDelegateImpl.setContentView(int) (AppCompatDelegateImpl.java:552)
07-01 19:04:49.069 12191 12191 I zygote64:   at void androidx.appcompat.app.AppCompatActivity.setContentView(int) (AppCompatActivity.java:161)
07-01 19:04:49.069 12191 12191 I zygote64:   at void com.example.edgesum.page.main.MainActivity.onCreate(android.os.Bundle) (MainActivity.java:95)
07-01 19:04:49.069 12191 12191 I zygote64:   at void android.app.Activity.performCreate(android.os.Bundle, android.os.PersistableBundle) (Activity.java:7009)
07-01 19:04:49.069 12191 12191 I zygote64:   at void android.app.Activity.performCreate(android.os.Bundle) (Activity.java:7000)
07-01 19:04:49.069 12191 12191 I zygote64:   at void android.app.Instrumentation.callActivityOnCreate(android.app.Activity, android.os.Bundle) (Instrumentation.java:1214)
07-01 19:04:49.069 12191 12191 I zygote64:   at android.app.Activity android.app.ActivityThread.performLaunchActivity(android.app.ActivityThread$ActivityClientRecord, android.content.Intent) (ActivityThread.java:2731)
07-01 19:04:49.069 12191 12191 I zygote64:   at void android.app.ActivityThread.handleLaunchActivity(android.app.ActivityThread$ActivityClientRecord, android.content.Intent, java.lang.String) (ActivityThread.java:2856)
07-01 19:04:49.069 12191 12191 I zygote64:   at void android.app.ActivityThread.-wrap11(android.app.ActivityThread, android.app.ActivityThread$ActivityClientRecord, android.content.Intent, java.lang.String) (ActivityThread.java:-1)
07-01 19:04:49.069 12191 12191 I zygote64:   at void android.app.ActivityThread$H.handleMessage(android.os.Message) (ActivityThread.java:1589)
07-01 19:04:49.069 12191 12191 I zygote64:   at void android.os.Handler.dispatchMessage(android.os.Message) (Handler.java:106)
07-01 19:04:49.069 12191 12191 I zygote64:   at void android.os.Looper.loop() (Looper.java:164)
07-01 19:04:49.069 12191 12191 I zygote64:   at void android.app.ActivityThread.main(java.lang.String[]) (ActivityThread.java:6494)
07-01 19:04:49.069 12191 12191 I zygote64:   at java.lang.Object java.lang.reflect.Method.invoke(java.lang.Object, java.lang.Object[]) (Method.java:-2)
07-01 19:04:49.069 12191 12191 I zygote64:   at void com.android.internal.os.RuntimeInit$MethodAndArgsCaller.run() (RuntimeInit.java:438)
07-01 19:04:49.069 12191 12191 I zygote64:   at void com.android.internal.os.ZygoteInit.main(java.lang.String[]) (ZygoteInit.java:807)
07-01 19:04:49.069 12191 12191 I zygote64:
07-01 19:04:49.070 12191 12191 I zygote64: Rejecting re-init on previously-failed class java.lang.Class<androidx.core.view.ViewCompat$2>: java.lang.NoClassDefFoundError: Failed resolution of: Landroid/view/View$OnUnhandledKeyEventListener;
07-01 19:04:49.070 12191 12191 I zygote64:   at void androidx.core.view.ViewCompat.setOnApplyWindowInsetsListener(android.view.View, androidx.core.view.OnApplyWindowInsetsListener) (ViewCompat.java:2421)
07-01 19:04:49.070 12191 12191 I zygote64:   at android.view.ViewGroup androidx.appcompat.app.AppCompatDelegateImpl.createSubDecor() (AppCompatDelegateImpl.java:779)
07-01 19:04:49.070 12191 12191 I zygote64:   at void androidx.appcompat.app.AppCompatDelegateImpl.ensureSubDecor() (AppCompatDelegateImpl.java:659)
07-01 19:04:49.070 12191 12191 I zygote64:   at void androidx.appcompat.app.AppCompatDelegateImpl.setContentView(int) (AppCompatDelegateImpl.java:552)
07-01 19:04:49.070 12191 12191 I zygote64:   at void androidx.appcompat.app.AppCompatActivity.setContentView(int) (AppCompatActivity.java:161)
07-01 19:04:49.070 12191 12191 I zygote64:   at void com.example.edgesum.page.main.MainActivity.onCreate(android.os.Bundle) (MainActivity.java:95)
07-01 19:04:49.070 12191 12191 I zygote64:   at void android.app.Activity.performCreate(android.os.Bundle, android.os.PersistableBundle) (Activity.java:7009)
07-01 19:04:49.070 12191 12191 I zygote64:   at void android.app.Activity.performCreate(android.os.Bundle) (Activity.java:7000)
07-01 19:04:49.070 12191 12191 I zygote64:   at void android.app.Instrumentation.callActivityOnCreate(android.app.Activity, android.os.Bundle) (Instrumentation.java:1214)
07-01 19:04:49.070 12191 12191 I zygote64:   at android.app.Activity android.app.ActivityThread.performLaunchActivity(android.app.ActivityThread$ActivityClientRecord, android.content.Intent) (ActivityThread.java:2731)
07-01 19:04:49.070 12191 12191 I zygote64:   at void android.app.ActivityThread.handleLaunchActivity(android.app.ActivityThread$ActivityClientRecord, android.content.Intent, java.lang.String) (ActivityThread.java:2856)
07-01 19:04:49.070 12191 12191 I zygote64:   at void android.app.ActivityThread.-wrap11(android.app.ActivityThread, android.app.ActivityThread$ActivityClientRecord, android.content.Intent, java.lang.String) (ActivityThread.java:-1)
07-01 19:04:49.070 12191 12191 I zygote64:   at void android.app.ActivityThread$H.handleMessage(android.os.Message) (ActivityThread.java:1589)
07-01 19:04:49.070 12191 12191 I zygote64:   at void android.os.Handler.dispatchMessage(android.os.Message) (Handler.java:106)
07-01 19:04:49.070 12191 12191 I zygote64:   at void android.os.Looper.loop() (Looper.java:164)
07-01 19:04:49.070 12191 12191 I zygote64:   at void android.app.ActivityThread.main(java.lang.String[]) (ActivityThread.java:6494)
07-01 19:04:49.070 12191 12191 I zygote64:   at java.lang.Object java.lang.reflect.Method.invoke(java.lang.Object, java.lang.Object[]) (Method.java:-2)
07-01 19:04:49.070 12191 12191 I zygote64:   at void com.android.internal.os.RuntimeInit$MethodAndArgsCaller.run() (RuntimeInit.java:438)
07-01 19:04:49.070 12191 12191 I zygote64:   at void com.android.internal.os.ZygoteInit.main(java.lang.String[]) (ZygoteInit.java:807)
07-01 19:04:49.070 12191 12191 I zygote64: Caused by: java.lang.ClassNotFoundException: Didn't find class "android.view.View$OnUnhandledKeyEventListener" on path: DexPathList[[zip file "/data/app/com.example.edgesum-LtlAAS1NTMbpoaF9AH2maw==/base.apk"],nativeLibraryDirectories=[/data/app/com.example.edgesum-LtlAAS1NTMbpoaF9AH2maw==/lib/arm64, /data/app/com.example.edgesum-LtlAAS1NTMbpoaF9AH2maw==/base.apk!/lib/arm64-v8a, /system/lib64, /vendor/lib64]]
07-01 19:04:49.070 12191 12191 I zygote64:   at java.lang.Class dalvik.system.BaseDexClassLoader.findClass(java.lang.String) (BaseDexClassLoader.java:125)
07-01 19:04:49.070 12191 12191 I zygote64:   at java.lang.Class java.lang.ClassLoader.loadClass(java.lang.String, boolean) (ClassLoader.java:379)
07-01 19:04:49.070 12191 12191 I zygote64:   at java.lang.Class java.lang.ClassLoader.loadClass(java.lang.String) (ClassLoader.java:312)
07-01 19:04:49.070 12191 12191 I zygote64:   at void androidx.core.view.ViewCompat.setOnApplyWindowInsetsListener(android.view.View, androidx.core.view.OnApplyWindowInsetsListener) (ViewCompat.java:2421)
07-01 19:04:49.070 12191 12191 I zygote64:   at android.view.ViewGroup androidx.appcompat.app.AppCompatDelegateImpl.createSubDecor() (AppCompatDelegateImpl.java:779)
07-01 19:04:49.070 12191 12191 I zygote64:   at void androidx.appcompat.app.AppCompatDelegateImpl.ensureSubDecor() (AppCompatDelegateImpl.java:659)
07-01 19:04:49.070 12191 12191 I zygote64:   at void androidx.appcompat.app.AppCompatDelegateImpl.setContentView(int) (AppCompatDelegateImpl.java:552)
07-01 19:04:49.070 12191 12191 I zygote64:   at void androidx.appcompat.app.AppCompatActivity.setContentView(int) (AppCompatActivity.java:161)
07-01 19:04:49.070 12191 12191 I zygote64:   at void com.example.edgesum.page.main.MainActivity.onCreate(android.os.Bundle) (MainActivity.java:95)
07-01 19:04:49.070 12191 12191 I zygote64:   at void android.app.Activity.performCreate(android.os.Bundle, android.os.PersistableBundle) (Activity.java:7009)
07-01 19:04:49.070 12191 12191 I zygote64:   at void android.app.Activity.performCreate(android.os.Bundle) (Activity.java:7000)
07-01 19:04:49.070 12191 12191 I zygote64:   at void android.app.Instrumentation.callActivityOnCreate(android.app.Activity, android.os.Bundle) (Instrumentation.java:1214)
07-01 19:04:49.070 12191 12191 I zygote64:   at android.app.Activity android.app.ActivityThread.performLaunchActivity(android.app.ActivityThread$ActivityClientRecord, android.content.Intent) (ActivityThread.java:2731)
07-01 19:04:49.070 12191 12191 I zygote64:   at void android.app.ActivityThread.handleLaunchActivity(android.app.ActivityThread$ActivityClientRecord, android.content.Intent, java.lang.String) (ActivityThread.java:2856)
07-01 19:04:49.070 12191 12191 I zygote64:   at void android.app.ActivityThread.-wrap11(android.app.ActivityThread, android.app.ActivityThread$ActivityClientRecord, android.content.Intent, java.lang.String) (ActivityThread.java:-1)
07-01 19:04:49.070 12191 12191 I zygote64:   at void android.app.ActivityThread$H.handleMessage(android.os.Message) (ActivityThread.java:1589)
07-01 19:04:49.070 12191 12191 I zygote64:   at void android.os.Handler.dispatchMessage(android.os.Message) (Handler.java:106)
07-01 19:04:49.070 12191 12191 I zygote64:   at void android.os.Looper.loop() (Looper.java:164)
07-01 19:04:49.070 12191 12191 I zygote64:   at void android.app.ActivityThread.main(java.lang.String[]) (ActivityThread.java:6494)
07-01 19:04:49.070 12191 12191 I zygote64:   at java.lang.Object java.lang.reflect.Method.invoke(java.lang.Object, java.lang.Object[]) (Method.java:-2)
07-01 19:04:49.070 12191 12191 I zygote64:   at void com.android.internal.os.RuntimeInit$MethodAndArgsCaller.run() (RuntimeInit.java:438)
07-01 19:04:49.070 12191 12191 I zygote64:   at void com.android.internal.os.ZygoteInit.main(java.lang.String[]) (ZygoteInit.java:807)
07-01 19:04:49.070 12191 12191 I zygote64:
07-01 19:04:49.071 12191 12191 I zygote64: Rejecting re-init on previously-failed class java.lang.Class<androidx.core.view.ViewCompat$2>: java.lang.NoClassDefFoundError: Failed resolution of: Landroid/view/View$OnUnhandledKeyEventListener;
07-01 19:04:49.071 12191 12191 I zygote64:   at void androidx.core.view.ViewCompat.setOnApplyWindowInsetsListener(android.view.View, androidx.core.view.OnApplyWindowInsetsListener) (ViewCompat.java:2421)
07-01 19:04:49.071 12191 12191 I zygote64:   at android.view.ViewGroup androidx.appcompat.app.AppCompatDelegateImpl.createSubDecor() (AppCompatDelegateImpl.java:779)
07-01 19:04:49.071 12191 12191 I zygote64:   at void androidx.appcompat.app.AppCompatDelegateImpl.ensureSubDecor() (AppCompatDelegateImpl.java:659)
07-01 19:04:49.071 12191 12191 I zygote64:   at void androidx.appcompat.app.AppCompatDelegateImpl.setContentView(int) (AppCompatDelegateImpl.java:552)
07-01 19:04:49.071 12191 12191 I zygote64:   at void androidx.appcompat.app.AppCompatActivity.setContentView(int) (AppCompatActivity.java:161)
07-01 19:04:49.071 12191 12191 I zygote64:   at void com.example.edgesum.page.main.MainActivity.onCreate(android.os.Bundle) (MainActivity.java:95)
07-01 19:04:49.071 12191 12191 I zygote64:   at void android.app.Activity.performCreate(android.os.Bundle, android.os.PersistableBundle) (Activity.java:7009)
07-01 19:04:49.071 12191 12191 I zygote64:   at void android.app.Activity.performCreate(android.os.Bundle) (Activity.java:7000)
07-01 19:04:49.071 12191 12191 I zygote64:   at void android.app.Instrumentation.callActivityOnCreate(android.app.Activity, android.os.Bundle) (Instrumentation.java:1214)
07-01 19:04:49.071 12191 12191 I zygote64:   at android.app.Activity android.app.ActivityThread.performLaunchActivity(android.app.ActivityThread$ActivityClientRecord, android.content.Intent) (ActivityThread.java:2731)
07-01 19:04:49.071 12191 12191 I zygote64:   at void android.app.ActivityThread.handleLaunchActivity(android.app.ActivityThread$ActivityClientRecord, android.content.Intent, java.lang.String) (ActivityThread.java:2856)
07-01 19:04:49.071 12191 12191 I zygote64:   at void android.app.ActivityThread.-wrap11(android.app.ActivityThread, android.app.ActivityThread$ActivityClientRecord, android.content.Intent, java.lang.String) (ActivityThread.java:-1)
07-01 19:04:49.071 12191 12191 I zygote64:   at void android.app.ActivityThread$H.handleMessage(android.os.Message) (ActivityThread.java:1589)
07-01 19:04:49.071 12191 12191 I zygote64:   at void android.os.Handler.dispatchMessage(android.os.Message) (Handler.java:106)
07-01 19:04:49.071 12191 12191 I zygote64:   at void android.os.Looper.loop() (Looper.java:164)
07-01 19:04:49.071 12191 12191 I zygote64:   at void android.app.ActivityThread.main(java.lang.String[]) (ActivityThread.java:6494)
07-01 19:04:49.071 12191 12191 I zygote64:   at java.lang.Object java.lang.reflect.Method.invoke(java.lang.Object, java.lang.Object[]) (Method.java:-2)
07-01 19:04:49.071 12191 12191 I zygote64:   at void com.android.internal.os.RuntimeInit$MethodAndArgsCaller.run() (RuntimeInit.java:438)
07-01 19:04:49.071 12191 12191 I zygote64:   at void com.android.internal.os.ZygoteInit.main(java.lang.String[]) (ZygoteInit.java:807)
07-01 19:04:49.071 12191 12191 I zygote64: Caused by: java.lang.ClassNotFoundException: Didn't find class "android.view.View$OnUnhandledKeyEventListener" on path: DexPathList[[zip file "/data/app/com.example.edgesum-LtlAAS1NTMbpoaF9AH2maw==/base.apk"],nativeLibraryDirectories=[/data/app/com.example.edgesum-LtlAAS1NTMbpoaF9AH2maw==/lib/arm64, /data/app/com.example.edgesum-LtlAAS1NTMbpoaF9AH2maw==/base.apk!/lib/arm64-v8a, /system/lib64, /vendor/lib64]]
07-01 19:04:49.071 12191 12191 I zygote64:   at java.lang.Class dalvik.system.BaseDexClassLoader.findClass(java.lang.String) (BaseDexClassLoader.java:125)
07-01 19:04:49.071 12191 12191 I zygote64:   at java.lang.Class java.lang.ClassLoader.loadClass(java.lang.String, boolean) (ClassLoader.java:379)
07-01 19:04:49.071 12191 12191 I zygote64:   at java.lang.Class java.lang.ClassLoader.loadClass(java.lang.String) (ClassLoader.java:312)
07-01 19:04:49.071 12191 12191 I zygote64:   at void androidx.core.view.ViewCompat.setOnApplyWindowInsetsListener(android.view.View, androidx.core.view.OnApplyWindowInsetsListener) (ViewCompat.java:2421)
07-01 19:04:49.071 12191 12191 I zygote64:   at android.view.ViewGroup androidx.appcompat.app.AppCompatDelegateImpl.createSubDecor() (AppCompatDelegateImpl.java:779)
07-01 19:04:49.071 12191 12191 I zygote64:   at void androidx.appcompat.app.AppCompatDelegateImpl.ensureSubDecor() (AppCompatDelegateImpl.java:659)
07-01 19:04:49.071 12191 12191 I zygote64:   at void androidx.appcompat.app.AppCompatDelegateImpl.setContentView(int) (AppCompatDelegateImpl.java:552)
07-01 19:04:49.071 12191 12191 I zygote64:   at void androidx.appcompat.app.AppCompatActivity.setContentView(int) (AppCompatActivity.java:161)
07-01 19:04:49.071 12191 12191 I zygote64:   at void com.example.edgesum.page.main.MainActivity.onCreate(android.os.Bundle) (MainActivity.java:95)
07-01 19:04:49.071 12191 12191 I zygote64:   at void android.app.Activity.performCreate(android.os.Bundle, android.os.PersistableBundle) (Activity.java:7009)
07-01 19:04:49.071 12191 12191 I zygote64:   at void android.app.Activity.performCreate(android.os.Bundle) (Activity.java:7000)
07-01 19:04:49.071 12191 12191 I zygote64:   at void android.app.Instrumentation.callActivityOnCreate(android.app.Activity, android.os.Bundle) (Instrumentation.java:1214)
07-01 19:04:49.071 12191 12191 I zygote64:   at android.app.Activity android.app.ActivityThread.performLaunchActivity(android.app.ActivityThread$ActivityClientRecord, android.content.Intent) (ActivityThread.java:2731)
07-01 19:04:49.071 12191 12191 I zygote64:   at void android.app.ActivityThread.handleLaunchActivity(android.app.ActivityThread$ActivityClientRecord, android.content.Intent, java.lang.String) (ActivityThread.java:2856)
07-01 19:04:49.071 12191 12191 I zygote64:   at void android.app.ActivityThread.-wrap11(android.app.ActivityThread, android.app.ActivityThread$ActivityClientRecord, android.content.Intent, java.lang.String) (ActivityThread.java:-1)
07-01 19:04:49.071 12191 12191 I zygote64:   at void android.app.ActivityThread$H.handleMessage(android.os.Message) (ActivityThread.java:1589)
07-01 19:04:49.071 12191 12191 I zygote64:   at void android.os.Handler.dispatchMessage(android.os.Message) (Handler.java:106)
07-01 19:04:49.071 12191 12191 I zygote64:   at void android.os.Looper.loop() (Looper.java:164)
07-01 19:04:49.071 12191 12191 I zygote64:   at void android.app.ActivityThread.main(java.lang.String[]) (ActivityThread.java:6494)
07-01 19:04:49.071 12191 12191 I zygote64:   at java.lang.Object java.lang.reflect.Method.invoke(java.lang.Object, java.lang.Object[]) (Method.java:-2)
07-01 19:04:49.071 12191 12191 I zygote64:   at void com.android.internal.os.RuntimeInit$MethodAndArgsCaller.run() (RuntimeInit.java:438)
07-01 19:04:49.071 12191 12191 I zygote64:   at void com.android.internal.os.ZygoteInit.main(java.lang.String[]) (ZygoteInit.java:807)
07-01 19:04:49.071 12191 12191 I zygote64:
07-01 19:04:49.078 12174 12174 D AndroidRuntime: >>>>>> START com.android.internal.os.RuntimeInit uid 0 <<<<<<
07-01 19:04:49.233 12191 12191 V Repo    : /storage/emulated/0/Movies/raw
07-01 19:04:49.233 12174 12174 I app_process: The ClassLoaderContext is a special shared library.
07-01 19:04:49.234 12191 12191 V Repo    : /storage/emulated/0/Movies/summarised
07-01 19:04:49.252 12191 12191 V FileManager: External storage is readable
07-01 19:04:49.253 12191 12191 V FileManager: Directory already exists: /storage/emulated/0/Movies/raw
07-01 19:04:49.258 12191 12191 V FileManager: External storage is readable
07-01 19:04:49.258 12191 12191 V FileManager: Directory already exists: /storage/emulated/0/Movies/summarised
07-01 19:04:49.263 12191 12191 V FileManager: External storage is readable
07-01 19:04:49.264 12191 12191 V FileManager: Directory already exists: /storage/emulated/0/Download/nearby
07-01 19:04:49.269 12191 12191 V FileManager: External storage is readable
07-01 19:04:49.269 12174 12174 D AndroidRuntime: Calling main entry com.android.commands.wm.Wm
07-01 19:04:49.270 12191 12191 V FileManager: Directory already exists: /storage/emulated/0/Movies/segment
07-01 19:04:49.275 12174 12174 D AndroidRuntime: Shutting down VM
07-01 19:04:49.275 12191 12191 V FileManager: External storage is readable
07-01 19:04:49.276 12191 12191 V FileManager: Directory already exists: /storage/emulated/0/Movies/segment-sum
07-01 19:04:49.319   787  1673 I WifiService: getWifiEnabledState uid=10040
07-01 19:04:49.320   787  3272 I WifiService: getWifiEnabledState uid=10040
07-01 19:04:49.321   787   971 I WifiService: getWifiEnabledState uid=10040
07-01 19:04:49.324   787  3252 I WifiService: getWifiEnabledState uid=10040
07-01 19:04:49.325  2949  7309 I NearbyMediums: BluetoothAdapter's name was not set by Nearby Connections, ignoring call to restore device name [CONTEXT service_id=54 ]
07-01 19:04:49.327  2949  2949 W SystemServiceRegistry: No service published for: wifiaware
07-01 19:04:49.329  2949  2949 I NearbyConnections: Instantiated ServiceControllerRouter ahry@8f60ca4. [CONTEXT service_id=54 ]
07-01 19:04:49.336  1861  1861 I BeaconBle: Using BLE 'L' hardware layer [CONTEXT service_id=111 ]
07-01 19:04:49.402 12191 12191 V VideoManager: getAllVideoFromExternalStorageFolder
07-01 19:04:49.408 12191 12191 D VideoManager: /storage/emulated/0/Movies/summarised
07-01 19:04:49.421 12191 12191 D VideoManager: 0 videos return
07-01 19:04:49.448 12191 12191 V VideoManager: getAllVideoFromExternalStorageFolder
07-01 19:04:49.453 12191 12191 D VideoManager: /storage/emulated/0/Movies/raw
07-01 19:04:49.464 12191 12191 D VideoManager: 0 videos return
07-01 19:04:49.478   787  3131 I ActivityManager: START u0 {act=android.content.pm.action.REQUEST_PERMISSIONS pkg=com.google.android.packageinstaller cmp=com.google.android.packageinstaller/com.android.packageinstaller.permission.ui.GrantPermissionsActivity (has extras)} from uid 10100
07-01 19:04:49.503 12191 12226 D OpenGLRenderer: HWUI GL Pipeline
07-01 19:04:49.515 12191 12191 I TransferService: Starting Transfer Service to listen for network connectivity changes.
07-01 19:04:49.516 12191 12191 W LogFactory: Truncating log tag length as it exceed 23, the limit imposed by Android on certain API Levels
07-01 19:04:49.530 12191 12191 I TransferService: Registering the network receiver
07-01 19:04:49.535 12191 12191 E TransferService: No notification is passed in the intent. Unable to transition to foreground.
07-01 19:04:49.550  2949 11821 I NearbyConnections: Client 132361732 with package name com.example.edgesum and sdk version 12451000 has connected. [CONTEXT service_id=54 ]
07-01 19:04:49.584 12191 12204 D MainActivity: Scanned /storage/emulated/0/Movies/summarised
07-01 19:04:49.584 12191 12204 D MainActivity:   -> uri=content://media/external/file/7020
07-01 19:04:49.612 12191 12216 D MainActivity: Scanned /storage/emulated/0/Movies/raw
07-01 19:04:49.612 12191 12216 D MainActivity:   -> uri=content://media/external/file/7021
07-01 19:04:49.626 12191 12226 I Adreno  : QUALCOMM build                   : 8e59954, I0be83d0d26
07-01 19:04:49.626 12191 12226 I Adreno  : Build Date                       : 09/22/17
07-01 19:04:49.626 12191 12226 I Adreno  : OpenGL ES Shader Compiler Version: EV031.21.02.00
07-01 19:04:49.626 12191 12226 I Adreno  : Local Branch                     : O17A
07-01 19:04:49.626 12191 12226 I Adreno  : Remote Branch                    :
07-01 19:04:49.626 12191 12226 I Adreno  : Remote Branch                    :
07-01 19:04:49.626 12191 12226 I Adreno  : Reconstruct Branch               :
07-01 19:04:49.627 12191 12226 D vndksupport: Loading /vendor/lib64/hw/gralloc.msm8992.so from current namespace instead of sphal namespace.
07-01 19:04:49.634 12191 12196 I zygote64: Do partial code cache collection, code=23KB, data=29KB
07-01 19:04:49.634 12191 12196 I zygote64: After code cache collection, code=23KB, data=29KB
07-01 19:04:49.634 12191 12196 I zygote64: Increasing code cache capacity to 128KB
07-01 19:04:49.656 12191 12191 I TransferNetworkLossHand: Network connectivity changed detected.
07-01 19:04:49.661 12191 12191 I TransferNetworkLossHand: Network connected: true
07-01 19:04:49.661 12191 12226 I Adreno  : PFP: 0x00000000, ME: 0x00000000
07-01 19:04:49.669   341   341 W /system/bin/hwservicemanager: getTransport: Cannot find entry android.hardware.configstore@1.0::ISurfaceFlingerConfigs/default in either framework or device manifest.
07-01 19:04:49.671 12191 12226 I zygote64: android::hardware::configstore::V1_0::ISurfaceFlingerConfigs::hasWideColorDisplay retrieved: 0
07-01 19:04:49.672 12191 12226 I OpenGLRenderer: Initialized EGL, version 1.4
07-01 19:04:49.672 12191 12226 D OpenGLRenderer: Swap behavior 2
07-01 19:04:49.746   341   341 W /system/bin/hwservicemanager: getTransport: Cannot find entry android.hardware.graphics.mapper@2.0::IMapper/default in either framework or device manifest.
07-01 19:04:49.747 12191 12226 D vndksupport: Loading /vendor/lib64/hw/android.hardware.graphics.mapper@2.0-impl.so from current namespace instead of sphal namespace.
07-01 19:04:49.749 12191 12226 D vndksupport: Loading /vendor/lib64/hw/gralloc.msm8992.so from current namespace instead of sphal namespace.
07-01 19:04:51.120   787   797 I zygote64: Background concurrent copying GC freed 43476(13MB) AllocSpace objects, 64(1296KB) LOS objects, 49% free, 15MB/30MB, paused 2.595ms total 112.764ms
07-01 19:04:53.622   787  3268 D WificondControl: Scan result ready event
07-01 19:04:57.388   787   922 I nanohub : osLog: [AR_CHRE] still: 100
07-01 19:04:57.390   787   922 I nanohub : osLog: [AR_CHRE] ON => IDLE
07-01 19:04:58.128  1861 12141 E WakeLock: GCM_HB_ALARM release without a matched acquire!
07-01 19:04:58.128  1861 12141 W WakeLock: GCM_HB_ALARM counter does not exist
07-01 19:04:58.130   787   976 D ConnectivityService: reportNetworkConnectivity(103, false) by 10040
07-01 19:04:58.133   787 12124 D NetworkMonitor/NetworkAgentInfo [WIFI () - 103]: Forcing reevaluation for UID 10040
07-01 19:04:58.134   787 12124 D NetworkMonitor/NetworkAgentInfo [WIFI () - 103]: Validation disabled.
07-01 19:04:58.136  1861 12141 W WakeLock: GCM_CONN_ALARM counter does not exist
07-01 19:04:58.136   787   976 D ConnectivityService: NetworkAgentInfo [WIFI () - 103] validation passed
07-01 19:05:03.219   787   954 E LightsService: Light requested not available on this device. 2
07-01 19:05:03.262 12191 12191 V MainActivity: Connect button clicked
07-01 19:05:03.266   573  5949 D audio_route: Apply path: speaker-protected
07-01 19:05:03.272   573  5949 D audio_hw_primary: enable_snd_device: snd_device(95: vi-feedback)
07-01 19:05:03.272   573  5949 D audio_route: Apply path: vi-feedback
07-01 19:05:03.273   573  5949 D audio_hw_primary: enable_audio_route: usecase(24) apply and update mixer path: spkr-vi-record
07-01 19:05:03.273   573  5949 D audio_route: Apply path: spkr-vi-record
07-01 19:05:03.297   573  5949 D audio_hw_primary: enable_audio_route: usecase(1) apply and update mixer path: low-latency-playback
07-01 19:05:03.297   573  5949 D audio_route: Apply path: low-latency-playback
07-01 19:05:03.334   573  5949 E msm8974_platform: ramp_speaker_gain: Could not get ctl for mixer cmd - Left Speaker Gain or Right Speaker Gain, not applying speaker gain ramp
07-01 19:05:03.334   573  5949 D audio_hw_primary: out_write: retry previous failed cal level set
07-01 19:05:03.850   573   742 D audio_hw_primary: disable_audio_route: usecase(1) reset and update mixer path: low-latency-playback
07-01 19:05:03.866   573   742 D audio_hw_primary: disable_snd_device: snd_device(95: vi-feedback)
07-01 19:05:03.866   573   742 D audio_hw_primary: disable_audio_route: usecase(24) reset and update mixer path: spkr-vi-record
07-01 19:05:04.766 12191 12191 V ConnectionFragment: Advertisement switch checked
07-01 19:05:04.774   573  5949 D audio_route: Apply path: speaker-protected
07-01 19:05:04.776   573  5949 D audio_hw_primary: enable_snd_device: snd_device(95: vi-feedback)
07-01 19:05:04.776   573  5949 D audio_route: Apply path: vi-feedback
07-01 19:05:04.777   573  5949 D audio_hw_primary: enable_audio_route: usecase(24) apply and update mixer path: spkr-vi-record
07-01 19:05:04.777   573  5949 D audio_route: Apply path: spkr-vi-record
07-01 19:05:04.779  2949  7309 I NearbyConnections: Client 132361732 requested advertising to start. [CONTEXT service_id=54 ]
07-01 19:05:04.800   573  5949 D audio_hw_primary: enable_audio_route: usecase(1) apply and update mixer path: low-latency-playback
07-01 19:05:04.800   573  5949 D audio_route: Apply path: low-latency-playback
07-01 19:05:04.810  2949  7926 W NearbyConnections: Missing permission: com.example.edgesum does not have required permission android.permission.NFC [CONTEXT service_id=54 ]
07-01 19:05:04.810  2949  7926 E NearbyConnections: Need to add corresponding status code for missing permission android.permission.NFC [CONTEXT service_id=54 ]
07-01 19:05:04.811  2949  7926 I NearbyConnections: In startNfcAdvertising([ 0x4e 0x65 0x78 0x75 0x73 0x20 0x35 0x58 0x20 0x5b 0x33 0x34 0x64 0x38 0x5d ]), client 132361732 failed to advertise because of missing permissions [CONTEXT service_id=54 ]
07-01 19:05:04.811  2949  7926 I NearbyConnections: MediumsOwnership owner set to ahwi(50182665) [CONTEXT service_id=54 ]
07-01 19:05:04.819   787   799 D BluetoothManagerService: enable(com.google.android.gms):  mBluetooth =null mBinding = false mState = OFF
07-01 19:05:04.819   787   799 D BluetoothManagerService: enable returning
07-01 19:05:04.819   787   811 D BluetoothManagerService: MESSAGE_ENABLE(0): mBluetooth = null
07-01 19:05:04.840   573  5949 E msm8974_platform: ramp_speaker_gain: Could not get ctl for mixer cmd - Left Speaker Gain or Right Speaker Gain, not applying speaker gain ramp
07-01 19:05:04.840   573  5949 D audio_hw_primary: out_write: retry previous failed cal level set
07-01 19:05:04.840   787   811 I ActivityManager: Start proc 12246:com.android.bluetooth/1002 for service com.android.bluetooth/.btservice.AdapterService
07-01 19:05:04.885 12246 12246 I zygote64: The ClassLoaderContext is a special shared library.
07-01 19:05:04.995 12246 12246 D BluetoothOppFileProvider: Initialized
07-01 19:05:05.009 12246 12246 D AdapterServiceConfig: Adding HeadsetService
07-01 19:05:05.009 12246 12246 D AdapterServiceConfig: Adding A2dpService
07-01 19:05:05.009 12246 12246 D AdapterServiceConfig: Adding HidService
07-01 19:05:05.009 12246 12246 D AdapterServiceConfig: Adding HealthService
07-01 19:05:05.009 12246 12246 D AdapterServiceConfig: Adding PanService
07-01 19:05:05.009 12246 12246 D AdapterServiceConfig: Adding GattService
07-01 19:05:05.009 12246 12246 D AdapterServiceConfig: Adding BluetoothMapService
07-01 19:05:05.009 12246 12246 D AdapterServiceConfig: Adding SapService
07-01 19:05:05.009 12246 12246 W AdapterServiceConfig: Could not find profile bit mask
07-01 19:05:05.009 12246 12246 D AdapterServiceConfig: Adding BluetoothOppService
07-01 19:05:05.009 12246 12246 W AdapterServiceConfig: Could not find profile bit mask
07-01 19:05:05.009 12246 12246 D AdapterServiceConfig: Adding BluetoothPbapService
07-01 19:05:05.032 12246 12246 D BluetoothAdapterService: onCreate()
07-01 19:05:05.037 12246 12246 D BluetoothAdapterState: make() - Creating AdapterState
07-01 19:05:05.039 12246 12246 I bt_btif : init
07-01 19:05:05.039 12246 12246 D bt_osi_allocation_tracker: canary initialized
07-01 19:05:05.039 12246 12269 I BluetoothAdapterState: Entering OffState
07-01 19:05:05.041 12246 12270 I bt_osi_thread: run_thread: thread id 12270, thread name stack_manager started
07-01 19:05:05.042 12246 12270 I bt_stack_manager: event_init_stack is initializing the stack
07-01 19:05:05.046 12246 12273 I bt_osi_thread: run_thread: thread id 12273, thread name alarm_default_ca started
07-01 19:05:05.046 12246 12274 I bt_osi_thread: run_thread: thread id 12274, thread name alarm_dispatcher started
07-01 19:05:05.047 12246 12270 I bt_btif_core: btif_init_bluetooth entered
07-01 19:05:05.048 12246 12270 I bt_stack_config: init attempt to load stack conf from /etc/bluetooth/bt_stack.conf
07-01 19:05:05.049 12246 12275 I bt_osi_thread: run_thread: thread id 12275, thread name bt_jni_workqueue started
07-01 19:05:05.049 12246 12270 I bt_btif_core: btif_init_bluetooth finished
07-01 19:05:05.049 12246 12275 I bt_btif_core: run_message_loop entered
07-01 19:05:05.049 12246 12270 I bt_stack_manager: event_init_stack finished
07-01 19:05:05.050 12246 12246 I bt_osi_wakelock: wakelock_set_os_callouts set to non-native
07-01 19:05:05.050 12246 12246 I bt_btif : get_profile_interface: id = socket
07-01 19:05:05.050 12246 12246 W bt_btif : do_in_jni_thread: Dropped message, message_loop not initialized yet!
07-01 19:05:05.050 12246 12246 W bt_btif : do_in_jni_thread: Dropped message, message_loop not initialized yet!
07-01 19:05:05.056 12246 12246 I bt_btif : get_profile_interface: id = sdp
07-01 19:05:05.058 12246 12246 I BluetoothAdapterService: Phone policy enabled
07-01 19:05:05.059 12246 12246 D BluetoothAdapterService: setAdapterService() - set to: null
07-01 19:05:05.060 12246 12246 D BluetoothAdapterService: onBind()
07-01 19:05:05.061   787   787 D BluetoothManagerService: BluetoothServiceConnection: com.android.bluetooth.btservice.AdapterService
07-01 19:05:05.062   787   811 D BluetoothManagerService: MESSAGE_BLUETOOTH_SERVICE_CONNECTED: 1
07-01 19:05:05.063   787   811 D BluetoothManagerService: Broadcasting onBluetoothServiceUp() to 9 receivers.
07-01 19:05:05.063  3096  3650 D BluetoothAdapter: onBluetoothServiceUp: android.bluetooth.IBluetooth$Stub$Proxy@a80c43
07-01 19:05:05.063  2949  2962 D BluetoothAdapter: onBluetoothServiceUp: android.bluetooth.IBluetooth$Stub$Proxy@b88ce2f
07-01 19:05:05.063   787   811 D BluetoothAdapter: onBluetoothServiceUp: android.bluetooth.IBluetooth$Stub$Proxy@7ac0a1d
07-01 19:05:05.064  3394  5131 D BluetoothAdapter: onBluetoothServiceUp: android.bluetooth.IBluetooth$Stub$Proxy@c7406a0
07-01 19:05:05.064  1460  1483 D BluetoothAdapter: onBluetoothServiceUp: android.bluetooth.IBluetooth$Stub$Proxy@803ed4a
07-01 19:05:05.064 12246 12259 D BluetoothAdapter: onBluetoothServiceUp: com.android.bluetooth.btservice.AdapterService$AdapterServiceBinder@f407c1a
07-01 19:05:05.064  1861  3303 D BluetoothAdapter: onBluetoothServiceUp: android.bluetooth.IBluetooth$Stub$Proxy@2003285
07-01 19:05:05.064  3129  3142 D BluetoothAdapter: onBluetoothServiceUp: android.bluetooth.IBluetooth$Stub$Proxy@5401fca
07-01 19:05:05.064  1195  6077 D BluetoothAdapter: onBluetoothServiceUp: android.bluetooth.IBluetooth$Stub$Proxy@9374658
07-01 19:05:05.066 12246 12258 D BluetoothAdapterService: enable() - Enable called with quiet mode status =  false
07-01 19:05:05.066 12246 12269 D BluetoothAdapterState: Current state: OFF, message: 0
07-01 19:05:05.066 12246 12269 D BluetoothAdapterProperties: Setting state to 14
07-01 19:05:05.066 12246 12269 I BluetoothAdapterState: Bluetooth adapter state changed: 10-> 14
07-01 19:05:05.066 12246 12269 D BluetoothAdapterService: updateAdapterState() - Broadcasting state to 1 receivers.
07-01 19:05:05.066   787   811 D BluetoothManagerService: MESSAGE_BLUETOOTH_STATE_CHANGE: OFF > BLE_TURNING_ON
07-01 19:05:05.066   787   811 D BluetoothManagerService: Sending BLE State Change: OFF > BLE_TURNING_ON
07-01 19:05:05.067 12246 12269 D BluetoothAdapterService: BleOnProcessStart()
07-01 19:05:05.069 12246 12269 D BluetoothAdapterService: BleOnProcessStart() - Make Bond State Machine
07-01 19:05:05.069 12246 12269 D BluetoothBondStateMachine: make
07-01 19:05:05.071 12246 12281 I BluetoothBondStateMachine: StableState(): Entering Off State
07-01 19:05:05.071 12246 12269 D BluetoothAdapterService: setProfileServiceState() - Starting service com.android.bluetooth.gatt.GattService
07-01 19:05:05.073 12246 12269 I BluetoothAdapterState: Entering PendingCommandState
07-01 19:05:05.077 12246 12246 I BtGatt.JNI: classInitNative(L871): classInitNative: Success!
07-01 19:05:05.077 12246 12246 D BtGatt.DebugUtils: handleDebugAction() action=null
07-01 19:05:05.077 12246 12246 D BluetoothAdapterService: getAdapterService() - returning com.android.bluetooth.btservice.AdapterService@cd3bed1
07-01 19:05:05.078 12246 12246 D BtGatt.GattService: Received start request. Starting profile...
07-01 19:05:05.078 12246 12246 I bt_btif : get_profile_interface: id = gatt
07-01 19:05:05.079 12246 12246 D BluetoothAdapterService: getAdapterService() - returning com.android.bluetooth.btservice.AdapterService@cd3bed1
07-01 19:05:05.082 12246 12246 I chatty  : uid=1002(bluetooth) com.android.bluetooth identical 1 line
07-01 19:05:05.082 12246 12246 D BluetoothAdapterService: getAdapterService() - returning com.android.bluetooth.btservice.AdapterService@cd3bed1
07-01 19:05:05.083 12246 12246 D BluetoothAdapterService: handleMessage() - Message: 1
07-01 19:05:05.083 12246 12246 D BluetoothAdapterService: handleMessage() - MESSAGE_PROFILE_SERVICE_STATE_CHANGED
07-01 19:05:05.083 12246 12246 D BluetoothAdapterService: processProfileServiceStateChanged() - serviceName=com.android.bluetooth.gatt.GattService isTurningOn=false isTurningOff=false isBleTurningOn=true isBleTurningOff=false
07-01 19:05:05.083 12246 12246 D BluetoothAdapterService: GattService is started
07-01 19:05:05.083 12246 12269 V BluetoothAdapterState: PendingCommand - transient state(s): isBleTurningOn
07-01 19:05:05.083 12246 12269 D BluetoothAdapterState: Current state: PENDING_COMMAND, message: 4
07-01 19:05:05.086 12246 12269 I bt_btif : enable: start restricted = 0
07-01 19:05:05.086 12246 12270 I bt_stack_manager: event_start_up_stack is bringing up the stack
07-01 19:05:05.086 12246 12270 I bt_core_module: module_start_up Starting module "btif_config_module"
07-01 19:05:05.086 12246 12270 I bt_core_module: module_start_up Started module "btif_config_module"
07-01 19:05:05.086 12246 12270 I bt_core_module: module_start_up Starting module "btsnoop_module"
07-01 19:05:05.088 12246 12270 I bt_core_module: module_start_up Started module "btsnoop_module"
07-01 19:05:05.088 12246 12270 I bt_core_module: module_start_up Starting module "hci_module"
07-01 19:05:05.088 12246 12270 I bt_hci  : hci_module_start_up
07-01 19:05:05.089 12246 12285 I bt_osi_thread: run_thread: thread id 12285, thread name hci_thread started
07-01 19:05:05.089 12246 12270 D bt_hci  : hci_module_start_up starting async portion
07-01 19:05:05.089 12246 12285 I bt_hci  : hci_initialize
07-01 19:05:05.090   341   341 W /system/bin/hwservicemanager: getTransport: Cannot find entry android.hardware.bluetooth@1.0::IBluetoothHci/default in either framework or device manifest.
07-01 19:05:05.091 12246 12285 D vndksupport: Loading /vendor/lib64/hw/android.hardware.bluetooth@1.0-impl.so from current namespace instead of sphal namespace.
07-01 19:05:05.095 12246 12285 I bt_hci  : hci_initialize: IBluetoothHci::getService() returned 0x71162a7420 (local)
07-01 19:05:05.096 12246 12285 I android.hardware.bluetooth@1.0-impl: BluetoothHci::initialize()
07-01 19:05:05.099 12246 12285 D         : get_local_address: Trying /persist/bdaddr.txt
07-01 19:05:05.099 12246 12285 D         : get_local_address: Got Factory BDA 64:BC:0C:E5:BF:3F
07-01 19:05:05.099 12246 12285 I bt_vendor: bt-vendor : init
07-01 19:05:05.099 12246 12285 I bt_vendor: bt-vendor : get_bt_soc_type
07-01 19:05:05.099 12246 12285 I bt_vendor: qcom.bluetooth.soc set to rome
07-01 19:05:05.099 12246 12285 I bt_vendor: bt-vendor : Initializing UART transport layer
07-01 19:05:05.100 12246 12285 I bt_vendor: init: Local BD Address : 3f:bf:e5:0c:bc:64
07-01 19:05:05.100 12246 12285 D android.hardware.bluetooth@1.0-impl: Open vendor library loaded
07-01 19:05:05.100 12246 12285 I bt_vendor: bt-vendor : BT_VND_OP_POWER_CTRL: On
07-01 19:05:05.100 12246 12285 I bt_vendor: bt_powerup: 1
07-01 19:05:05.101 12246 12285 E bt_vendor: Write 1 to rfkill
07-01 19:05:05.212 12246 12285 I bt_vendor: bt-vendor : BT_VND_OP_USERIAL_OPEN
07-01 19:05:05.212 12246 12285 I bt_vendor: bt-vendor : is_soc_initialized
07-01 19:05:05.212 12246 12285 I bt_vendor: wc_transport.soc_initialized set to 0
07-01 19:05:05.212 12246 12285 I bt_vendor: userial vendor open: opening /dev/ttyHS0
07-01 19:05:05.214 12246 12285 I bt_vendor: device fd = 72 open
07-01 19:05:05.215 12246 12285 D bt_vendor: userial clock on
07-01 19:05:05.215 12246 12285 I bt_vendor:  rome_soc_init
07-01 19:05:05.215 12246 12285 D bt_vendor: frame_hci_cmd_pkt: Sending EDL_PATCH_VER_REQ_CMD
07-01 19:05:05.215 12246 12285 I bt_vendor: read_vs_hci_event: Wait for HCI-Vendor Specfic Event from SOC
07-01 19:05:05.260 12246 12285 I bt_vendor: get_vs_hci_event: length 0xe resp 0x0 type 0x2
07-01 19:05:05.260 12246 12285 I bt_vendor: 	 Current Product ID		: 0x00000008
07-01 19:05:05.260 12246 12285 I bt_vendor: 	 Current Patch Version		: 0x0111
07-01 19:05:05.260 12246 12285 I bt_vendor: 	 Current ROM Build Version	: 0x0302
07-01 19:05:05.260 12246 12285 I bt_vendor: 	 Current SOC Version		: 0x00000044
07-01 19:05:05.260 12246 12285 I bt_vendor: hci_send_vs_cmd: Received HCI-Vendor Specific Event from SOC
07-01 19:05:05.260 12246 12285 I bt_vendor: read_hci_event: Wait for Command Compete Event from SOC
07-01 19:05:05.260 12246 12285 I bt_vendor: rome_soc_init: Rome Version (0x03020044)
07-01 19:05:05.260 12246 12285 I bt_vendor: ## userial_vendor_ioctl: UART Flow Off
07-01 19:05:05.260 12246 12285 I bt_vendor: ## userial_vendor_set_baud: 14
07-01 19:05:05.264 12246 12285 I bt_vendor: ## userial_vendor_ioctl: UART Flow On
07-01 19:05:05.265 12246 12285 I bt_vendor: read_vs_hci_event: Wait for HCI-Vendor Specfic Event from SOC
07-01 19:05:05.277 12246 12285 I bt_vendor: get_vs_hci_event: length 0x2 resp 0x92 type 0x1
07-01 19:05:05.277 12246 12285 I bt_vendor: rome_set_baudrate_req: Received HCI-Vendor Specific Event from SOC
07-01 19:05:05.277 12246 12285 I bt_vendor: read_hci_event: Wait for Command Compete Event from SOC
07-01 19:05:05.277 12246 12285 I bt_vendor: rome_soc_init: Baud rate changed successfully
07-01 19:05:05.277 12246 12285 I bt_vendor: File Open (/vendor/firmware/btfw32.tlv)
07-01 19:05:05.281 12246 12285 I bt_vendor: ====================================================
07-01 19:05:05.281 12246 12285 I bt_vendor: TLV Type			 : 0x1
07-01 19:05:05.281 12246 12285 I bt_vendor: Length			 : 56904 bytes
07-01 19:05:05.281 12246 12285 I bt_vendor: Total Length			 : 56648 bytes
07-01 19:05:05.281 12246 12285 I bt_vendor: Patch Data Length			 : 56624 bytes
07-01 19:05:05.281 12246 12285 I bt_vendor: Signing Format Version	 : 0x1
07-01 19:05:05.281 12246 12285 I bt_vendor: Signature Algorithm		 : 0x2
07-01 19:05:05.281 12246 12285 I bt_vendor: Event Handling			 : 0x3
07-01 19:05:05.281 12246 12285 I bt_vendor: Reserved			 : 0x0
07-01 19:05:05.281 12246 12285 I bt_vendor: Product ID			 : 0x0008
07-01 19:05:05.281 12246 12285 I bt_vendor: Rom Build Version		 : 0x0302
07-01 19:05:05.281 12246 12285 I bt_vendor: Patch Version		 : 0x017c
07-01 19:05:05.281 12246 12285 I bt_vendor: Reserved			 : 0x8000
07-01 19:05:05.281 12246 12285 I bt_vendor: Patch Entry Address		 : 0x19b08
07-01 19:05:05.281 12246 12285 I bt_vendor: ====================================================
07-01 19:05:05.281 12246 12285 I bt_vendor: rome_tlv_dnld_req: TLV size: 56908, Total Seg num: 234, remain size: 46
07-01 19:05:05.281 12246 12285 I bt_vendor: Event handling type: ROME_SKIP_EVT_VSE_CC
07-01 19:05:05.340   573   742 D audio_hw_primary: disable_audio_route: usecase(1) reset and update mixer path: low-latency-playback
07-01 19:05:05.353   573   742 D audio_hw_primary: disable_snd_device: snd_device(95: vi-feedback)
07-01 19:05:05.353   573   742 D audio_hw_primary: disable_audio_route: usecase(24) reset and update mixer path: spkr-vi-record
07-01 19:05:05.474 12246 12285 I bt_vendor: read_vs_hci_event: Wait for HCI-Vendor Specfic Event from SOC
07-01 19:05:05.610 12246 12285 I bt_vendor: get_vs_hci_event: length 0x3 resp 0x0 type 0x4
07-01 19:05:05.610 12246 12285 I bt_vendor: hci_send_vs_cmd: Received HCI-Vendor Specific Event from SOC
07-01 19:05:05.610 12246 12285 I bt_vendor: File Open (/vendor/firmware/btnv32.bin)
07-01 19:05:05.614 12246 12285 I bt_vendor: TLV Type			 : 0x2
07-01 19:05:05.614 12246 12285 I bt_vendor: Length			 : 2006 bytes
07-01 19:05:05.616 12246 12285 I bt_vendor: rome_tlv_dnld_req: TLV size: 2010, Total Seg num: 8, remain size: 66
07-01 19:05:05.616 12246 12285 I bt_vendor: read_vs_hci_event: Wait for HCI-Vendor Specfic Event from SOC
07-01 19:05:05.618 12246 12285 I bt_vendor: get_vs_hci_event: length 0x3 resp 0x0 type 0x4
07-01 19:05:05.618 12246 12285 I bt_vendor: hci_send_vs_cmd: Received HCI-Vendor Specific Event from SOC
07-01 19:05:05.618 12246 12285 I bt_vendor: read_hci_event: Wait for Command Compete Event from SOC
07-01 19:05:05.618 12246 12285 I bt_vendor: read_vs_hci_event: Wait for HCI-Vendor Specfic Event from SOC
07-01 19:05:05.619 12246 12285 I bt_vendor: get_vs_hci_event: length 0x3 resp 0x0 type 0x4
07-01 19:05:05.619 12246 12285 I bt_vendor: hci_send_vs_cmd: Received HCI-Vendor Specific Event from SOC
07-01 19:05:05.619 12246 12285 I bt_vendor: read_hci_event: Wait for Command Compete Event from SOC
07-01 19:05:05.619 12246 12285 I bt_vendor: read_vs_hci_event: Wait for HCI-Vendor Specfic Event from SOC
07-01 19:05:05.621 12246 12285 I bt_vendor: get_vs_hci_event: length 0x3 resp 0x0 type 0x4
