07-02 20:31:58.408  3825  4073 D ConnectivityService: filterNetworkStateForUid() uid: 10090, pid: 3825
07-02 20:31:58.408  3825  4073 D ConnectivityService: isNetworkWithLinkPropertiesBlocked: uid=10090, vpn=DISCONNECTED,false
07-02 20:31:58.408  3825  4073 D ConnectivityService: filterNetworkStateForUid() uid: 10090, pid: 3825, networkInfo: [type: WIFI[], state: CONNECTED/CONNECTED, reason: (unspecified), extra: (none), failover: false, available: true, roaming: false]
07-02 20:31:58.408  3825  4073 D ConnectivityService: Vpn: getActiveNetworkForUidInternal: 10420, false, false, DISCONNECTED
07-02 20:31:58.409  3825  4073 D ConnectivityService: isNetworkWithLinkPropertiesBlocked: uid=10420, vpn=DISCONNECTED,false
07-02 20:31:58.409  3825  4083 D ConnectivityService:  sending notification for NetworkRequest [ TRACK_DEFAULT id=23, [ Capabilities: INTERNET&NOT_RESTRICTED&TRUSTED Unwanted:  Uid: 10090] ]
07-02 20:31:58.409  3825  4073 D ConnectivityService: filterNetworkStateForUid() uid: 10051, pid: 3825
07-02 20:31:58.409  3825  4073 D ConnectivityService: isNetworkWithLinkPropertiesBlocked: uid=10051, vpn=DISCONNECTED,false
07-02 20:31:58.409  3825  4073 D ConnectivityService: filterNetworkStateForUid() uid: 10051, pid: 3825, networkInfo: [type: WIFI[], state: CONNECTED/CONNECTED, reason: (unspecified), extra: (none), failover: false, available: true, roaming: false]
07-02 20:31:58.409  3825  4073 D ConnectivityService: filterNetworkStateForUid() uid: 10030, pid: 3825
07-02 20:31:58.409  3825  4073 D ConnectivityService: isNetworkWithLinkPropertiesBlocked: uid=10030, vpn=DISCONNECTED,false
07-02 20:31:58.409  3825  4073 D ConnectivityService: filterNetworkStateForUid() uid: 10030, pid: 3825, networkInfo: [type: WIFI[], state: CONNECTED/CONNECTED, reason: (unspecified), extra: (none), failover: false, available: true, roaming: false]
07-02 20:31:58.409  3825  4073 D ConnectivityService: filterNetworkStateForUid() uid: 10030, pid: 3825
07-02 20:31:58.409  3825  4073 D ConnectivityService: isNetworkWithLinkPropertiesBlocked: uid=10030, vpn=DISCONNECTED,false
07-02 20:31:58.409  3825  4073 D ConnectivityService: filterNetworkStateForUid() uid: 10030, pid: 3825, networkInfo: [type: WIFI[], state: CONNECTED/CONNECTED, reason: (unspecified), extra: (none), failover: false, available: true, roaming: false]
07-02 20:31:58.409  3825  4073 D ConnectivityService: Vpn: getActiveNetworkForUidInternal: 10179, false, false, DISCONNECTED
07-02 20:31:58.409  3825  4073 D ConnectivityService: isNetworkWithLinkPropertiesBlocked: uid=10179, vpn=DISCONNECTED,false
07-02 20:31:58.409  3825  4073 D ConnectivityService: Vpn: getActiveNetworkForUidInternal: 10234, false, false, DISCONNECTED
07-02 20:31:58.409  3825  4073 D ConnectivityService: isNetworkWithLinkPropertiesBlocked: uid=10234, vpn=DISCONNECTED,false
07-02 20:31:58.409  3825  4073 D ConnectivityService: filterNetworkStateForUid() uid: 1000, pid: 3825
07-02 20:31:58.409  3825  4073 D ConnectivityService: filterNetworkStateForUid() uid: 1000, pid: 3825, networkInfo: [type: WIFI[], state: CONNECTED/CONNECTED, reason: (unspecified), extra: (none), failover: false, available: true, roaming: false]
07-02 20:31:58.409  3825  4073 D ConnectivityService: filterNetworkStateForUid() uid: 10030, pid: 3825
07-02 20:31:58.409  3825  4073 D ConnectivityService: isNetworkWithLinkPropertiesBlocked: uid=10030, vpn=DISCONNECTED,false
07-02 20:31:58.409  3825  4073 D ConnectivityService: filterNetworkStateForUid() uid: 10030, pid: 3825, networkInfo: [type: WIFI[], state: CONNECTED/CONNECTED, reason: (unspecified), extra: (none), failover: false, available: true, roaming: false]
07-02 20:31:58.409  3825  4073 D ConnectivityService: Vpn: getActiveNetworkForUidInternal: 10189, false, false, DISCONNECTED
07-02 20:31:58.409  3825  4073 D ConnectivityService: isNetworkWithLinkPropertiesBlocked: uid=10189, vpn=DISCONNECTED,false
07-02 20:31:58.409  3825  4083 D ConnectivityService: sending notification CALLBACK_CAP_CHANGED for NetworkRequest [ TRACK_DEFAULT id=23, [ Capabilities: INTERNET&NOT_RESTRICTED&TRUSTED Unwanted:  Uid: 10090] ]
07-02 20:31:58.409  3825  4073 D ConnectivityService: filterNetworkStateForUid() uid: 10030, pid: 3825
07-02 20:31:58.409  3825  4073 D ConnectivityService: isNetworkWithLinkPropertiesBlocked: uid=10030, vpn=DISCONNECTED,false
07-02 20:31:58.409  3825  4073 D ConnectivityService: filterNetworkStateForUid() uid: 10030, pid: 3825, networkInfo: [type: WIFI[], state: CONNECTED/CONNECTED, reason: (unspecified), extra: (none), failover: false, available: true, roaming: false]
07-02 20:31:58.409  3825  4073 D ConnectivityService: filterNetworkStateForUid() uid: 10090, pid: 3825
07-02 20:31:58.409  3825  4073 D ConnectivityService: isNetworkWithLinkPropertiesBlocked: uid=10090, vpn=DISCONNECTED,false
07-02 20:31:58.409  3825  4073 D ConnectivityService: filterNetworkStateForUid() uid: 10090, pid: 3825, networkInfo: [type: WIFI[], state: CONNECTED/CONNECTED, reason: (unspecified), extra: (none), failover: false, available: true, roaming: false]
07-02 20:31:58.409  3825  4073 D ConnectivityService: filterNetworkStateForUid() uid: 10090, pid: 3825
07-02 20:31:58.409  3825  4073 D ConnectivityService: isNetworkWithLinkPropertiesBlocked: uid=10090, vpn=DISCONNECTED,false
07-02 20:31:58.409  3825  4073 D ConnectivityService: filterNetworkStateForUid() uid: 10090, pid: 3825, networkInfo: [type: WIFI[], state: CONNECTED/CONNECTED, reason: (unspecified), extra: (none), failover: false, available: true, roaming: false]
07-02 20:31:58.409  3825  4073 D ConnectivityService: Vpn: getActiveNetworkForUidInternal: 10192, false, false, DISCONNECTED
07-02 20:31:58.410  3825  4073 D ConnectivityService: isNetworkWithLinkPropertiesBlocked: uid=10192, vpn=DISCONNECTED,false
07-02 20:31:58.410  3825  4073 D ConnectivityService: filterNetworkStateForUid() uid: 10192, pid: 3825
07-02 20:31:58.410  3825  4073 D ConnectivityService: isNetworkWithLinkPropertiesBlocked: uid=10192, vpn=DISCONNECTED,false
07-02 20:31:58.410  3825  4073 D ConnectivityService: filterNetworkStateForUid() uid: 10192, pid: 3825, networkInfo: [type: WIFI[], state: CONNECTED/CONNECTED, reason: (unspecified), extra: (none), failover: false, available: true, roaming: false]
07-02 20:31:58.410  3825  4073 D ConnectivityService: Vpn: getActiveNetworkForUidInternal: 10420, false, false, DISCONNECTED
07-02 20:31:58.410  3825  4073 D ConnectivityService: isNetworkWithLinkPropertiesBlocked: uid=10420, vpn=DISCONNECTED,false
07-02 20:31:58.410  3825  4073 D ConnectivityService: Vpn: getActiveNetworkForUidInternal: 10234, false, false, DISCONNECTED
07-02 20:31:58.410  3825  4073 D ConnectivityService: isNetworkWithLinkPropertiesBlocked: uid=10234, vpn=DISCONNECTED,false
07-02 20:31:58.410  3825  4073 D ConnectivityService: filterNetworkStateForUid() uid: 10030, pid: 3825
07-02 20:31:58.410  3825  4073 D ConnectivityService: isNetworkWithLinkPropertiesBlocked: uid=10030, vpn=DISCONNECTED,false
07-02 20:31:58.410  3825  4073 D ConnectivityService: filterNetworkStateForUid() uid: 10030, pid: 3825, networkInfo: [type: WIFI[], state: CONNECTED/CONNECTED, reason: (unspecified), extra: (none), failover: false, available: true, roaming: false]
07-02 20:31:58.410  3825  4073 D ConnectivityService: filterNetworkStateForUid() uid: 10030, pid: 3825
07-02 20:31:58.410  3825  4073 D ConnectivityService: isNetworkWithLinkPropertiesBlocked: uid=10030, vpn=DISCONNECTED,false
07-02 20:31:58.410  3825  4073 D ConnectivityService: filterNetworkStateForUid() uid: 10030, pid: 3825, networkInfo: [type: WIFI[], state: CONNECTED/CONNECTED, reason: (unspecified), extra: (none), failover: false, available: true, roaming: false]
07-02 20:31:58.410  3825  4073 D ConnectivityService: filterNetworkStateForUid() uid: 10030, pid: 3825
07-02 20:31:58.410  3825  4073 D ConnectivityService: isNetworkWithLinkPropertiesBlocked: uid=10030, vpn=DISCONNECTED,false
07-02 20:31:58.410  3825  4073 D ConnectivityService: filterNetworkStateForUid() uid: 10030, pid: 3825, networkInfo: [type: WIFI[], state: CONNECTED/CONNECTED, reason: (unspecified), extra: (none), failover: false, available: true, roaming: false]
07-02 20:31:58.410  3825  4073 D ConnectivityService: Vpn: getActiveNetworkForUidInternal: 10221, false, false, DISCONNECTED
07-02 20:31:58.410  3825  4073 D ConnectivityService: isNetworkWithLinkPropertiesBlocked: uid=10221, vpn=DISCONNECTED,false
07-02 20:31:58.410  3825  4073 D ConnectivityService: filterNetworkStateForUid() uid: 10030, pid: 3825
07-02 20:31:58.410  3825  4073 D ConnectivityService: isNetworkWithLinkPropertiesBlocked: uid=10030, vpn=DISCONNECTED,false
07-02 20:31:58.410  3825  4083 D ConnectivityService:  sending notification for NetworkRequest [ LISTEN id=24, [ Capabilities: INTERNET&NOT_RESTRICTED&TRUSTED Unwanted:  Uid: 10090] ]
07-02 20:31:58.410  3825  4073 D ConnectivityService: filterNetworkStateForUid() uid: 10030, pid: 3825, networkInfo: [type: WIFI[], state: CONNECTED/CONNECTED, reason: (unspecified), extra: (none), failover: false, available: true, roaming: false]
07-02 20:31:58.410  3825  4073 D ConnectivityService: filterNetworkStateForUid() uid: 10030, pid: 3825
07-02 20:31:58.410  3825  4073 D ConnectivityService: isNetworkWithLinkPropertiesBlocked: uid=10030, vpn=DISCONNECTED,false
07-02 20:31:58.410  3825  4073 D ConnectivityService: filterNetworkStateForUid() uid: 10030, pid: 3825, networkInfo: [type: WIFI[], state: CONNECTED/CONNECTED, reason: (unspecified), extra: (none), failover: false, available: true, roaming: false]
07-02 20:31:58.410  3825  4073 D ConnectivityService: Vpn: getActiveNetworkForUidInternal: 10268, false, false, DISCONNECTED
07-02 20:31:58.410  3825  4073 D ConnectivityService: isNetworkWithLinkPropertiesBlocked: uid=10268, vpn=DISCONNECTED,false
07-02 20:31:58.410  3825  4073 D ConnectivityService: filterNetworkStateForUid() uid: 10268, pid: 3825
07-02 20:31:58.410  3825  4073 D ConnectivityService: isNetworkWithLinkPropertiesBlocked: uid=10268, vpn=DISCONNECTED,false
07-02 20:31:58.410  3825  4083 D ConnectivityService: sending notification CALLBACK_CAP_CHANGED for NetworkRequest [ LISTEN id=24, [ Capabilities: INTERNET&NOT_RESTRICTED&TRUSTED Unwanted:  Uid: 10090] ]
07-02 20:31:58.410  3825  4073 D ConnectivityService: filterNetworkStateForUid() uid: 10268, pid: 3825, networkInfo: [type: WIFI[], state: CONNECTED/CONNECTED, reason: (unspecified), extra: (none), failover: false, available: true, roaming: false]
07-02 20:31:58.410  3825  4073 D ConnectivityService: Vpn: getActiveNetworkForUidInternal: 10250, false, false, DISCONNECTED
07-02 20:31:58.410  3825  4073 D ConnectivityService: isNetworkWithLinkPropertiesBlocked: uid=10250, vpn=DISCONNECTED,false
07-02 20:31:58.410  3825  4073 D ConnectivityService: filterNetworkStateForUid() uid: 10030, pid: 3825
07-02 20:31:58.410  3825  4073 D ConnectivityService: isNetworkWithLinkPropertiesBlocked: uid=10030, vpn=DISCONNECTED,false
07-02 20:31:58.410  3825  4073 D ConnectivityService: filterNetworkStateForUid() uid: 10030, pid: 3825, networkInfo: [type: WIFI[], state: CONNECTED/CONNECTED, reason: (unspecified), extra: (none), failover: false, available: true, roaming: false]
07-02 20:31:58.410  3825  4073 D ConnectivityService: filterNetworkStateForUid() uid: 10090, pid: 3825
07-02 20:31:58.410  3825  4073 D ConnectivityService: isNetworkWithLinkPropertiesBlocked: uid=10090, vpn=DISCONNECTED,false
07-02 20:31:58.411  3825  4073 D ConnectivityService: filterNetworkStateForUid() uid: 10090, pid: 3825, networkInfo: [type: WIFI[], state: CONNECTED/CONNECTED, reason: (unspecified), extra: (none), failover: false, available: true, roaming: false]
07-02 20:31:58.411  3825  4073 D ConnectivityService: filterNetworkStateForUid() uid: 10030, pid: 3825
07-02 20:31:58.411  3825  4073 D ConnectivityService: isNetworkWithLinkPropertiesBlocked: uid=10030, vpn=DISCONNECTED,false
07-02 20:31:58.411  3825  4073 D ConnectivityService: filterNetworkStateForUid() uid: 10030, pid: 3825, networkInfo: [type: WIFI[], state: CONNECTED/CONNECTED, reason: (unspecified), extra: (none), failover: false, available: true, roaming: false]
07-02 20:31:58.411  3825  4073 D ConnectivityService: filterNetworkStateForUid() uid: 10090, pid: 3825
07-02 20:31:58.411  3825  4073 D ConnectivityService: isNetworkWithLinkPropertiesBlocked: uid=10090, vpn=DISCONNECTED,false
07-02 20:31:58.411  3825  4073 D ConnectivityService: filterNetworkStateForUid() uid: 10090, pid: 3825, networkInfo: [type: WIFI[], state: CONNECTED/CONNECTED, reason: (unspecified), extra: (none), failover: false, available: true, roaming: false]
07-02 20:31:58.411  3825  4073 D ConnectivityService: Vpn: getActiveNetworkForUidInternal: 10234, false, false, DISCONNECTED
07-02 20:31:58.411  3825  4073 D ConnectivityService: isNetworkWithLinkPropertiesBlocked: uid=10234, vpn=DISCONNECTED,false
07-02 20:31:58.411  3825  4073 D ConnectivityService: filterNetworkStateForUid() uid: 10030, pid: 3825
07-02 20:31:58.411  3825  4073 D ConnectivityService: isNetworkWithLinkPropertiesBlocked: uid=10030, vpn=DISCONNECTED,false
07-02 20:31:58.411  3825  4073 D ConnectivityService: filterNetworkStateForUid() uid: 10030, pid: 3825, networkInfo: [type: WIFI[], state: CONNECTED/CONNECTED, reason: (unspecified), extra: (none), failover: false, available: true, roaming: false]
07-02 20:31:58.411  3825  4073 D ConnectivityService: filterNetworkStateForUid() uid: 5009, pid: 3825
07-02 20:31:58.411  3825  4083 D ConnectivityService:  sending notification for NetworkRequest [ LISTEN id=32, [ Capabilities: INTERNET&NOT_RESTRICTED&TRUSTED&NOT_VPN&FOREGROUND Unwanted:  Uid: 10272] ]
07-02 20:31:58.411  3825  4073 D ConnectivityService: filterNetworkStateForUid() uid: 5009, pid: 3825, networkInfo: [type: WIFI[], state: CONNECTED/CONNECTED, reason: (unspecified), extra: (none), failover: false, available: true, roaming: false]
07-02 20:31:58.411  3825  4073 D ConnectivityService: filterNetworkStateForUid() uid: 10090, pid: 3825
07-02 20:31:58.411  3825  4073 D ConnectivityService: isNetworkWithLinkPropertiesBlocked: uid=10090, vpn=DISCONNECTED,false
07-02 20:31:58.411  3825  4073 D ConnectivityService: filterNetworkStateForUid() uid: 10090, pid: 3825, networkInfo: [type: WIFI[], state: CONNECTED/CONNECTED, reason: (unspecified), extra: (none), failover: false, available: true, roaming: false]
07-02 20:31:58.411  3825  4073 D ConnectivityService: filterNetworkStateForUid() uid: 10030, pid: 3825
07-02 20:31:58.411  3825  4073 D ConnectivityService: isNetworkWithLinkPropertiesBlocked: uid=10030, vpn=DISCONNECTED,false
07-02 20:31:58.411  3825  4073 D ConnectivityService: filterNetworkStateForUid() uid: 10030, pid: 3825, networkInfo: [type: WIFI[], state: CONNECTED/CONNECTED, reason: (unspecified), extra: (none), failover: false, available: true, roaming: false]
07-02 20:31:58.411  3825  4073 D ConnectivityService: Vpn: getActiveNetworkForUidInternal: 10236, false, false, DISCONNECTED
07-02 20:31:58.411  3825  4073 D ConnectivityService: isNetworkWithLinkPropertiesBlocked: uid=10236, vpn=DISCONNECTED,false
07-02 20:31:58.411  3825  4083 D ConnectivityService: sending notification CALLBACK_CAP_CHANGED for NetworkRequest [ LISTEN id=32, [ Capabilities: INTERNET&NOT_RESTRICTED&TRUSTED&NOT_VPN&FOREGROUND Unwanted:  Uid: 10272] ]
07-02 20:31:58.411  3825  4073 D ConnectivityService: filterNetworkStateForUid() uid: 10030, pid: 3825
07-02 20:31:58.411  3825  4073 D ConnectivityService: isNetworkWithLinkPropertiesBlocked: uid=10030, vpn=DISCONNECTED,false
07-02 20:31:58.411  3825  4073 D ConnectivityService: filterNetworkStateForUid() uid: 10030, pid: 3825, networkInfo: [type: WIFI[], state: CONNECTED/CONNECTED, reason: (unspecified), extra: (none), failover: false, available: true, roaming: false]
07-02 20:31:58.411  3825  4073 D ConnectivityService: Vpn: getActiveNetworkForUidInternal: 10272, false, false, DISCONNECTED
07-02 20:31:58.411  3825  4073 D ConnectivityService: isNetworkWithLinkPropertiesBlocked: uid=10272, vpn=DISCONNECTED,false
07-02 20:31:58.411  3825  4073 D ConnectivityService: filterNetworkStateForUid() uid: 10030, pid: 3825
07-02 20:31:58.411  3825  4073 D ConnectivityService: isNetworkWithLinkPropertiesBlocked: uid=10030, vpn=DISCONNECTED,false
07-02 20:31:58.411  3825  4073 D ConnectivityService: filterNetworkStateForUid() uid: 10030, pid: 3825, networkInfo: [type: WIFI[], state: CONNECTED/CONNECTED, reason: (unspecified), extra: (none), failover: false, available: true, roaming: false]
07-02 20:31:58.411  3825  4073 D ConnectivityService: filterNetworkStateForUid() uid: 10030, pid: 3825
07-02 20:31:58.411  3825  4073 D ConnectivityService: isNetworkWithLinkPropertiesBlocked: uid=10030, vpn=DISCONNECTED,false
07-02 20:31:58.411  3825  4073 D ConnectivityService: filterNetworkStateForUid() uid: 10030, pid: 3825, networkInfo: [type: WIFI[], state: CONNECTED/CONNECTED, reason: (unspecified), extra: (none), failover: false, available: true, roaming: false]
07-02 20:31:58.411  3825  4073 D ConnectivityService: filterNetworkStateForUid() uid: 10030, pid: 3825
07-02 20:31:58.411  3825  4073 D ConnectivityService: isNetworkWithLinkPropertiesBlocked: uid=10030, vpn=DISCONNECTED,false
07-02 20:31:58.411  3825  4073 D ConnectivityService: filterNetworkStateForUid() uid: 10030, pid: 3825, networkInfo: [type: WIFI[], state: CONNECTED/CONNECTED, reason: (unspecified), extra: (none), failover: false, available: true, roaming: false]
07-02 20:31:58.411  3825  4073 D ConnectivityService: filterNetworkStateForUid() uid: 10030, pid: 3825
07-02 20:31:58.411  3825  4073 D ConnectivityService: isNetworkWithLinkPropertiesBlocked: uid=10030, vpn=DISCONNECTED,false
07-02 20:31:58.411  3825  4073 D ConnectivityService: filterNetworkStateForUid() uid: 10030, pid: 3825, networkInfo: [type: WIFI[], state: CONNECTED/CONNECTED, reason: (unspecified), extra: (none), failover: false, available: true, roaming: false]
07-02 20:31:58.411  3825  4073 D ConnectivityService: filterNetworkStateForUid() uid: 10028, pid: 3825
07-02 20:31:58.411  3825  4073 D ConnectivityService: isNetworkWithLinkPropertiesBlocked: uid=10028, vpn=DISCONNECTED,false
07-02 20:31:58.412  3825  4073 D ConnectivityService: filterNetworkStateForUid() uid: 10028, pid: 3825, networkInfo: [type: WIFI[], state: CONNECTED/CONNECTED, reason: (unspecified), extra: (none), failover: false, available: true, roaming: false]
07-02 20:31:58.412  3825  4073 D ConnectivityService: filterNetworkStateForUid() uid: 10030, pid: 3825
07-02 20:31:58.412  3825  4073 D ConnectivityService: isNetworkWithLinkPropertiesBlocked: uid=10030, vpn=DISCONNECTED,false
07-02 20:31:58.412  3825  4073 D ConnectivityService: filterNetworkStateForUid() uid: 10030, pid: 3825, networkInfo: [type: WIFI[], state: CONNECTED/CONNECTED, reason: (unspecified), extra: (none), failover: false, available: true, roaming: false]
07-02 20:31:58.412  3825  4073 D ConnectivityService: Vpn: getActiveNetworkForUidInternal: 10239, false, false, DISCONNECTED
07-02 20:31:58.412  3825  4073 D ConnectivityService: isNetworkWithLinkPropertiesBlocked: uid=10239, vpn=DISCONNECTED,false
07-02 20:31:58.412  3825  4083 D ConnectivityService:  sending notification for NetworkRequest [ LISTEN id=33, [ Transports: WIFI Capabilities: NOT_RESTRICTED&TRUSTED&NOT_VPN Unwanted:  Uid: 10161] ]
07-02 20:31:58.412  3825  4073 D ConnectivityService: filterNetworkStateForUid() uid: 10030, pid: 3825
07-02 20:31:58.412  3825  4073 D ConnectivityService: isNetworkWithLinkPropertiesBlocked: uid=10030, vpn=DISCONNECTED,false
07-02 20:31:58.412  3825  4073 D ConnectivityService: filterNetworkStateForUid() uid: 10030, pid: 3825, networkInfo: [type: WIFI[], state: CONNECTED/CONNECTED, reason: (unspecified), extra: (none), failover: false, available: true, roaming: false]
07-02 20:31:58.412  3825  4083 D ConnectivityService: sending notification CALLBACK_CAP_CHANGED for NetworkRequest [ LISTEN id=33, [ Transports: WIFI Capabilities: NOT_RESTRICTED&TRUSTED&NOT_VPN Unwanted:  Uid: 10161] ]
07-02 20:31:58.412  3825  4073 D ConnectivityService: Vpn: getActiveNetworkForUidInternal: 10234, false, false, DISCONNECTED
07-02 20:31:58.412  3825  5239 D ConnectivityService: filterNetworkStateForUid() uid: 10090, pid: 5134
07-02 20:31:58.412  3825  5239 D ConnectivityService: isNetworkWithLinkPropertiesBlocked: uid=10090, vpn=DISCONNECTED,false
07-02 20:31:58.413  3825  5239 D ConnectivityService: filterNetworkStateForUid() uid: 10090, pid: 5134, networkInfo: [type: WIFI[], state: CONNECTED/CONNECTED, reason: (unspecified), extra: (none), failover: false, available: true, roaming: false]
07-02 20:31:58.413  3825  4083 D ConnectivityService:  sending notification for NetworkRequest [ LISTEN id=34, [ Transports: CELLULAR|WIFI Capabilities: NOT_RESTRICTED&TRUSTED&NOT_VPN Unwanted:  Uid: 10161] ]
07-02 20:31:58.413  3825  4083 D ConnectivityService: sending notification CALLBACK_CAP_CHANGED for NetworkRequest [ LISTEN id=34, [ Transports: CELLULAR|WIFI Capabilities: NOT_RESTRICTED&TRUSTED&NOT_VPN Unwanted:  Uid: 10161] ]
07-02 20:31:58.412  3825  4073 D ConnectivityService: isNetworkWithLinkPropertiesBlocked: uid=10234, vpn=DISCONNECTED,false
07-02 20:31:58.413  3825  4073 D ConnectivityService: Vpn: getActiveNetworkForUidInternal: 10234, false, false, DISCONNECTED
07-02 20:31:58.413  3825  4073 D ConnectivityService: isNetworkWithLinkPropertiesBlocked: uid=10234, vpn=DISCONNECTED,false
07-02 20:31:58.413  3825  4073 D ConnectivityService: Vpn: getActiveNetworkForUidInternal: 10140, false, false, DISCONNECTED
07-02 20:31:58.414  3825  4073 D ConnectivityService: isNetworkWithLinkPropertiesBlocked: uid=10140, vpn=DISCONNECTED,false
07-02 20:31:58.414  3825  4083 D ConnectivityService:  sending notification for NetworkRequest [ TRACK_DEFAULT id=36, [ Capabilities: INTERNET&NOT_RESTRICTED&TRUSTED Unwanted:  Uid: 10161] ]
07-02 20:31:58.414  3825  4083 D ConnectivityService: sending notification CALLBACK_CAP_CHANGED for NetworkRequest [ TRACK_DEFAULT id=36, [ Capabilities: INTERNET&NOT_RESTRICTED&TRUSTED Unwanted:  Uid: 10161] ]
07-02 20:31:58.414  3825  4073 D ConnectivityService: Vpn: getActiveNetworkForUidInternal: 10401, false, false, DISCONNECTED
07-02 20:31:58.414  3825  4073 D ConnectivityService: isNetworkWithLinkPropertiesBlocked: uid=10401, vpn=DISCONNECTED,false
07-02 20:31:58.414  3825  4073 D ConnectivityService: Vpn: getActiveNetworkForUidInternal: 10191, false, false, DISCONNECTED
07-02 20:31:58.414  3825  4073 D ConnectivityService: isNetworkWithLinkPropertiesBlocked: uid=10191, vpn=DISCONNECTED,false
07-02 20:31:58.415  3825  4073 D ConnectivityService: filterNetworkStateForUid() uid: 10030, pid: 3825
07-02 20:31:58.415  3825  4073 D ConnectivityService: isNetworkWithLinkPropertiesBlocked: uid=10030, vpn=DISCONNECTED,false
07-02 20:31:58.415  3825  4083 D ConnectivityService:  sending notification for NetworkRequest [ LISTEN id=37, [ Transports: WIFI Capabilities: NOT_RESTRICTED&TRUSTED&NOT_VPN Unwanted:  Uid: 10161] ]
07-02 20:31:58.415  3825  4073 D ConnectivityService: filterNetworkStateForUid() uid: 10030, pid: 3825, networkInfo: [type: WIFI[], state: CONNECTED/CONNECTED, reason: (unspecified), extra: (none), failover: false, available: true, roaming: false]
07-02 20:31:58.415  3825  4073 D ConnectivityService: filterNetworkStateForUid() uid: 10090, pid: 3825
07-02 20:31:58.415  3825  4073 D ConnectivityService: isNetworkWithLinkPropertiesBlocked: uid=10090, vpn=DISCONNECTED,false
07-02 20:31:58.415  3825  4083 D ConnectivityService: sending notification CALLBACK_CAP_CHANGED for NetworkRequest [ LISTEN id=37, [ Transports: WIFI Capabilities: NOT_RESTRICTED&TRUSTED&NOT_VPN Unwanted:  Uid: 10161] ]
07-02 20:31:58.415  3825  4073 D ConnectivityService: filterNetworkStateForUid() uid: 10090, pid: 3825, networkInfo: [type: WIFI[], state: CONNECTED/CONNECTED, reason: (unspecified), extra: (none), failover: false, available: true, roaming: false]
07-02 20:31:58.415  3825  4073 D ConnectivityService: filterNetworkStateForUid() uid: 10028, pid: 3825
07-02 20:31:58.415  3825  4073 D ConnectivityService: isNetworkWithLinkPropertiesBlocked: uid=10028, vpn=DISCONNECTED,false
07-02 20:31:58.415  3825  4073 D ConnectivityService: filterNetworkStateForUid() uid: 10028, pid: 3825, networkInfo: [type: WIFI[], state: CONNECTED/CONNECTED, reason: (unspecified), extra: (none), failover: false, available: true, roaming: false]
07-02 20:31:58.416  3825  4073 D ConnectivityService: Vpn: getActiveNetworkForUidInternal: 10179, false, false, DISCONNECTED
07-02 20:31:58.416  3825  4073 D ConnectivityService: isNetworkWithLinkPropertiesBlocked: uid=10179, vpn=DISCONNECTED,false
07-02 20:31:58.416  3825  4073 D ConnectivityService: Vpn: getActiveNetworkForUidInternal: 10111, false, false, DISCONNECTED
07-02 20:31:58.416  3825  4073 D ConnectivityService: isNetworkWithLinkPropertiesBlocked: uid=10111, vpn=DISCONNECTED,false
07-02 20:31:58.416  3825  4073 D ConnectivityService: filterNetworkStateForUid() uid: 10111, pid: 3825
07-02 20:31:58.416  3825  4083 D ConnectivityService:  sending notification for NetworkRequest [ LISTEN id=39, [ Transports: CELLULAR|WIFI Capabilities: NOT_RESTRICTED&TRUSTED&NOT_VPN Unwanted:  Uid: 10161] ]
07-02 20:31:58.416  3825  4073 D ConnectivityService: isNetworkWithLinkPropertiesBlocked: uid=10111, vpn=DISCONNECTED,false
07-02 20:31:58.416  3825  4083 D ConnectivityService: sending notification CALLBACK_CAP_CHANGED for NetworkRequest [ LISTEN id=39, [ Transports: CELLULAR|WIFI Capabilities: NOT_RESTRICTED&TRUSTED&NOT_VPN Unwanted:  Uid: 10161] ]
07-02 20:31:58.416  3825  4073 D ConnectivityService: filterNetworkStateForUid() uid: 10111, pid: 3825, networkInfo: [type: WIFI[], state: CONNECTED/CONNECTED, reason: (unspecified), extra: (none), failover: false, available: true, roaming: false]
07-02 20:31:58.417  3825  4073 D ConnectivityService: filterNetworkStateForUid() uid: 10090, pid: 3825
07-02 20:31:58.417  3825  4073 D ConnectivityService: isNetworkWithLinkPropertiesBlocked: uid=10090, vpn=DISCONNECTED,false
07-02 20:31:58.417  3825  4073 D ConnectivityService: filterNetworkStateForUid() uid: 10090, pid: 3825, networkInfo: [type: WIFI[], state: CONNECTED/CONNECTED, reason: (unspecified), extra: (none), failover: false, available: true, roaming: false]
07-02 20:31:58.417  3825  4073 D ConnectivityService: filterNetworkStateForUid() uid: 10030, pid: 3825
07-02 20:31:58.417  3825  4073 D ConnectivityService: isNetworkWithLinkPropertiesBlocked: uid=10030, vpn=DISCONNECTED,false
07-02 20:31:58.417  3825  4073 D ConnectivityService: filterNetworkStateForUid() uid: 10030, pid: 3825, networkInfo: [type: WIFI[], state: CONNECTED/CONNECTED, reason: (unspecified), extra: (none), failover: false, available: true, roaming: false]
07-02 20:31:58.417  3825  4083 D ConnectivityService:  sending notification for NetworkRequest [ TRACK_DEFAULT id=86, [ Capabilities: INTERNET&NOT_RESTRICTED&TRUSTED Unwanted:  Uid: 10051] ]
07-02 20:31:58.417  3825  4073 D ConnectivityService: Vpn: getActiveNetworkForUidInternal: 10221, false, false, DISCONNECTED
07-02 20:31:58.417  3825  4073 D ConnectivityService: isNetworkWithLinkPropertiesBlocked: uid=10221, vpn=DISCONNECTED,false
07-02 20:31:58.417  3825  4083 D ConnectivityService: sending notification CALLBACK_CAP_CHANGED for NetworkRequest [ TRACK_DEFAULT id=86, [ Capabilities: INTERNET&NOT_RESTRICTED&TRUSTED Unwanted:  Uid: 10051] ]
07-02 20:31:58.418  3825  4073 D ConnectivityService: Vpn: getActiveNetworkForUidInternal: 10191, false, false, DISCONNECTED
07-02 20:31:58.418  3825  4073 D ConnectivityService: isNetworkWithLinkPropertiesBlocked: uid=10191, vpn=DISCONNECTED,false
07-02 20:31:58.418  3825  4073 D ConnectivityService: Vpn: getActiveNetworkForUidInternal: 10420, false, false, DISCONNECTED
07-02 20:31:58.418  3825  4073 D ConnectivityService: isNetworkWithLinkPropertiesBlocked: uid=10420, vpn=DISCONNECTED,false
07-02 20:31:58.418  3825  4083 D ConnectivityService:  sending notification for NetworkRequest [ LISTEN id=87, [ Capabilities: INTERNET&NOT_RESTRICTED&TRUSTED Unwanted:  Uid: 10051] ]
07-02 20:31:58.419  3825  4073 D ConnectivityService: filterNetworkStateForUid() uid: 10030, pid: 3825
07-02 20:31:58.419  3825  4073 D ConnectivityService: isNetworkWithLinkPropertiesBlocked: uid=10030, vpn=DISCONNECTED,false
07-02 20:31:58.419  3825  4083 D ConnectivityService: sending notification CALLBACK_CAP_CHANGED for NetworkRequest [ LISTEN id=87, [ Capabilities: INTERNET&NOT_RESTRICTED&TRUSTED Unwanted:  Uid: 10051] ]
07-02 20:31:58.419  3825  4073 D ConnectivityService: filterNetworkStateForUid() uid: 10030, pid: 3825, networkInfo: [type: WIFI[], state: CONNECTED/CONNECTED, reason: (unspecified), extra: (none), failover: false, available: true, roaming: false]
07-02 20:31:58.419  3825  4073 D ConnectivityService: filterNetworkStateForUid() uid: 10090, pid: 3825
07-02 20:31:58.419  3825  4073 D ConnectivityService: isNetworkWithLinkPropertiesBlocked: uid=10090, vpn=DISCONNECTED,false
07-02 20:31:58.419  3825  4073 D ConnectivityService: filterNetworkStateForUid() uid: 10090, pid: 3825, networkInfo: [type: WIFI[], state: CONNECTED/CONNECTED, reason: (unspecified), extra: (none), failover: false, available: true, roaming: false]
07-02 20:31:58.419  3825  4073 D ConnectivityService: Vpn: getActiveNetworkForUidInternal: 10189, false, false, DISCONNECTED
07-02 20:31:58.419  3825  4073 D ConnectivityService: isNetworkWithLinkPropertiesBlocked: uid=10189, vpn=DISCONNECTED,false
07-02 20:31:58.419  3825  4073 D ConnectivityService: Vpn: getActiveNetworkForUidInternal: 10420, false, false, DISCONNECTED
07-02 20:31:58.420  3825  4083 D ConnectivityService:  sending notification for NetworkRequest [ TRACK_DEFAULT id=92, [ Capabilities: INTERNET&NOT_RESTRICTED&TRUSTED Unwanted:  Uid: 10030] ]
07-02 20:31:58.420  3825  5239 D ConnectivityService: filterNetworkStateForUid() uid: 10051, pid: 19563
07-02 20:31:58.420  3825  5239 D ConnectivityService: isNetworkWithLinkPropertiesBlocked: uid=10051, vpn=DISCONNECTED,false
07-02 20:31:58.420  3825  4083 D ConnectivityService: sending notification CALLBACK_CAP_CHANGED for NetworkRequest [ TRACK_DEFAULT id=92, [ Capabilities: INTERNET&NOT_RESTRICTED&TRUSTED Unwanted:  Uid: 10030] ]
07-02 20:31:58.420  3825  5239 D ConnectivityService: filterNetworkStateForUid() uid: 10051, pid: 19563, networkInfo: [type: WIFI[], state: CONNECTED/CONNECTED, reason: (unspecified), extra: (none), failover: false, available: true, roaming: false]
07-02 20:31:58.420  3825  4073 D ConnectivityService: isNetworkWithLinkPropertiesBlocked: uid=10420, vpn=DISCONNECTED,false
07-02 20:31:58.421  3825  4083 D ConnectivityService:  sending notification for NetworkRequest [ LISTEN id=93, [ Capabilities: INTERNET&NOT_RESTRICTED&TRUSTED Unwanted:  Uid: 10030] ]
07-02 20:31:58.421  3825  4073 D ConnectivityService: Vpn: getActiveNetworkForUidInternal: 10234, false, false, DISCONNECTED
07-02 20:31:58.421  3825  4073 D ConnectivityService: isNetworkWithLinkPropertiesBlocked: uid=10234, vpn=DISCONNECTED,false
07-02 20:31:58.421  3825  4083 D ConnectivityService: sending notification CALLBACK_CAP_CHANGED for NetworkRequest [ LISTEN id=93, [ Capabilities: INTERNET&NOT_RESTRICTED&TRUSTED Unwanted:  Uid: 10030] ]
07-02 20:31:58.421  4201  4201 D SecStatusBarWifiView: updateState: WifiIconState(resId=2131232613, visible=true, activityId=0)
07-02 20:31:58.421  3825  4073 D ConnectivityService: filterNetworkStateForUid() uid: 10030, pid: 3825
07-02 20:31:58.421  3825  4073 D ConnectivityService: isNetworkWithLinkPropertiesBlocked: uid=10030, vpn=DISCONNECTED,false
07-02 20:31:58.421  3825  4073 D ConnectivityService: filterNetworkStateForUid() uid: 10030, pid: 3825, networkInfo: [type: WIFI[], state: CONNECTED/CONNECTED, reason: (unspecified), extra: (none), failover: false, available: true, roaming: false]
07-02 20:31:58.422  3825  4073 D ConnectivityService: filterNetworkStateForUid() uid: 10030, pid: 3825
07-02 20:31:58.422  3825  4073 D ConnectivityService: isNetworkWithLinkPropertiesBlocked: uid=10030, vpn=DISCONNECTED,false
07-02 20:31:58.422  3825  4073 D ConnectivityService: filterNetworkStateForUid() uid: 10030, pid: 3825, networkInfo: [type: WIFI[], state: CONNECTED/CONNECTED, reason: (unspecified), extra: (none), failover: false, available: true, roaming: false]
07-02 20:31:58.422  3825  4073 D ConnectivityService: filterNetworkStateForUid() uid: 10028, pid: 3825
07-02 20:31:58.422  3825  4073 D ConnectivityService: isNetworkWithLinkPropertiesBlocked: uid=10028, vpn=DISCONNECTED,false
07-02 20:31:58.422  3825  4073 D ConnectivityService: filterNetworkStateForUid() uid: 10028, pid: 3825, networkInfo: [type: WIFI[], state: CONNECTED/CONNECTED, reason: (unspecified), extra: (none), failover: false, available: true, roaming: false]
07-02 20:31:58.422  3825  4083 D ConnectivityService:  sending notification for NetworkRequest [ LISTEN id=94, [ Capabilities: INTERNET&NOT_RESTRICTED&TRUSTED&NOT_VPN&FOREGROUND Unwanted:  Uid: 10210] ]
07-02 20:31:58.422  3825  4073 D ConnectivityService: filterNetworkStateForUid() uid: 10268, pid: 3825
07-02 20:31:58.422  3825  4073 D ConnectivityService: isNetworkWithLinkPropertiesBlocked: uid=10268, vpn=DISCONNECTED,false
07-02 20:31:58.422  3825  4083 D ConnectivityService: sending notification CALLBACK_CAP_CHANGED for NetworkRequest [ LISTEN id=94, [ Capabilities: INTERNET&NOT_RESTRICTED&TRUSTED&NOT_VPN&FOREGROUND Unwanted:  Uid: 10210] ]
07-02 20:31:58.423  3825  4073 D ConnectivityService: filterNetworkStateForUid() uid: 10268, pid: 3825, networkInfo: [type: WIFI[], state: CONNECTED/CONNECTED, reason: (unspecified), extra: (none), failover: false, available: true, roaming: false]
07-02 20:31:58.423  3825  4073 D ConnectivityService: filterNetworkStateForUid() uid: 10030, pid: 3825
07-02 20:31:58.423  3825  4073 D ConnectivityService: isNetworkWithLinkPropertiesBlocked: uid=10030, vpn=DISCONNECTED,false
07-02 20:31:58.423  3825  4073 D ConnectivityService: filterNetworkStateForUid() uid: 10030, pid: 3825, networkInfo: [type: WIFI[], state: CONNECTED/CONNECTED, reason: (unspecified), extra: (none), failover: false, available: true, roaming: false]
07-02 20:31:58.423  3825  4073 D ConnectivityService: Vpn: getActiveNetworkForUidInternal: 10401, false, false, DISCONNECTED
07-02 20:31:58.423  3825  4073 D ConnectivityService: isNetworkWithLinkPropertiesBlocked: uid=10401, vpn=DISCONNECTED,false
07-02 20:31:58.423  3825  4073 D ConnectivityService: Vpn: getActiveNetworkForUidInternal: 10272, false, false, DISCONNECTED
07-02 20:31:58.423  3825  4073 D ConnectivityService: isNetworkWithLinkPropertiesBlocked: uid=10272, vpn=DISCONNECTED,false
07-02 20:31:58.424  3825  4073 D ConnectivityService: Vpn: getActiveNetworkForUidInternal: 10234, false, false, DISCONNECTED
07-02 20:31:58.424  3825  4073 D ConnectivityService: isNetworkWithLinkPropertiesBlocked: uid=10234, vpn=DISCONNECTED,false
07-02 20:31:58.424  3825  4073 D ConnectivityService: Vpn: getActiveNetworkForUidInternal: 10206, false, false, DISCONNECTED
07-02 20:31:58.424  3825  4073 D ConnectivityService: isNetworkWithLinkPropertiesBlocked: uid=10206, vpn=DISCONNECTED,false
07-02 20:31:58.424  3825  4073 D ConnectivityService: filterNetworkStateForUid() uid: 10030, pid: 3825
07-02 20:31:58.424  3825  4073 D ConnectivityService: isNetworkWithLinkPropertiesBlocked: uid=10030, vpn=DISCONNECTED,false
07-02 20:31:58.424  3825  4073 D ConnectivityService: filterNetworkStateForUid() uid: 10030, pid: 3825, networkInfo: [type: WIFI[], state: CONNECTED/CONNECTED, reason: (unspecified), extra: (none), failover: false, available: true, roaming: false]
07-02 20:31:58.424  3825  4073 D ConnectivityService: Vpn: getActiveNetworkForUidInternal: 10272, false, false, DISCONNECTED
07-02 20:31:58.424  3825  4073 D ConnectivityService: isNetworkWithLinkPropertiesBlocked: uid=10272, vpn=DISCONNECTED,false
07-02 20:31:58.424  3825  4073 D ConnectivityService: Vpn: getActiveNetworkForUidInternal: 10403, false, false, DISCONNECTED
07-02 20:31:58.424  3825  4073 D ConnectivityService: isNetworkWithLinkPropertiesBlocked: uid=10403, vpn=DISCONNECTED,false
07-02 20:31:58.425  3825  4073 D ConnectivityService: filterNetworkStateForUid() uid: 10403, pid: 3825
07-02 20:31:58.425  3825  4073 D ConnectivityService: isNetworkWithLinkPropertiesBlocked: uid=10403, vpn=DISCONNECTED,false
07-02 20:31:58.425  3825  4073 D ConnectivityService: filterNetworkStateForUid() uid: 10403, pid: 3825, networkInfo: [type: WIFI[], state: CONNECTED/CONNECTED, reason: (unspecified), extra: (none), failover: false, available: true, roaming: false]
07-02 20:31:58.425  3825  4073 D ConnectivityService: Vpn: getActiveNetworkForUidInternal: 10420, false, false, DISCONNECTED
07-02 20:31:58.425  3825  4073 D ConnectivityService: isNetworkWithLinkPropertiesBlocked: uid=10420, vpn=DISCONNECTED,false
07-02 20:31:58.425  3825  4073 D ConnectivityService: Vpn: getActiveNetworkForUidInternal: 10189, false, false, DISCONNECTED
07-02 20:31:58.425  3825  4073 D ConnectivityService: isNetworkWithLinkPropertiesBlocked: uid=10189, vpn=DISCONNECTED,false
07-02 20:31:58.425  3825  4073 D ConnectivityService: filterNetworkStateForUid() uid: 1000, pid: 3825
07-02 20:31:58.425  3825  4073 D ConnectivityService: filterNetworkStateForUid() uid: 1000, pid: 3825, networkInfo: [type: WIFI[], state: CONNECTED/CONNECTED, reason: (unspecified), extra: (none), failover: false, available: true, roaming: false]
07-02 20:31:58.425  3825  4073 D ConnectivityService: Vpn: getActiveNetworkForUidInternal: 10194, false, false, DISCONNECTED
07-02 20:31:58.429  3825  4073 D ConnectivityService: filterNetworkStateForUid() uid: 10090, pid: 3825
07-02 20:31:58.429  3825  4073 D ConnectivityService: isNetworkWithLinkPropertiesBlocked: uid=10090, vpn=DISCONNECTED,false
07-02 20:31:58.429  3825  4073 D ConnectivityService: filterNetworkStateForUid() uid: 10090, pid: 3825, networkInfo: [type: WIFI[], state: CONNECTED/CONNECTED, reason: (unspecified), extra: (none), failover: false, available: true, roaming: false]
07-02 20:31:58.429  3825  4073 D ConnectivityService: Vpn: getActiveNetworkForUidInternal: 10216, false, false, DISCONNECTED
07-02 20:31:58.429  3825  4073 D ConnectivityService: isNetworkWithLinkPropertiesBlocked: uid=10216, vpn=DISCONNECTED,false
07-02 20:31:58.430  3825  4073 D ConnectivityService: filterNetworkStateForUid() uid: 10051, pid: 3825
07-02 20:31:58.430  3825  4073 D ConnectivityService: isNetworkWithLinkPropertiesBlocked: uid=10051, vpn=DISCONNECTED,false
07-02 20:31:58.430  3825  4073 D ConnectivityService: filterNetworkStateForUid() uid: 10051, pid: 3825, networkInfo: [type: WIFI[], state: CONNECTED/CONNECTED, reason: (unspecified), extra: (none), failover: false, available: true, roaming: false]
07-02 20:31:58.430  3825  4073 D ConnectivityService: Vpn: getActiveNetworkForUidInternal: 10234, false, false, DISCONNECTED
07-02 20:31:58.430  3825  4073 D ConnectivityService: isNetworkWithLinkPropertiesBlocked: uid=10234, vpn=DISCONNECTED,false
07-02 20:31:58.430  3825  4073 D ConnectivityService: filterNetworkStateForUid() uid: 10030, pid: 3825
07-02 20:31:58.430  3825  4073 D ConnectivityService: isNetworkWithLinkPropertiesBlocked: uid=10030, vpn=DISCONNECTED,false
07-02 20:31:58.430  3825  4073 D ConnectivityService: filterNetworkStateForUid() uid: 10030, pid: 3825, networkInfo: [type: WIFI[], state: CONNECTED/CONNECTED, reason: (unspecified), extra: (none), failover: false, available: true, roaming: false]
07-02 20:31:58.431  3825  4073 D ConnectivityService: filterNetworkStateForUid() uid: 10030, pid: 3825
07-02 20:31:58.431  3825  4073 D ConnectivityService: isNetworkWithLinkPropertiesBlocked: uid=10030, vpn=DISCONNECTED,false
07-02 20:31:58.431  3825  4073 D ConnectivityService: filterNetworkStateForUid() uid: 10030, pid: 3825, networkInfo: [type: WIFI[], state: CONNECTED/CONNECTED, reason: (unspecified), extra: (none), failover: false, available: true, roaming: false]
07-02 20:31:58.431  3825  4073 D ConnectivityService: Vpn: getActiveNetworkForUidInternal: 10251, false, false, DISCONNECTED
07-02 20:31:58.431  3825  4073 D ConnectivityService: isNetworkWithLinkPropertiesBlocked: uid=10251, vpn=DISCONNECTED,false
07-02 20:31:58.431  3825  4073 D ConnectivityService: Vpn: getActiveNetworkForUidInternal: 10216, false, false, DISCONNECTED
07-02 20:31:58.431  3825  4073 D ConnectivityService: isNetworkWithLinkPropertiesBlocked: uid=10216, vpn=DISCONNECTED,false
07-02 20:31:58.431  3825  4073 D ConnectivityService: filterNetworkStateForUid() uid: 10090, pid: 3825
07-02 20:31:58.431  3825  4073 D ConnectivityService: isNetworkWithLinkPropertiesBlocked: uid=10090, vpn=DISCONNECTED,false
07-02 20:31:58.431  3825  4073 D ConnectivityService: filterNetworkStateForUid() uid: 10090, pid: 3825, networkInfo: [type: WIFI[], state: CONNECTED/CONNECTED, reason: (unspecified), extra: (none), failover: false, available: true, roaming: false]
07-02 20:31:58.432  3825  4073 D ConnectivityService: filterNetworkStateForUid() uid: 10090, pid: 3825
07-02 20:31:58.432  3825  4073 D ConnectivityService: isNetworkWithLinkPropertiesBlocked: uid=10090, vpn=DISCONNECTED,false
07-02 20:31:58.432  3825  4073 D ConnectivityService: filterNetworkStateForUid() uid: 10090, pid: 3825, networkInfo: [type: WIFI[], state: CONNECTED/CONNECTED, reason: (unspecified), extra: (none), failover: false, available: true, roaming: false]
07-02 20:31:58.432  3825  4073 D ConnectivityService: Vpn: getActiveNetworkForUidInternal: 10234, false, false, DISCONNECTED
07-02 20:31:58.432  3825  4073 D ConnectivityService: isNetworkWithLinkPropertiesBlocked: uid=10234, vpn=DISCONNECTED,false
07-02 20:31:58.432  3825  4073 D ConnectivityService: filterNetworkStateForUid() uid: 10030, pid: 3825
07-02 20:31:58.432  3825  4073 D ConnectivityService: isNetworkWithLinkPropertiesBlocked: uid=10030, vpn=DISCONNECTED,false
07-02 20:31:58.433  3825  4073 D ConnectivityService: filterNetworkStateForUid() uid: 10030, pid: 3825, networkInfo: [type: WIFI[], state: CONNECTED/CONNECTED, reason: (unspecified), extra: (none), failover: false, available: true, roaming: false]
07-02 20:31:58.433  3825  4073 D ConnectivityService: Vpn: getActiveNetworkForUidInternal: 10216, false, false, DISCONNECTED
07-02 20:31:58.433  3825  4073 D ConnectivityService: isNetworkWithLinkPropertiesBlocked: uid=10216, vpn=DISCONNECTED,false
07-02 20:31:58.433  3825  4073 D ConnectivityService: Vpn: getActiveNetworkForUidInternal: 10189, false, false, DISCONNECTED
07-02 20:31:58.433  3825  4073 D ConnectivityService: isNetworkWithLinkPropertiesBlocked: uid=10189, vpn=DISCONNECTED,false
07-02 20:31:58.433  3825  4073 D ConnectivityService: Vpn: getActiveNetworkForUidInternal: 10179, false, false, DISCONNECTED
07-02 20:31:58.433  3825  4073 D ConnectivityService: isNetworkWithLinkPropertiesBlocked: uid=10179, vpn=DISCONNECTED,false
07-02 20:31:58.433  3825  4073 D ConnectivityService: filterNetworkStateForUid() uid: 10090, pid: 3825
07-02 20:31:58.433  3825  4073 D ConnectivityService: isNetworkWithLinkPropertiesBlocked: uid=10090, vpn=DISCONNECTED,false
07-02 20:31:58.434  3825  4073 D ConnectivityService: filterNetworkStateForUid() uid: 10090, pid: 3825, networkInfo: [type: WIFI[], state: CONNECTED/CONNECTED, reason: (unspecified), extra: (none), failover: false, available: true, roaming: false]
07-02 20:31:58.434  3825  4073 D ConnectivityService: filterNetworkStateForUid() uid: 10028, pid: 3825
07-02 20:31:58.434  3825  4073 D ConnectivityService: isNetworkWithLinkPropertiesBlocked: uid=10028, vpn=DISCONNECTED,false
07-02 20:31:58.434  3825  4073 D ConnectivityService: filterNetworkStateForUid() uid: 10028, pid: 3825, networkInfo: [type: WIFI[], state: CONNECTED/CONNECTED, reason: (unspecified), extra: (none), failover: false, available: true, roaming: false]
07-02 20:31:58.434  3825  4073 D ConnectivityService: filterNetworkStateForUid() uid: 10090, pid: 3825
07-02 20:31:58.434  3825  4073 D ConnectivityService: isNetworkWithLinkPropertiesBlocked: uid=10090, vpn=DISCONNECTED,false
07-02 20:31:58.434  3825  4073 D ConnectivityService: filterNetworkStateForUid() uid: 10090, pid: 3825, networkInfo: [type: WIFI[], state: CONNECTED/CONNECTED, reason: (unspecified), extra: (none), failover: false, available: true, roaming: false]
07-02 20:31:58.435  3825  4073 D ConnectivityService: Vpn: getActiveNetworkForUidInternal: 10179, false, false, DISCONNECTED
07-02 20:31:58.435  3825  4073 D ConnectivityService: isNetworkWithLinkPropertiesBlocked: uid=10179, vpn=DISCONNECTED,false
07-02 20:31:58.435  3825  4073 D ConnectivityService: filterNetworkStateForUid() uid: 10030, pid: 3825
07-02 20:31:58.435  3825  4073 D ConnectivityService: isNetworkWithLinkPropertiesBlocked: uid=10030, vpn=DISCONNECTED,false
07-02 20:31:58.435  3825  4073 D ConnectivityService: filterNetworkStateForUid() uid: 10030, pid: 3825, networkInfo: [type: WIFI[], state: CONNECTED/CONNECTED, reason: (unspecified), extra: (none), failover: false, available: true, roaming: false]
07-02 20:31:58.435  3825  4073 D ConnectivityService: filterNetworkStateForUid() uid: 10051, pid: 3825
07-02 20:31:58.435  3825  4073 D ConnectivityService: isNetworkWithLinkPropertiesBlocked: uid=10051, vpn=DISCONNECTED,false
07-02 20:31:58.435  3825  4073 D ConnectivityService: filterNetworkStateForUid() uid: 10051, pid: 3825, networkInfo: [type: WIFI[], state: CONNECTED/CONNECTED, reason: (unspecified), extra: (none), failover: false, available: true, roaming: false]
07-02 20:31:58.436  3825  4073 D ConnectivityService: filterNetworkStateForUid() uid: 1000, pid: 3825
07-02 20:31:58.436  3825  4073 D ConnectivityService: filterNetworkStateForUid() uid: 1000, pid: 3825, networkInfo: [type: WIFI[], state: CONNECTED/CONNECTED, reason: (unspecified), extra: (none), failover: false, available: true, roaming: false]
07-02 20:31:58.436 22478 23332 W Summariser: No activity detected
07-02 20:31:58.480 22478 23332 W Summariser: Summarisation completed
07-02 20:31:58.480 22478 23332 W Summariser:   filename: 20200312_193528!001.mp4
07-02 20:31:58.480 22478 23332 W Summariser:   active sections: 0
07-02 20:31:58.480 22478 23332 W Summariser:   time: 02.376s
07-02 20:31:58.480 22478 23332 W Summariser:   original duration: 16.01
07-02 20:31:58.480 22478 23332 W Summariser:   summarised duration: -1.00
07-02 20:31:58.480 22478 23332 W Summariser:   noise tolerance: 45.00
07-02 20:31:58.480 22478 23332 W Summariser:   quality: 23
07-02 20:31:58.480 22478 23332 W Summariser:   speed: medium
07-02 20:31:58.480 22478 23332 W Summariser:   freeze duration: 1.00
07-02 20:31:58.480 22478 23332 V NearbyFragment: Received a segment of 20200312_193528
07-02 20:31:58.480 22478 23332 V ProcessingVideosEventHandler: onRemove
07-02 20:31:58.499  5429 23362 V MediaProvider: !@start scanning file requested by com.example.edgesum: 7klwibgf7fvntblfd7(7Vwmrfk7knvvbirkfd
07-02 20:31:58.502  5429 23362 D MediaScanner: scanSingleFile : 7klwibgf7fvntblfd7(7Vwmrfk7knvvbirkfd