07-02 21:49:10.838 26638 26638 V NearbyFragment: Transfer to HC0V: 29%
07-02 21:49:10.840  5034 28401 I NearbyConnections: ClientProxy(90613522) reporting onPayloadTransferUpdate(HC0V, -8607351786376128569, IN_PROGRESS) [CONTEXT service_id=54 ]
07-02 21:49:10.841 26638 26638 V NearbyFragment: Transfer to HC0V: 29%
07-02 21:49:10.842  5034 28401 I NearbyConnections: ClientProxy(90613522) reporting onPayloadTransferUpdate(HC0V, -8607351786376128569, IN_PROGRESS) [CONTEXT service_id=54 ]
07-02 21:49:10.843 26638 26638 V NearbyFragment: Transfer to HC0V: 29%
07-02 21:49:10.845  5034 28401 I NearbyConnections: ClientProxy(90613522) reporting onPayloadTransferUpdate(HC0V, -8607351786376128569, IN_PROGRESS) [CONTEXT service_id=54 ]
07-02 21:49:10.845 26638 26638 V NearbyFragment: Transfer to HC0V: 30%
07-02 21:49:10.848  5034 28401 I NearbyConnections: ClientProxy(90613522) reporting onPayloadTransferUpdate(HC0V, -8607351786376128569, IN_PROGRESS) [CONTEXT service_id=54 ]
07-02 21:49:10.848 26638 26638 V NearbyFragment: Transfer to HC0V: 30%
07-02 21:49:10.850  5034 28401 I NearbyConnections: ClientProxy(90613522) reporting onPayloadTransferUpdate(HC0V, -8607351786376128569, IN_PROGRESS) [CONTEXT service_id=54 ]
07-02 21:49:10.851 26638 26638 V NearbyFragment: Transfer to HC0V: 31%
07-02 21:49:10.894  3574  4120 D bauth_FPBAuthService: pcf : 0x1012, 0 ,2 ,0 ,0 ,0 ,2, 
07-02 21:49:10.894  3574  4120 D bauth_FPBAuthService: thread id : 2, preenroll_flag : 0, nd cnt : 1, cso : 0, et : 0
07-02 21:49:10.894  3574  4120 D bauth_FPBAuthService: FPBAuthService, 9983
07-02 21:49:10.910  3825  3976 D SensorHubManager: onGetSensorHubDataLocked: library(22) = 1, 1, 44, 1, 1, 1, 2, -120, -10, -3, 2, 0, 0, 0, 0, 0, 0, 0, 0, 0, 39, 48
07-02 21:49:10.910  3825  3977 D CAE     : onGetSensorHubData(SensorHubParserProvider.java:91) - onGetSensorHubData Event [event buffer len :22], AP_WAKEUP
07-02 21:49:10.910  3825  3977 I CAE     : parse(SensorHubParserProvider.java:192) - buffer size = 22
07-02 21:49:10.911  3825  3977 I CAE     : parse(SensorHubParserProvider.java:203) - 1, 1, 44, 1, 1, 1, 2, -120, -10, -3, 2, 0, 0, 0, 0, 0, 0, 0, 0, 0, 39, 48,
07-02 21:49:10.911  3825  3977 I CAE     : parse(SLMonitorRunner.java:301) - parse:4
07-02 21:49:10.911  3825  3977 D CAE     : parse(SLMonitorRunner.java:323) - dataSize:1
07-02 21:49:10.912  3825  3977 D CAE     : display(SLMonitorRunner.java:604) - ================= STEP_LEVEL_MONITOR =================
07-02 21:49:10.912  3825  3977 I CAE     : display(SLMonitorRunner.java:721) - DT=[1], DC=[1], TS=[1593690530557], ST=[SE], SC=[0], DI=[0.0], CA=[0.0], DU=[10032]
07-02 21:49:10.913  3825  3982 D SemContextService: Service.updateContext() : service = Step Level Monitor
07-02 21:49:10.915 15541 15541 D SemContextManager: onSemContextChanged() : event = Step Level Monitor
07-02 21:49:10.915 15541 18450 I Sensor[0x06]: [0x01] 33
07-02 21:49:10.915 15541 18450 I Sensor[0x04]: [0x01] 1593690530557[0x02] 0[0x03] 2[0x04] 10032
07-02 21:49:10.944  9122  9187 D ScanRecord: Not a Multi Manu data
07-02 21:49:10.945  9122  9187 I chatty  : uid=1002(bluetooth) BT Service Call identical 10 lines
07-02 21:49:10.945  9122  9187 D ScanRecord: Not a Multi Manu data
07-02 21:49:10.945  9122  9187 D BtGatt.GattService: onScanResult to scannerId: 5- eventType=0x10, addressType=0, address=A6:5, primaryPhy=1, secondaryPhy=0, advertisingSid=0xff, txPower=127, rssi=-91, periodicAdvInt=0x0
07-02 21:49:10.946  8780  9113 D ScanRecord: Not a Multi Manu data
07-02 21:49:10.949  8780  9113 I [+10]oneconnect[1.7.50-21_01][CORE]: BleParserForVD.parseTvPacket - [Name][TV] Samsung 8 Series (55)[DeviceType]TV[Discover]_BLE[Services]None[Connected]false[TvStatus]-128[TvService]96[TvMirrorChannel]1[TvRegisteredDB][83, 91, 0, 0, 0, 0][TvYear]2016[TvOcfInfo]0[TvAcmStatus]0[ExTvStatus]0
07-02 21:49:11.279 26638 27636 V DownloadTestVideosTask: Starting DownloadTestVideosTask
07-02 21:49:11.280 26638 27636 V DashDownloadManager: Started downloading: 20200312_193828.mp4
07-02 21:49:11.282 26638 27636 I System.out: (HTTPLog)-Static: isSBSettingEnabled false
07-02 21:49:11.283 26638 27636 I System.out: (HTTPLog)-Static: isSBSettingEnabled false
07-02 21:49:11.288 26638 27636 I System.out: (HTTPLog)-Thread-2234-234359328: getTransferStream : ContentLength=69990400, method=GET, HTTPVersion=http/1.1
07-02 21:49:11.289  3825  4152 D ConnectivityService: filterNetworkStateForUid() uid: 1000, pid: 3825
07-02 21:49:11.289  3825  4152 D ConnectivityService: filterNetworkStateForUid() uid: 1000, pid: 3825, networkInfo: [type: WIFI[], state: CONNECTED/CONNECTED, reason: (unspecified), extra: (none), failover: false, available: true, roaming: false]
07-02 21:49:11.289  3825  4152 W ContextImpl: Calling a method in the system process without a qualified user: android.app.ContextImpl.sendBroadcast:1067 android.content.ContextWrapper.sendBroadcast:449 com.samsung.android.smartbonding.SmartBondingService.sendBigDataInfo:3419 com.samsung.android.smartbonding.SmartBondingService$SmartBondingHandler.handleMessage:643 android.os.Handler.dispatchMessage:106 
07-02 21:49:11.290  3825  3825 D MDC     : onReceive com.samsung.intent.action.BIG_DATA_MOBILE_DATA
07-02 21:49:11.290  3825  3825 D MDC     : onReceive com.samsung.intent.action.BIG_DATA_MOBILE_DATA category = DOWN
07-02 21:49:11.290  3825  3851 I MDC     : handleMessage DownloadInfo isdb = 0, netw = 1, size = 4
07-02 21:49:11.290  3825  3851 D MDC     : [DSTA] mDownloadList.size() : 17
07-02 21:49:11.293  3825  3851 D MDC     : operator = [000000]
07-02 21:49:11.293  3825  3851 D ConnectivityService: filterNetworkStateForUid() uid: 1000, pid: 3825
07-02 21:49:11.293  3825  3851 D ConnectivityService: filterNetworkStateForUid() uid: 1000, pid: 3825, networkInfo: [type: WIFI[], state: CONNECTED/CONNECTED, reason: (unspecified), extra: (none), failover: false, available: true, roaming: false]
07-02 21:49:11.293  3825  3851 I MDC     : (000000,80,0,1,4)
07-02 21:49:11.608  3572  3572 E /system/bin/tombstoned: Tombstone written to: /data/tombstones/tombstone_04
07-02 21:49:11.624  3518  3518 E audit   : type=1701 audit(1593690551.619:271): auid=4294967295 uid=10568 gid=10568 ses=4294967295 subj=u:r:untrusted_app:s0:c56,c258,c512,c768 pid=26638 comm="IntentService[S" exe="/system/bin/app_process64" sig=11
07-02 21:49:11.294  3825  3851 I chatty  : uid=1000(system) android.bg identical 16 lines
07-02 21:49:11.294  3825  3851 I MDC     : (000000,80,0,1,4)
07-02 21:49:11.627  3825 28474 W ActivityManager: crash : com.example.edgesum,0
07-02 21:49:11.629  3825  3857 I BootReceiver: Copying /data/tombstones/tombstone_04 to DropBox (SYSTEM_TOMBSTONE)
07-02 21:49:11.633  3825 28474 W ActivityManager:   Force finishing activity com.example.edgesum/.page.main.MainActivity