02-12 20:06:28.194  2685  2685 W NearbyFragment: Completed downloading 20191028_171746_EF.mp4 in 24.140s
02-12 20:06:28.496  2685  3783 W mobile-ffmpeg:
02-12 20:06:28.496  2685  3783 W mobile-ffmpeg: [mov,mp4,m4a,3gp,3g2,mj2 @ 0xa7e0cc00]
02-12 20:06:28.497  2685  3783 W mobile-ffmpeg:
02-12 20:06:28.497  2685  3783 W mobile-ffmpeg: Found duplicated MOOV Atom. Skipped it
02-12 20:08:02.677  2685  2685 W NearbyFragment: Completed downloading 20191028_180615_EF.mp4 in 39.274s
02-12 20:08:21.238  2685  3778 W Summariser: Whole video is active
02-12 20:08:32.645  2685  3778 W Summariser: Summarisation completed
02-12 20:08:32.645  2685  3778 W Summariser:   filename: /storage/emulated/0/Download/Nearby/20191028_171746_EF.mp4
02-12 20:08:32.645  2685  3778 W Summariser:   time: 124.320s
02-12 20:08:32.645  2685  3778 W Summariser:   noise tolerance: 38.00
02-12 20:08:32.645  2685  3778 W Summariser:   quality: 23
02-12 20:08:32.645  2685  3778 W Summariser:   speed: medium
02-12 20:08:32.749  2685  3783 W mobile-ffmpeg:
02-12 20:08:32.749  2685  3783 W mobile-ffmpeg: [mov,mp4,m4a,3gp,3g2,mj2 @ 0xa7e0cc00]
02-12 20:08:32.750  2685  3783 W mobile-ffmpeg:
02-12 20:08:32.750  2685  3783 W mobile-ffmpeg: Found duplicated MOOV Atom. Skipped it
02-12 20:10:25.771  2685  3778 W Summariser: 3 active sections found
02-12 20:10:25.824  2685  3783 W mobile-ffmpeg:
02-12 20:10:25.824  2685  3783 W mobile-ffmpeg: [mov,mp4,m4a,3gp,3g2,mj2 @ 0x8fd7d600]
02-12 20:10:25.825  2685  3783 W mobile-ffmpeg:
02-12 20:10:25.826  2685  3783 W mobile-ffmpeg: Found duplicated MOOV Atom. Skipped it
02-12 20:10:35.913  2685  2685 W NearbyFragment: Completed downloading 20191028_180915_NF.mp4 in 152.308s
02-12 20:12:02.422  2685  2685 W NearbyFragment: Completed downloading 20191028_181159_PF.mp4 in 144.917s
02-12 20:13:47.602  2685  2685 W NearbyFragment: Completed downloading 20191030_165129_NF.mp4 in 191.406s
02-12 20:15:24.482  2685  2685 W NearbyFragment: Completed downloading 20191030_165429_NF.mp4 in 237.521s
02-12 20:16:41.209  2685  2685 W NearbyFragment: Completed downloading 20191030_213010_NF.mp4 in 210.924s
02-12 20:18:19.593  2685  2685 W NearbyFragment: Completed downloading 20191030_221101_NF.mp4 in 208.125s
02-12 20:29:41.901  2685  3778 W Summariser: Summarisation completed
02-12 20:29:41.901  2685  3778 W Summariser:   filename: /storage/emulated/0/Download/Nearby/20191028_180615_EF.mp4
02-12 20:29:41.901  2685  3778 W Summariser:   time: 1269.159s
02-12 20:29:41.901  2685  3778 W Summariser:   noise tolerance: 38.00
02-12 20:29:41.901  2685  3778 W Summariser:   quality: 23
02-12 20:29:41.901  2685  3778 W Summariser:   speed: medium
02-12 20:29:42.134  2685  3783 W mobile-ffmpeg:
02-12 20:29:42.134  2685  3783 W mobile-ffmpeg: [mov,mp4,m4a,3gp,3g2,mj2 @ 0x8fd7d600]
02-12 20:29:42.134  2685  3783 W mobile-ffmpeg:
02-12 20:29:42.134  2685  3783 W mobile-ffmpeg: Found duplicated MOOV Atom. Skipped it
02-12 20:31:31.478  2685  3778 W Summariser: No activity detected
02-12 20:31:31.484  2685  3778 W Summariser: Summarisation completed
02-12 20:31:31.484  2685  3778 W Summariser:   filename: /storage/emulated/0/Download/Nearby/20191028_180915_NF.mp4
02-12 20:31:31.484  2685  3778 W Summariser:   time: 109.407s
02-12 20:31:31.484  2685  3778 W Summariser:   noise tolerance: 38.00
02-12 20:31:31.484  2685  3778 W Summariser:   quality: 23
02-12 20:31:31.484  2685  3778 W Summariser:   speed: medium
02-12 20:31:31.548  2685  3783 W mobile-ffmpeg:
02-12 20:31:31.548  2685  3783 W mobile-ffmpeg: [mov,mp4,m4a,3gp,3g2,mj2 @ 0xa7e50600]
02-12 20:31:31.548  2685  3783 W mobile-ffmpeg:
02-12 20:31:31.549  2685  3783 W mobile-ffmpeg: Found duplicated MOOV Atom. Skipped it
02-12 20:33:45.936  2685  3778 W Summariser: No activity detected
02-12 20:33:45.937  2685  3778 W Summariser: Summarisation completed
02-12 20:33:45.937  2685  3778 W Summariser:   filename: /storage/emulated/0/Download/Nearby/20191028_181159_PF.mp4
02-12 20:33:45.937  2685  3778 W Summariser:   time: 134.426s
02-12 20:33:45.937  2685  3778 W Summariser:   noise tolerance: 38.00
02-12 20:33:45.937  2685  3778 W Summariser:   quality: 23
02-12 20:33:45.937  2685  3778 W Summariser:   speed: medium
02-12 20:33:45.987  2685  3783 W mobile-ffmpeg:
02-12 20:33:45.987  2685  3783 W mobile-ffmpeg: [mov,mp4,m4a,3gp,3g2,mj2 @ 0xa7e55a00]
02-12 20:33:45.987  2685  3783 W mobile-ffmpeg:
02-12 20:33:45.987  2685  3783 W mobile-ffmpeg: Found duplicated MOOV Atom. Skipped it
02-12 20:35:39.052  2685  3778 W Summariser: 2 active sections found
02-12 20:35:39.079  2685  3783 W mobile-ffmpeg:
02-12 20:35:39.079  2685  3783 W mobile-ffmpeg: [mov,mp4,m4a,3gp,3g2,mj2 @ 0xa7e0f000]
02-12 20:35:39.079  2685  3783 W mobile-ffmpeg:
02-12 20:35:39.079  2685  3783 W mobile-ffmpeg: Found duplicated MOOV Atom. Skipped it
02-12 20:40:19.572  2685  3778 W Summariser: Summarisation completed
02-12 20:40:19.572  2685  3778 W Summariser:   filename: /storage/emulated/0/Download/Nearby/20191030_165129_NF.mp4
02-12 20:40:19.572  2685  3778 W Summariser:   time: 393.618s
02-12 20:40:19.572  2685  3778 W Summariser:   noise tolerance: 38.00
02-12 20:40:19.572  2685  3778 W Summariser:   quality: 23
02-12 20:40:19.572  2685  3778 W Summariser:   speed: medium
02-12 20:40:19.759  2685  3783 W mobile-ffmpeg:
02-12 20:40:19.759  2685  3783 W mobile-ffmpeg: [mov,mp4,m4a,3gp,3g2,mj2 @ 0xa7e0f000]
02-12 20:40:19.759  2685  3783 W mobile-ffmpeg:
02-12 20:40:19.759  2685  3783 W mobile-ffmpeg: Found duplicated MOOV Atom. Skipped it
02-12 20:41:59.606  2685  3778 W Summariser: One active section found
02-12 20:41:59.618  2685  3783 W mobile-ffmpeg:
02-12 20:41:59.618  2685  3783 W mobile-ffmpeg: [mov,mp4,m4a,3gp,3g2,mj2 @ 0xa7e22200]
02-12 20:41:59.618  2685  3783 W mobile-ffmpeg:
02-12 20:41:59.619  2685  3783 W mobile-ffmpeg: Found duplicated MOOV Atom. Skipped it
02-12 20:42:00.093  2685  3778 W Summariser: Summarisation completed
02-12 20:42:00.093  2685  3778 W Summariser:   filename: /storage/emulated/0/Download/Nearby/20191030_165429_NF.mp4
02-12 20:42:00.093  2685  3778 W Summariser:   time: 100.390s
02-12 20:42:00.093  2685  3778 W Summariser:   noise tolerance: 38.00
02-12 20:42:00.093  2685  3778 W Summariser:   quality: 23
02-12 20:42:00.093  2685  3778 W Summariser:   speed: medium
02-12 20:42:00.251  2685  3783 W mobile-ffmpeg:
02-12 20:42:00.251  2685  3783 W mobile-ffmpeg: [mov,mp4,m4a,3gp,3g2,mj2 @ 0xa7e22200]
02-12 20:42:00.251  2685  3783 W mobile-ffmpeg:
02-12 20:42:00.251  2685  3783 W mobile-ffmpeg: Found duplicated MOOV Atom. Skipped it
02-12 20:43:50.453  2685  3778 W Summariser: No activity detected
02-12 20:43:50.454  2685  3778 W Summariser: Summarisation completed
02-12 20:43:50.454  2685  3778 W Summariser:   filename: /storage/emulated/0/Download/Nearby/20191030_213010_NF.mp4
02-12 20:43:50.454  2685  3778 W Summariser:   time: 110.233s
02-12 20:43:50.454  2685  3778 W Summariser:   noise tolerance: 38.00
02-12 20:43:50.454  2685  3778 W Summariser:   quality: 23
02-12 20:43:50.454  2685  3778 W Summariser:   speed: medium
02-12 20:43:50.500  2685  3783 W mobile-ffmpeg:
02-12 20:43:50.500  2685  3783 W mobile-ffmpeg: [mov,mp4,m4a,3gp,3g2,mj2 @ 0xa7e52400]
02-12 20:43:50.500  2685  3783 W mobile-ffmpeg:
02-12 20:43:50.500  2685  3783 W mobile-ffmpeg: Found duplicated MOOV Atom. Skipped it
02-12 20:45:44.811  2685  3778 W Summariser: No activity detected
02-12 20:45:44.813  2685  3778 W Summariser: Summarisation completed
02-12 20:45:44.813  2685  3778 W Summariser:   filename: /storage/emulated/0/Download/Nearby/20191030_221101_NF.mp4
02-12 20:45:44.813  2685  3778 W Summariser:   time: 114.337s
02-12 20:45:44.813  2685  3778 W Summariser:   noise tolerance: 38.00
02-12 20:45:44.813  2685  3778 W Summariser:   quality: 23
02-12 20:45:44.813  2685  3778 W Summariser:   speed: medium
