02-28 22:41:22.766  8220  8220 E TransferService: No notification is passed in the intent. Unable to transition to foreground.
02-28 22:45:27.079  8220  8220 W NearbyFragment: Completed downloading 20191028_171616_NF.mp4 in 14.568s
02-28 22:45:27.391  8220  8713 W mobile-ffmpeg:
02-28 22:45:27.392  8220  8713 W mobile-ffmpeg: [mov,mp4,m4a,3gp,3g2,mj2 @ 0x77fe6f6800]
02-28 22:45:27.392  8220  8713 W mobile-ffmpeg:
02-28 22:45:27.392  8220  8713 W mobile-ffmpeg: Found duplicated MOOV Atom. Skipped it
02-28 22:46:19.390  8220  8712 W Summariser: Whole video is active
02-28 22:46:23.996  8220  8712 W Summariser: Summarisation completed
02-28 22:46:23.996  8220  8712 W Summariser:   filename: /storage/emulated/0/Download/Nearby/20191028_171616_NF.mp4
02-28 22:46:23.996  8220  8712 W Summariser:   time: 56.768s
02-28 22:46:23.996  8220  8712 W Summariser:   noise tolerance: 38.00
02-28 22:46:23.996  8220  8712 W Summariser:   quality: 23
02-28 22:46:23.996  8220  8712 W Summariser:   speed: medium
02-28 22:47:17.544  8220  8220 W NearbyFragment: Completed downloading 20191028_180605_NF.mp4 in 53.307s
02-28 22:47:17.697  8220  8713 W mobile-ffmpeg:
02-28 22:47:17.698  8220  8713 W mobile-ffmpeg: [mov,mp4,m4a,3gp,3g2,mj2 @ 0x77fe6f6800]
02-28 22:47:17.698  8220  8713 W mobile-ffmpeg:
02-28 22:47:17.698  8220  8713 W mobile-ffmpeg: Found duplicated MOOV Atom. Skipped it
02-28 22:47:31.979  8220  8764 W Summariser: Whole video is active
02-28 22:47:33.099  8220  8764 W Summariser: Summarisation completed
02-28 22:47:33.099  8220  8764 W Summariser:   filename: /storage/emulated/0/Download/Nearby/20191028_180605_NF.mp4
02-28 22:47:33.099  8220  8764 W Summariser:   time: 15.408s
02-28 22:47:33.099  8220  8764 W Summariser:   noise tolerance: 38.00
02-28 22:47:33.099  8220  8764 W Summariser:   quality: 23
02-28 22:47:33.099  8220  8764 W Summariser:   speed: medium
02-28 22:48:12.144  8220  8220 W NearbyFragment: Completed downloading 20191028_180715_NF.mp4 in 38.742s
02-28 22:48:12.286  8220  8713 W mobile-ffmpeg:
02-28 22:48:12.286  8220  8713 W mobile-ffmpeg: [mov,mp4,m4a,3gp,3g2,mj2 @ 0x77fe6f6800]
02-28 22:48:12.286  8220  8713 W mobile-ffmpeg:
02-28 22:48:12.286  8220  8713 W mobile-ffmpeg: Found duplicated MOOV Atom. Skipped it
02-28 22:49:23.560  8220  8878 W Summariser: One active section found
02-28 22:49:23.573  8220  8713 W mobile-ffmpeg:
02-28 22:49:23.573  8220  8713 W mobile-ffmpeg: [mov,mp4,m4a,3gp,3g2,mj2 @ 0x77fe6f6800]
02-28 22:49:23.573  8220  8713 W mobile-ffmpeg:
02-28 22:49:23.573  8220  8713 W mobile-ffmpeg: Found duplicated MOOV Atom. Skipped it
02-28 22:49:24.061  8220  8878 W Summariser: Summarisation completed
02-28 22:49:24.061  8220  8878 W Summariser:   filename: /storage/emulated/0/Download/Nearby/20191028_180715_NF.mp4
02-28 22:49:24.061  8220  8878 W Summariser:   time: 71.784s
02-28 22:49:24.061  8220  8878 W Summariser:   noise tolerance: 38.00
02-28 22:49:24.061  8220  8878 W Summariser:   quality: 23
02-28 22:49:24.061  8220  8878 W Summariser:   speed: medium
02-28 22:49:50.813  8220  8220 W NearbyFragment: Completed downloading 20191028_181115_NF.mp4 in 26.547s
02-28 22:49:50.917  8220  8713 W mobile-ffmpeg:
02-28 22:49:50.917  8220  8713 W mobile-ffmpeg: [mov,mp4,m4a,3gp,3g2,mj2 @ 0x77fe6f6800]
02-28 22:49:50.917  8220  8713 W mobile-ffmpeg:
02-28 22:49:50.917  8220  8713 W mobile-ffmpeg: Found duplicated MOOV Atom. Skipped it
02-28 22:50:44.112  8220  8912 W Summariser: No activity detected
02-28 22:50:44.114  8220  8912 W Summariser: Summarisation completed
02-28 22:50:44.114  8220  8912 W Summariser:   filename: /storage/emulated/0/Download/Nearby/20191028_181115_NF.mp4
02-28 22:50:44.114  8220  8912 W Summariser:   time: 53.204s
02-28 22:50:44.114  8220  8912 W Summariser:   noise tolerance: 38.00
02-28 22:50:44.114  8220  8912 W Summariser:   quality: 23
02-28 22:50:44.114  8220  8912 W Summariser:   speed: medium
02-28 22:51:07.734  8220  8220 W NearbyFragment: Completed downloading 20191030_161051_NF.mp4 in 23.491s
02-28 22:51:07.848  8220  8713 W mobile-ffmpeg:
02-28 22:51:07.848  8220  8713 W mobile-ffmpeg: [mov,mp4,m4a,3gp,3g2,mj2 @ 0x77fe65de00]
02-28 22:51:07.848  8220  8713 W mobile-ffmpeg:
02-28 22:51:07.848  8220  8713 W mobile-ffmpeg: Found duplicated MOOV Atom. Skipped it
02-28 22:52:19.294  8220  8952 W Summariser: 6 active sections found
02-28 22:52:19.311  8220  8713 W mobile-ffmpeg:
02-28 22:52:19.312  8220  8713 W mobile-ffmpeg: [mov,mp4,m4a,3gp,3g2,mj2 @ 0x77fe65e400]
02-28 22:52:19.312  8220  8713 W mobile-ffmpeg:
02-28 22:52:19.312  8220  8713 W mobile-ffmpeg: Found duplicated MOOV Atom. Skipped it
02-28 23:00:21.633  8220  8952 W Summariser: Summarisation completed
02-28 23:00:21.633  8220  8952 W Summariser:   filename: /storage/emulated/0/Download/Nearby/20191030_161051_NF.mp4
02-28 23:00:21.633  8220  8952 W Summariser:   time: 553.791s
02-28 23:00:21.633  8220  8952 W Summariser:   noise tolerance: 38.00
02-28 23:00:21.633  8220  8952 W Summariser:   quality: 23
02-28 23:00:21.633  8220  8952 W Summariser:   speed: medium
02-28 23:00:39.301  8220  8220 W NearbyFragment: Completed downloading 20191030_221101_NF.mp4 in 17.503s
02-28 23:00:39.511  8220  8713 W mobile-ffmpeg:
02-28 23:00:39.511  8220  8713 W mobile-ffmpeg: [mov,mp4,m4a,3gp,3g2,mj2 @ 0x77fe65e400]
02-28 23:00:39.512  8220  8713 W mobile-ffmpeg:
02-28 23:00:39.512  8220  8713 W mobile-ffmpeg: Found duplicated MOOV Atom. Skipped it
02-28 23:02:27.744  8220  9073 W Summariser: No activity detected
02-28 23:02:27.746  8220  9073 W Summariser: Summarisation completed
02-28 23:02:27.746  8220  9073 W Summariser:   filename: /storage/emulated/0/Download/Nearby/20191030_221101_NF.mp4
02-28 23:02:27.746  8220  9073 W Summariser:   time: 108.245s
02-28 23:02:27.746  8220  9073 W Summariser:   noise tolerance: 38.00
02-28 23:02:27.746  8220  9073 W Summariser:   quality: 23
02-28 23:02:27.746  8220  9073 W Summariser:   speed: medium
02-28 23:02:41.014  8220  8220 W NearbyFragment: Completed downloading 20191030_221302_NF.mp4 in 13.069s
02-28 23:02:41.253  8220  8713 W mobile-ffmpeg:
02-28 23:02:41.254  8220  8713 W mobile-ffmpeg: [mov,mp4,m4a,3gp,3g2,mj2 @ 0x77fe65e400]
02-28 23:02:41.254  8220  8713 W mobile-ffmpeg:
02-28 23:02:41.254  8220  8713 W mobile-ffmpeg: Found duplicated MOOV Atom. Skipped it
02-28 23:04:33.144  8220  9254 W Summariser: 2 active sections found
02-28 23:04:33.167  8220  8713 W mobile-ffmpeg:
02-28 23:04:33.167  8220  8713 W mobile-ffmpeg: [mov,mp4,m4a,3gp,3g2,mj2 @ 0x77fe65e400]
02-28 23:04:33.167  8220  8713 W mobile-ffmpeg:
02-28 23:04:33.167  8220  8713 W mobile-ffmpeg: Found duplicated MOOV Atom. Skipped it
02-28 23:16:11.666  8220  9254 W Summariser: Summarisation completed
02-28 23:16:11.666  8220  9254 W Summariser:   filename: /storage/emulated/0/Download/Nearby/20191030_221302_NF.mp4
02-28 23:16:11.666  8220  9254 W Summariser:   time: 810.422s
02-28 23:16:11.666  8220  9254 W Summariser:   noise tolerance: 38.00
02-28 23:16:11.666  8220  9254 W Summariser:   quality: 23
02-28 23:16:11.666  8220  9254 W Summariser:   speed: medium
