02-12 20:05:50.213  3947  3947 W NearbyFragment: Completed downloading 20191028_171616_NF.mp4 in 13.904s
02-12 20:05:50.738  3947  5584 W mobile-ffmpeg:
02-12 20:05:50.738  3947  5584 W mobile-ffmpeg: [mov,mp4,m4a,3gp,3g2,mj2 @ 0x7c264d6c00]
02-12 20:05:50.738  3947  5584 W mobile-ffmpeg:
02-12 20:05:50.738  3947  5584 W mobile-ffmpeg: Found duplicated MOOV Atom. Skipped it
02-12 20:06:58.108  3947  3947 W NearbyFragment: Completed downloading 20191028_171846_NF.mp4 in 28.797s
02-12 20:07:01.913  3947  5582 W Summariser: Whole video is active
02-12 20:07:07.307  3947  5582 W Summariser: Summarisation completed
02-12 20:07:07.307  3947  5582 W Summariser:   filename: /storage/emulated/0/Download/Nearby/20191028_171616_NF.mp4
02-12 20:07:07.307  3947  5582 W Summariser:   time: 76.697s
02-12 20:07:07.307  3947  5582 W Summariser:   noise tolerance: 38.00
02-12 20:07:07.307  3947  5582 W Summariser:   quality: 23
02-12 20:07:07.307  3947  5582 W Summariser:   speed: medium
02-12 20:07:07.461  3947  5584 W mobile-ffmpeg:
02-12 20:07:07.461  3947  5584 W mobile-ffmpeg: [mov,mp4,m4a,3gp,3g2,mj2 @ 0x7c264d6c00]
02-12 20:07:07.461  3947  5584 W mobile-ffmpeg:
02-12 20:07:07.461  3947  5584 W mobile-ffmpeg: Found duplicated MOOV Atom. Skipped it
02-12 20:08:55.605  3947  3947 W NearbyFragment: Completed downloading 20191028_180715_NF.mp4 in 89.199s
02-12 20:09:01.892  3947  5582 W Summariser: Whole video is active
02-12 20:09:08.544  3947  5582 W Summariser: Summarisation completed
02-12 20:09:08.544  3947  5582 W Summariser:   filename: /storage/emulated/0/Download/Nearby/20191028_171846_NF.mp4
02-12 20:09:08.544  3947  5582 W Summariser:   time: 121.095s
02-12 20:09:08.544  3947  5582 W Summariser:   noise tolerance: 38.00
02-12 20:09:08.544  3947  5582 W Summariser:   quality: 23
02-12 20:09:08.544  3947  5582 W Summariser:   speed: medium
02-12 20:09:08.664  3947  5584 W mobile-ffmpeg:
02-12 20:09:08.665  3947  5584 W mobile-ffmpeg: [mov,mp4,m4a,3gp,3g2,mj2 @ 0x7c264d6c00]
02-12 20:09:08.665  3947  5584 W mobile-ffmpeg:
02-12 20:09:08.665  3947  5584 W mobile-ffmpeg: Found duplicated MOOV Atom. Skipped it
02-12 20:10:59.558  3947  5582 W Summariser: One active section found
02-12 20:10:59.580  3947  5584 W mobile-ffmpeg:
02-12 20:10:59.580  3947  5584 W mobile-ffmpeg: [mov,mp4,m4a,3gp,3g2,mj2 @ 0x7c264d6c00]
02-12 20:10:59.581  3947  5584 W mobile-ffmpeg:
02-12 20:10:59.581  3947  5584 W mobile-ffmpeg: Found duplicated MOOV Atom. Skipped it
02-12 20:11:00.284  3947  5582 W Summariser: Summarisation completed
02-12 20:11:00.284  3947  5582 W Summariser:   filename: /storage/emulated/0/Download/Nearby/20191028_180715_NF.mp4
02-12 20:11:00.284  3947  5582 W Summariser:   time: 111.647s
02-12 20:11:00.284  3947  5582 W Summariser:   noise tolerance: 38.00
02-12 20:11:00.284  3947  5582 W Summariser:   quality: 23
02-12 20:11:00.284  3947  5582 W Summariser:   speed: medium
02-12 20:11:04.339  3947  3947 W NearbyFragment: Completed downloading 20191028_181015_NF.mp4 in 171.707s
02-12 20:11:04.560  3947  5584 W mobile-ffmpeg:
02-12 20:11:04.560  3947  5584 W mobile-ffmpeg: [mov,mp4,m4a,3gp,3g2,mj2 @ 0x7c264d6c00]
02-12 20:11:04.560  3947  5584 W mobile-ffmpeg:
02-12 20:11:04.560  3947  5584 W mobile-ffmpeg: Found duplicated MOOV Atom. Skipped it
02-12 20:12:45.526  3947  3947 W NearbyFragment: Completed downloading 20191028_181359_PF.mp4 in 170.925s
02-12 20:12:53.634  3947  5755 W Summariser: No activity detected
02-12 20:12:53.645  3947  5755 W Summariser: Summarisation completed
02-12 20:12:53.645  3947  5755 W Summariser:   filename: /storage/emulated/0/Download/Nearby/20191028_181015_NF.mp4
02-12 20:12:53.645  3947  5755 W Summariser:   time: 109.090s
02-12 20:12:53.645  3947  5755 W Summariser:   noise tolerance: 38.00
02-12 20:12:53.645  3947  5755 W Summariser:   quality: 23
02-12 20:12:53.645  3947  5755 W Summariser:   speed: medium
02-12 20:12:53.673  3947  5584 W mobile-ffmpeg:
02-12 20:12:53.673  3947  5584 W mobile-ffmpeg: [mov,mp4,m4a,3gp,3g2,mj2 @ 0x7c264d6c00]
02-12 20:12:53.674  3947  5584 W mobile-ffmpeg:
02-12 20:12:53.674  3947  5584 W mobile-ffmpeg: Found duplicated MOOV Atom. Skipped it
02-12 20:14:29.285  3947  3947 W NearbyFragment: Completed downloading 20191030_165229_NF.mp4 in 200.339s
02-12 20:14:43.110  3947  5755 W Summariser: No activity detected
02-12 20:14:43.112  3947  5755 W Summariser: Summarisation completed
02-12 20:14:43.112  3947  5755 W Summariser:   filename: /storage/emulated/0/Download/Nearby/20191028_181359_PF.mp4
02-12 20:14:43.112  3947  5755 W Summariser:   time: 109.452s
02-12 20:14:43.112  3947  5755 W Summariser:   noise tolerance: 38.00
02-12 20:14:43.112  3947  5755 W Summariser:   quality: 23
02-12 20:14:43.112  3947  5755 W Summariser:   speed: medium
02-12 20:14:43.155  3947  5584 W mobile-ffmpeg:
02-12 20:14:43.155  3947  5584 W mobile-ffmpeg: [mov,mp4,m4a,3gp,3g2,mj2 @ 0x7c264d6c00]
02-12 20:14:43.155  3947  5584 W mobile-ffmpeg:
02-12 20:14:43.155  3947  5584 W mobile-ffmpeg: Found duplicated MOOV Atom. Skipped it
02-12 20:15:41.621  3947  3947 W NearbyFragment: Completed downloading 20191030_165530_NF.mp4 in 216.515s
02-12 20:16:34.556  3947  5755 W Summariser: No activity detected
02-12 20:16:34.557  3947  5755 W Summariser: Summarisation completed
02-12 20:16:34.557  3947  5755 W Summariser:   filename: /storage/emulated/0/Download/Nearby/20191030_165229_NF.mp4
02-12 20:16:34.557  3947  5755 W Summariser:   time: 111.417s
02-12 20:16:34.557  3947  5755 W Summariser:   noise tolerance: 38.00
02-12 20:16:34.557  3947  5755 W Summariser:   quality: 23
02-12 20:16:34.557  3947  5755 W Summariser:   speed: medium
02-12 20:16:34.593  3947  5584 W mobile-ffmpeg:
02-12 20:16:34.593  3947  5584 W mobile-ffmpeg: [mov,mp4,m4a,3gp,3g2,mj2 @ 0x7c264d6c00]
02-12 20:16:34.593  3947  5584 W mobile-ffmpeg:
02-12 20:16:34.594  3947  5584 W mobile-ffmpeg: Found duplicated MOOV Atom. Skipped it
02-12 20:17:13.325  3947  5755 W Summariser: No activity detected
02-12 20:17:13.327  3947  5755 W Summariser: Summarisation completed
02-12 20:17:13.327  3947  5755 W Summariser:   filename: /storage/emulated/0/Download/Nearby/20191030_165530_NF.mp4
02-12 20:17:13.327  3947  5755 W Summariser:   time: 38.742s
02-12 20:17:13.327  3947  5755 W Summariser:   noise tolerance: 38.00
02-12 20:17:13.327  3947  5755 W Summariser:   quality: 23
02-12 20:17:13.327  3947  5755 W Summariser:   speed: medium
02-12 20:17:17.366  3947  3947 W NearbyFragment: Completed downloading 20191030_220901_NF.mp4 in 205.796s
02-12 20:17:17.549  3947  5584 W mobile-ffmpeg:
02-12 20:17:17.549  3947  5584 W mobile-ffmpeg: [mov,mp4,m4a,3gp,3g2,mj2 @ 0x7c264d6c00]
02-12 20:17:17.549  3947  5584 W mobile-ffmpeg:
02-12 20:17:17.549  3947  5584 W mobile-ffmpeg: Found duplicated MOOV Atom. Skipped it
02-12 20:19:08.930  3947  5889 W Summariser: One active section found
02-12 20:19:08.943  3947  5584 W mobile-ffmpeg:
02-12 20:19:08.943  3947  5584 W mobile-ffmpeg: [mov,mp4,m4a,3gp,3g2,mj2 @ 0x7c264d6c00]
02-12 20:19:08.943  3947  5584 W mobile-ffmpeg:
02-12 20:19:08.943  3947  5584 W mobile-ffmpeg: Found duplicated MOOV Atom. Skipped it
02-12 20:19:09.100  3947  3947 W NearbyFragment: Completed downloading 20191030_221201_NF.mp4 in 222.829s
02-12 20:19:09.950  3947  5889 W Summariser: Summarisation completed
02-12 20:19:09.950  3947  5889 W Summariser:   filename: /storage/emulated/0/Download/Nearby/20191030_220901_NF.mp4
02-12 20:19:09.950  3947  5889 W Summariser:   time: 112.412s
02-12 20:19:09.950  3947  5889 W Summariser:   noise tolerance: 38.00
02-12 20:19:09.950  3947  5889 W Summariser:   quality: 23
02-12 20:19:09.950  3947  5889 W Summariser:   speed: medium
02-12 20:19:10.601  3947  5584 W mobile-ffmpeg:
02-12 20:19:10.601  3947  5584 W mobile-ffmpeg: [mov,mp4,m4a,3gp,3g2,mj2 @ 0x7c264d6c00]
02-12 20:19:10.601  3947  5584 W mobile-ffmpeg:
02-12 20:19:10.601  3947  5584 W mobile-ffmpeg: Found duplicated MOOV Atom. Skipped it
02-12 20:21:04.514  3947  5889 W Summariser: No activity detected
02-12 20:21:04.515  3947  5889 W Summariser: Summarisation completed
02-12 20:21:04.515  3947  5889 W Summariser:   filename: /storage/emulated/0/Download/Nearby/20191030_221201_NF.mp4
02-12 20:21:04.515  3947  5889 W Summariser:   time: 113.931s
02-12 20:21:04.515  3947  5889 W Summariser:   noise tolerance: 38.00
02-12 20:21:04.515  3947  5889 W Summariser:   quality: 23
02-12 20:21:04.515  3947  5889 W Summariser:   speed: medium
