02-12 22:15:29.337 12076 12518 W mobile-ffmpeg: [mov,mp4,m4a,3gp,3g2,mj2 @ 0xa7e0c600]
02-12 22:15:29.337 12076 12518 W mobile-ffmpeg:
02-12 22:15:29.337 12076 12518 W mobile-ffmpeg: Found duplicated MOOV Atom. Skipped it
02-12 22:17:11.237 12076 12517 W Summariser: Whole video is active
02-12 22:17:23.689 12076 12517 W Summariser: Summarisation completed
02-12 22:17:23.689 12076 12517 W Summariser:   filename: /storage/emulated/0/Movies/rawFootage/20191028_171616_NF.mp4
02-12 22:17:23.689 12076 12517 W Summariser:   time: 114.480s
02-12 22:17:23.689 12076 12517 W Summariser:   noise tolerance: 38.00
02-12 22:17:23.689 12076 12517 W Summariser:   quality: 23
02-12 22:17:23.689 12076 12517 W Summariser:   speed: medium
02-12 22:17:23.919 12076 12518 W mobile-ffmpeg:
02-12 22:17:23.919 12076 12518 W mobile-ffmpeg: [mov,mp4,m4a,3gp,3g2,mj2 @ 0xa7e0cc00]
02-12 22:17:23.919 12076 12518 W mobile-ffmpeg:
02-12 22:17:23.931 12076 12518 W mobile-ffmpeg: Found duplicated MOOV Atom. Skipped it
02-12 22:18:15.348 12076 12517 W Summariser: Whole video is active
02-12 22:18:23.993 12076 12517 W Summariser: Summarisation completed
02-12 22:18:23.993 12076 12517 W Summariser:   filename: /storage/emulated/0/Movies/rawFootage/20191028_171716_NF.mp4
02-12 22:18:23.993 12076 12517 W Summariser:   time: 60.122s
02-12 22:18:23.993 12076 12517 W Summariser:   noise tolerance: 38.00
02-12 22:18:23.993 12076 12517 W Summariser:   quality: 23
02-12 22:18:23.993 12076 12517 W Summariser:   speed: medium
02-12 22:18:24.160 12076 12518 W mobile-ffmpeg:
02-12 22:18:24.162 12076 12518 W mobile-ffmpeg: [mov,mp4,m4a,3gp,3g2,mj2 @ 0xa7e0cc00]
02-12 22:18:24.162 12076 12518 W mobile-ffmpeg:
02-12 22:18:24.162 12076 12518 W mobile-ffmpeg: Found duplicated MOOV Atom. Skipped it
02-12 22:20:07.387 12076 12517 W Summariser: Whole video is active
02-12 22:20:21.944 12076 12517 W Summariser: Summarisation completed
02-12 22:20:21.944 12076 12517 W Summariser:   filename: /storage/emulated/0/Movies/rawFootage/20191028_171746_EF.mp4
02-12 22:20:21.944 12076 12517 W Summariser:   time: 117.824s
02-12 22:20:21.944 12076 12517 W Summariser:   noise tolerance: 38.00
02-12 22:20:21.944 12076 12517 W Summariser:   quality: 23
02-12 22:20:21.944 12076 12517 W Summariser:   speed: medium
02-12 22:20:22.197 12076 12518 W mobile-ffmpeg:
02-12 22:20:22.197 12076 12518 W mobile-ffmpeg: [mov,mp4,m4a,3gp,3g2,mj2 @ 0xa7e0cc00]
02-12 22:20:22.198 12076 12518 W mobile-ffmpeg:
02-12 22:20:22.198 12076 12518 W mobile-ffmpeg: Found duplicated MOOV Atom. Skipped it
02-12 22:21:59.347 12076 12517 W Summariser: Whole video is active
02-12 22:22:14.268 12076 12517 W Summariser: Summarisation completed
02-12 22:22:14.268 12076 12517 W Summariser:   filename: /storage/emulated/0/Movies/rawFootage/20191028_171846_NF.mp4
02-12 22:22:14.268 12076 12517 W Summariser:   time: 112.123s
02-12 22:22:14.268 12076 12517 W Summariser:   noise tolerance: 38.00
02-12 22:22:14.268 12076 12517 W Summariser:   quality: 23
02-12 22:22:14.268 12076 12517 W Summariser:   speed: medium
02-12 22:22:14.473 12076 12518 W mobile-ffmpeg:
02-12 22:22:14.474 12076 12518 W mobile-ffmpeg: [mov,mp4,m4a,3gp,3g2,mj2 @ 0xa7e0cc00]
02-12 22:22:14.475 12076 12518 W mobile-ffmpeg:
02-12 22:22:14.477 12076 12518 W mobile-ffmpeg: Found duplicated MOOV Atom. Skipped it
02-12 22:22:40.670 12076 12517 W Summariser: Whole video is active
02-12 22:22:44.660 12076 12517 W Summariser: Summarisation completed
02-12 22:22:44.660 12076 12517 W Summariser:   filename: /storage/emulated/0/Movies/rawFootage/20191028_180605_NF.mp4
02-12 22:22:44.660 12076 12517 W Summariser:   time: 30.232s
02-12 22:22:44.660 12076 12517 W Summariser:   noise tolerance: 38.00
02-12 22:22:44.660 12076 12517 W Summariser:   quality: 23
02-12 22:22:44.660 12076 12517 W Summariser:   speed: medium
02-12 22:22:44.835 12076 12518 W mobile-ffmpeg:
02-12 22:22:44.835 12076 12518 W mobile-ffmpeg: [mov,mp4,m4a,3gp,3g2,mj2 @ 0xa7e0cc00]
02-12 22:22:44.835 12076 12518 W mobile-ffmpeg:
02-12 22:22:44.835 12076 12518 W mobile-ffmpeg: Found duplicated MOOV Atom. Skipped it
02-12 22:24:28.153 12076 12517 W Summariser: 3 active sections found
02-12 22:24:28.203 12076 12518 W mobile-ffmpeg:
02-12 22:24:28.203 12076 12518 W mobile-ffmpeg: [mov,mp4,m4a,3gp,3g2,mj2 @ 0x8c6fd000]
02-12 22:24:28.203 12076 12518 W mobile-ffmpeg:
02-12 22:24:28.203 12076 12518 W mobile-ffmpeg: Found duplicated MOOV Atom. Skipped it
02-12 22:43:03.086 12076 12517 W Summariser: Summarisation completed
02-12 22:43:03.086 12076 12517 W Summariser:   filename: /storage/emulated/0/Movies/rawFootage/20191028_180615_EF.mp4
02-12 22:43:03.086 12076 12517 W Summariser:   time: 1218.293s
02-12 22:43:03.086 12076 12517 W Summariser:   noise tolerance: 38.00
02-12 22:43:03.086 12076 12517 W Summariser:   quality: 23
02-12 22:43:03.086 12076 12517 W Summariser:   speed: medium
02-12 22:43:03.242 12076 12518 W mobile-ffmpeg:
02-12 22:43:03.242 12076 12518 W mobile-ffmpeg: [mov,mp4,m4a,3gp,3g2,mj2 @ 0x8c6fd000]
02-12 22:43:03.242 12076 12518 W mobile-ffmpeg:
02-12 22:43:03.242 12076 12518 W mobile-ffmpeg: Found duplicated MOOV Atom. Skipped it
02-12 22:45:17.132 12076 12517 W Summariser: One active section found
02-12 22:45:17.145 12076 12518 W mobile-ffmpeg:
02-12 22:45:17.145 12076 12518 W mobile-ffmpeg: [mov,mp4,m4a,3gp,3g2,mj2 @ 0x96058400]
02-12 22:45:17.145 12076 12518 W mobile-ffmpeg:
02-12 22:45:17.145 12076 12518 W mobile-ffmpeg: Found duplicated MOOV Atom. Skipped it
02-12 22:45:17.663 12076 12517 W Summariser: Summarisation completed
02-12 22:45:17.663 12076 12517 W Summariser:   filename: /storage/emulated/0/Movies/rawFootage/20191028_180715_NF.mp4
02-12 22:45:17.663 12076 12517 W Summariser:   time: 134.451s
02-12 22:45:17.663 12076 12517 W Summariser:   noise tolerance: 38.00
02-12 22:45:17.663 12076 12517 W Summariser:   quality: 23
02-12 22:45:17.663 12076 12517 W Summariser:   speed: medium
02-12 22:45:17.838 12076 12518 W mobile-ffmpeg:
02-12 22:45:17.838 12076 12518 W mobile-ffmpeg: [mov,mp4,m4a,3gp,3g2,mj2 @ 0x96058400]
02-12 22:45:17.838 12076 12518 W mobile-ffmpeg:
02-12 22:45:17.838 12076 12518 W mobile-ffmpeg: Found duplicated MOOV Atom. Skipped it
02-12 22:47:12.277 12076 12517 W Summariser: No activity detected
02-12 22:47:12.280 12076 12517 W Summariser: Summarisation completed
02-12 22:47:12.280 12076 12517 W Summariser:   filename: /storage/emulated/0/Movies/rawFootage/20191028_180815_NF.mp4
02-12 22:47:12.280 12076 12517 W Summariser:   time: 114.490s
02-12 22:47:12.280 12076 12517 W Summariser:   noise tolerance: 38.00
02-12 22:47:12.280 12076 12517 W Summariser:   quality: 23
02-12 22:47:12.280 12076 12517 W Summariser:   speed: medium
02-12 22:47:12.332 12076 12518 W mobile-ffmpeg:
02-12 22:47:12.332 12076 12518 W mobile-ffmpeg: [mov,mp4,m4a,3gp,3g2,mj2 @ 0x96034c00]
02-12 22:47:12.332 12076 12518 W mobile-ffmpeg:
02-12 22:47:12.332 12076 12518 W mobile-ffmpeg: Found duplicated MOOV Atom. Skipped it
02-12 22:49:26.689 12076 12517 W Summariser: No activity detected
02-12 22:49:26.692 12076 12517 W Summariser: Summarisation completed
02-12 22:49:26.692 12076 12517 W Summariser:   filename: /storage/emulated/0/Movies/rawFootage/20191028_180915_NF.mp4
02-12 22:49:26.692 12076 12517 W Summariser:   time: 134.398s
02-12 22:49:26.692 12076 12517 W Summariser:   noise tolerance: 38.00
02-12 22:49:26.692 12076 12517 W Summariser:   quality: 23
02-12 22:49:26.692 12076 12517 W Summariser:   speed: medium
02-12 22:49:26.763 12076 12518 W mobile-ffmpeg:
02-12 22:49:26.764 12076 12518 W mobile-ffmpeg: [mov,mp4,m4a,3gp,3g2,mj2 @ 0x8c6fdc00]
02-12 22:49:26.764 12076 12518 W mobile-ffmpeg:
02-12 22:49:26.764 12076 12518 W mobile-ffmpeg: Found duplicated MOOV Atom. Skipped it
02-12 22:51:19.529 12076 12517 W Summariser: No activity detected
02-12 22:51:19.532 12076 12517 W Summariser: Summarisation completed
02-12 22:51:19.532 12076 12517 W Summariser:   filename: /storage/emulated/0/Movies/rawFootage/20191028_181015_NF.mp4
02-12 22:51:19.532 12076 12517 W Summariser:   time: 112.825s
02-12 22:51:19.532 12076 12517 W Summariser:   noise tolerance: 38.00
02-12 22:51:19.532 12076 12517 W Summariser:   quality: 23
02-12 22:51:19.532 12076 12517 W Summariser:   speed: medium
02-12 22:51:19.586 12076 12518 W mobile-ffmpeg:
02-12 22:51:19.586 12076 12518 W mobile-ffmpeg: [mov,mp4,m4a,3gp,3g2,mj2 @ 0x8e846600]
02-12 22:51:19.586 12076 12518 W mobile-ffmpeg:
02-12 22:51:19.586 12076 12518 W mobile-ffmpeg: Found duplicated MOOV Atom. Skipped it
02-12 22:52:43.719 12076 12517 W Summariser: No activity detected
02-12 22:52:43.722 12076 12517 W Summariser: Summarisation completed
02-12 22:52:43.722 12076 12517 W Summariser:   filename: /storage/emulated/0/Movies/rawFootage/20191028_181115_NF.mp4
02-12 22:52:43.722 12076 12517 W Summariser:   time: 84.173s
02-12 22:52:43.722 12076 12517 W Summariser:   noise tolerance: 38.00
02-12 22:52:43.722 12076 12517 W Summariser:   quality: 23
02-12 22:52:43.722 12076 12517 W Summariser:   speed: medium
02-12 22:52:43.771 12076 12518 W mobile-ffmpeg:
02-12 22:52:43.772 12076 12518 W mobile-ffmpeg: [mov,mp4,m4a,3gp,3g2,mj2 @ 0x8f0bec00]
02-12 22:52:43.772 12076 12518 W mobile-ffmpeg:
02-12 22:52:43.773 12076 12518 W mobile-ffmpeg: Found duplicated MOOV Atom. Skipped it
02-12 22:54:56.030 12076 12517 W Summariser: No activity detected
02-12 22:54:56.033 12076 12517 W Summariser: Summarisation completed
02-12 22:54:56.033 12076 12517 W Summariser:   filename: /storage/emulated/0/Movies/rawFootage/20191028_181159_PF.mp4
02-12 22:54:56.033 12076 12517 W Summariser:   time: 132.296s
02-12 22:54:56.033 12076 12517 W Summariser:   noise tolerance: 38.00
02-12 22:54:56.033 12076 12517 W Summariser:   quality: 23
02-12 22:54:56.033 12076 12517 W Summariser:   speed: medium
02-12 22:54:56.091 12076 12518 W mobile-ffmpeg:
02-12 22:54:56.091 12076 12518 W mobile-ffmpeg: [mov,mp4,m4a,3gp,3g2,mj2 @ 0xa7e51800]
02-12 22:54:56.091 12076 12518 W mobile-ffmpeg:
02-12 22:54:56.091 12076 12518 W mobile-ffmpeg: Found duplicated MOOV Atom. Skipped it
02-12 22:57:08.815 12076 12517 W Summariser: No activity detected
02-12 22:57:08.817 12076 12517 W Summariser: Summarisation completed
02-12 22:57:08.817 12076 12517 W Summariser:   filename: /storage/emulated/0/Movies/rawFootage/20191028_181359_PF.mp4
02-12 22:57:08.817 12076 12517 W Summariser:   time: 132.770s
02-12 22:57:08.817 12076 12517 W Summariser:   noise tolerance: 38.00
02-12 22:57:08.817 12076 12517 W Summariser:   quality: 23
02-12 22:57:08.817 12076 12517 W Summariser:   speed: medium
02-12 22:57:08.943 12076 12518 W mobile-ffmpeg:
02-12 22:57:08.951 12076 12518 W mobile-ffmpeg: [mov,mp4,m4a,3gp,3g2,mj2 @ 0x96035800]
02-12 22:57:08.952 12076 12518 W mobile-ffmpeg:
02-12 22:57:08.952 12076 12518 W mobile-ffmpeg: Found duplicated MOOV Atom. Skipped it
02-12 22:59:17.510 12076 12517 W Summariser: 6 active sections found
02-12 22:59:17.534 12076 12518 W mobile-ffmpeg:
02-12 22:59:17.535 12076 12518 W mobile-ffmpeg: [mov,mp4,m4a,3gp,3g2,mj2 @ 0x8f8f6a00]
02-12 22:59:17.536 12076 12518 W mobile-ffmpeg:
02-12 22:59:17.536 12076 12518 W mobile-ffmpeg: Found duplicated MOOV Atom. Skipped it
02-12 23:09:27.372 12076 12517 W Summariser: Summarisation completed
02-12 23:09:27.372 12076 12517 W Summariser:   filename: /storage/emulated/0/Movies/rawFootage/20191030_161051_NF.mp4
02-12 23:09:27.372 12076 12517 W Summariser:   time: 738.525s
02-12 23:09:27.372 12076 12517 W Summariser:   noise tolerance: 38.00
02-12 23:09:27.372 12076 12517 W Summariser:   quality: 23
02-12 23:09:27.372 12076 12517 W Summariser:   speed: medium
02-12 23:09:27.585 12076 12518 W mobile-ffmpeg:
02-12 23:09:27.586 12076 12518 W mobile-ffmpeg: [mov,mp4,m4a,3gp,3g2,mj2 @ 0x8f8f6a00]
02-12 23:09:27.587 12076 12518 W mobile-ffmpeg:
02-12 23:09:27.589 12076 12518 W mobile-ffmpeg: Found duplicated MOOV Atom. Skipped it
02-12 23:12:08.710 12076 12517 W Summariser: 2 active sections found
02-12 23:12:08.736 12076 12518 W mobile-ffmpeg:
02-12 23:12:08.736 12076 12518 W mobile-ffmpeg: [mov,mp4,m4a,3gp,3g2,mj2 @ 0x96035200]
02-12 23:12:08.736 12076 12518 W mobile-ffmpeg:
02-12 23:12:08.736 12076 12518 W mobile-ffmpeg: Found duplicated MOOV Atom. Skipped it
02-12 23:18:04.258 12076 12517 W Summariser: Summarisation completed
02-12 23:18:04.258 12076 12517 W Summariser:   filename: /storage/emulated/0/Movies/rawFootage/20191030_165129_NF.mp4
02-12 23:18:04.258 12076 12517 W Summariser:   time: 516.707s
02-12 23:18:04.258 12076 12517 W Summariser:   noise tolerance: 38.00
02-12 23:18:04.258 12076 12517 W Summariser:   quality: 23
02-12 23:18:04.258 12076 12517 W Summariser:   speed: medium
02-12 23:18:04.399 12076 12518 W mobile-ffmpeg:
02-12 23:18:04.402 12076 12518 W mobile-ffmpeg: [mov,mp4,m4a,3gp,3g2,mj2 @ 0x96035200]
02-12 23:18:04.402 12076 12518 W mobile-ffmpeg:
02-12 23:18:04.402 12076 12518 W mobile-ffmpeg: Found duplicated MOOV Atom. Skipped it
02-12 23:20:31.883 12076 12517 W Summariser: No activity detected
02-12 23:20:31.886 12076 12517 W Summariser: Summarisation completed
02-12 23:20:31.886 12076 12517 W Summariser:   filename: /storage/emulated/0/Movies/rawFootage/20191030_165229_NF.mp4
02-12 23:20:31.886 12076 12517 W Summariser:   time: 147.513s
02-12 23:20:31.886 12076 12517 W Summariser:   noise tolerance: 38.00
02-12 23:20:31.886 12076 12517 W Summariser:   quality: 23
02-12 23:20:31.886 12076 12517 W Summariser:   speed: medium
02-12 23:20:31.954 12076 12518 W mobile-ffmpeg:
02-12 23:20:31.954 12076 12518 W mobile-ffmpeg: [mov,mp4,m4a,3gp,3g2,mj2 @ 0x8f8f8800]
02-12 23:20:31.958 12076 12518 W mobile-ffmpeg:
02-12 23:20:31.958 12076 12518 W mobile-ffmpeg: Found duplicated MOOV Atom. Skipped it
02-12 23:22:58.236 12076 12517 W Summariser: No activity detected
02-12 23:22:58.239 12076 12517 W Summariser: Summarisation completed
02-12 23:22:58.239 12076 12517 W Summariser:   filename: /storage/emulated/0/Movies/rawFootage/20191030_165329_NF.mp4
02-12 23:22:58.239 12076 12517 W Summariser:   time: 146.332s
02-12 23:22:58.239 12076 12517 W Summariser:   noise tolerance: 38.00
02-12 23:22:58.239 12076 12517 W Summariser:   quality: 23
02-12 23:22:58.239 12076 12517 W Summariser:   speed: medium
02-12 23:22:58.313 12076 12518 W mobile-ffmpeg:
02-12 23:22:58.313 12076 12518 W mobile-ffmpeg: [mov,mp4,m4a,3gp,3g2,mj2 @ 0x8f5f4600]
02-12 23:22:58.313 12076 12518 W mobile-ffmpeg:
02-12 23:22:58.313 12076 12518 W mobile-ffmpeg: Found duplicated MOOV Atom. Skipped it
02-12 23:27:17.039 12076 12517 W Summariser: One active section found
02-12 23:27:17.049 12076 12518 W mobile-ffmpeg:
02-12 23:27:17.049 12076 12518 W mobile-ffmpeg: [mov,mp4,m4a,3gp,3g2,mj2 @ 0xa7e50c00]
02-12 23:27:17.049 12076 12518 W mobile-ffmpeg:
02-12 23:27:17.049 12076 12518 W mobile-ffmpeg: Found duplicated MOOV Atom. Skipped it
02-12 23:27:17.367 12076 12517 W Summariser: Summarisation completed
02-12 23:27:17.367 12076 12517 W Summariser:   filename: /storage/emulated/0/Movies/rawFootage/20191030_165429_NF.mp4
02-12 23:27:17.367 12076 12517 W Summariser:   time: 259.102s
02-12 23:27:17.367 12076 12517 W Summariser:   noise tolerance: 38.00
02-12 23:27:17.367 12076 12517 W Summariser:   quality: 23
02-12 23:27:17.367 12076 12517 W Summariser:   speed: medium
02-12 23:27:17.474 12076 12518 W mobile-ffmpeg:
02-12 23:27:17.474 12076 12518 W mobile-ffmpeg: [mov,mp4,m4a,3gp,3g2,mj2 @ 0xa7e50c00]
02-12 23:27:17.474 12076 12518 W mobile-ffmpeg:
02-12 23:27:17.474 12076 12518 W mobile-ffmpeg: Found duplicated MOOV Atom. Skipped it
02-12 23:27:58.948 12076 12517 W Summariser: No activity detected
02-12 23:27:58.953 12076 12517 W Summariser: Summarisation completed
02-12 23:27:58.953 12076 12517 W Summariser:   filename: /storage/emulated/0/Movies/rawFootage/20191030_165530_NF.mp4
02-12 23:27:58.953 12076 12517 W Summariser:   time: 41.496s
02-12 23:27:58.953 12076 12517 W Summariser:   noise tolerance: 38.00
02-12 23:27:58.953 12076 12517 W Summariser:   quality: 23
02-12 23:27:58.953 12076 12517 W Summariser:   speed: medium
02-12 23:27:59.009 12076 12518 W mobile-ffmpeg:
02-12 23:27:59.009 12076 12518 W mobile-ffmpeg: [mov,mp4,m4a,3gp,3g2,mj2 @ 0xa7e53000]
02-12 23:27:59.010 12076 12518 W mobile-ffmpeg:
02-12 23:27:59.010 12076 12518 W mobile-ffmpeg: Found duplicated MOOV Atom. Skipped it
02-12 23:30:22.494 12076 12517 W Summariser: No activity detected
02-12 23:30:22.497 12076 12517 W Summariser: Summarisation completed
02-12 23:30:22.497 12076 12517 W Summariser:   filename: /storage/emulated/0/Movies/rawFootage/20191030_212910_NF.mp4
02-12 23:30:22.497 12076 12517 W Summariser:   time: 143.520s
02-12 23:30:22.497 12076 12517 W Summariser:   noise tolerance: 38.00
02-12 23:30:22.497 12076 12517 W Summariser:   quality: 23
02-12 23:30:22.497 12076 12517 W Summariser:   speed: medium
02-12 23:30:22.546 12076 12518 W mobile-ffmpeg:
02-12 23:30:22.546 12076 12518 W mobile-ffmpeg: [mov,mp4,m4a,3gp,3g2,mj2 @ 0xa7e55a00]
02-12 23:30:22.547 12076 12518 W mobile-ffmpeg:
02-12 23:30:22.548 12076 12518 W mobile-ffmpeg: Found duplicated MOOV Atom. Skipped it
02-12 23:32:15.502 12076 12517 W Summariser: No activity detected
02-12 23:32:15.504 12076 12517 W Summariser: Summarisation completed
02-12 23:32:15.504 12076 12517 W Summariser:   filename: /storage/emulated/0/Movies/rawFootage/20191030_213010_NF.mp4
02-12 23:32:15.504 12076 12517 W Summariser:   time: 112.993s
02-12 23:32:15.504 12076 12517 W Summariser:   noise tolerance: 38.00
02-12 23:32:15.504 12076 12517 W Summariser:   quality: 23
02-12 23:32:15.504 12076 12517 W Summariser:   speed: medium
02-12 23:32:15.555 12076 12518 W mobile-ffmpeg:
02-12 23:32:15.556 12076 12518 W mobile-ffmpeg: [mov,mp4,m4a,3gp,3g2,mj2 @ 0x8f5f6400]
02-12 23:32:15.556 12076 12518 W mobile-ffmpeg:
02-12 23:32:15.557 12076 12518 W mobile-ffmpeg: Found duplicated MOOV Atom. Skipped it
02-12 23:34:04.219 12076 12517 W Summariser: One active section found
02-12 23:34:04.231 12076 12518 W mobile-ffmpeg:
02-12 23:34:04.231 12076 12518 W mobile-ffmpeg: [mov,mp4,m4a,3gp,3g2,mj2 @ 0x8e6fd200]
02-12 23:34:04.232 12076 12518 W mobile-ffmpeg:
02-12 23:34:04.232 12076 12518 W mobile-ffmpeg: Found duplicated MOOV Atom. Skipped it
02-12 23:34:05.874 12076 12517 W Summariser: Summarisation completed
02-12 23:34:05.874 12076 12517 W Summariser:   filename: /storage/emulated/0/Movies/rawFootage/20191030_220901_NF.mp4
02-12 23:34:05.874 12076 12517 W Summariser:   time: 110.060s
02-12 23:34:05.874 12076 12517 W Summariser:   noise tolerance: 38.00
02-12 23:34:05.874 12076 12517 W Summariser:   quality: 23
02-12 23:34:05.874 12076 12517 W Summariser:   speed: medium
02-12 23:34:06.041 12076 12518 W mobile-ffmpeg:
02-12 23:34:06.041 12076 12518 W mobile-ffmpeg: [mov,mp4,m4a,3gp,3g2,mj2 @ 0x8e6fd200]
02-12 23:34:06.041 12076 12518 W mobile-ffmpeg:
02-12 23:34:06.041 12076 12518 W mobile-ffmpeg: Found duplicated MOOV Atom. Skipped it
02-12 23:35:56.576 12076 12517 W Summariser: 3 active sections found
02-12 23:35:56.603 12076 12518 W mobile-ffmpeg:
02-12 23:35:56.603 12076 12518 W mobile-ffmpeg: [mov,mp4,m4a,3gp,3g2,mj2 @ 0x8e604200]
02-12 23:35:56.603 12076 12518 W mobile-ffmpeg:
02-12 23:35:56.603 12076 12518 W mobile-ffmpeg: Found duplicated MOOV Atom. Skipped it
02-12 23:46:35.571 12076 12517 W Summariser: Summarisation completed
02-12 23:46:35.571 12076 12517 W Summariser:   filename: /storage/emulated/0/Movies/rawFootage/20191030_221001_NF.mp4
02-12 23:46:35.571 12076 12517 W Summariser:   time: 749.572s
02-12 23:46:35.571 12076 12517 W Summariser:   noise tolerance: 38.00
02-12 23:46:35.571 12076 12517 W Summariser:   quality: 23
02-12 23:46:35.571 12076 12517 W Summariser:   speed: medium
02-12 23:46:35.703 12076 12518 W mobile-ffmpeg:
02-12 23:46:35.703 12076 12518 W mobile-ffmpeg: [mov,mp4,m4a,3gp,3g2,mj2 @ 0x8e604200]
02-12 23:46:35.703 12076 12518 W mobile-ffmpeg:
02-12 23:46:35.704 12076 12518 W mobile-ffmpeg: Found duplicated MOOV Atom. Skipped it
02-12 23:48:59.397 12076 12517 W Summariser: No activity detected
02-12 23:48:59.399 12076 12517 W Summariser: Summarisation completed
02-12 23:48:59.399 12076 12517 W Summariser:   filename: /storage/emulated/0/Movies/rawFootage/20191030_221101_NF.mp4
02-12 23:48:59.399 12076 12517 W Summariser:   time: 143.717s
02-12 23:48:59.399 12076 12517 W Summariser:   noise tolerance: 38.00
02-12 23:48:59.399 12076 12517 W Summariser:   quality: 23
02-12 23:48:59.399 12076 12517 W Summariser:   speed: medium
02-12 23:48:59.476 12076 12518 W mobile-ffmpeg:
02-12 23:48:59.476 12076 12518 W mobile-ffmpeg: [mov,mp4,m4a,3gp,3g2,mj2 @ 0xa7e54200]
02-12 23:48:59.476 12076 12518 W mobile-ffmpeg:
02-12 23:48:59.477 12076 12518 W mobile-ffmpeg: Found duplicated MOOV Atom. Skipped it
02-12 23:51:22.977 12076 12517 W Summariser: No activity detected
02-12 23:51:22.980 12076 12517 W Summariser: Summarisation completed
02-12 23:51:22.980 12076 12517 W Summariser:   filename: /storage/emulated/0/Movies/rawFootage/20191030_221201_NF.mp4
02-12 23:51:22.980 12076 12517 W Summariser:   time: 143.564s
02-12 23:51:22.980 12076 12517 W Summariser:   noise tolerance: 38.00
02-12 23:51:22.980 12076 12517 W Summariser:   quality: 23
02-12 23:51:22.980 12076 12517 W Summariser:   speed: medium
02-12 23:51:23.037 12076 12518 W mobile-ffmpeg:
02-12 23:51:23.037 12076 12518 W mobile-ffmpeg: [mov,mp4,m4a,3gp,3g2,mj2 @ 0x96035800]
02-12 23:51:23.037 12076 12518 W mobile-ffmpeg:
02-12 23:51:23.037 12076 12518 W mobile-ffmpeg: Found duplicated MOOV Atom. Skipped it
02-12 23:53:14.876 12076 12517 W Summariser: 2 active sections found
02-12 23:53:14.903 12076 12518 W mobile-ffmpeg:
02-12 23:53:14.903 12076 12518 W mobile-ffmpeg: [mov,mp4,m4a,3gp,3g2,mj2 @ 0x8f757e00]
02-12 23:53:14.903 12076 12518 W mobile-ffmpeg:
02-12 23:53:14.903 12076 12518 W mobile-ffmpeg: Found duplicated MOOV Atom. Skipped it
02-13 00:05:22.712 12076 12517 W Summariser: Summarisation completed
02-13 00:05:22.712 12076 12517 W Summariser:   filename: /storage/emulated/0/Movies/rawFootage/20191030_221302_NF.mp4
02-13 00:05:22.712 12076 12517 W Summariser:   time: 839.676s
02-13 00:05:22.712 12076 12517 W Summariser:   noise tolerance: 38.00
02-13 00:05:22.712 12076 12517 W Summariser:   quality: 23
02-13 00:05:22.712 12076 12517 W Summariser:   speed: medium
