02-12 16:05:48.379 25426 25989 W mobile-ffmpeg: [mov,mp4,m4a,3gp,3g2,mj2 @ 0x713903cc00]
02-12 16:05:48.379 25426 25989 W mobile-ffmpeg:
02-12 16:05:48.379 25426 25989 W mobile-ffmpeg: Found duplicated MOOV Atom. Skipped it
02-12 16:06:12.213 25426 25986 W Summariser: Whole video is active
02-12 16:06:14.712 25426 25986 W Summariser: Summarisation completed
02-12 16:06:14.712 25426 25986 W Summariser:   filename: /storage/emulated/0/Movies/rawFootage/20191028_171616_NF.mp4
02-12 16:06:14.712 25426 25986 W Summariser:   time: 26.439s
02-12 16:06:14.712 25426 25986 W Summariser:   noise tolerance: 60.00
02-12 16:06:14.712 25426 25986 W Summariser:   quality: 23
02-12 16:06:14.712 25426 25986 W Summariser:   speed: medium
02-12 16:06:15.002 25426 25989 W mobile-ffmpeg:
02-12 16:06:15.002 25426 25989 W mobile-ffmpeg: [mov,mp4,m4a,3gp,3g2,mj2 @ 0x713903cc00]
02-12 16:06:15.002 25426 25989 W mobile-ffmpeg:
02-12 16:06:15.002 25426 25989 W mobile-ffmpeg: Found duplicated MOOV Atom. Skipped it
02-12 16:06:28.254 25426 25426 W example.edgesu: Accessing hidden method Landroid/view/View;->getTransitionAlpha()F (light greylist, reflection)
02-12 16:06:28.294 25426 25426 W example.edgesu: Accessing hidden field Landroid/view/View;->mViewFlags:I (light greylist, reflection)
02-12 16:06:28.297 25426 25426 W example.edgesu: Accessing hidden method Landroid/view/View;->setTransitionAlpha(F)V (light greylist, reflection)
02-12 16:06:28.302 25426 25426 W example.edgesu: Accessing hidden method Landroid/view/ViewGroup;->suppressLayout(Z)V (light greylist, reflection)
02-12 16:06:28.305 25426 25426 W example.edgesu: Accessing hidden method Landroid/view/View;->setLeftTopRightBottom(IIII)V (light greylist, reflection)
02-12 16:06:29.536 25426 25986 W Summariser: Whole video is active
02-12 16:06:30.894 25426 25986 W Summariser: Summarisation completed
02-12 16:06:30.894 25426 25986 W Summariser:   filename: /storage/emulated/0/Movies/rawFootage/20191028_171716_NF.mp4
02-12 16:06:30.894 25426 25986 W Summariser:   time: 15.901s
02-12 16:06:30.894 25426 25986 W Summariser:   noise tolerance: 60.00
02-12 16:06:30.894 25426 25986 W Summariser:   quality: 23
02-12 16:06:30.894 25426 25986 W Summariser:   speed: medium
02-12 16:06:31.018 25426 25989 W mobile-ffmpeg:
02-12 16:06:31.018 25426 25989 W mobile-ffmpeg: [mov,mp4,m4a,3gp,3g2,mj2 @ 0x713903cc00]
02-12 16:06:31.018 25426 25989 W mobile-ffmpeg:
02-12 16:06:31.018 25426 25989 W mobile-ffmpeg: Found duplicated MOOV Atom. Skipped it
02-12 16:06:55.351 25426 25986 W Summariser: Whole video is active
02-12 16:06:57.748 25426 25986 W Summariser: Summarisation completed
02-12 16:06:57.748 25426 25986 W Summariser:   filename: /storage/emulated/0/Movies/rawFootage/20191028_171746_EF.mp4
02-12 16:06:57.748 25426 25986 W Summariser:   time: 26.737s
02-12 16:06:57.748 25426 25986 W Summariser:   noise tolerance: 60.00
02-12 16:06:57.748 25426 25986 W Summariser:   quality: 23
02-12 16:06:57.748 25426 25986 W Summariser:   speed: medium
02-12 16:06:57.873 25426 25989 W mobile-ffmpeg:
02-12 16:06:57.873 25426 25989 W mobile-ffmpeg: [mov,mp4,m4a,3gp,3g2,mj2 @ 0x713903cc00]
02-12 16:06:57.873 25426 25989 W mobile-ffmpeg:
02-12 16:06:57.874 25426 25989 W mobile-ffmpeg: Found duplicated MOOV Atom. Skipped it
02-12 16:07:23.314 25426 25986 W Summariser: Whole video is active
02-12 16:07:25.679 25426 25986 W Summariser: Summarisation completed
02-12 16:07:25.679 25426 25986 W Summariser:   filename: /storage/emulated/0/Movies/rawFootage/20191028_171846_NF.mp4
02-12 16:07:25.679 25426 25986 W Summariser:   time: 27.820s
02-12 16:07:25.679 25426 25986 W Summariser:   noise tolerance: 60.00
02-12 16:07:25.679 25426 25986 W Summariser:   quality: 23
02-12 16:07:25.679 25426 25986 W Summariser:   speed: medium
02-12 16:07:25.791 25426 25989 W mobile-ffmpeg:
02-12 16:07:25.791 25426 25989 W mobile-ffmpeg: [mov,mp4,m4a,3gp,3g2,mj2 @ 0x713903cc00]
02-12 16:07:25.791 25426 25989 W mobile-ffmpeg:
02-12 16:07:25.791 25426 25989 W mobile-ffmpeg: Found duplicated MOOV Atom. Skipped it
02-12 16:07:32.326 25426 25986 W Summariser: Whole video is active
02-12 16:07:32.954 25426 25986 W Summariser: Summarisation completed
02-12 16:07:32.954 25426 25986 W Summariser:   filename: /storage/emulated/0/Movies/rawFootage/20191028_180605_NF.mp4
02-12 16:07:32.954 25426 25986 W Summariser:   time: 07.170s
02-12 16:07:32.954 25426 25986 W Summariser:   noise tolerance: 60.00
02-12 16:07:32.954 25426 25986 W Summariser:   quality: 23
02-12 16:07:32.954 25426 25986 W Summariser:   speed: medium
02-12 16:07:33.192 25426 25989 W mobile-ffmpeg:
02-12 16:07:33.192 25426 25989 W mobile-ffmpeg: [mov,mp4,m4a,3gp,3g2,mj2 @ 0x713903cc00]
02-12 16:07:33.192 25426 25989 W mobile-ffmpeg:
02-12 16:07:33.193 25426 25989 W mobile-ffmpeg: Found duplicated MOOV Atom. Skipped it
02-12 16:07:59.418 25426 25986 W Summariser: Whole video is active
02-12 16:08:03.370 25426 25986 W Summariser: Summarisation completed
02-12 16:08:03.370 25426 25986 W Summariser:   filename: /storage/emulated/0/Movies/rawFootage/20191028_180615_EF.mp4
02-12 16:08:03.370 25426 25986 W Summariser:   time: 30.199s
02-12 16:08:03.370 25426 25986 W Summariser:   noise tolerance: 60.00
02-12 16:08:03.370 25426 25986 W Summariser:   quality: 23
02-12 16:08:03.370 25426 25986 W Summariser:   speed: medium
02-12 16:08:03.602 25426 25989 W mobile-ffmpeg:
02-12 16:08:03.602 25426 25989 W mobile-ffmpeg: [mov,mp4,m4a,3gp,3g2,mj2 @ 0x713903cc00]
02-12 16:08:03.602 25426 25989 W mobile-ffmpeg:
02-12 16:08:03.603 25426 25989 W mobile-ffmpeg: Found duplicated MOOV Atom. Skipped it
02-12 16:08:36.732 25426 25986 W Summariser: Whole video is active
02-12 16:08:40.449 25426 25986 W Summariser: Summarisation completed
02-12 16:08:40.449 25426 25986 W Summariser:   filename: /storage/emulated/0/Movies/rawFootage/20191028_180715_NF.mp4
02-12 16:08:40.449 25426 25986 W Summariser:   time: 36.861s
02-12 16:08:40.449 25426 25986 W Summariser:   noise tolerance: 60.00
02-12 16:08:40.449 25426 25986 W Summariser:   quality: 23
02-12 16:08:40.449 25426 25986 W Summariser:   speed: medium
02-12 16:08:40.644 25426 25989 W mobile-ffmpeg:
02-12 16:08:40.644 25426 25989 W mobile-ffmpeg: [mov,mp4,m4a,3gp,3g2,mj2 @ 0x713903cc00]
02-12 16:08:40.644 25426 25989 W mobile-ffmpeg:
02-12 16:08:40.645 25426 25989 W mobile-ffmpeg: Found duplicated MOOV Atom. Skipped it
02-12 16:09:13.630 25426 25986 W Summariser: Whole video is active
02-12 16:09:17.333 25426 25986 W Summariser: Summarisation completed
02-12 16:09:17.333 25426 25986 W Summariser:   filename: /storage/emulated/0/Movies/rawFootage/20191028_180815_NF.mp4
02-12 16:09:17.333 25426 25986 W Summariser:   time: 36.716s
02-12 16:09:17.333 25426 25986 W Summariser:   noise tolerance: 60.00
02-12 16:09:17.333 25426 25986 W Summariser:   quality: 23
02-12 16:09:17.333 25426 25986 W Summariser:   speed: medium
02-12 16:09:17.539 25426 25989 W mobile-ffmpeg:
02-12 16:09:17.539 25426 25989 W mobile-ffmpeg: [mov,mp4,m4a,3gp,3g2,mj2 @ 0x713903cc00]
02-12 16:09:17.539 25426 25989 W mobile-ffmpeg:
02-12 16:09:17.539 25426 25989 W mobile-ffmpeg: Found duplicated MOOV Atom. Skipped it
02-12 16:09:50.348 25426 25986 W Summariser: Whole video is active
02-12 16:09:54.084 25426 25986 W Summariser: Summarisation completed
02-12 16:09:54.084 25426 25986 W Summariser:   filename: /storage/emulated/0/Movies/rawFootage/20191028_180915_NF.mp4
02-12 16:09:54.084 25426 25986 W Summariser:   time: 36.562s
02-12 16:09:54.084 25426 25986 W Summariser:   noise tolerance: 60.00
02-12 16:09:54.084 25426 25986 W Summariser:   quality: 23
02-12 16:09:54.084 25426 25986 W Summariser:   speed: medium
02-12 16:09:54.277 25426 25989 W mobile-ffmpeg:
02-12 16:09:54.277 25426 25989 W mobile-ffmpeg: [mov,mp4,m4a,3gp,3g2,mj2 @ 0x713903cc00]
02-12 16:09:54.277 25426 25989 W mobile-ffmpeg:
02-12 16:09:54.277 25426 25989 W mobile-ffmpeg: Found duplicated MOOV Atom. Skipped it
02-12 16:10:26.481 25426 25986 W Summariser: Whole video is active
02-12 16:10:30.203 25426 25986 W Summariser: Summarisation completed
02-12 16:10:30.203 25426 25986 W Summariser:   filename: /storage/emulated/0/Movies/rawFootage/20191028_181015_NF.mp4
02-12 16:10:30.203 25426 25986 W Summariser:   time: 35.946s
02-12 16:10:30.203 25426 25986 W Summariser:   noise tolerance: 60.00
02-12 16:10:30.203 25426 25986 W Summariser:   quality: 23
02-12 16:10:30.203 25426 25986 W Summariser:   speed: medium
02-12 16:10:30.409 25426 25989 W mobile-ffmpeg:
02-12 16:10:30.409 25426 25989 W mobile-ffmpeg: [mov,mp4,m4a,3gp,3g2,mj2 @ 0x713903cc00]
02-12 16:10:30.409 25426 25989 W mobile-ffmpeg:
02-12 16:10:30.409 25426 25989 W mobile-ffmpeg: Found duplicated MOOV Atom. Skipped it
02-12 16:10:54.371 25426 25986 W Summariser: Whole video is active
02-12 16:10:57.353 25426 25986 W Summariser: Summarisation completed
02-12 16:10:57.353 25426 25986 W Summariser:   filename: /storage/emulated/0/Movies/rawFootage/20191028_181115_NF.mp4
02-12 16:10:57.353 25426 25986 W Summariser:   time: 26.964s
02-12 16:10:57.353 25426 25986 W Summariser:   noise tolerance: 60.00
02-12 16:10:57.353 25426 25986 W Summariser:   quality: 23
02-12 16:10:57.353 25426 25986 W Summariser:   speed: medium
02-12 16:10:57.589 25426 25989 W mobile-ffmpeg:
02-12 16:10:57.589 25426 25989 W mobile-ffmpeg: [mov,mp4,m4a,3gp,3g2,mj2 @ 0x713903cc00]
02-12 16:10:57.589 25426 25989 W mobile-ffmpeg:
02-12 16:10:57.589 25426 25989 W mobile-ffmpeg: Found duplicated MOOV Atom. Skipped it
02-12 16:11:30.305 25426 25986 W Summariser: Whole video is active
02-12 16:11:34.004 25426 25986 W Summariser: Summarisation completed
02-12 16:11:34.004 25426 25986 W Summariser:   filename: /storage/emulated/0/Movies/rawFootage/20191028_181159_PF.mp4
02-12 16:11:34.004 25426 25986 W Summariser:   time: 36.438s
02-12 16:11:34.004 25426 25986 W Summariser:   noise tolerance: 60.00
02-12 16:11:34.004 25426 25986 W Summariser:   quality: 23
02-12 16:11:34.004 25426 25986 W Summariser:   speed: medium
02-12 16:11:34.189 25426 25989 W mobile-ffmpeg:
02-12 16:11:34.189 25426 25989 W mobile-ffmpeg: [mov,mp4,m4a,3gp,3g2,mj2 @ 0x713903cc00]
02-12 16:11:34.189 25426 25989 W mobile-ffmpeg:
02-12 16:11:34.189 25426 25989 W mobile-ffmpeg: Found duplicated MOOV Atom. Skipped it
02-12 16:12:06.785 25426 25986 W Summariser: Whole video is active
02-12 16:12:10.558 25426 25986 W Summariser: Summarisation completed
02-12 16:12:10.558 25426 25986 W Summariser:   filename: /storage/emulated/0/Movies/rawFootage/20191028_181359_PF.mp4
02-12 16:12:10.558 25426 25986 W Summariser:   time: 36.392s
02-12 16:12:10.558 25426 25986 W Summariser:   noise tolerance: 60.00
02-12 16:12:10.558 25426 25986 W Summariser:   quality: 23
02-12 16:12:10.558 25426 25986 W Summariser:   speed: medium
02-12 16:12:10.785 25426 25989 W mobile-ffmpeg:
02-12 16:12:10.785 25426 25989 W mobile-ffmpeg: [mov,mp4,m4a,3gp,3g2,mj2 @ 0x713903cc00]
02-12 16:12:10.785 25426 25989 W mobile-ffmpeg:
02-12 16:12:10.785 25426 25989 W mobile-ffmpeg: Found duplicated MOOV Atom. Skipped it
02-12 16:12:42.337 25426 25986 W Summariser: Whole video is active
02-12 16:12:46.136 25426 25986 W Summariser: Summarisation completed
02-12 16:12:46.136 25426 25986 W Summariser:   filename: /storage/emulated/0/Movies/rawFootage/20191030_161051_NF.mp4
02-12 16:12:46.136 25426 25986 W Summariser:   time: 35.395s
02-12 16:12:46.136 25426 25986 W Summariser:   noise tolerance: 60.00
02-12 16:12:46.136 25426 25986 W Summariser:   quality: 23
02-12 16:12:46.136 25426 25986 W Summariser:   speed: medium
02-12 16:12:46.350 25426 25989 W mobile-ffmpeg:
02-12 16:12:46.350 25426 25989 W mobile-ffmpeg: [mov,mp4,m4a,3gp,3g2,mj2 @ 0x713903cc00]
02-12 16:12:46.351 25426 25989 W mobile-ffmpeg:
02-12 16:12:46.351 25426 25989 W mobile-ffmpeg: Found duplicated MOOV Atom. Skipped it
02-12 16:13:19.264 25426 25986 W Summariser: Whole video is active
02-12 16:13:23.171 25426 25986 W Summariser: Summarisation completed
02-12 16:13:23.171 25426 25986 W Summariser:   filename: /storage/emulated/0/Movies/rawFootage/20191030_165129_NF.mp4
02-12 16:13:23.171 25426 25986 W Summariser:   time: 36.845s
02-12 16:13:23.171 25426 25986 W Summariser:   noise tolerance: 60.00
02-12 16:13:23.171 25426 25986 W Summariser:   quality: 23
02-12 16:13:23.171 25426 25986 W Summariser:   speed: medium
02-12 16:13:23.386 25426 25989 W mobile-ffmpeg:
02-12 16:13:23.386 25426 25989 W mobile-ffmpeg: [mov,mp4,m4a,3gp,3g2,mj2 @ 0x713903cc00]
02-12 16:13:23.387 25426 25989 W mobile-ffmpeg:
02-12 16:13:23.387 25426 25989 W mobile-ffmpeg: Found duplicated MOOV Atom. Skipped it
02-12 16:13:56.513 25426 25986 W Summariser: Whole video is active
02-12 16:14:00.178 25426 25986 W Summariser: Summarisation completed
02-12 16:14:00.178 25426 25986 W Summariser:   filename: /storage/emulated/0/Movies/rawFootage/20191030_165229_NF.mp4
02-12 16:14:00.178 25426 25986 W Summariser:   time: 36.810s
02-12 16:14:00.178 25426 25986 W Summariser:   noise tolerance: 60.00
02-12 16:14:00.178 25426 25986 W Summariser:   quality: 23
02-12 16:14:00.178 25426 25986 W Summariser:   speed: medium
02-12 16:14:00.360 25426 25989 W mobile-ffmpeg:
02-12 16:14:00.361 25426 25989 W mobile-ffmpeg: [mov,mp4,m4a,3gp,3g2,mj2 @ 0x713903cc00]
02-12 16:14:00.361 25426 25989 W mobile-ffmpeg:
02-12 16:14:00.361 25426 25989 W mobile-ffmpeg: Found duplicated MOOV Atom. Skipped it
02-12 16:14:33.371 25426 25986 W Summariser: Whole video is active
02-12 16:14:37.124 25426 25986 W Summariser: Summarisation completed
02-12 16:14:37.124 25426 25986 W Summariser:   filename: /storage/emulated/0/Movies/rawFootage/20191030_165329_NF.mp4
02-12 16:14:37.124 25426 25986 W Summariser:   time: 36.781s
02-12 16:14:37.124 25426 25986 W Summariser:   noise tolerance: 60.00
02-12 16:14:37.124 25426 25986 W Summariser:   quality: 23
02-12 16:14:37.124 25426 25986 W Summariser:   speed: medium
02-12 16:14:37.316 25426 25989 W mobile-ffmpeg:
02-12 16:14:37.316 25426 25989 W mobile-ffmpeg: [mov,mp4,m4a,3gp,3g2,mj2 @ 0x713903cc00]
02-12 16:14:37.317 25426 25989 W mobile-ffmpeg:
02-12 16:14:37.317 25426 25989 W mobile-ffmpeg: Found duplicated MOOV Atom. Skipped it
02-12 16:15:09.210 25426 25986 W Summariser: Whole video is active
02-12 16:15:12.858 25426 25986 W Summariser: Summarisation completed
02-12 16:15:12.858 25426 25986 W Summariser:   filename: /storage/emulated/0/Movies/rawFootage/20191030_165429_NF.mp4
02-12 16:15:12.858 25426 25986 W Summariser:   time: 35.556s
02-12 16:15:12.858 25426 25986 W Summariser:   noise tolerance: 60.00
02-12 16:15:12.858 25426 25986 W Summariser:   quality: 23
02-12 16:15:12.858 25426 25986 W Summariser:   speed: medium
02-12 16:15:13.004 25426 25989 W mobile-ffmpeg:
02-12 16:15:13.004 25426 25989 W mobile-ffmpeg: [mov,mp4,m4a,3gp,3g2,mj2 @ 0x713903cc00]
02-12 16:15:13.004 25426 25989 W mobile-ffmpeg:
02-12 16:15:13.004 25426 25989 W mobile-ffmpeg: Found duplicated MOOV Atom. Skipped it
02-12 16:15:23.369 25426 25986 W Summariser: Whole video is active
02-12 16:15:24.527 25426 25986 W Summariser: Summarisation completed
02-12 16:15:24.527 25426 25986 W Summariser:   filename: /storage/emulated/0/Movies/rawFootage/20191030_165530_NF.mp4
02-12 16:15:24.527 25426 25986 W Summariser:   time: 11.531s
02-12 16:15:24.527 25426 25986 W Summariser:   noise tolerance: 60.00
02-12 16:15:24.527 25426 25986 W Summariser:   quality: 23
02-12 16:15:24.527 25426 25986 W Summariser:   speed: medium
02-12 16:15:24.718 25426 25989 W mobile-ffmpeg:
02-12 16:15:24.718 25426 25989 W mobile-ffmpeg: [mov,mp4,m4a,3gp,3g2,mj2 @ 0x713903cc00]
02-12 16:15:24.718 25426 25989 W mobile-ffmpeg:
02-12 16:15:24.718 25426 25989 W mobile-ffmpeg: Found duplicated MOOV Atom. Skipped it
02-12 16:15:58.355 25426 25986 W Summariser: Whole video is active
02-12 16:16:02.042 25426 25986 W Summariser: Summarisation completed
02-12 16:16:02.042 25426 25986 W Summariser:   filename: /storage/emulated/0/Movies/rawFootage/20191030_212910_NF.mp4
02-12 16:16:02.042 25426 25986 W Summariser:   time: 37.350s
02-12 16:16:02.042 25426 25986 W Summariser:   noise tolerance: 60.00
02-12 16:16:02.042 25426 25986 W Summariser:   quality: 23
02-12 16:16:02.042 25426 25986 W Summariser:   speed: medium
02-12 16:16:02.228 25426 25989 W mobile-ffmpeg:
02-12 16:16:02.228 25426 25989 W mobile-ffmpeg: [mov,mp4,m4a,3gp,3g2,mj2 @ 0x713903cc00]
02-12 16:16:02.229 25426 25989 W mobile-ffmpeg:
02-12 16:16:02.229 25426 25989 W mobile-ffmpeg: Found duplicated MOOV Atom. Skipped it
02-12 16:16:36.462 25426 25986 W Summariser: Whole video is active
02-12 16:16:40.156 25426 25986 W Summariser: Summarisation completed
02-12 16:16:40.156 25426 25986 W Summariser:   filename: /storage/emulated/0/Movies/rawFootage/20191030_213010_NF.mp4
02-12 16:16:40.156 25426 25986 W Summariser:   time: 37.949s
02-12 16:16:40.156 25426 25986 W Summariser:   noise tolerance: 60.00
02-12 16:16:40.156 25426 25986 W Summariser:   quality: 23
02-12 16:16:40.156 25426 25986 W Summariser:   speed: medium
02-12 16:16:40.354 25426 25989 W mobile-ffmpeg:
02-12 16:16:40.354 25426 25989 W mobile-ffmpeg: [mov,mp4,m4a,3gp,3g2,mj2 @ 0x713903cc00]
02-12 16:16:40.354 25426 25989 W mobile-ffmpeg:
02-12 16:16:40.354 25426 25989 W mobile-ffmpeg: Found duplicated MOOV Atom. Skipped it
02-12 16:17:12.327 25426 25986 W Summariser: Whole video is active
02-12 16:17:16.001 25426 25986 W Summariser: Summarisation completed
02-12 16:17:16.001 25426 25986 W Summariser:   filename: /storage/emulated/0/Movies/rawFootage/20191030_220901_NF.mp4
02-12 16:17:16.001 25426 25986 W Summariser:   time: 35.667s
02-12 16:17:16.001 25426 25986 W Summariser:   noise tolerance: 60.00
02-12 16:17:16.001 25426 25986 W Summariser:   quality: 23
02-12 16:17:16.001 25426 25986 W Summariser:   speed: medium
02-12 16:17:16.175 25426 25989 W mobile-ffmpeg:
02-12 16:17:16.176 25426 25989 W mobile-ffmpeg: [mov,mp4,m4a,3gp,3g2,mj2 @ 0x713903cc00]
02-12 16:17:16.176 25426 25989 W mobile-ffmpeg:
02-12 16:17:16.176 25426 25989 W mobile-ffmpeg: Found duplicated MOOV Atom. Skipped it
02-12 16:17:48.240 25426 25986 W Summariser: Whole video is active
02-12 16:17:51.892 25426 25986 W Summariser: Summarisation completed
02-12 16:17:51.892 25426 25986 W Summariser:   filename: /storage/emulated/0/Movies/rawFootage/20191030_221001_NF.mp4
02-12 16:17:51.892 25426 25986 W Summariser:   time: 35.739s
02-12 16:17:51.892 25426 25986 W Summariser:   noise tolerance: 60.00
02-12 16:17:51.892 25426 25986 W Summariser:   quality: 23
02-12 16:17:51.892 25426 25986 W Summariser:   speed: medium
02-12 16:17:52.028 25426 25989 W mobile-ffmpeg:
02-12 16:17:52.028 25426 25989 W mobile-ffmpeg: [mov,mp4,m4a,3gp,3g2,mj2 @ 0x713903cc00]
02-12 16:17:52.028 25426 25989 W mobile-ffmpeg:
02-12 16:17:52.028 25426 25989 W mobile-ffmpeg: Found duplicated MOOV Atom. Skipped it
02-12 16:18:25.349 25426 25986 W Summariser: Whole video is active
02-12 16:18:29.092 25426 25986 W Summariser: Summarisation completed
02-12 16:18:29.092 25426 25986 W Summariser:   filename: /storage/emulated/0/Movies/rawFootage/20191030_221101_NF.mp4
02-12 16:18:29.092 25426 25986 W Summariser:   time: 37.074s
02-12 16:18:29.092 25426 25986 W Summariser:   noise tolerance: 60.00
02-12 16:18:29.092 25426 25986 W Summariser:   quality: 23
02-12 16:18:29.092 25426 25986 W Summariser:   speed: medium
02-12 16:18:29.300 25426 25989 W mobile-ffmpeg:
02-12 16:18:29.300 25426 25989 W mobile-ffmpeg: [mov,mp4,m4a,3gp,3g2,mj2 @ 0x713903cc00]
02-12 16:18:29.300 25426 25989 W mobile-ffmpeg:
02-12 16:18:29.301 25426 25989 W mobile-ffmpeg: Found duplicated MOOV Atom. Skipped it
02-12 16:19:02.467 25426 25986 W Summariser: Whole video is active
02-12 16:19:06.114 25426 25986 W Summariser: Summarisation completed
02-12 16:19:06.114 25426 25986 W Summariser:   filename: /storage/emulated/0/Movies/rawFootage/20191030_221201_NF.mp4
02-12 16:19:06.114 25426 25986 W Summariser:   time: 36.835s
02-12 16:19:06.114 25426 25986 W Summariser:   noise tolerance: 60.00
02-12 16:19:06.114 25426 25986 W Summariser:   quality: 23
02-12 16:19:06.114 25426 25986 W Summariser:   speed: medium
02-12 16:19:06.309 25426 25989 W mobile-ffmpeg:
02-12 16:19:06.309 25426 25989 W mobile-ffmpeg: [mov,mp4,m4a,3gp,3g2,mj2 @ 0x713903cc00]
02-12 16:19:06.309 25426 25989 W mobile-ffmpeg:
02-12 16:19:06.309 25426 25989 W mobile-ffmpeg: Found duplicated MOOV Atom. Skipped it
02-12 16:19:38.573 25426 25986 W Summariser: Whole video is active
02-12 16:19:42.431 25426 25986 W Summariser: Summarisation completed
02-12 16:19:42.431 25426 25986 W Summariser:   filename: /storage/emulated/0/Movies/rawFootage/20191030_221302_NF.mp4
02-12 16:19:42.431 25426 25986 W Summariser:   time: 36.140s
02-12 16:19:42.431 25426 25986 W Summariser:   noise tolerance: 60.00
02-12 16:19:42.431 25426 25986 W Summariser:   quality: 23
02-12 16:19:42.431 25426 25986 W Summariser:   speed: medium
