02-12 17:52:10.651 15088 16016 W mobile-ffmpeg:
02-12 17:52:10.652 15088 16016 W mobile-ffmpeg: [mov,mp4,m4a,3gp,3g2,mj2 @ 0x73e5742800]
02-12 17:52:10.652 15088 16016 W mobile-ffmpeg:
02-12 17:52:10.652 15088 16016 W mobile-ffmpeg: Found duplicated MOOV Atom. Skipped it
02-12 17:52:40.401 15088 16012 W Summariser: Whole video is active
02-12 17:52:42.927 15088 16012 W Summariser: Summarisation completed
02-12 17:52:42.927 15088 16012 W Summariser:   filename: /storage/emulated/0/Movies/rawFootage/20191028_171616_NF.m
02-12 17:52:42.927 15088 16012 W Summariser:   time: 32.412s
02-12 17:52:42.927 15088 16012 W Summariser:   noise tolerance: 38.00
02-12 17:52:42.927 15088 16012 W Summariser:   quality: 23
02-12 17:52:42.927 15088 16012 W Summariser:   speed: medium
02-12 17:52:43.113 15088 16016 W mobile-ffmpeg:
02-12 17:52:43.114 15088 16016 W mobile-ffmpeg: [mov,mp4,m4a,3gp,3g2,mj2 @ 0x73e5742800]
02-12 17:52:43.114 15088 16016 W mobile-ffmpeg:
02-12 17:52:43.114 15088 16016 W mobile-ffmpeg: Found duplicated MOOV Atom. Skipped it
02-12 17:52:57.863 15088 16012 W Summariser: Whole video is active
02-12 17:52:59.312 15088 16012 W Summariser: Summarisation completed
02-12 17:52:59.312 15088 16012 W Summariser:   filename: /storage/emulated/0/Movies/rawFootage/20191028_171716_NF.m
02-12 17:52:59.312 15088 16012 W Summariser:   time: 16.224s
02-12 17:52:59.312 15088 16012 W Summariser:   noise tolerance: 38.00
02-12 17:52:59.312 15088 16012 W Summariser:   quality: 23
02-12 17:52:59.312 15088 16012 W Summariser:   speed: medium
02-12 17:52:59.521 15088 16016 W mobile-ffmpeg:
02-12 17:52:59.521 15088 16016 W mobile-ffmpeg: [mov,mp4,m4a,3gp,3g2,mj2 @ 0x73e5742800]
02-12 17:52:59.521 15088 16016 W mobile-ffmpeg:
02-12 17:52:59.521 15088 16016 W mobile-ffmpeg: Found duplicated MOOV Atom. Skipped it
02-12 17:53:26.443 15088 16012 W Summariser: Whole video is active
02-12 17:53:29.148 15088 16012 W Summariser: Summarisation completed
02-12 17:53:29.148 15088 16012 W Summariser:   filename: /storage/emulated/0/Movies/rawFootage/20191028_171746_EF.m
02-12 17:53:29.148 15088 16012 W Summariser:   time: 29.660s
02-12 17:53:29.148 15088 16012 W Summariser:   noise tolerance: 38.00
02-12 17:53:29.148 15088 16012 W Summariser:   quality: 23
02-12 17:53:29.148 15088 16012 W Summariser:   speed: medium
02-12 17:53:29.291 15088 16016 W mobile-ffmpeg:
02-12 17:53:29.291 15088 16016 W mobile-ffmpeg: [mov,mp4,m4a,3gp,3g2,mj2 @ 0x73e5742800]
02-12 17:53:29.291 15088 16016 W mobile-ffmpeg:
02-12 17:53:29.291 15088 16016 W mobile-ffmpeg: Found duplicated MOOV Atom. Skipped it
02-12 17:53:59.634 15088 16012 W Summariser: Whole video is active
02-12 17:54:02.597 15088 16012 W Summariser: Summarisation completed
02-12 17:54:02.597 15088 16012 W Summariser:   filename: /storage/emulated/0/Movies/rawFootage/20191028_171846_NF.m
02-12 17:54:02.597 15088 16012 W Summariser:   time: 33.314s
02-12 17:54:02.597 15088 16012 W Summariser:   noise tolerance: 38.00
02-12 17:54:02.597 15088 16012 W Summariser:   quality: 23
02-12 17:54:02.597 15088 16012 W Summariser:   speed: medium
02-12 17:54:02.834 15088 16016 W mobile-ffmpeg:
02-12 17:54:02.834 15088 16016 W mobile-ffmpeg: [mov,mp4,m4a,3gp,3g2,mj2 @ 0x73e5742800]
02-12 17:54:02.834 15088 16016 W mobile-ffmpeg:
02-12 17:54:02.834 15088 16016 W mobile-ffmpeg: Found duplicated MOOV Atom. Skipped it
02-12 17:54:10.822 15088 16012 W Summariser: Whole video is active
02-12 17:54:11.537 15088 16012 W Summariser: Summarisation completed
02-12 17:54:11.537 15088 16012 W Summariser:   filename: /storage/emulated/0/Movies/rawFootage/20191028_180605_NF.m
02-12 17:54:11.537 15088 16012 W Summariser:   time: 08.713s
02-12 17:54:11.537 15088 16012 W Summariser:   noise tolerance: 38.00
02-12 17:54:11.537 15088 16012 W Summariser:   quality: 23
02-12 17:54:11.537 15088 16012 W Summariser:   speed: medium
02-12 17:54:11.687 15088 16016 W mobile-ffmpeg:
02-12 17:54:11.687 15088 16016 W mobile-ffmpeg: [mov,mp4,m4a,3gp,3g2,mj2 @ 0x73e5742800]
02-12 17:54:11.687 15088 16016 W mobile-ffmpeg:
02-12 17:54:11.687 15088 16016 W mobile-ffmpeg: Found duplicated MOOV Atom. Skipped it
02-12 17:54:19.721 15088 15088 W example.edgesu: Accessing hidden method Landroid/view/View;->getTransitionAlpha()F
02-12 17:54:19.783 15088 15088 W example.edgesu: Accessing hidden field Landroid/view/View;->mViewFlags:I (light gr
02-12 17:54:19.787 15088 15088 W example.edgesu: Accessing hidden method Landroid/view/View;->setTransitionAlpha(F)
02-12 17:54:19.788 15088 15088 W example.edgesu: Accessing hidden method Landroid/view/ViewGroup;->suppressLayout(Z
02-12 17:54:19.790 15088 15088 W example.edgesu: Accessing hidden method Landroid/view/View;->setLeftTopRightBottom
02-12 17:54:44.750 15088 16012 W Summariser: 3 active sections found
02-12 17:54:44.764 15088 16016 W mobile-ffmpeg:
02-12 17:54:44.764 15088 16016 W mobile-ffmpeg: [mov,mp4,m4a,3gp,3g2,mj2 @ 0x73e5742800]
02-12 17:54:44.764 15088 16016 W mobile-ffmpeg:
02-12 17:54:44.764 15088 16016 W mobile-ffmpeg: Found duplicated MOOV Atom. Skipped it
02-12 17:54:45.361 15088 15098 W System  : A resource failed to call close.
02-12 18:00:34.212 15088 16012 W Summariser: Summarisation completed
02-12 18:00:34.212 15088 16012 W Summariser:   filename: /storage/emulated/0/Movies/rawFootage/20191028_180615_EF.m
02-12 18:00:34.212 15088 16012 W Summariser:   time: 382.506s
02-12 18:00:34.212 15088 16012 W Summariser:   noise tolerance: 38.00
02-12 18:00:34.212 15088 16012 W Summariser:   quality: 23
02-12 18:00:34.212 15088 16012 W Summariser:   speed: medium
02-12 18:00:34.584 15088 16016 W mobile-ffmpeg:
02-12 18:00:34.584 15088 16016 W mobile-ffmpeg: [mov,mp4,m4a,3gp,3g2,mj2 @ 0x73e5742800]
02-12 18:00:34.584 15088 16016 W mobile-ffmpeg:
02-12 18:00:34.584 15088 16016 W mobile-ffmpeg: Found duplicated MOOV Atom. Skipped it
02-12 18:01:07.791 15088 16012 W Summariser: One active section found
02-12 18:01:07.801 15088 16016 W mobile-ffmpeg:
02-12 18:01:07.801 15088 16016 W mobile-ffmpeg: [mov,mp4,m4a,3gp,3g2,mj2 @ 0x73e5742800]
02-12 18:01:07.801 15088 16016 W mobile-ffmpeg:
02-12 18:01:07.802 15088 16016 W mobile-ffmpeg: Found duplicated MOOV Atom. Skipped it
02-12 18:01:08.026 15088 16012 W Summariser: Summarisation completed
02-12 18:01:08.026 15088 16012 W Summariser:   filename: /storage/emulated/0/Movies/rawFootage/20191028_180715_NF.m
02-12 18:01:08.026 15088 16012 W Summariser:   time: 33.477s
02-12 18:01:08.026 15088 16012 W Summariser:   noise tolerance: 38.00
02-12 18:01:08.026 15088 16012 W Summariser:   quality: 23
02-12 18:01:08.026 15088 16012 W Summariser:   speed: medium
02-12 18:01:08.236 15088 16016 W mobile-ffmpeg:
02-12 18:01:08.237 15088 16016 W mobile-ffmpeg: [mov,mp4,m4a,3gp,3g2,mj2 @ 0x73e5742800]
02-12 18:01:08.237 15088 16016 W mobile-ffmpeg:
02-12 18:01:08.237 15088 16016 W mobile-ffmpeg: Found duplicated MOOV Atom. Skipped it
02-12 18:01:41.615 15088 16012 W Summariser: No activity detected
02-12 18:01:41.623 15088 16012 W Summariser: Summarisation completed
02-12 18:01:41.623 15088 16012 W Summariser:   filename: /storage/emulated/0/Movies/rawFootage/20191028_180815_NF.m
02-12 18:01:41.623 15088 16012 W Summariser:   time: 33.414s
02-12 18:01:41.623 15088 16012 W Summariser:   noise tolerance: 38.00
02-12 18:01:41.623 15088 16012 W Summariser:   quality: 23
02-12 18:01:41.623 15088 16012 W Summariser:   speed: medium
02-12 18:01:41.672 15088 16016 W mobile-ffmpeg:
02-12 18:01:41.672 15088 16016 W mobile-ffmpeg: [mov,mp4,m4a,3gp,3g2,mj2 @ 0x73e5742800]
02-12 18:01:41.672 15088 16016 W mobile-ffmpeg:
02-12 18:01:41.672 15088 16016 W mobile-ffmpeg: Found duplicated MOOV Atom. Skipped it
02-12 18:02:15.651 15088 16012 W Summariser: No activity detected
02-12 18:02:15.652 15088 16012 W Summariser: Summarisation completed
02-12 18:02:15.652 15088 16012 W Summariser:   filename: /storage/emulated/0/Movies/rawFootage/20191028_180915_NF.m
02-12 18:02:15.652 15088 16012 W Summariser:   time: 33.990s
02-12 18:02:15.652 15088 16012 W Summariser:   noise tolerance: 38.00
02-12 18:02:15.652 15088 16012 W Summariser:   quality: 23
02-12 18:02:15.652 15088 16012 W Summariser:   speed: medium
02-12 18:02:15.695 15088 16016 W mobile-ffmpeg:
02-12 18:02:15.695 15088 16016 W mobile-ffmpeg: [mov,mp4,m4a,3gp,3g2,mj2 @ 0x73e5742800]
02-12 18:02:15.695 15088 16016 W mobile-ffmpeg:
02-12 18:02:15.695 15088 16016 W mobile-ffmpeg: Found duplicated MOOV Atom. Skipped it
02-12 18:02:48.122 15088 16012 W Summariser: No activity detected
02-12 18:02:48.123 15088 16012 W Summariser: Summarisation completed
02-12 18:02:48.123 15088 16012 W Summariser:   filename: /storage/emulated/0/Movies/rawFootage/20191028_181015_NF.m
02-12 18:02:48.123 15088 16012 W Summariser:   time: 32.437s
02-12 18:02:48.123 15088 16012 W Summariser:   noise tolerance: 38.00
02-12 18:02:48.123 15088 16012 W Summariser:   quality: 23
02-12 18:02:48.123 15088 16012 W Summariser:   speed: medium
02-12 18:02:48.151 15088 16016 W mobile-ffmpeg:
02-12 18:02:48.151 15088 16016 W mobile-ffmpeg: [mov,mp4,m4a,3gp,3g2,mj2 @ 0x73e5742800]
02-12 18:02:48.151 15088 16016 W mobile-ffmpeg:
02-12 18:02:48.151 15088 16016 W mobile-ffmpeg: Found duplicated MOOV Atom. Skipped it
02-12 18:03:12.759 15088 16012 W Summariser: No activity detected
02-12 18:03:12.760 15088 16012 W Summariser: Summarisation completed
02-12 18:03:12.760 15088 16012 W Summariser:   filename: /storage/emulated/0/Movies/rawFootage/20191028_181115_NF.m
02-12 18:03:12.760 15088 16012 W Summariser:   time: 24.617s
02-12 18:03:12.760 15088 16012 W Summariser:   noise tolerance: 38.00
02-12 18:03:12.760 15088 16012 W Summariser:   quality: 23
02-12 18:03:12.760 15088 16012 W Summariser:   speed: medium
02-12 18:03:12.788 15088 16016 W mobile-ffmpeg:
02-12 18:03:12.789 15088 16016 W mobile-ffmpeg: [mov,mp4,m4a,3gp,3g2,mj2 @ 0x73e5742800]
02-12 18:03:12.789 15088 16016 W mobile-ffmpeg:
02-12 18:03:12.789 15088 16016 W mobile-ffmpeg: Found duplicated MOOV Atom. Skipped it
02-12 18:03:46.659 15088 16012 W Summariser: No activity detected
02-12 18:03:46.661 15088 16012 W Summariser: Summarisation completed
02-12 18:03:46.661 15088 16012 W Summariser:   filename: /storage/emulated/0/Movies/rawFootage/20191028_181159_PF.m
02-12 18:03:46.661 15088 16012 W Summariser:   time: 33.883s
02-12 18:03:46.661 15088 16012 W Summariser:   noise tolerance: 38.00
02-12 18:03:46.661 15088 16012 W Summariser:   quality: 23
02-12 18:03:46.661 15088 16012 W Summariser:   speed: medium
02-12 18:03:46.694 15088 16016 W mobile-ffmpeg:
02-12 18:03:46.694 15088 16016 W mobile-ffmpeg: [mov,mp4,m4a,3gp,3g2,mj2 @ 0x73e5742800]
02-12 18:03:46.694 15088 16016 W mobile-ffmpeg:
02-12 18:03:46.694 15088 16016 W mobile-ffmpeg: Found duplicated MOOV Atom. Skipped it
02-12 18:04:20.149 15088 16012 W Summariser: No activity detected
02-12 18:04:20.150 15088 16012 W Summariser: Summarisation completed
02-12 18:04:20.150 15088 16012 W Summariser:   filename: /storage/emulated/0/Movies/rawFootage/20191028_181359_PF.m
02-12 18:04:20.150 15088 16012 W Summariser:   time: 33.465s
02-12 18:04:20.150 15088 16012 W Summariser:   noise tolerance: 38.00
02-12 18:04:20.150 15088 16012 W Summariser:   quality: 23
02-12 18:04:20.150 15088 16012 W Summariser:   speed: medium
02-12 18:04:20.175 15088 16016 W mobile-ffmpeg:
02-12 18:04:20.175 15088 16016 W mobile-ffmpeg: [mov,mp4,m4a,3gp,3g2,mj2 @ 0x73e5742800]
02-12 18:04:20.175 15088 16016 W mobile-ffmpeg:
02-12 18:04:20.175 15088 16016 W mobile-ffmpeg: Found duplicated MOOV Atom. Skipped it
02-12 18:04:52.977 15088 16012 W Summariser: 6 active sections found
02-12 18:04:52.987 15088 16016 W mobile-ffmpeg:
02-12 18:04:52.987 15088 16016 W mobile-ffmpeg: [mov,mp4,m4a,3gp,3g2,mj2 @ 0x73d1a23a00]
02-12 18:04:52.987 15088 16016 W mobile-ffmpeg:
02-12 18:04:52.987 15088 16016 W mobile-ffmpeg: Found duplicated MOOV Atom. Skipped it
02-12 18:07:25.442 15088 16012 W Summariser: Summarisation completed
02-12 18:07:25.442 15088 16012 W Summariser:   filename: /storage/emulated/0/Movies/rawFootage/20191030_161051_NF.m
02-12 18:07:25.442 15088 16012 W Summariser:   time: 185.275s
02-12 18:07:25.442 15088 16012 W Summariser:   noise tolerance: 38.00
02-12 18:07:25.442 15088 16012 W Summariser:   quality: 23
02-12 18:07:25.442 15088 16012 W Summariser:   speed: medium
02-12 18:07:25.657 15088 16016 W mobile-ffmpeg:
02-12 18:07:25.657 15088 16016 W mobile-ffmpeg: [mov,mp4,m4a,3gp,3g2,mj2 @ 0x73d1a23a00]
02-12 18:07:25.657 15088 16016 W mobile-ffmpeg:
02-12 18:07:25.657 15088 16016 W mobile-ffmpeg: Found duplicated MOOV Atom. Skipped it
02-12 18:07:59.163 15088 16012 W Summariser: 2 active sections found
02-12 18:07:59.173 15088 16016 W mobile-ffmpeg:
02-12 18:07:59.173 15088 16016 W mobile-ffmpeg: [mov,mp4,m4a,3gp,3g2,mj2 @ 0x73d1a23a00]
02-12 18:07:59.173 15088 16016 W mobile-ffmpeg:
02-12 18:07:59.173 15088 16016 W mobile-ffmpeg: Found duplicated MOOV Atom. Skipped it
02-12 18:07:59.218 15088 15098 W System  : A resource failed to call close.
02-12 18:07:59.221 15088 15098 W System  : A resource failed to call close.
02-12 18:09:27.072 15088 16012 W Summariser: Summarisation completed
02-12 18:09:27.072 15088 16012 W Summariser:   filename: /storage/emulated/0/Movies/rawFootage/20191030_165129_NF.m
02-12 18:09:27.072 15088 16012 W Summariser:   time: 121.431s
02-12 18:09:27.072 15088 16012 W Summariser:   noise tolerance: 38.00
02-12 18:09:27.072 15088 16012 W Summariser:   quality: 23
02-12 18:09:27.072 15088 16012 W Summariser:   speed: medium
02-12 18:09:27.303 15088 16016 W mobile-ffmpeg:
02-12 18:09:27.303 15088 16016 W mobile-ffmpeg: [mov,mp4,m4a,3gp,3g2,mj2 @ 0x73d1a23a00]
02-12 18:09:27.303 15088 16016 W mobile-ffmpeg:
02-12 18:09:27.304 15088 16016 W mobile-ffmpeg: Found duplicated MOOV Atom. Skipped it
02-12 18:10:01.730 15088 16012 W Summariser: No activity detected
02-12 18:10:01.731 15088 16012 W Summariser: Summarisation completed
02-12 18:10:01.731 15088 16012 W Summariser:   filename: /storage/emulated/0/Movies/rawFootage/20191030_165229_NF.m
02-12 18:10:01.731 15088 16012 W Summariser:   time: 34.452s
02-12 18:10:01.731 15088 16012 W Summariser:   noise tolerance: 38.00
02-12 18:10:01.731 15088 16012 W Summariser:   quality: 23
02-12 18:10:01.731 15088 16012 W Summariser:   speed: medium
02-12 18:10:01.767 15088 16016 W mobile-ffmpeg:
02-12 18:10:01.767 15088 16016 W mobile-ffmpeg: [mov,mp4,m4a,3gp,3g2,mj2 @ 0x73d1a23a00]
02-12 18:10:01.767 15088 16016 W mobile-ffmpeg:
02-12 18:10:01.767 15088 16016 W mobile-ffmpeg: Found duplicated MOOV Atom. Skipped it
02-12 18:10:35.787 15088 16012 W Summariser: No activity detected
02-12 18:10:35.788 15088 16012 W Summariser: Summarisation completed
02-12 18:10:35.788 15088 16012 W Summariser:   filename: /storage/emulated/0/Movies/rawFootage/20191030_165329_NF.m
02-12 18:10:35.788 15088 16012 W Summariser:   time: 34.030s
02-12 18:10:35.788 15088 16012 W Summariser:   noise tolerance: 38.00
02-12 18:10:35.788 15088 16012 W Summariser:   quality: 23
02-12 18:10:35.788 15088 16012 W Summariser:   speed: medium
02-12 18:10:35.819 15088 16016 W mobile-ffmpeg:
02-12 18:10:35.819 15088 16016 W mobile-ffmpeg: [mov,mp4,m4a,3gp,3g2,mj2 @ 0x73d1a23a00]
02-12 18:10:35.819 15088 16016 W mobile-ffmpeg:
02-12 18:10:35.819 15088 16016 W mobile-ffmpeg: Found duplicated MOOV Atom. Skipped it
02-12 18:11:07.055 15088 16012 W Summariser: One active section found
02-12 18:11:07.062 15088 16016 W mobile-ffmpeg:
02-12 18:11:07.062 15088 16016 W mobile-ffmpeg: [mov,mp4,m4a,3gp,3g2,mj2 @ 0x73d1a23a00]
02-12 18:11:07.063 15088 16016 W mobile-ffmpeg:
02-12 18:11:07.063 15088 16016 W mobile-ffmpeg: Found duplicated MOOV Atom. Skipped it
02-12 18:11:07.255 15088 16012 W Summariser: Summarisation completed
02-12 18:11:07.255 15088 16012 W Summariser:   filename: /storage/emulated/0/Movies/rawFootage/20191030_165429_NF.m
02-12 18:11:07.255 15088 16012 W Summariser:   time: 31.444s
02-12 18:11:07.255 15088 16012 W Summariser:   noise tolerance: 38.00
02-12 18:11:07.255 15088 16012 W Summariser:   quality: 23
02-12 18:11:07.255 15088 16012 W Summariser:   speed: medium
02-12 18:11:07.480 15088 16016 W mobile-ffmpeg:
02-12 18:11:07.480 15088 16016 W mobile-ffmpeg: [mov,mp4,m4a,3gp,3g2,mj2 @ 0x73d1a23a00]
02-12 18:11:07.480 15088 16016 W mobile-ffmpeg:
02-12 18:11:07.480 15088 16016 W mobile-ffmpeg: Found duplicated MOOV Atom. Skipped it
02-12 18:11:18.507 15088 16012 W Summariser: No activity detected
02-12 18:11:18.508 15088 16012 W Summariser: Summarisation completed
02-12 18:11:18.508 15088 16012 W Summariser:   filename: /storage/emulated/0/Movies/rawFootage/20191030_165530_NF.m
02-12 18:11:18.508 15088 16012 W Summariser:   time: 11.074s
02-12 18:11:18.508 15088 16012 W Summariser:   noise tolerance: 38.00
02-12 18:11:18.508 15088 16012 W Summariser:   quality: 23
02-12 18:11:18.508 15088 16012 W Summariser:   speed: medium
02-12 18:11:18.539 15088 16016 W mobile-ffmpeg:
02-12 18:11:18.539 15088 16016 W mobile-ffmpeg: [mov,mp4,m4a,3gp,3g2,mj2 @ 0x73d1a23a00]
02-12 18:11:18.539 15088 16016 W mobile-ffmpeg:
02-12 18:11:18.540 15088 16016 W mobile-ffmpeg: Found duplicated MOOV Atom. Skipped it
02-12 18:11:53.043 15088 16012 W Summariser: No activity detected
02-12 18:11:53.044 15088 16012 W Summariser: Summarisation completed
02-12 18:11:53.044 15088 16012 W Summariser:   filename: /storage/emulated/0/Movies/rawFootage/20191030_212910_NF.m
02-12 18:11:53.044 15088 16012 W Summariser:   time: 34.514s
02-12 18:11:53.044 15088 16012 W Summariser:   noise tolerance: 38.00
02-12 18:11:53.044 15088 16012 W Summariser:   quality: 23
02-12 18:11:53.044 15088 16012 W Summariser:   speed: medium
02-12 18:11:53.075 15088 16016 W mobile-ffmpeg:
02-12 18:11:53.075 15088 16016 W mobile-ffmpeg: [mov,mp4,m4a,3gp,3g2,mj2 @ 0x73d1a23a00]
02-12 18:11:53.075 15088 16016 W mobile-ffmpeg:
02-12 18:11:53.075 15088 16016 W mobile-ffmpeg: Found duplicated MOOV Atom. Skipped it
02-12 18:12:27.171 15088 16012 W Summariser: No activity detected
02-12 18:12:27.172 15088 16012 W Summariser: Summarisation completed
02-12 18:12:27.172 15088 16012 W Summariser:   filename: /storage/emulated/0/Movies/rawFootage/20191030_213010_NF.m
02-12 18:12:27.172 15088 16012 W Summariser:   time: 34.106s
02-12 18:12:27.172 15088 16012 W Summariser:   noise tolerance: 38.00
02-12 18:12:27.172 15088 16012 W Summariser:   quality: 23
02-12 18:12:27.172 15088 16012 W Summariser:   speed: medium
02-12 18:12:27.199 15088 16016 W mobile-ffmpeg:
02-12 18:12:27.199 15088 16016 W mobile-ffmpeg: [mov,mp4,m4a,3gp,3g2,mj2 @ 0x73d1a23a00]
02-12 18:12:27.199 15088 16016 W mobile-ffmpeg:
02-12 18:12:27.199 15088 16016 W mobile-ffmpeg: Found duplicated MOOV Atom. Skipped it
02-12 18:13:01.637 15088 16012 W Summariser: One active section found
02-12 18:13:01.645 15088 16016 W mobile-ffmpeg:
02-12 18:13:01.645 15088 16016 W mobile-ffmpeg: [mov,mp4,m4a,3gp,3g2,mj2 @ 0x73d1a23a00]
02-12 18:13:01.645 15088 16016 W mobile-ffmpeg:
02-12 18:13:01.645 15088 16016 W mobile-ffmpeg: Found duplicated MOOV Atom. Skipped it
02-12 18:13:02.110 15088 16012 W Summariser: Summarisation completed
02-12 18:13:02.110 15088 16012 W Summariser:   filename: /storage/emulated/0/Movies/rawFootage/20191030_220901_NF.m
02-12 18:13:02.110 15088 16012 W Summariser:   time: 34.919s
02-12 18:13:02.110 15088 16012 W Summariser:   noise tolerance: 38.00
02-12 18:13:02.110 15088 16012 W Summariser:   quality: 23
02-12 18:13:02.110 15088 16012 W Summariser:   speed: medium
02-12 18:13:02.286 15088 16016 W mobile-ffmpeg:
02-12 18:13:02.286 15088 16016 W mobile-ffmpeg: [mov,mp4,m4a,3gp,3g2,mj2 @ 0x73d1a23a00]
02-12 18:13:02.286 15088 16016 W mobile-ffmpeg:
02-12 18:13:02.286 15088 16016 W mobile-ffmpeg: Found duplicated MOOV Atom. Skipped it
02-12 18:13:39.830 15088 16012 W Summariser: 3 active sections found
02-12 18:13:39.840 15088 16016 W mobile-ffmpeg:
02-12 18:13:39.840 15088 16016 W mobile-ffmpeg: [mov,mp4,m4a,3gp,3g2,mj2 @ 0x73a28a8000]
02-12 18:13:39.840 15088 16016 W mobile-ffmpeg:
02-12 18:13:39.840 15088 16016 W mobile-ffmpeg: Found duplicated MOOV Atom. Skipped it
02-12 18:17:15.268 15088 16012 W Summariser: Summarisation completed
02-12 18:17:15.268 15088 16012 W Summariser:   filename: /storage/emulated/0/Movies/rawFootage/20191030_221001_NF.mp4
02-12 18:17:15.268 15088 16012 W Summariser:   time: 252.988s
02-12 18:17:15.268 15088 16012 W Summariser:   noise tolerance: 38.00
02-12 18:17:15.268 15088 16012 W Summariser:   quality: 23
02-12 18:17:15.268 15088 16012 W Summariser:   speed: medium
02-12 18:17:15.502 15088 16016 W mobile-ffmpeg:
02-12 18:17:15.502 15088 16016 W mobile-ffmpeg: [mov,mp4,m4a,3gp,3g2,mj2 @ 0x73a28a8000]
02-12 18:17:15.502 15088 16016 W mobile-ffmpeg:
02-12 18:17:15.502 15088 16016 W mobile-ffmpeg: Found duplicated MOOV Atom. Skipped it
02-12 18:17:53.854 15088 16012 W Summariser: No activity detected
02-12 18:17:53.855 15088 16012 W Summariser: Summarisation completed
02-12 18:17:53.855 15088 16012 W Summariser:   filename: /storage/emulated/0/Movies/rawFootage/20191030_221101_NF.mp4
02-12 18:17:53.855 15088 16012 W Summariser:   time: 38.370s
02-12 18:17:53.855 15088 16012 W Summariser:   noise tolerance: 38.00
02-12 18:17:53.855 15088 16012 W Summariser:   quality: 23
02-12 18:17:53.855 15088 16012 W Summariser:   speed: medium
02-12 18:17:53.892 15088 16016 W mobile-ffmpeg:
02-12 18:17:53.892 15088 16016 W mobile-ffmpeg: [mov,mp4,m4a,3gp,3g2,mj2 @ 0x73a28a8000]
02-12 18:17:53.892 15088 16016 W mobile-ffmpeg:
02-12 18:17:53.892 15088 16016 W mobile-ffmpeg: Found duplicated MOOV Atom. Skipped it
02-12 18:18:32.881 15088 16012 W Summariser: No activity detected
02-12 18:18:32.883 15088 16012 W Summariser: Summarisation completed
02-12 18:18:32.883 15088 16012 W Summariser:   filename: /storage/emulated/0/Movies/rawFootage/20191030_221201_NF.mp4
02-12 18:18:32.883 15088 16012 W Summariser:   time: 39.002s
02-12 18:18:32.883 15088 16012 W Summariser:   noise tolerance: 38.00
02-12 18:18:32.883 15088 16012 W Summariser:   quality: 23
02-12 18:18:32.883 15088 16012 W Summariser:   speed: medium
02-12 18:18:32.922 15088 16016 W mobile-ffmpeg:
02-12 18:18:32.922 15088 16016 W mobile-ffmpeg: [mov,mp4,m4a,3gp,3g2,mj2 @ 0x73a28a8000]
02-12 18:18:32.922 15088 16016 W mobile-ffmpeg:
02-12 18:18:32.922 15088 16016 W mobile-ffmpeg: Found duplicated MOOV Atom. Skipped it
02-12 18:19:10.925 15088 16012 W Summariser: 2 active sections found
02-12 18:19:10.934 15088 16016 W mobile-ffmpeg:
02-12 18:19:10.934 15088 16016 W mobile-ffmpeg: [mov,mp4,m4a,3gp,3g2,mj2 @ 0x73a28a8000]
02-12 18:19:10.934 15088 16016 W mobile-ffmpeg:
02-12 18:19:10.934 15088 16016 W mobile-ffmpeg: Found duplicated MOOV Atom. Skipped it
02-12 18:23:44.149 15088 16012 W Summariser: Summarisation completed
02-12 18:23:44.149 15088 16012 W Summariser:   filename: /storage/emulated/0/Movies/rawFootage/20191030_221302_NF.mp4
02-12 18:23:44.149 15088 16012 W Summariser:   time: 311.221s
02-12 18:23:44.149 15088 16012 W Summariser:   noise tolerance: 38.00
02-12 18:23:44.149 15088 16012 W Summariser:   quality: 23
02-12 18:23:44.149 15088 16012 W Summariser:   speed: medium
